MSBuild version 17.14.14+a129329f1 for .NET Framework

  ProcessorGraph.cpp
C:\Users\lawre\plugin-GUI\JuceLibraryCode\modules\juce_audio_basics\buffers\juce_FloatVectorOperations.h(66,9): warning C5030: attribute [[gnu::visibility]] is not recognized [C:\Users\lawre\plugin-GUI\Build\snap-gui.vcxproj]
  (compiling source file '../Source/Processors/ProcessorGraph/ProcessorGraph.cpp')
  
C:\Users\lawre\plugin-GUI\JuceLibraryCode\modules\juce_audio_basics\buffers\juce_AudioProcessLoadMeasurer.h(116,25): warning C4251: 'juce::AudioProcessLoadMeasurer::cpuUsageProportion': 'std::atomic<double>' needs to have dll-interface to be used by clients of 'juce::AudioProcessLoadMeasurer' [C:\Users\lawre\plugin-GUI\Build\snap-gui.vcxproj]
  (compiling source file '../Source/Processors/ProcessorGraph/ProcessorGraph.cpp')
      C:\Program Files (x86)\Microsoft Visual Studio\2022\BuildTools\VC\Tools\MSVC\14.44.35207\include\atomic(2131,8):
      see declaration of 'std::atomic<double>'
  
C:\Users\lawre\plugin-GUI\JuceLibraryCode\modules\juce_audio_basics\buffers\juce_AudioProcessLoadMeasurer.h(117,22): warning C4251: 'juce::AudioProcessLoadMeasurer::xruns': 'std::atomic<int>' needs to have dll-interface to be used by clients of 'juce::AudioProcessLoadMeasurer' [C:\Users\lawre\plugin-GUI\Build\snap-gui.vcxproj]
  (compiling source file '../Source/Processors/ProcessorGraph/ProcessorGraph.cpp')
      C:\Program Files (x86)\Microsoft Visual Studio\2022\BuildTools\VC\Tools\MSVC\14.44.35207\include\atomic(2131,8):
      see declaration of 'std::atomic<int>'
  
C:\Users\lawre\plugin-GUI\JuceLibraryCode\modules\juce_audio_basics\midi\juce_MidiBuffer.h(351,18): warning C4251: 'juce::MidiBuffer::data': 'juce::Array<juce::uint8,juce::DummyCriticalSection,0>' needs to have dll-interface to be used by clients of 'juce::MidiBuffer' [C:\Users\lawre\plugin-GUI\Build\snap-gui.vcxproj]
  (compiling source file '../Source/Processors/ProcessorGraph/ProcessorGraph.cpp')
      C:\Users\lawre\plugin-GUI\JuceLibraryCode\modules\juce_core\containers\juce_Array.h(67,7):
      see declaration of 'juce::Array<juce::uint8,juce::DummyCriticalSection,0>'
  
C:\Users\lawre\plugin-GUI\JuceLibraryCode\modules\juce_audio_basics\midi\juce_MidiMessageSequence.h(320,33): warning C4251: 'juce::MidiMessageSequence::list': 'juce::OwnedArray<juce::MidiMessageSequence::MidiEventHolder,juce::DummyCriticalSection>' needs to have dll-interface to be used by clients of 'juce::MidiMessageSequence' [C:\Users\lawre\plugin-GUI\Build\snap-gui.vcxproj]
  (compiling source file '../Source/Processors/ProcessorGraph/ProcessorGraph.cpp')
      C:\Users\lawre\plugin-GUI\JuceLibraryCode\modules\juce_core\containers\juce_OwnedArray.h(61,7):
      see declaration of 'juce::OwnedArray<juce::MidiMessageSequence::MidiEventHolder,juce::DummyCriticalSection>'
  
C:\Users\lawre\plugin-GUI\JuceLibraryCode\modules\juce_audio_basics\midi\juce_MidiFile.h(201,37): warning C4251: 'juce::MidiFile::tracks': 'juce::OwnedArray<juce::MidiMessageSequence,juce::DummyCriticalSection>' needs to have dll-interface to be used by clients of 'juce::MidiFile' [C:\Users\lawre\plugin-GUI\Build\snap-gui.vcxproj]
  (compiling source file '../Source/Processors/ProcessorGraph/ProcessorGraph.cpp')
      C:\Users\lawre\plugin-GUI\JuceLibraryCode\modules\juce_core\containers\juce_OwnedArray.h(61,7):
      see declaration of 'juce::OwnedArray<juce::MidiMessageSequence,juce::DummyCriticalSection>'
  
C:\Users\lawre\plugin-GUI\JuceLibraryCode\modules\juce_audio_basics\midi\juce_MidiKeyboardState.h(195,25): warning C4251: 'juce::MidiKeyboardState::noteStates': 'std::atomic<unsigned short>' needs to have dll-interface to be used by clients of 'juce::MidiKeyboardState' [C:\Users\lawre\plugin-GUI\Build\snap-gui.vcxproj]
  (compiling source file '../Source/Processors/ProcessorGraph/ProcessorGraph.cpp')
      C:\Program Files (x86)\Microsoft Visual Studio\2022\BuildTools\VC\Tools\MSVC\14.44.35207\include\atomic(2131,8):
      see declaration of 'std::atomic<unsigned short>'
  
C:\Users\lawre\plugin-GUI\JuceLibraryCode\modules\juce_audio_basics\midi\juce_MidiKeyboardState.h(197,28): warning C4251: 'juce::MidiKeyboardState::listeners': 'juce::ListenerList<juce::MidiKeyboardState::Listener,juce::Array<ListenerClass *,juce::DummyCriticalSection,0>>' needs to have dll-interface to be used by clients of 'juce::MidiKeyboardState' [C:\Users\lawre\plugin-GUI\Build\snap-gui.vcxproj]
C:\Users\lawre\plugin-GUI\JuceLibraryCode\modules\juce_audio_basics\midi\juce_MidiKeyboardState.h(197,28): warning C4251:         with [C:\Users\lawre\plugin-GUI\Build\snap-gui.vcxproj]
C:\Users\lawre\plugin-GUI\JuceLibraryCode\modules\juce_audio_basics\midi\juce_MidiKeyboardState.h(197,28): warning C4251:         [ [C:\Users\lawre\plugin-GUI\Build\snap-gui.vcxproj]
C:\Users\lawre\plugin-GUI\JuceLibraryCode\modules\juce_audio_basics\midi\juce_MidiKeyboardState.h(197,28): warning C4251:             ListenerClass=juce::MidiKeyboardState::Listener [C:\Users\lawre\plugin-GUI\Build\snap-gui.vcxproj]
C:\Users\lawre\plugin-GUI\JuceLibraryCode\modules\juce_audio_basics\midi\juce_MidiKeyboardState.h(197,28): warning C4251:         ] [C:\Users\lawre\plugin-GUI\Build\snap-gui.vcxproj]
  (compiling source file '../Source/Processors/ProcessorGraph/ProcessorGraph.cpp')
      C:\Users\lawre\plugin-GUI\JuceLibraryCode\modules\juce_core\containers\juce_ListenerList.h(71,7):
      see declaration of 'juce::ListenerList<juce::MidiKeyboardState::Listener,juce::Array<ListenerClass *,juce::DummyCriticalSection,0>>'
          with
          [
              ListenerClass=juce::MidiKeyboardState::Listener
          ]
  
C:\Users\lawre\plugin-GUI\JuceLibraryCode\modules\juce_audio_basics\mpe\juce_MPEZoneLayout.h(235,13): warning C4251: 'juce::MPEZoneLayout::lowerZone': 'juce::MPEZone' needs to have dll-interface to be used by clients of 'juce::MPEZoneLayout' [C:\Users\lawre\plugin-GUI\Build\snap-gui.vcxproj]
  (compiling source file '../Source/Processors/ProcessorGraph/ProcessorGraph.cpp')
      C:\Users\lawre\plugin-GUI\JuceLibraryCode\modules\juce_audio_basics\mpe\juce_MPEZoneLayout.h(53,8):
      see declaration of 'juce::MPEZone'
  
C:\Users\lawre\plugin-GUI\JuceLibraryCode\modules\juce_audio_basics\mpe\juce_MPEZoneLayout.h(236,13): warning C4251: 'juce::MPEZoneLayout::upperZone': 'juce::MPEZone' needs to have dll-interface to be used by clients of 'juce::MPEZoneLayout' [C:\Users\lawre\plugin-GUI\Build\snap-gui.vcxproj]
  (compiling source file '../Source/Processors/ProcessorGraph/ProcessorGraph.cpp')
      C:\Users\lawre\plugin-GUI\JuceLibraryCode\modules\juce_audio_basics\mpe\juce_MPEZoneLayout.h(53,8):
      see declaration of 'juce::MPEZone'
  
C:\Users\lawre\plugin-GUI\JuceLibraryCode\modules\juce_audio_basics\mpe\juce_MPEZoneLayout.h(239,28): warning C4251: 'juce::MPEZoneLayout::listeners': 'juce::ListenerList<juce::MPEZoneLayout::Listener,juce::Array<ListenerClass *,juce::DummyCriticalSection,0>>' needs to have dll-interface to be used by clients of 'juce::MPEZoneLayout' [C:\Users\lawre\plugin-GUI\Build\snap-gui.vcxproj]
C:\Users\lawre\plugin-GUI\JuceLibraryCode\modules\juce_audio_basics\mpe\juce_MPEZoneLayout.h(239,28): warning C4251:         with [C:\Users\lawre\plugin-GUI\Build\snap-gui.vcxproj]
C:\Users\lawre\plugin-GUI\JuceLibraryCode\modules\juce_audio_basics\mpe\juce_MPEZoneLayout.h(239,28): warning C4251:         [ [C:\Users\lawre\plugin-GUI\Build\snap-gui.vcxproj]
C:\Users\lawre\plugin-GUI\JuceLibraryCode\modules\juce_audio_basics\mpe\juce_MPEZoneLayout.h(239,28): warning C4251:             ListenerClass=juce::MPEZoneLayout::Listener [C:\Users\lawre\plugin-GUI\Build\snap-gui.vcxproj]
C:\Users\lawre\plugin-GUI\JuceLibraryCode\modules\juce_audio_basics\mpe\juce_MPEZoneLayout.h(239,28): warning C4251:         ] [C:\Users\lawre\plugin-GUI\Build\snap-gui.vcxproj]
  (compiling source file '../Source/Processors/ProcessorGraph/ProcessorGraph.cpp')
      C:\Users\lawre\plugin-GUI\JuceLibraryCode\modules\juce_core\containers\juce_ListenerList.h(71,7):
      see declaration of 'juce::ListenerList<juce::MPEZoneLayout::Listener,juce::Array<ListenerClass *,juce::DummyCriticalSection,0>>'
          with
          [
              ListenerClass=juce::MPEZoneLayout::Listener
          ]
  
C:\Users\lawre\plugin-GUI\JuceLibraryCode\modules\juce_audio_basics\mpe\juce_MPEInstrument.h(376,20): warning C4251: 'juce::MPEInstrument::notes': 'juce::Array<juce::MPENote,juce::DummyCriticalSection,0>' needs to have dll-interface to be used by clients of 'juce::MPEInstrument' [C:\Users\lawre\plugin-GUI\Build\snap-gui.vcxproj]
  (compiling source file '../Source/Processors/ProcessorGraph/ProcessorGraph.cpp')
      C:\Users\lawre\plugin-GUI\JuceLibraryCode\modules\juce_core\containers\juce_Array.h(67,7):
      see declaration of 'juce::Array<juce::MPENote,juce::DummyCriticalSection,0>'
  
C:\Users\lawre\plugin-GUI\JuceLibraryCode\modules\juce_audio_basics\mpe\juce_MPEInstrument.h(378,28): warning C4251: 'juce::MPEInstrument::listeners': 'juce::ListenerList<juce::MPEInstrument::Listener,juce::Array<ListenerClass *,juce::DummyCriticalSection,0>>' needs to have dll-interface to be used by clients of 'juce::MPEInstrument' [C:\Users\lawre\plugin-GUI\Build\snap-gui.vcxproj]
C:\Users\lawre\plugin-GUI\JuceLibraryCode\modules\juce_audio_basics\mpe\juce_MPEInstrument.h(378,28): warning C4251:         with [C:\Users\lawre\plugin-GUI\Build\snap-gui.vcxproj]
C:\Users\lawre\plugin-GUI\JuceLibraryCode\modules\juce_audio_basics\mpe\juce_MPEInstrument.h(378,28): warning C4251:         [ [C:\Users\lawre\plugin-GUI\Build\snap-gui.vcxproj]
C:\Users\lawre\plugin-GUI\JuceLibraryCode\modules\juce_audio_basics\mpe\juce_MPEInstrument.h(378,28): warning C4251:             ListenerClass=juce::MPEInstrument::Listener [C:\Users\lawre\plugin-GUI\Build\snap-gui.vcxproj]
C:\Users\lawre\plugin-GUI\JuceLibraryCode\modules\juce_audio_basics\mpe\juce_MPEInstrument.h(378,28): warning C4251:         ] [C:\Users\lawre\plugin-GUI\Build\snap-gui.vcxproj]
  (compiling source file '../Source/Processors/ProcessorGraph/ProcessorGraph.cpp')
      C:\Users\lawre\plugin-GUI\JuceLibraryCode\modules\juce_core\containers\juce_ListenerList.h(71,7):
      see declaration of 'juce::ListenerList<juce::MPEInstrument::Listener,juce::Array<ListenerClass *,juce::DummyCriticalSection,0>>'
          with
          [
              ListenerClass=juce::MPEInstrument::Listener
          ]
  
C:\Users\lawre\plugin-GUI\JuceLibraryCode\modules\juce_audio_basics\mpe\juce_MPESynthesiser.h(312,37): warning C4251: 'juce::MPESynthesiser::voices': 'juce::OwnedArray<juce::MPESynthesiserVoice,juce::DummyCriticalSection>' needs to have dll-interface to be used by clients of 'juce::MPESynthesiser' [C:\Users\lawre\plugin-GUI\Build\snap-gui.vcxproj]
  (compiling source file '../Source/Processors/ProcessorGraph/ProcessorGraph.cpp')
      C:\Users\lawre\plugin-GUI\JuceLibraryCode\modules\juce_core\containers\juce_OwnedArray.h(61,7):
      see declaration of 'juce::OwnedArray<juce::MPESynthesiserVoice,juce::DummyCriticalSection>'
  
C:\Users\lawre\plugin-GUI\JuceLibraryCode\modules\juce_audio_basics\mpe\juce_MPESynthesiser.h(317,23): warning C4251: 'juce::MPESynthesiser::shouldStealVoices': 'std::atomic<bool>' needs to have dll-interface to be used by clients of 'juce::MPESynthesiser' [C:\Users\lawre\plugin-GUI\Build\snap-gui.vcxproj]
  (compiling source file '../Source/Processors/ProcessorGraph/ProcessorGraph.cpp')
      C:\Program Files (x86)\Microsoft Visual Studio\2022\BuildTools\VC\Tools\MSVC\14.44.35207\include\atomic(2131,8):
      see declaration of 'std::atomic<bool>'
  
C:\Users\lawre\plugin-GUI\JuceLibraryCode\modules\juce_audio_basics\mpe\juce_MPESynthesiser.h(320,41): warning C4251: 'juce::MPESynthesiser::usableVoicesToStealArray': 'juce::Array<juce::MPESynthesiserVoice *,juce::DummyCriticalSection,0>' needs to have dll-interface to be used by clients of 'juce::MPESynthesiser' [C:\Users\lawre\plugin-GUI\Build\snap-gui.vcxproj]
  (compiling source file '../Source/Processors/ProcessorGraph/ProcessorGraph.cpp')
      C:\Users\lawre\plugin-GUI\JuceLibraryCode\modules\juce_core\containers\juce_Array.h(67,7):
      see declaration of 'juce::Array<juce::MPESynthesiserVoice *,juce::DummyCriticalSection,0>'
  
C:\Users\lawre\plugin-GUI\JuceLibraryCode\modules\juce_audio_basics\sources\juce_BufferingAudioSource.h(120,52): warning C4251: 'juce::BufferingAudioSource::source': 'juce::OptionalScopedPointer<juce::PositionableAudioSource>' needs to have dll-interface to be used by clients of 'juce::BufferingAudioSource' [C:\Users\lawre\plugin-GUI\Build\snap-gui.vcxproj]
  (compiling source file '../Source/Processors/ProcessorGraph/ProcessorGraph.cpp')
      C:\Users\lawre\plugin-GUI\JuceLibraryCode\modules\juce_core\memory\juce_OptionalScopedPointer.h(49,7):
      see declaration of 'juce::OptionalScopedPointer<juce::PositionableAudioSource>'
  
C:\Users\lawre\plugin-GUI\JuceLibraryCode\modules\juce_audio_basics\sources\juce_BufferingAudioSource.h(123,24): warning C4251: 'juce::BufferingAudioSource::buffer': 'juce::AudioBuffer<float>' needs to have dll-interface to be used by clients of 'juce::BufferingAudioSource' [C:\Users\lawre\plugin-GUI\Build\snap-gui.vcxproj]
  (compiling source file '../Source/Processors/ProcessorGraph/ProcessorGraph.cpp')
      C:\Users\lawre\plugin-GUI\JuceLibraryCode\modules\juce_audio_basics\buffers\juce_AudioSampleBuffer.h(45,7):
      see declaration of 'juce::AudioBuffer<float>'
  
C:\Users\lawre\plugin-GUI\JuceLibraryCode\modules\juce_audio_basics\sources\juce_BufferingAudioSource.h(127,24): warning C4251: 'juce::BufferingAudioSource::nextPlayPos': 'std::atomic<__int64>' needs to have dll-interface to be used by clients of 'juce::BufferingAudioSource' [C:\Users\lawre\plugin-GUI\Build\snap-gui.vcxproj]
  (compiling source file '../Source/Processors/ProcessorGraph/ProcessorGraph.cpp')
      C:\Program Files (x86)\Microsoft Visual Studio\2022\BuildTools\VC\Tools\MSVC\14.44.35207\include\atomic(2131,8):
      see declaration of 'std::atomic<__int64>'
  
C:\Users\lawre\plugin-GUI\JuceLibraryCode\modules\juce_audio_basics\sources\juce_IIRFilterAudioSource.h(74,40): warning C4251: 'juce::IIRFilterAudioSource::input': 'juce::OptionalScopedPointer<juce::AudioSource>' needs to have dll-interface to be used by clients of 'juce::IIRFilterAudioSource' [C:\Users\lawre\plugin-GUI\Build\snap-gui.vcxproj]
  (compiling source file '../Source/Processors/ProcessorGraph/ProcessorGraph.cpp')
      C:\Users\lawre\plugin-GUI\JuceLibraryCode\modules\juce_core\memory\juce_OptionalScopedPointer.h(49,7):
      see declaration of 'juce::OptionalScopedPointer<juce::AudioSource>'
  
C:\Users\lawre\plugin-GUI\JuceLibraryCode\modules\juce_audio_basics\sources\juce_IIRFilterAudioSource.h(75,27): warning C4251: 'juce::IIRFilterAudioSource::iirFilters': 'juce::OwnedArray<juce::IIRFilter,juce::DummyCriticalSection>' needs to have dll-interface to be used by clients of 'juce::IIRFilterAudioSource' [C:\Users\lawre\plugin-GUI\Build\snap-gui.vcxproj]
  (compiling source file '../Source/Processors/ProcessorGraph/ProcessorGraph.cpp')
      C:\Users\lawre\plugin-GUI\JuceLibraryCode\modules\juce_core\containers\juce_OwnedArray.h(61,7):
      see declaration of 'juce::OwnedArray<juce::IIRFilter,juce::DummyCriticalSection>'
  
C:\Users\lawre\plugin-GUI\JuceLibraryCode\modules\juce_audio_basics\sources\juce_MemoryAudioSource.h(86,24): warning C4251: 'juce::MemoryAudioSource::buffer': 'juce::AudioBuffer<float>' needs to have dll-interface to be used by clients of 'juce::MemoryAudioSource' [C:\Users\lawre\plugin-GUI\Build\snap-gui.vcxproj]
  (compiling source file '../Source/Processors/ProcessorGraph/ProcessorGraph.cpp')
      C:\Users\lawre\plugin-GUI\JuceLibraryCode\modules\juce_audio_basics\buffers\juce_AudioSampleBuffer.h(45,7):
      see declaration of 'juce::AudioBuffer<float>'
  
C:\Users\lawre\plugin-GUI\JuceLibraryCode\modules\juce_audio_basics\sources\juce_MixerAudioSource.h(101,25): warning C4251: 'juce::MixerAudioSource::inputs': 'juce::Array<juce::AudioSource *,juce::DummyCriticalSection,0>' needs to have dll-interface to be used by clients of 'juce::MixerAudioSource' [C:\Users\lawre\plugin-GUI\Build\snap-gui.vcxproj]
  (compiling source file '../Source/Processors/ProcessorGraph/ProcessorGraph.cpp')
      C:\Users\lawre\plugin-GUI\JuceLibraryCode\modules\juce_core\containers\juce_Array.h(67,7):
      see declaration of 'juce::Array<juce::AudioSource *,juce::DummyCriticalSection,0>'
  
C:\Users\lawre\plugin-GUI\JuceLibraryCode\modules\juce_audio_basics\sources\juce_MixerAudioSource.h(104,24): warning C4251: 'juce::MixerAudioSource::tempBuffer': 'juce::AudioBuffer<float>' needs to have dll-interface to be used by clients of 'juce::MixerAudioSource' [C:\Users\lawre\plugin-GUI\Build\snap-gui.vcxproj]
  (compiling source file '../Source/Processors/ProcessorGraph/ProcessorGraph.cpp')
      C:\Users\lawre\plugin-GUI\JuceLibraryCode\modules\juce_audio_basics\buffers\juce_AudioSampleBuffer.h(45,7):
      see declaration of 'juce::AudioBuffer<float>'
  
C:\Users\lawre\plugin-GUI\JuceLibraryCode\modules\juce_audio_basics\sources\juce_ResamplingAudioSource.h(90,40): warning C4251: 'juce::ResamplingAudioSource::input': 'juce::OptionalScopedPointer<juce::AudioSource>' needs to have dll-interface to be used by clients of 'juce::ResamplingAudioSource' [C:\Users\lawre\plugin-GUI\Build\snap-gui.vcxproj]
  (compiling source file '../Source/Processors/ProcessorGraph/ProcessorGraph.cpp')
      C:\Users\lawre\plugin-GUI\JuceLibraryCode\modules\juce_core\memory\juce_OptionalScopedPointer.h(49,7):
      see declaration of 'juce::OptionalScopedPointer<juce::AudioSource>'
  
C:\Users\lawre\plugin-GUI\JuceLibraryCode\modules\juce_audio_basics\sources\juce_ResamplingAudioSource.h(92,24): warning C4251: 'juce::ResamplingAudioSource::buffer': 'juce::AudioBuffer<float>' needs to have dll-interface to be used by clients of 'juce::ResamplingAudioSource' [C:\Users\lawre\plugin-GUI\Build\snap-gui.vcxproj]
  (compiling source file '../Source/Processors/ProcessorGraph/ProcessorGraph.cpp')
      C:\Users\lawre\plugin-GUI\JuceLibraryCode\modules\juce_audio_basics\buffers\juce_AudioSampleBuffer.h(45,7):
      see declaration of 'juce::AudioBuffer<float>'
  
C:\Users\lawre\plugin-GUI\JuceLibraryCode\modules\juce_audio_basics\sources\juce_ResamplingAudioSource.h(99,23): warning C4251: 'juce::ResamplingAudioSource::destBuffers': 'juce::HeapBlock<float *,false>' needs to have dll-interface to be used by clients of 'juce::ResamplingAudioSource' [C:\Users\lawre\plugin-GUI\Build\snap-gui.vcxproj]
  (compiling source file '../Source/Processors/ProcessorGraph/ProcessorGraph.cpp')
      C:\Users\lawre\plugin-GUI\JuceLibraryCode\modules\juce_core\memory\juce_HeapBlock.h(98,7):
      see declaration of 'juce::HeapBlock<float *,false>'
  
C:\Users\lawre\plugin-GUI\JuceLibraryCode\modules\juce_audio_basics\sources\juce_ResamplingAudioSource.h(100,29): warning C4251: 'juce::ResamplingAudioSource::srcBuffers': 'juce::HeapBlock<const float *,false>' needs to have dll-interface to be used by clients of 'juce::ResamplingAudioSource' [C:\Users\lawre\plugin-GUI\Build\snap-gui.vcxproj]
  (compiling source file '../Source/Processors/ProcessorGraph/ProcessorGraph.cpp')
      C:\Users\lawre\plugin-GUI\JuceLibraryCode\modules\juce_core\memory\juce_HeapBlock.h(98,7):
      see declaration of 'juce::HeapBlock<const float *,false>'
  
C:\Users\lawre\plugin-GUI\JuceLibraryCode\modules\juce_audio_basics\sources\juce_ResamplingAudioSource.h(110,28): warning C4251: 'juce::ResamplingAudioSource::filterStates': 'juce::HeapBlock<juce::ResamplingAudioSource::FilterState,false>' needs to have dll-interface to be used by clients of 'juce::ResamplingAudioSource' [C:\Users\lawre\plugin-GUI\Build\snap-gui.vcxproj]
  (compiling source file '../Source/Processors/ProcessorGraph/ProcessorGraph.cpp')
      C:\Users\lawre\plugin-GUI\JuceLibraryCode\modules\juce_core\memory\juce_HeapBlock.h(98,7):
      see declaration of 'juce::HeapBlock<juce::ResamplingAudioSource::FilterState,false>'
  
C:\Users\lawre\plugin-GUI\JuceLibraryCode\modules\juce_audio_basics\sources\juce_ReverbAudioSource.h(79,40): warning C4251: 'juce::ReverbAudioSource::input': 'juce::OptionalScopedPointer<juce::AudioSource>' needs to have dll-interface to be used by clients of 'juce::ReverbAudioSource' [C:\Users\lawre\plugin-GUI\Build\snap-gui.vcxproj]
  (compiling source file '../Source/Processors/ProcessorGraph/ProcessorGraph.cpp')
      C:\Users\lawre\plugin-GUI\JuceLibraryCode\modules\juce_core\memory\juce_OptionalScopedPointer.h(49,7):
      see declaration of 'juce::OptionalScopedPointer<juce::AudioSource>'
  
C:\Users\lawre\plugin-GUI\JuceLibraryCode\modules\juce_audio_basics\sources\juce_ReverbAudioSource.h(80,12): warning C4251: 'juce::ReverbAudioSource::reverb': 'juce::Reverb' needs to have dll-interface to be used by clients of 'juce::ReverbAudioSource' [C:\Users\lawre\plugin-GUI\Build\snap-gui.vcxproj]
  (compiling source file '../Source/Processors/ProcessorGraph/ProcessorGraph.cpp')
      C:\Users\lawre\plugin-GUI\JuceLibraryCode\modules\juce_audio_basics\utilities\juce_Reverb.h(50,7):
      see declaration of 'juce::Reverb'
  
C:\Users\lawre\plugin-GUI\JuceLibraryCode\modules\juce_audio_basics\sources\juce_ReverbAudioSource.h(81,23): warning C4251: 'juce::ReverbAudioSource::bypass': 'std::atomic<bool>' needs to have dll-interface to be used by clients of 'juce::ReverbAudioSource' [C:\Users\lawre\plugin-GUI\Build\snap-gui.vcxproj]
  (compiling source file '../Source/Processors/ProcessorGraph/ProcessorGraph.cpp')
      C:\Program Files (x86)\Microsoft Visual Studio\2022\BuildTools\VC\Tools\MSVC\14.44.35207\include\atomic(2131,8):
      see declaration of 'std::atomic<bool>'
  
C:\Users\lawre\plugin-GUI\JuceLibraryCode\modules\juce_audio_basics\synthesisers\juce_Synthesiser.h(284,27): warning C4251: 'juce::SynthesiserVoice::currentlyPlayingSound': 'juce::ReferenceCountedObjectPtr<juce::SynthesiserSound>' needs to have dll-interface to be used by clients of 'juce::SynthesiserVoice' [C:\Users\lawre\plugin-GUI\Build\snap-gui.vcxproj]
  (compiling source file '../Source/Processors/ProcessorGraph/ProcessorGraph.cpp')
      C:\Users\lawre\plugin-GUI\JuceLibraryCode\modules\juce_core\memory\juce_ReferenceCountedObject.h(258,7):
      see declaration of 'juce::ReferenceCountedObjectPtr<juce::SynthesiserSound>'
  
C:\Users\lawre\plugin-GUI\JuceLibraryCode\modules\juce_audio_basics\synthesisers\juce_Synthesiser.h(287,24): warning C4251: 'juce::SynthesiserVoice::tempBuffer': 'juce::AudioBuffer<float>' needs to have dll-interface to be used by clients of 'juce::SynthesiserVoice' [C:\Users\lawre\plugin-GUI\Build\snap-gui.vcxproj]
  (compiling source file '../Source/Processors/ProcessorGraph/ProcessorGraph.cpp')
      C:\Users\lawre\plugin-GUI\JuceLibraryCode\modules\juce_audio_basics\buffers\juce_AudioSampleBuffer.h(45,7):
      see declaration of 'juce::AudioBuffer<float>'
  
C:\Users\lawre\plugin-GUI\JuceLibraryCode\modules\juce_audio_basics\synthesisers\juce_Synthesiser.h(577,34): warning C4251: 'juce::Synthesiser::voices': 'juce::OwnedArray<juce::SynthesiserVoice,juce::DummyCriticalSection>' needs to have dll-interface to be used by clients of 'juce::Synthesiser' [C:\Users\lawre\plugin-GUI\Build\snap-gui.vcxproj]
  (compiling source file '../Source/Processors/ProcessorGraph/ProcessorGraph.cpp')
      C:\Users\lawre\plugin-GUI\JuceLibraryCode\modules\juce_core\containers\juce_OwnedArray.h(61,7):
      see declaration of 'juce::OwnedArray<juce::SynthesiserVoice,juce::DummyCriticalSection>'
  
C:\Users\lawre\plugin-GUI\JuceLibraryCode\modules\juce_audio_basics\synthesisers\juce_Synthesiser.h(578,45): warning C4251: 'juce::Synthesiser::sounds': 'juce::ReferenceCountedArray<juce::SynthesiserSound,juce::DummyCriticalSection>' needs to have dll-interface to be used by clients of 'juce::Synthesiser' [C:\Users\lawre\plugin-GUI\Build\snap-gui.vcxproj]
  (compiling source file '../Source/Processors/ProcessorGraph/ProcessorGraph.cpp')
      C:\Users\lawre\plugin-GUI\JuceLibraryCode\modules\juce_core\containers\juce_ReferenceCountedArray.h(62,7):
      see declaration of 'juce::ReferenceCountedArray<juce::SynthesiserSound,juce::DummyCriticalSection>'
  
C:\Users\lawre\plugin-GUI\JuceLibraryCode\modules\juce_audio_basics\synthesisers\juce_Synthesiser.h(643,38): warning C4251: 'juce::Synthesiser::usableVoicesToStealArray': 'juce::Array<juce::SynthesiserVoice *,juce::DummyCriticalSection,0>' needs to have dll-interface to be used by clients of 'juce::Synthesiser' [C:\Users\lawre\plugin-GUI\Build\snap-gui.vcxproj]
  (compiling source file '../Source/Processors/ProcessorGraph/ProcessorGraph.cpp')
      C:\Users\lawre\plugin-GUI\JuceLibraryCode\modules\juce_core\containers\juce_Array.h(67,7):
      see declaration of 'juce::Array<juce::SynthesiserVoice *,juce::DummyCriticalSection,0>'
  
C:\Users\lawre\plugin-GUI\JuceLibraryCode\modules\juce_events\messages\juce_MessageManager.h(386,60): warning C4251: 'juce::MessageManager::Lock::blockingMessage': 'juce::ReferenceCountedObjectPtr<juce::MessageManager::Lock::BlockingMessage>' needs to have dll-interface to be used by clients of 'juce::MessageManager::Lock' [C:\Users\lawre\plugin-GUI\Build\snap-gui.vcxproj]
  (compiling source file '../Source/Processors/ProcessorGraph/ProcessorGraph.cpp')
      C:\Users\lawre\plugin-GUI\JuceLibraryCode\modules\juce_core\memory\juce_ReferenceCountedObject.h(258,7):
      see declaration of 'juce::ReferenceCountedObjectPtr<juce::MessageManager::Lock::BlockingMessage>'
  
C:\Users\lawre\plugin-GUI\JuceLibraryCode\modules\juce_events\messages\juce_MessageManager.h(387,41): warning C4251: 'juce::MessageManager::Lock::condvar': 'std::condition_variable' needs to have dll-interface to be used by clients of 'juce::MessageManager::Lock' [C:\Users\lawre\plugin-GUI\Build\snap-gui.vcxproj]
  (compiling source file '../Source/Processors/ProcessorGraph/ProcessorGraph.cpp')
      C:\Program Files (x86)\Microsoft Visual Studio\2022\BuildTools\VC\Tools\MSVC\14.44.35207\include\mutex(523,19):
      see declaration of 'std::condition_variable'
  
C:\Users\lawre\plugin-GUI\JuceLibraryCode\modules\juce_events\messages\juce_MessageManager.h(409,40): warning C4251: 'juce::MessageManager::broadcaster': 'std::unique_ptr<juce::ActionBroadcaster,std::default_delete<juce::ActionBroadcaster>>' needs to have dll-interface to be used by clients of 'juce::MessageManager' [C:\Users\lawre\plugin-GUI\Build\snap-gui.vcxproj]
  (compiling source file '../Source/Processors/ProcessorGraph/ProcessorGraph.cpp')
      C:\Program Files (x86)\Microsoft Visual Studio\2022\BuildTools\VC\Tools\MSVC\14.44.35207\include\memory(3347,7):
      see declaration of 'std::unique_ptr<juce::ActionBroadcaster,std::default_delete<juce::ActionBroadcaster>>'
  
C:\Users\lawre\plugin-GUI\JuceLibraryCode\modules\juce_events\messages\juce_MessageManager.h(410,17): warning C4251: 'juce::MessageManager::quitMessagePosted': 'juce::Atomic<int>' needs to have dll-interface to be used by clients of 'juce::MessageManager' [C:\Users\lawre\plugin-GUI\Build\snap-gui.vcxproj]
  (compiling source file '../Source/Processors/ProcessorGraph/ProcessorGraph.cpp')
      C:\Users\lawre\plugin-GUI\JuceLibraryCode\modules\juce_core\memory\juce_Atomic.h(53,8):
      see declaration of 'juce::Atomic<int>'
  
C:\Users\lawre\plugin-GUI\JuceLibraryCode\modules\juce_events\messages\juce_MessageManager.h(410,42): warning C4251: 'juce::MessageManager::quitMessageReceived': 'juce::Atomic<int>' needs to have dll-interface to be used by clients of 'juce::MessageManager' [C:\Users\lawre\plugin-GUI\Build\snap-gui.vcxproj]
  (compiling source file '../Source/Processors/ProcessorGraph/ProcessorGraph.cpp')
      C:\Users\lawre\plugin-GUI\JuceLibraryCode\modules\juce_core\memory\juce_Atomic.h(53,8):
      see declaration of 'juce::Atomic<int>'
  
C:\Users\lawre\plugin-GUI\JuceLibraryCode\modules\juce_events\messages\juce_MessageManager.h(412,30): warning C4251: 'juce::MessageManager::threadWithLock': 'juce::Atomic<juce::Thread::ThreadID>' needs to have dll-interface to be used by clients of 'juce::MessageManager' [C:\Users\lawre\plugin-GUI\Build\snap-gui.vcxproj]
  (compiling source file '../Source/Processors/ProcessorGraph/ProcessorGraph.cpp')
      C:\Users\lawre\plugin-GUI\JuceLibraryCode\modules\juce_core\memory\juce_Atomic.h(53,8):
      see declaration of 'juce::Atomic<juce::Thread::ThreadID>'
  
C:\Users\lawre\plugin-GUI\JuceLibraryCode\modules\juce_events\messages\juce_Message.h(68,36): warning C4251: 'juce::Message::recipient': 'juce::WeakReference<juce::MessageListener,juce::ReferenceCountedObject>' needs to have dll-interface to be used by clients of 'juce::Message' [C:\Users\lawre\plugin-GUI\Build\snap-gui.vcxproj]
  (compiling source file '../Source/Processors/ProcessorGraph/ProcessorGraph.cpp')
      C:\Users\lawre\plugin-GUI\JuceLibraryCode\modules\juce_core\memory\juce_WeakReference.h(89,7):
      see declaration of 'juce::WeakReference<juce::MessageListener,juce::ReferenceCountedObject>'
  
C:\Users\lawre\plugin-GUI\JuceLibraryCode\modules\juce_events\messages\juce_MessageListener.h(78,44): warning C4251: 'juce::MessageListener::masterReference': 'juce::WeakReference<juce::MessageListener,juce::ReferenceCountedObject>::Master' needs to have dll-interface to be used by clients of 'juce::MessageListener' [C:\Users\lawre\plugin-GUI\Build\snap-gui.vcxproj]
  (compiling source file '../Source/Processors/ProcessorGraph/ProcessorGraph.cpp')
      C:\Users\lawre\plugin-GUI\JuceLibraryCode\modules\juce_core\memory\juce_WeakReference.h(158,11):
      see declaration of 'juce::WeakReference<juce::MessageListener,juce::ReferenceCountedObject>::Master'
  
C:\Users\lawre\plugin-GUI\JuceLibraryCode\modules\juce_events\messages\juce_ApplicationBase.h(317,46): warning C4251: 'juce::JUCEApplicationBase::multipleInstanceHandler': 'std::unique_ptr<juce::JUCEApplicationBase::MultipleInstanceHandler,std::default_delete<juce::JUCEApplicationBase::MultipleInstanceHandler>>' needs to have dll-interface to be used by clients of 'juce::JUCEApplicationBase' [C:\Users\lawre\plugin-GUI\Build\snap-gui.vcxproj]
  (compiling source file '../Source/Processors/ProcessorGraph/ProcessorGraph.cpp')
      C:\Program Files (x86)\Microsoft Visual Studio\2022\BuildTools\VC\Tools\MSVC\14.44.35207\include\memory(3347,7):
      see declaration of 'std::unique_ptr<juce::JUCEApplicationBase::MultipleInstanceHandler,std::default_delete<juce::JUCEApplicationBase::MultipleInstanceHandler>>'
  
C:\Users\lawre\plugin-GUI\JuceLibraryCode\modules\juce_events\messages\juce_MountedVolumeListChangeDetector.h(63,28): warning C4251: 'juce::MountedVolumeListChangeDetector::pimpl': 'std::unique_ptr<juce::MountedVolumeListChangeDetector::Pimpl,std::default_delete<juce::MountedVolumeListChangeDetector::Pimpl>>' needs to have dll-interface to be used by clients of 'juce::MountedVolumeListChangeDetector' [C:\Users\lawre\plugin-GUI\Build\snap-gui.vcxproj]
  (compiling source file '../Source/Processors/ProcessorGraph/ProcessorGraph.cpp')
      C:\Program Files (x86)\Microsoft Visual Studio\2022\BuildTools\VC\Tools\MSVC\14.44.35207\include\memory(3347,7):
      see declaration of 'std::unique_ptr<juce::MountedVolumeListChangeDetector::Pimpl,std::default_delete<juce::MountedVolumeListChangeDetector::Pimpl>>'
  
C:\Users\lawre\plugin-GUI\JuceLibraryCode\modules\juce_events\broadcasters\juce_ActionBroadcaster.h(84,32): warning C4251: 'juce::ActionBroadcaster::actionListeners': 'juce::SortedSet<juce::ActionListener *,juce::DummyCriticalSection>' needs to have dll-interface to be used by clients of 'juce::ActionBroadcaster' [C:\Users\lawre\plugin-GUI\Build\snap-gui.vcxproj]
  (compiling source file '../Source/Processors/ProcessorGraph/ProcessorGraph.cpp')
      C:\Users\lawre\plugin-GUI\JuceLibraryCode\modules\juce_core\containers\juce_SortedSet.h(65,7):
      see declaration of 'juce::SortedSet<juce::ActionListener *,juce::DummyCriticalSection>'
  
C:\Users\lawre\plugin-GUI\JuceLibraryCode\modules\juce_events\broadcasters\juce_AsyncUpdater.h(117,52): warning C4251: 'juce::AsyncUpdater::activeMessage': 'juce::ReferenceCountedObjectPtr<juce::AsyncUpdater::AsyncUpdaterMessage>' needs to have dll-interface to be used by clients of 'juce::AsyncUpdater' [C:\Users\lawre\plugin-GUI\Build\snap-gui.vcxproj]
  (compiling source file '../Source/Processors/ProcessorGraph/ProcessorGraph.cpp')
      C:\Users\lawre\plugin-GUI\JuceLibraryCode\modules\juce_core\memory\juce_ReferenceCountedObject.h(258,7):
      see declaration of 'juce::ReferenceCountedObjectPtr<juce::AsyncUpdater::AsyncUpdaterMessage>'
  
C:\Users\lawre\plugin-GUI\JuceLibraryCode\modules\juce_events\broadcasters\juce_LockingAsyncUpdater.h(120,37): warning C4251: 'juce::LockingAsyncUpdater::impl': 'juce::ReferenceCountedObjectPtr<juce::LockingAsyncUpdater::Impl>' needs to have dll-interface to be used by clients of 'juce::LockingAsyncUpdater' [C:\Users\lawre\plugin-GUI\Build\snap-gui.vcxproj]
  (compiling source file '../Source/Processors/ProcessorGraph/ProcessorGraph.cpp')
      C:\Users\lawre\plugin-GUI\JuceLibraryCode\modules\juce_core\memory\juce_ReferenceCountedObject.h(258,7):
      see declaration of 'juce::ReferenceCountedObjectPtr<juce::LockingAsyncUpdater::Impl>'
  
C:\Users\lawre\plugin-GUI\JuceLibraryCode\modules\juce_events\broadcasters\juce_ChangeBroadcaster.h(108,31): warning C4251: 'juce::ChangeBroadcaster::broadcastCallback': 'juce::ChangeBroadcaster::ChangeBroadcasterCallback' needs to have dll-interface to be used by clients of 'juce::ChangeBroadcaster' [C:\Users\lawre\plugin-GUI\Build\snap-gui.vcxproj]
  (compiling source file '../Source/Processors/ProcessorGraph/ProcessorGraph.cpp')
      C:\Users\lawre\plugin-GUI\JuceLibraryCode\modules\juce_events\broadcasters\juce_ChangeBroadcaster.h(97,11):
      see declaration of 'juce::ChangeBroadcaster::ChangeBroadcasterCallback'
  
C:\Users\lawre\plugin-GUI\JuceLibraryCode\modules\juce_events\broadcasters\juce_ChangeBroadcaster.h(109,35): warning C4251: 'juce::ChangeBroadcaster::changeListeners': 'juce::ListenerList<juce::ChangeListener,juce::Array<ListenerClass *,juce::DummyCriticalSection,0>>' needs to have dll-interface to be used by clients of 'juce::ChangeBroadcaster' [C:\Users\lawre\plugin-GUI\Build\snap-gui.vcxproj]
C:\Users\lawre\plugin-GUI\JuceLibraryCode\modules\juce_events\broadcasters\juce_ChangeBroadcaster.h(109,35): warning C4251:         with [C:\Users\lawre\plugin-GUI\Build\snap-gui.vcxproj]
C:\Users\lawre\plugin-GUI\JuceLibraryCode\modules\juce_events\broadcasters\juce_ChangeBroadcaster.h(109,35): warning C4251:         [ [C:\Users\lawre\plugin-GUI\Build\snap-gui.vcxproj]
C:\Users\lawre\plugin-GUI\JuceLibraryCode\modules\juce_events\broadcasters\juce_ChangeBroadcaster.h(109,35): warning C4251:             ListenerClass=juce::ChangeListener [C:\Users\lawre\plugin-GUI\Build\snap-gui.vcxproj]
C:\Users\lawre\plugin-GUI\JuceLibraryCode\modules\juce_events\broadcasters\juce_ChangeBroadcaster.h(109,35): warning C4251:         ] [C:\Users\lawre\plugin-GUI\Build\snap-gui.vcxproj]
  (compiling source file '../Source/Processors/ProcessorGraph/ProcessorGraph.cpp')
      C:\Users\lawre\plugin-GUI\JuceLibraryCode\modules\juce_core\containers\juce_ListenerList.h(71,7):
      see declaration of 'juce::ListenerList<juce::ChangeListener,juce::Array<ListenerClass *,juce::DummyCriticalSection,0>>'
          with
          [
              ListenerClass=juce::ChangeListener
          ]
  
C:\Users\lawre\plugin-GUI\JuceLibraryCode\modules\juce_events\broadcasters\juce_ChangeBroadcaster.h(111,23): warning C4251: 'juce::ChangeBroadcaster::anyListeners': 'std::atomic<bool>' needs to have dll-interface to be used by clients of 'juce::ChangeBroadcaster' [C:\Users\lawre\plugin-GUI\Build\snap-gui.vcxproj]
  (compiling source file '../Source/Processors/ProcessorGraph/ProcessorGraph.cpp')
      C:\Program Files (x86)\Microsoft Visual Studio\2022\BuildTools\VC\Tools\MSVC\14.44.35207\include\atomic(2131,8):
      see declaration of 'std::atomic<bool>'
  
C:\Users\lawre\plugin-GUI\JuceLibraryCode\modules\juce_events\timers\juce_Timer.h(144,40): warning C4251: 'juce::Timer::timerThread': 'juce::SharedResourcePointer<juce::Timer::TimerThread>' needs to have dll-interface to be used by clients of 'juce::Timer' [C:\Users\lawre\plugin-GUI\Build\snap-gui.vcxproj]
  (compiling source file '../Source/Processors/ProcessorGraph/ProcessorGraph.cpp')
      C:\Users\lawre\plugin-GUI\JuceLibraryCode\modules\juce_core\memory\juce_SharedResourcePointer.h(93,7):
      see declaration of 'juce::SharedResourcePointer<juce::Timer::TimerThread>'
  
C:\Users\lawre\plugin-GUI\JuceLibraryCode\modules\juce_events\timers\juce_MultiTimer.h(131,23): warning C4251: 'juce::MultiTimer::timers': 'juce::OwnedArray<juce::Timer,juce::DummyCriticalSection>' needs to have dll-interface to be used by clients of 'juce::MultiTimer' [C:\Users\lawre\plugin-GUI\Build\snap-gui.vcxproj]
  (compiling source file '../Source/Processors/ProcessorGraph/ProcessorGraph.cpp')
      C:\Users\lawre\plugin-GUI\JuceLibraryCode\modules\juce_core\containers\juce_OwnedArray.h(61,7):
      see declaration of 'juce::OwnedArray<juce::Timer,juce::DummyCriticalSection>'
  
C:\Users\lawre\plugin-GUI\JuceLibraryCode\modules\juce_events\interprocess\juce_ChildProcessManager.h(60,9): warning C4251: 'juce::ChildProcessManager::singletonHolder': 'juce::SingletonHolder<juce::ChildProcessManager,juce::DummyCriticalSection,false>' needs to have dll-interface to be used by clients of 'juce::ChildProcessManager' [C:\Users\lawre\plugin-GUI\Build\snap-gui.vcxproj]
  (compiling source file '../Source/Processors/ProcessorGraph/ProcessorGraph.cpp')
      C:\Users\lawre\plugin-GUI\JuceLibraryCode\modules\juce_core\memory\juce_Singleton.h(50,8):
      see declaration of 'juce::SingletonHolder<juce::ChildProcessManager,juce::DummyCriticalSection,false>'
  
C:\Users\lawre\plugin-GUI\JuceLibraryCode\modules\juce_events\interprocess\juce_ChildProcessManager.h(108,49): warning C4251: 'juce::ChildProcessManager::processes': 'std::set<std::shared_ptr<juce::ChildProcess>,std::less<std::shared_ptr<juce::ChildProcess>>,std::allocator<std::shared_ptr<juce::ChildProcess>>>' needs to have dll-interface to be used by clients of 'juce::ChildProcessManager' [C:\Users\lawre\plugin-GUI\Build\snap-gui.vcxproj]
  (compiling source file '../Source/Processors/ProcessorGraph/ProcessorGraph.cpp')
      C:\Program Files (x86)\Microsoft Visual Studio\2022\BuildTools\VC\Tools\MSVC\14.44.35207\include\set(51,7):
      see declaration of 'std::set<std::shared_ptr<juce::ChildProcess>,std::less<std::shared_ptr<juce::ChildProcess>>,std::allocator<std::shared_ptr<juce::ChildProcess>>>'
  
C:\Users\lawre\plugin-GUI\JuceLibraryCode\modules\juce_events\interprocess\juce_ChildProcessManager.h(109,53): warning C4251: 'juce::ChildProcessManager::listeners': 'juce::detail::CallbackListenerList<juce::ChildProcess *>' needs to have dll-interface to be used by clients of 'juce::ChildProcessManager' [C:\Users\lawre\plugin-GUI\Build\snap-gui.vcxproj]
  (compiling source file '../Source/Processors/ProcessorGraph/ProcessorGraph.cpp')
      C:\Users\lawre\plugin-GUI\JuceLibraryCode\modules\juce_core\detail\juce_CallbackListenerList.h(46,7):
      see declaration of 'juce::detail::CallbackListenerList<juce::ChildProcess *>'
  
C:\Users\lawre\plugin-GUI\JuceLibraryCode\modules\juce_events\interprocess\juce_ChildProcessManager.h(110,23): warning C4251: 'juce::ChildProcessManager::timer': 'juce::TimedCallback' needs to have dll-interface to be used by clients of 'juce::ChildProcessManager' [C:\Users\lawre\plugin-GUI\Build\snap-gui.vcxproj]
  (compiling source file '../Source/Processors/ProcessorGraph/ProcessorGraph.cpp')
      C:\Users\lawre\plugin-GUI\JuceLibraryCode\modules\juce_events\timers\juce_TimedCallback.h(47,7):
      see declaration of 'juce::TimedCallback'
  
C:\Users\lawre\plugin-GUI\JuceLibraryCode\modules\juce_events\interprocess\juce_InterprocessConnection.h(207,38): warning C4251: 'juce::InterprocessConnection::socket': 'std::unique_ptr<juce::StreamingSocket,std::default_delete<juce::StreamingSocket>>' needs to have dll-interface to be used by clients of 'juce::InterprocessConnection' [C:\Users\lawre\plugin-GUI\Build\snap-gui.vcxproj]
  (compiling source file '../Source/Processors/ProcessorGraph/ProcessorGraph.cpp')
      C:\Program Files (x86)\Microsoft Visual Studio\2022\BuildTools\VC\Tools\MSVC\14.44.35207\include\memory(3347,7):
      see declaration of 'std::unique_ptr<juce::StreamingSocket,std::default_delete<juce::StreamingSocket>>'
  
C:\Users\lawre\plugin-GUI\JuceLibraryCode\modules\juce_events\interprocess\juce_InterprocessConnection.h(208,32): warning C4251: 'juce::InterprocessConnection::pipe': 'std::unique_ptr<juce::NamedPipe,std::default_delete<juce::NamedPipe>>' needs to have dll-interface to be used by clients of 'juce::InterprocessConnection' [C:\Users\lawre\plugin-GUI\Build\snap-gui.vcxproj]
  (compiling source file '../Source/Processors/ProcessorGraph/ProcessorGraph.cpp')
      C:\Program Files (x86)\Microsoft Visual Studio\2022\BuildTools\VC\Tools\MSVC\14.44.35207\include\memory(3347,7):
      see declaration of 'std::unique_ptr<juce::NamedPipe,std::default_delete<juce::NamedPipe>>'
  
C:\Users\lawre\plugin-GUI\JuceLibraryCode\modules\juce_events\interprocess\juce_InterprocessConnection.h(226,39): warning C4251: 'juce::InterprocessConnection::thread': 'std::unique_ptr<juce::InterprocessConnection::ConnectionThread,std::default_delete<juce::InterprocessConnection::ConnectionThread>>' needs to have dll-interface to be used by clients of 'juce::InterprocessConnection' [C:\Users\lawre\plugin-GUI\Build\snap-gui.vcxproj]
  (compiling source file '../Source/Processors/ProcessorGraph/ProcessorGraph.cpp')
      C:\Program Files (x86)\Microsoft Visual Studio\2022\BuildTools\VC\Tools\MSVC\14.44.35207\include\memory(3347,7):
      see declaration of 'std::unique_ptr<juce::InterprocessConnection::ConnectionThread,std::default_delete<juce::InterprocessConnection::ConnectionThread>>'
  
C:\Users\lawre\plugin-GUI\JuceLibraryCode\modules\juce_events\interprocess\juce_InterprocessConnection.h(227,23): warning C4251: 'juce::InterprocessConnection::threadIsRunning': 'std::atomic<bool>' needs to have dll-interface to be used by clients of 'juce::InterprocessConnection' [C:\Users\lawre\plugin-GUI\Build\snap-gui.vcxproj]
  (compiling source file '../Source/Processors/ProcessorGraph/ProcessorGraph.cpp')
      C:\Program Files (x86)\Microsoft Visual Studio\2022\BuildTools\VC\Tools\MSVC\14.44.35207\include\atomic(2131,8):
      see declaration of 'std::atomic<bool>'
  
C:\Users\lawre\plugin-GUI\JuceLibraryCode\modules\juce_events\interprocess\juce_InterprocessConnection.h(230,33): warning C4251: 'juce::InterprocessConnection::safeAction': 'std::shared_ptr<juce::InterprocessConnection::SafeAction>' needs to have dll-interface to be used by clients of 'juce::InterprocessConnection' [C:\Users\lawre\plugin-GUI\Build\snap-gui.vcxproj]
  (compiling source file '../Source/Processors/ProcessorGraph/ProcessorGraph.cpp')
      C:\Program Files (x86)\Microsoft Visual Studio\2022\BuildTools\VC\Tools\MSVC\14.44.35207\include\memory(1565,7):
      see declaration of 'std::shared_ptr<juce::InterprocessConnection::SafeAction>'
  
C:\Users\lawre\plugin-GUI\JuceLibraryCode\modules\juce_events\interprocess\juce_InterprocessConnectionServer.h(111,38): warning C4251: 'juce::InterprocessConnectionServer::socket': 'std::unique_ptr<juce::StreamingSocket,std::default_delete<juce::StreamingSocket>>' needs to have dll-interface to be used by clients of 'juce::InterprocessConnectionServer' [C:\Users\lawre\plugin-GUI\Build\snap-gui.vcxproj]
  (compiling source file '../Source/Processors/ProcessorGraph/ProcessorGraph.cpp')
      C:\Program Files (x86)\Microsoft Visual Studio\2022\BuildTools\VC\Tools\MSVC\14.44.35207\include\memory(3347,7):
      see declaration of 'std::unique_ptr<juce::StreamingSocket,std::default_delete<juce::StreamingSocket>>'
  
C:\Users\lawre\plugin-GUI\JuceLibraryCode\modules\juce_events\interprocess\juce_ConnectedChildProcess.h(125,33): warning C4251: 'juce::ChildProcessWorker::connection': 'std::unique_ptr<juce::ChildProcessWorker::Connection,std::default_delete<juce::ChildProcessWorker::Connection>>' needs to have dll-interface to be used by clients of 'juce::ChildProcessWorker' [C:\Users\lawre\plugin-GUI\Build\snap-gui.vcxproj]
  (compiling source file '../Source/Processors/ProcessorGraph/ProcessorGraph.cpp')
      C:\Program Files (x86)\Microsoft Visual Studio\2022\BuildTools\VC\Tools\MSVC\14.44.35207\include\memory(3347,7):
      see declaration of 'std::unique_ptr<juce::ChildProcessWorker::Connection,std::default_delete<juce::ChildProcessWorker::Connection>>'
  
C:\Users\lawre\plugin-GUI\JuceLibraryCode\modules\juce_events\interprocess\juce_ConnectedChildProcess.h(230,35): warning C4251: 'juce::ChildProcessCoordinator::childProcess': 'std::shared_ptr<juce::ChildProcess>' needs to have dll-interface to be used by clients of 'juce::ChildProcessCoordinator' [C:\Users\lawre\plugin-GUI\Build\snap-gui.vcxproj]
  (compiling source file '../Source/Processors/ProcessorGraph/ProcessorGraph.cpp')
      C:\Program Files (x86)\Microsoft Visual Studio\2022\BuildTools\VC\Tools\MSVC\14.44.35207\include\memory(1565,7):
      see declaration of 'std::shared_ptr<juce::ChildProcess>'
  
C:\Users\lawre\plugin-GUI\JuceLibraryCode\modules\juce_events\interprocess\juce_ConnectedChildProcess.h(233,33): warning C4251: 'juce::ChildProcessCoordinator::connection': 'std::unique_ptr<juce::ChildProcessCoordinator::Connection,std::default_delete<juce::ChildProcessCoordinator::Connection>>' needs to have dll-interface to be used by clients of 'juce::ChildProcessCoordinator' [C:\Users\lawre\plugin-GUI\Build\snap-gui.vcxproj]
  (compiling source file '../Source/Processors/ProcessorGraph/ProcessorGraph.cpp')
      C:\Program Files (x86)\Microsoft Visual Studio\2022\BuildTools\VC\Tools\MSVC\14.44.35207\include\memory(3347,7):
      see declaration of 'std::unique_ptr<juce::ChildProcessCoordinator::Connection,std::default_delete<juce::ChildProcessCoordinator::Connection>>'
  
C:\Users\lawre\plugin-GUI\JuceLibraryCode\modules\juce_graphics\geometry\juce_Path.h(814,18): warning C4251: 'juce::Path::data': 'juce::Array<float,juce::DummyCriticalSection,0>' needs to have dll-interface to be used by clients of 'juce::Path' [C:\Users\lawre\plugin-GUI\Build\snap-gui.vcxproj]
  (compiling source file '../Source/Processors/ProcessorGraph/ProcessorGraph.cpp')
      C:\Users\lawre\plugin-GUI\JuceLibraryCode\modules\juce_core\containers\juce_Array.h(67,7):
      see declaration of 'juce::Array<float,juce::DummyCriticalSection,0>'
  
C:\Users\lawre\plugin-GUI\JuceLibraryCode\modules\juce_graphics\geometry\juce_Path.h(834,16): warning C4251: 'juce::Path::bounds': 'juce::Path::PathBounds' needs to have dll-interface to be used by clients of 'juce::Path' [C:\Users\lawre\plugin-GUI\Build\snap-gui.vcxproj]
  (compiling source file '../Source/Processors/ProcessorGraph/ProcessorGraph.cpp')
      C:\Users\lawre\plugin-GUI\JuceLibraryCode\modules\juce_graphics\geometry\juce_Path.h(816,12):
      see declaration of 'juce::Path::PathBounds'
  
C:\Users\lawre\plugin-GUI\JuceLibraryCode\modules\juce_graphics\colour\juce_ColourGradient.h(212,18): warning C4251: 'juce::ColourGradient::point1': 'juce::Point<float>' needs to have dll-interface to be used by clients of 'juce::ColourGradient' [C:\Users\lawre\plugin-GUI\Build\snap-gui.vcxproj]
  (compiling source file '../Source/Processors/ProcessorGraph/ProcessorGraph.cpp')
      C:\Users\lawre\plugin-GUI\JuceLibraryCode\modules\juce_graphics\geometry\juce_Point.h(50,7):
      see declaration of 'juce::Point<float>'
  
C:\Users\lawre\plugin-GUI\JuceLibraryCode\modules\juce_graphics\colour\juce_ColourGradient.h(212,26): warning C4251: 'juce::ColourGradient::point2': 'juce::Point<float>' needs to have dll-interface to be used by clients of 'juce::ColourGradient' [C:\Users\lawre\plugin-GUI\Build\snap-gui.vcxproj]
  (compiling source file '../Source/Processors/ProcessorGraph/ProcessorGraph.cpp')
      C:\Users\lawre\plugin-GUI\JuceLibraryCode\modules\juce_graphics\geometry\juce_Point.h(50,7):
      see declaration of 'juce::Point<float>'
  
C:\Users\lawre\plugin-GUI\JuceLibraryCode\modules\juce_graphics\colour\juce_ColourGradient.h(250,24): warning C4251: 'juce::ColourGradient::colours': 'juce::Array<juce::ColourGradient::ColourPoint,juce::DummyCriticalSection,0>' needs to have dll-interface to be used by clients of 'juce::ColourGradient' [C:\Users\lawre\plugin-GUI\Build\snap-gui.vcxproj]
  (compiling source file '../Source/Processors/ProcessorGraph/ProcessorGraph.cpp')
      C:\Users\lawre\plugin-GUI\JuceLibraryCode\modules\juce_core\containers\juce_Array.h(67,7):
      see declaration of 'juce::Array<juce::ColourGradient::ColourPoint,juce::DummyCriticalSection,0>'
  
C:\Users\lawre\plugin-GUI\JuceLibraryCode\modules\juce_graphics\geometry\juce_EdgeTable.h(207,28): warning C4251: 'juce::EdgeTable::table': 'juce::CopyableHeapBlock<int,false>' needs to have dll-interface to be used by clients of 'juce::EdgeTable' [C:\Users\lawre\plugin-GUI\Build\snap-gui.vcxproj]
  (compiling source file '../Source/Processors/ProcessorGraph/ProcessorGraph.cpp')
      C:\Users\lawre\plugin-GUI\JuceLibraryCode\modules\juce_core\memory\juce_CopyableHeapBlock.h(50,7):
      see declaration of 'juce::CopyableHeapBlock<int,false>'
  
C:\Users\lawre\plugin-GUI\JuceLibraryCode\modules\juce_graphics\geometry\juce_EdgeTable.h(208,20): warning C4251: 'juce::EdgeTable::bounds': 'juce::Rectangle<int>' needs to have dll-interface to be used by clients of 'juce::EdgeTable' [C:\Users\lawre\plugin-GUI\Build\snap-gui.vcxproj]
  (compiling source file '../Source/Processors/ProcessorGraph/ProcessorGraph.cpp')
      C:\Users\lawre\plugin-GUI\JuceLibraryCode\modules\juce_graphics\geometry\juce_Rectangle.h(75,7):
      see declaration of 'juce::Rectangle<int>'
  
C:\Users\lawre\plugin-GUI\JuceLibraryCode\modules\juce_graphics\geometry\juce_PathIterator.h(113,22): warning C4251: 'juce::PathFlatteningIterator::stackBase': 'juce::HeapBlock<float,false>' needs to have dll-interface to be used by clients of 'juce::PathFlatteningIterator' [C:\Users\lawre\plugin-GUI\Build\snap-gui.vcxproj]
  (compiling source file '../Source/Processors/ProcessorGraph/ProcessorGraph.cpp')
      C:\Users\lawre\plugin-GUI\JuceLibraryCode\modules\juce_core\memory\juce_HeapBlock.h(98,7):
      see declaration of 'juce::HeapBlock<float,false>'
  
C:\Users\lawre\plugin-GUI\JuceLibraryCode\modules\juce_graphics\images\juce_ImageConvolutionKernel.h(115,22): warning C4251: 'juce::ImageConvolutionKernel::values': 'juce::HeapBlock<float,false>' needs to have dll-interface to be used by clients of 'juce::ImageConvolutionKernel' [C:\Users\lawre\plugin-GUI\Build\snap-gui.vcxproj]
  (compiling source file '../Source/Processors/ProcessorGraph/ProcessorGraph.cpp')
      C:\Users\lawre\plugin-GUI\JuceLibraryCode\modules\juce_core\memory\juce_HeapBlock.h(98,7):
      see declaration of 'juce::HeapBlock<float,false>'
  
C:\Users\lawre\plugin-GUI\JuceLibraryCode\modules\juce_graphics\contexts\juce_GraphicsContext.h(752,46): warning C4251: 'juce::Graphics::contextHolder': 'std::unique_ptr<juce::LowLevelGraphicsContext,std::default_delete<juce::LowLevelGraphicsContext>>' needs to have dll-interface to be used by clients of 'juce::Graphics' [C:\Users\lawre\plugin-GUI\Build\snap-gui.vcxproj]
  (compiling source file '../Source/Processors/ProcessorGraph/ProcessorGraph.cpp')
      C:\Program Files (x86)\Microsoft Visual Studio\2022\BuildTools\VC\Tools\MSVC\14.44.35207\include\memory(3347,7):
      see declaration of 'std::unique_ptr<juce::LowLevelGraphicsContext,std::default_delete<juce::LowLevelGraphicsContext>>'
  
C:\Users\lawre\plugin-GUI\JuceLibraryCode\modules\juce_graphics\images\juce_Image.h(395,45): warning C4251: 'juce::Image::BitmapData::dataReleaser': 'std::unique_ptr<juce::Image::BitmapData::BitmapDataReleaser,std::default_delete<juce::Image::BitmapData::BitmapDataReleaser>>' needs to have dll-interface to be used by clients of 'juce::Image::BitmapData' [C:\Users\lawre\plugin-GUI\Build\snap-gui.vcxproj]
  (compiling source file '../Source/Processors/ProcessorGraph/ProcessorGraph.cpp')
      C:\Program Files (x86)\Microsoft Visual Studio\2022\BuildTools\VC\Tools\MSVC\14.44.35207\include\memory(3347,7):
      see declaration of 'std::unique_ptr<juce::Image::BitmapData::BitmapDataReleaser,std::default_delete<juce::Image::BitmapData::BitmapDataReleaser>>'
  
C:\Users\lawre\plugin-GUI\JuceLibraryCode\modules\juce_graphics\images\juce_Image.h(453,47): warning C4251: 'juce::Image::image': 'juce::ReferenceCountedObjectPtr<juce::ImagePixelData>' needs to have dll-interface to be used by clients of 'juce::Image' [C:\Users\lawre\plugin-GUI\Build\snap-gui.vcxproj]
  (compiling source file '../Source/Processors/ProcessorGraph/ProcessorGraph.cpp')
      C:\Users\lawre\plugin-GUI\JuceLibraryCode\modules\juce_core\memory\juce_ReferenceCountedObject.h(258,7):
      see declaration of 'juce::ReferenceCountedObjectPtr<juce::ImagePixelData>'
  
C:\Users\lawre\plugin-GUI\JuceLibraryCode\modules\juce_graphics\images\juce_Image.h(688,28): warning C4251: 'juce::ImagePixelData::listeners': 'juce::ListenerList<juce::ImagePixelData::Listener,juce::Array<ListenerClass *,juce::DummyCriticalSection,0>>' needs to have dll-interface to be used by clients of 'juce::ImagePixelData' [C:\Users\lawre\plugin-GUI\Build\snap-gui.vcxproj]
C:\Users\lawre\plugin-GUI\JuceLibraryCode\modules\juce_graphics\images\juce_Image.h(688,28): warning C4251:         with [C:\Users\lawre\plugin-GUI\Build\snap-gui.vcxproj]
C:\Users\lawre\plugin-GUI\JuceLibraryCode\modules\juce_graphics\images\juce_Image.h(688,28): warning C4251:         [ [C:\Users\lawre\plugin-GUI\Build\snap-gui.vcxproj]
C:\Users\lawre\plugin-GUI\JuceLibraryCode\modules\juce_graphics\images\juce_Image.h(688,28): warning C4251:             ListenerClass=juce::ImagePixelData::Listener [C:\Users\lawre\plugin-GUI\Build\snap-gui.vcxproj]
C:\Users\lawre\plugin-GUI\JuceLibraryCode\modules\juce_graphics\images\juce_Image.h(688,28): warning C4251:         ] [C:\Users\lawre\plugin-GUI\Build\snap-gui.vcxproj]
  (compiling source file '../Source/Processors/ProcessorGraph/ProcessorGraph.cpp')
      C:\Users\lawre\plugin-GUI\JuceLibraryCode\modules\juce_core\containers\juce_ListenerList.h(71,7):
      see declaration of 'juce::ListenerList<juce::ImagePixelData::Listener,juce::Array<ListenerClass *,juce::DummyCriticalSection,0>>'
          with
          [
              ListenerClass=juce::ImagePixelData::Listener
          ]
  
C:\Users\lawre\plugin-GUI\JuceLibraryCode\modules\juce_graphics\colour\juce_FillType.h(146,37): warning C4251: 'juce::FillType::gradient': 'std::unique_ptr<juce::ColourGradient,std::default_delete<juce::ColourGradient>>' needs to have dll-interface to be used by clients of 'juce::FillType' [C:\Users\lawre\plugin-GUI\Build\snap-gui.vcxproj]
  (compiling source file '../Source/Processors/ProcessorGraph/ProcessorGraph.cpp')
      C:\Program Files (x86)\Microsoft Visual Studio\2022\BuildTools\VC\Tools\MSVC\14.44.35207\include\memory(3347,7):
      see declaration of 'std::unique_ptr<juce::ColourGradient,std::default_delete<juce::ColourGradient>>'
  
C:\Users\lawre\plugin-GUI\JuceLibraryCode\modules\juce_graphics\fonts\juce_FontOptions.h(223,19): warning C4251: 'juce::FontOptions::typeface': 'juce::ReferenceCountedObjectPtr<juce::Typeface>' needs to have dll-interface to be used by clients of 'juce::FontOptions' [C:\Users\lawre\plugin-GUI\Build\snap-gui.vcxproj]
  (compiling source file '../Source/Processors/ProcessorGraph/ProcessorGraph.cpp')
      C:\Users\lawre\plugin-GUI\JuceLibraryCode\modules\juce_core\memory\juce_ReferenceCountedObject.h(258,7):
      see declaration of 'juce::ReferenceCountedObjectPtr<juce::Typeface>'
  
C:\Users\lawre\plugin-GUI\JuceLibraryCode\modules\juce_graphics\fonts\juce_FontOptions.h(224,25): warning C4251: 'juce::FontOptions::fallbacks': 'std::vector<juce::String,std::allocator<juce::String>>' needs to have dll-interface to be used by clients of 'juce::FontOptions' [C:\Users\lawre\plugin-GUI\Build\snap-gui.vcxproj]
  (compiling source file '../Source/Processors/ProcessorGraph/ProcessorGraph.cpp')
      C:\Program Files (x86)\Microsoft Visual Studio\2022\BuildTools\VC\Tools\MSVC\14.44.35207\include\vector(442,7):
      see declaration of 'std::vector<juce::String,std::allocator<juce::String>>'
  
C:\Users\lawre\plugin-GUI\JuceLibraryCode\modules\juce_graphics\fonts\juce_Font.h(629,51): warning C4251: 'juce::Font::font': 'juce::ReferenceCountedObjectPtr<juce::Font::SharedFontInternal>' needs to have dll-interface to be used by clients of 'juce::Font' [C:\Users\lawre\plugin-GUI\Build\snap-gui.vcxproj]
  (compiling source file '../Source/Processors/ProcessorGraph/ProcessorGraph.cpp')
      C:\Users\lawre\plugin-GUI\JuceLibraryCode\modules\juce_core\memory\juce_ReferenceCountedObject.h(258,7):
      see declaration of 'juce::ReferenceCountedObjectPtr<juce::Font::SharedFontInternal>'
  
C:\Users\lawre\plugin-GUI\JuceLibraryCode\modules\juce_graphics\detail\juce_ShapedText.h(113,27): warning C4251: 'juce::detail::ShapedText::impl': 'std::shared_ptr<juce::detail::ShapedText::Impl>' needs to have dll-interface to be used by clients of 'juce::detail::ShapedText' [C:\Users\lawre\plugin-GUI\Build\snap-gui.vcxproj]
  (compiling source file '../Source/Processors/ProcessorGraph/ProcessorGraph.cpp')
      C:\Program Files (x86)\Microsoft Visual Studio\2022\BuildTools\VC\Tools\MSVC\14.44.35207\include\memory(1565,7):
      see declaration of 'std::shared_ptr<juce::detail::ShapedText::Impl>'
  
C:\Users\lawre\plugin-GUI\JuceLibraryCode\modules\juce_graphics\fonts\juce_AttributedString.h(175,20): warning C4251: 'juce::AttributedString::Attribute::range': 'juce::Range<int>' needs to have dll-interface to be used by clients of 'juce::AttributedString::Attribute' [C:\Users\lawre\plugin-GUI\Build\snap-gui.vcxproj]
  (compiling source file '../Source/Processors/ProcessorGraph/ProcessorGraph.cpp')
      C:\Users\lawre\plugin-GUI\JuceLibraryCode\modules\juce_core\maths\juce_Range.h(51,7):
      see declaration of 'juce::Range<int>'
  
C:\Users\lawre\plugin-GUI\JuceLibraryCode\modules\juce_graphics\fonts\juce_AttributedString.h(211,19): warning C4251: 'juce::AttributedString::justification': 'juce::Justification' needs to have dll-interface to be used by clients of 'juce::AttributedString' [C:\Users\lawre\plugin-GUI\Build\snap-gui.vcxproj]
  (compiling source file '../Source/Processors/ProcessorGraph/ProcessorGraph.cpp')
      C:\Users\lawre\plugin-GUI\JuceLibraryCode\modules\juce_graphics\placement\juce_Justification.h(49,7):
      see declaration of 'juce::Justification'
  
C:\Users\lawre\plugin-GUI\JuceLibraryCode\modules\juce_graphics\fonts\juce_AttributedString.h(214,22): warning C4251: 'juce::AttributedString::attributes': 'juce::Array<juce::AttributedString::Attribute,juce::DummyCriticalSection,0>' needs to have dll-interface to be used by clients of 'juce::AttributedString' [C:\Users\lawre\plugin-GUI\Build\snap-gui.vcxproj]
  (compiling source file '../Source/Processors/ProcessorGraph/ProcessorGraph.cpp')
      C:\Users\lawre\plugin-GUI\JuceLibraryCode\modules\juce_core\containers\juce_Array.h(67,7):
      see declaration of 'juce::Array<juce::AttributedString::Attribute,juce::DummyCriticalSection,0>'
  
C:\Users\lawre\plugin-GUI\JuceLibraryCode\modules\juce_graphics\fonts\juce_GlyphArrangement.h(345,28): warning C4251: 'juce::GlyphArrangement::glyphs': 'juce::Array<juce::PositionedGlyph,juce::DummyCriticalSection,0>' needs to have dll-interface to be used by clients of 'juce::GlyphArrangement' [C:\Users\lawre\plugin-GUI\Build\snap-gui.vcxproj]
  (compiling source file '../Source/Processors/ProcessorGraph/ProcessorGraph.cpp')
      C:\Users\lawre\plugin-GUI\JuceLibraryCode\modules\juce_core\containers\juce_Array.h(67,7):
      see declaration of 'juce::Array<juce::PositionedGlyph,juce::DummyCriticalSection,0>'
  
C:\Users\lawre\plugin-GUI\JuceLibraryCode\modules\juce_graphics\fonts\juce_TextLayout.h(164,22): warning C4251: 'juce::TextLayout::Glyph::anchor': 'juce::Point<float>' needs to have dll-interface to be used by clients of 'juce::TextLayout::Glyph' [C:\Users\lawre\plugin-GUI\Build\snap-gui.vcxproj]
  (compiling source file '../Source/Processors/ProcessorGraph/ProcessorGraph.cpp')
      C:\Users\lawre\plugin-GUI\JuceLibraryCode\modules\juce_graphics\geometry\juce_Point.h(50,7):
      see declaration of 'juce::Point<float>'
  
C:\Users\lawre\plugin-GUI\JuceLibraryCode\modules\juce_graphics\fonts\juce_TextLayout.h(185,22): warning C4251: 'juce::TextLayout::Run::glyphs': 'juce::Array<juce::TextLayout::Glyph,juce::DummyCriticalSection,0>' needs to have dll-interface to be used by clients of 'juce::TextLayout::Run' [C:\Users\lawre\plugin-GUI\Build\snap-gui.vcxproj]
  (compiling source file '../Source/Processors/ProcessorGraph/ProcessorGraph.cpp')
      C:\Users\lawre\plugin-GUI\JuceLibraryCode\modules\juce_core\containers\juce_Array.h(67,7):
      see declaration of 'juce::Array<juce::TextLayout::Glyph,juce::DummyCriticalSection,0>'
  
C:\Users\lawre\plugin-GUI\JuceLibraryCode\modules\juce_graphics\fonts\juce_TextLayout.h(186,20): warning C4251: 'juce::TextLayout::Run::stringRange': 'juce::Range<int>' needs to have dll-interface to be used by clients of 'juce::TextLayout::Run' [C:\Users\lawre\plugin-GUI\Build\snap-gui.vcxproj]
  (compiling source file '../Source/Processors/ProcessorGraph/ProcessorGraph.cpp')
      C:\Users\lawre\plugin-GUI\JuceLibraryCode\modules\juce_core\maths\juce_Range.h(51,7):
      see declaration of 'juce::Range<int>'
  
C:\Users\lawre\plugin-GUI\JuceLibraryCode\modules\juce_graphics\fonts\juce_TextLayout.h(220,25): warning C4251: 'juce::TextLayout::Line::runs': 'juce::OwnedArray<juce::TextLayout::Run,juce::DummyCriticalSection>' needs to have dll-interface to be used by clients of 'juce::TextLayout::Line' [C:\Users\lawre\plugin-GUI\Build\snap-gui.vcxproj]
  (compiling source file '../Source/Processors/ProcessorGraph/ProcessorGraph.cpp')
      C:\Users\lawre\plugin-GUI\JuceLibraryCode\modules\juce_core\containers\juce_OwnedArray.h(61,7):
      see declaration of 'juce::OwnedArray<juce::TextLayout::Run,juce::DummyCriticalSection>'
  
C:\Users\lawre\plugin-GUI\JuceLibraryCode\modules\juce_graphics\fonts\juce_TextLayout.h(221,20): warning C4251: 'juce::TextLayout::Line::stringRange': 'juce::Range<int>' needs to have dll-interface to be used by clients of 'juce::TextLayout::Line' [C:\Users\lawre\plugin-GUI\Build\snap-gui.vcxproj]
  (compiling source file '../Source/Processors/ProcessorGraph/ProcessorGraph.cpp')
      C:\Users\lawre\plugin-GUI\JuceLibraryCode\modules\juce_core\maths\juce_Range.h(51,7):
      see declaration of 'juce::Range<int>'
  
C:\Users\lawre\plugin-GUI\JuceLibraryCode\modules\juce_graphics\fonts\juce_TextLayout.h(223,22): warning C4251: 'juce::TextLayout::Line::lineOrigin': 'juce::Point<float>' needs to have dll-interface to be used by clients of 'juce::TextLayout::Line' [C:\Users\lawre\plugin-GUI\Build\snap-gui.vcxproj]
  (compiling source file '../Source/Processors/ProcessorGraph/ProcessorGraph.cpp')
      C:\Users\lawre\plugin-GUI\JuceLibraryCode\modules\juce_graphics\geometry\juce_Point.h(50,7):
      see declaration of 'juce::Point<float>'
  
C:\Users\lawre\plugin-GUI\JuceLibraryCode\modules\juce_graphics\fonts\juce_TextLayout.h(315,22): warning C4251: 'juce::TextLayout::lines': 'juce::OwnedArray<juce::TextLayout::Line,juce::DummyCriticalSection>' needs to have dll-interface to be used by clients of 'juce::TextLayout' [C:\Users\lawre\plugin-GUI\Build\snap-gui.vcxproj]
  (compiling source file '../Source/Processors/ProcessorGraph/ProcessorGraph.cpp')
      C:\Users\lawre\plugin-GUI\JuceLibraryCode\modules\juce_core\containers\juce_OwnedArray.h(61,7):
      see declaration of 'juce::OwnedArray<juce::TextLayout::Line,juce::DummyCriticalSection>'
  
C:\Users\lawre\plugin-GUI\JuceLibraryCode\modules\juce_graphics\fonts\juce_TextLayout.h(317,19): warning C4251: 'juce::TextLayout::justification': 'juce::Justification' needs to have dll-interface to be used by clients of 'juce::TextLayout' [C:\Users\lawre\plugin-GUI\Build\snap-gui.vcxproj]
  (compiling source file '../Source/Processors/ProcessorGraph/ProcessorGraph.cpp')
      C:\Users\lawre\plugin-GUI\JuceLibraryCode\modules\juce_graphics\placement\juce_Justification.h(49,7):
      see declaration of 'juce::Justification'
  
C:\Users\lawre\plugin-GUI\JuceLibraryCode\modules\juce_graphics\contexts\juce_LowLevelGraphicsSoftwareRenderer.h(48,80): warning C4251: 'juce::RenderingHelpers::StackBasedLowLevelGraphicsContext<juce::RenderingHelpers::SoftwareRendererSavedState>::stack': 'juce::RenderingHelpers::SavedStateStack<SavedStateType>' needs to have dll-interface to be used by clients of 'juce::RenderingHelpers::StackBasedLowLevelGraphicsContext<juce::RenderingHelpers::SoftwareRendererSavedState>' [C:\Users\lawre\plugin-GUI\Build\snap-gui.vcxproj]
C:\Users\lawre\plugin-GUI\JuceLibraryCode\modules\juce_graphics\contexts\juce_LowLevelGraphicsSoftwareRenderer.h(48,80): warning C4251:         with [C:\Users\lawre\plugin-GUI\Build\snap-gui.vcxproj]
C:\Users\lawre\plugin-GUI\JuceLibraryCode\modules\juce_graphics\contexts\juce_LowLevelGraphicsSoftwareRenderer.h(48,80): warning C4251:         [ [C:\Users\lawre\plugin-GUI\Build\snap-gui.vcxproj]
C:\Users\lawre\plugin-GUI\JuceLibraryCode\modules\juce_graphics\contexts\juce_LowLevelGraphicsSoftwareRenderer.h(48,80): warning C4251:             SavedStateType=juce::RenderingHelpers::SoftwareRendererSavedState [C:\Users\lawre\plugin-GUI\Build\snap-gui.vcxproj]
C:\Users\lawre\plugin-GUI\JuceLibraryCode\modules\juce_graphics\contexts\juce_LowLevelGraphicsSoftwareRenderer.h(48,80): warning C4251:         ] [C:\Users\lawre\plugin-GUI\Build\snap-gui.vcxproj]
  (compiling source file '../Source/Processors/ProcessorGraph/ProcessorGraph.cpp')
      C:\Users\lawre\plugin-GUI\JuceLibraryCode\modules\juce_graphics\native\juce_RenderingHelpers.h(2531,7):
      see declaration of 'juce::RenderingHelpers::SavedStateStack<SavedStateType>'
          with
          [
              SavedStateType=juce::RenderingHelpers::SoftwareRendererSavedState
          ]
  
C:\Users\lawre\plugin-GUI\JuceLibraryCode\modules\juce_graphics\effects\juce_DropShadowEffect.h(73,16): warning C4251: 'juce::DropShadow::offset': 'juce::Point<int>' needs to have dll-interface to be used by clients of 'juce::DropShadow' [C:\Users\lawre\plugin-GUI\Build\snap-gui.vcxproj]
  (compiling source file '../Source/Processors/ProcessorGraph/ProcessorGraph.cpp')
      C:\Users\lawre\plugin-GUI\JuceLibraryCode\modules\juce_graphics\geometry\juce_Point.h(50,7):
      see declaration of 'juce::Point<int>'
  
C:\Users\lawre\plugin-GUI\JuceLibraryCode\modules\juce_graphics\effects\juce_GlowEffect.h(80,16): warning C4251: 'juce::GlowEffect::offset': 'juce::Point<int>' needs to have dll-interface to be used by clients of 'juce::GlowEffect' [C:\Users\lawre\plugin-GUI\Build\snap-gui.vcxproj]
  (compiling source file '../Source/Processors/ProcessorGraph/ProcessorGraph.cpp')
      C:\Users\lawre\plugin-GUI\JuceLibraryCode\modules\juce_graphics\geometry\juce_Point.h(50,7):
      see declaration of 'juce::Point<int>'
  
C:\Users\lawre\plugin-GUI\JuceLibraryCode\modules\juce_audio_devices\midi_io\juce_MidiDevices.h(270,20): warning C4251: 'juce::MidiInput::deviceInfo': 'juce::MidiDeviceInfo' needs to have dll-interface to be used by clients of 'juce::MidiInput' [C:\Users\lawre\plugin-GUI\Build\snap-gui.vcxproj]
  (compiling source file '../Source/Processors/ProcessorGraph/ProcessorGraph.cpp')
      C:\Users\lawre\plugin-GUI\JuceLibraryCode\modules\juce_audio_devices\midi_io\juce_MidiDevices.h(129,8):
      see declaration of 'juce::MidiDeviceInfo'
  
C:\Users\lawre\plugin-GUI\JuceLibraryCode\modules\juce_audio_devices\midi_io\juce_MidiDevices.h(272,28): warning C4251: 'juce::MidiInput::internal': 'std::unique_ptr<juce::MidiInput::Pimpl,std::default_delete<juce::MidiInput::Pimpl>>' needs to have dll-interface to be used by clients of 'juce::MidiInput' [C:\Users\lawre\plugin-GUI\Build\snap-gui.vcxproj]
  (compiling source file '../Source/Processors/ProcessorGraph/ProcessorGraph.cpp')
      C:\Program Files (x86)\Microsoft Visual Studio\2022\BuildTools\VC\Tools\MSVC\14.44.35207\include\memory(3347,7):
      see declaration of 'std::unique_ptr<juce::MidiInput::Pimpl,std::default_delete<juce::MidiInput::Pimpl>>'
  
C:\Users\lawre\plugin-GUI\JuceLibraryCode\modules\juce_audio_devices\midi_io\juce_MidiDevices.h(472,20): warning C4251: 'juce::MidiOutput::deviceInfo': 'juce::MidiDeviceInfo' needs to have dll-interface to be used by clients of 'juce::MidiOutput' [C:\Users\lawre\plugin-GUI\Build\snap-gui.vcxproj]
  (compiling source file '../Source/Processors/ProcessorGraph/ProcessorGraph.cpp')
      C:\Users\lawre\plugin-GUI\JuceLibraryCode\modules\juce_audio_devices\midi_io\juce_MidiDevices.h(129,8):
      see declaration of 'juce::MidiDeviceInfo'
  
C:\Users\lawre\plugin-GUI\JuceLibraryCode\modules\juce_audio_devices\midi_io\juce_MidiDevices.h(474,28): warning C4251: 'juce::MidiOutput::internal': 'std::unique_ptr<juce::MidiOutput::Pimpl,std::default_delete<juce::MidiOutput::Pimpl>>' needs to have dll-interface to be used by clients of 'juce::MidiOutput' [C:\Users\lawre\plugin-GUI\Build\snap-gui.vcxproj]
  (compiling source file '../Source/Processors/ProcessorGraph/ProcessorGraph.cpp')
      C:\Program Files (x86)\Microsoft Visual Studio\2022\BuildTools\VC\Tools\MSVC\14.44.35207\include\memory(3347,7):
      see declaration of 'std::unique_ptr<juce::MidiOutput::Pimpl,std::default_delete<juce::MidiOutput::Pimpl>>'
  
C:\Users\lawre\plugin-GUI\JuceLibraryCode\modules\juce_audio_devices\audio_io\juce_AudioIODeviceType.h(195,28): warning C4251: 'juce::AudioIODeviceType::listeners': 'juce::ListenerList<juce::AudioIODeviceType::Listener,juce::Array<ListenerClass *,juce::DummyCriticalSection,0>>' needs to have dll-interface to be used by clients of 'juce::AudioIODeviceType' [C:\Users\lawre\plugin-GUI\Build\snap-gui.vcxproj]
C:\Users\lawre\plugin-GUI\JuceLibraryCode\modules\juce_audio_devices\audio_io\juce_AudioIODeviceType.h(195,28): warning C4251:         with [C:\Users\lawre\plugin-GUI\Build\snap-gui.vcxproj]
C:\Users\lawre\plugin-GUI\JuceLibraryCode\modules\juce_audio_devices\audio_io\juce_AudioIODeviceType.h(195,28): warning C4251:         [ [C:\Users\lawre\plugin-GUI\Build\snap-gui.vcxproj]
C:\Users\lawre\plugin-GUI\JuceLibraryCode\modules\juce_audio_devices\audio_io\juce_AudioIODeviceType.h(195,28): warning C4251:             ListenerClass=juce::AudioIODeviceType::Listener [C:\Users\lawre\plugin-GUI\Build\snap-gui.vcxproj]
C:\Users\lawre\plugin-GUI\JuceLibraryCode\modules\juce_audio_devices\audio_io\juce_AudioIODeviceType.h(195,28): warning C4251:         ] [C:\Users\lawre\plugin-GUI\Build\snap-gui.vcxproj]
  (compiling source file '../Source/Processors/ProcessorGraph/ProcessorGraph.cpp')
      C:\Users\lawre\plugin-GUI\JuceLibraryCode\modules\juce_core\containers\juce_ListenerList.h(71,7):
      see declaration of 'juce::ListenerList<juce::AudioIODeviceType::Listener,juce::Array<ListenerClass *,juce::DummyCriticalSection,0>>'
          with
          [
              ListenerClass=juce::AudioIODeviceType::Listener
          ]
  
C:\Users\lawre\plugin-GUI\JuceLibraryCode\modules\juce_audio_devices\sources\juce_AudioSourcePlayer.h(120,24): warning C4251: 'juce::AudioSourcePlayer::tempBuffer': 'juce::AudioBuffer<float>' needs to have dll-interface to be used by clients of 'juce::AudioSourcePlayer' [C:\Users\lawre\plugin-GUI\Build\snap-gui.vcxproj]
  (compiling source file '../Source/Processors/ProcessorGraph/ProcessorGraph.cpp')
      C:\Users\lawre\plugin-GUI\JuceLibraryCode\modules\juce_audio_basics\buffers\juce_AudioSampleBuffer.h(45,7):
      see declaration of 'juce::AudioBuffer<float>'
  
C:\Users\lawre\plugin-GUI\JuceLibraryCode\modules\juce_audio_devices\sources\juce_AudioSourcePlayer.h(122,24): warning C4251: 'juce::AudioSourcePlayer::gain': 'std::atomic<float>' needs to have dll-interface to be used by clients of 'juce::AudioSourcePlayer' [C:\Users\lawre\plugin-GUI\Build\snap-gui.vcxproj]
  (compiling source file '../Source/Processors/ProcessorGraph/ProcessorGraph.cpp')
      C:\Program Files (x86)\Microsoft Visual Studio\2022\BuildTools\VC\Tools\MSVC\14.44.35207\include\atomic(2131,8):
      see declaration of 'std::atomic<float>'
  
C:\Users\lawre\plugin-GUI\JuceLibraryCode\modules\juce_audio_devices\sources\juce_AudioTransportSource.h(182,23): warning C4251: 'juce::AudioTransportSource::playing': 'std::atomic<bool>' needs to have dll-interface to be used by clients of 'juce::AudioTransportSource' [C:\Users\lawre\plugin-GUI\Build\snap-gui.vcxproj]
  (compiling source file '../Source/Processors/ProcessorGraph/ProcessorGraph.cpp')
      C:\Program Files (x86)\Microsoft Visual Studio\2022\BuildTools\VC\Tools\MSVC\14.44.35207\include\atomic(2131,8):
      see declaration of 'std::atomic<bool>'
  
C:\Users\lawre\plugin-GUI\JuceLibraryCode\modules\juce_audio_devices\sources\juce_AudioTransportSource.h(182,42): warning C4251: 'juce::AudioTransportSource::stopped': 'std::atomic<bool>' needs to have dll-interface to be used by clients of 'juce::AudioTransportSource' [C:\Users\lawre\plugin-GUI\Build\snap-gui.vcxproj]
  (compiling source file '../Source/Processors/ProcessorGraph/ProcessorGraph.cpp')
      C:\Program Files (x86)\Microsoft Visual Studio\2022\BuildTools\VC\Tools\MSVC\14.44.35207\include\atomic(2131,8):
      see declaration of 'std::atomic<bool>'
  
C:\Users\lawre\plugin-GUI\JuceLibraryCode\modules\juce_audio_devices\audio_io\juce_AudioDeviceManager.h(506,35): warning C4251: 'juce::AudioDeviceManager::availableDeviceTypes': 'juce::OwnedArray<juce::AudioIODeviceType,juce::DummyCriticalSection>' needs to have dll-interface to be used by clients of 'juce::AudioDeviceManager' [C:\Users\lawre\plugin-GUI\Build\snap-gui.vcxproj]
  (compiling source file '../Source/Processors/ProcessorGraph/ProcessorGraph.cpp')
      C:\Users\lawre\plugin-GUI\JuceLibraryCode\modules\juce_core\containers\juce_OwnedArray.h(61,7):
      see declaration of 'juce::OwnedArray<juce::AudioIODeviceType,juce::DummyCriticalSection>'
  
C:\Users\lawre\plugin-GUI\JuceLibraryCode\modules\juce_audio_devices\audio_io\juce_AudioDeviceManager.h(507,34): warning C4251: 'juce::AudioDeviceManager::lastDeviceTypeConfigs': 'juce::OwnedArray<juce::AudioDeviceManager::AudioDeviceSetup,juce::DummyCriticalSection>' needs to have dll-interface to be used by clients of 'juce::AudioDeviceManager' [C:\Users\lawre\plugin-GUI\Build\snap-gui.vcxproj]
  (compiling source file '../Source/Processors/ProcessorGraph/ProcessorGraph.cpp')
      C:\Users\lawre\plugin-GUI\JuceLibraryCode\modules\juce_core\containers\juce_OwnedArray.h(61,7):
      see declaration of 'juce::OwnedArray<juce::AudioDeviceManager::AudioDeviceSetup,juce::DummyCriticalSection>'
  
C:\Users\lawre\plugin-GUI\JuceLibraryCode\modules\juce_audio_devices\audio_io\juce_AudioDeviceManager.h(510,36): warning C4251: 'juce::AudioDeviceManager::currentAudioDevice': 'std::unique_ptr<juce::AudioIODevice,std::default_delete<juce::AudioIODevice>>' needs to have dll-interface to be used by clients of 'juce::AudioDeviceManager' [C:\Users\lawre\plugin-GUI\Build\snap-gui.vcxproj]
  (compiling source file '../Source/Processors/ProcessorGraph/ProcessorGraph.cpp')
      C:\Program Files (x86)\Microsoft Visual Studio\2022\BuildTools\VC\Tools\MSVC\14.44.35207\include\memory(3347,7):
      see declaration of 'std::unique_ptr<juce::AudioIODevice,std::default_delete<juce::AudioIODevice>>'
  
C:\Users\lawre\plugin-GUI\JuceLibraryCode\modules\juce_audio_devices\audio_io\juce_AudioDeviceManager.h(511,35): warning C4251: 'juce::AudioDeviceManager::callbacks': 'juce::Array<juce::AudioIODeviceCallback *,juce::DummyCriticalSection,0>' needs to have dll-interface to be used by clients of 'juce::AudioDeviceManager' [C:\Users\lawre\plugin-GUI\Build\snap-gui.vcxproj]
  (compiling source file '../Source/Processors/ProcessorGraph/ProcessorGraph.cpp')
      C:\Users\lawre\plugin-GUI\JuceLibraryCode\modules\juce_core\containers\juce_Array.h(67,7):
      see declaration of 'juce::Array<juce::AudioIODeviceCallback *,juce::DummyCriticalSection,0>'
  
C:\Users\lawre\plugin-GUI\JuceLibraryCode\modules\juce_audio_devices\audio_io\juce_AudioDeviceManager.h(514,33): warning C4251: 'juce::AudioDeviceManager::lastExplicitSettings': 'std::unique_ptr<juce::XmlElement,std::default_delete<juce::XmlElement>>' needs to have dll-interface to be used by clients of 'juce::AudioDeviceManager' [C:\Users\lawre\plugin-GUI\Build\snap-gui.vcxproj]
  (compiling source file '../Source/Processors/ProcessorGraph/ProcessorGraph.cpp')
      C:\Program Files (x86)\Microsoft Visual Studio\2022\BuildTools\VC\Tools\MSVC\14.44.35207\include\memory(3347,7):
      see declaration of 'std::unique_ptr<juce::XmlElement,std::default_delete<juce::XmlElement>>'
  
C:\Users\lawre\plugin-GUI\JuceLibraryCode\modules\juce_audio_devices\audio_io\juce_AudioDeviceManager.h(516,24): warning C4251: 'juce::AudioDeviceManager::tempBuffer': 'juce::AudioBuffer<float>' needs to have dll-interface to be used by clients of 'juce::AudioDeviceManager' [C:\Users\lawre\plugin-GUI\Build\snap-gui.vcxproj]
  (compiling source file '../Source/Processors/ProcessorGraph/ProcessorGraph.cpp')
      C:\Users\lawre\plugin-GUI\JuceLibraryCode\modules\juce_audio_basics\buffers\juce_AudioSampleBuffer.h(45,7):
      see declaration of 'juce::AudioBuffer<float>'
  
C:\Users\lawre\plugin-GUI\JuceLibraryCode\modules\juce_audio_devices\audio_io\juce_AudioDeviceManager.h(517,30): warning C4251: 'juce::AudioDeviceManager::midiDeviceListConnection': 'juce::MidiDeviceListConnection' needs to have dll-interface to be used by clients of 'juce::AudioDeviceManager' [C:\Users\lawre\plugin-GUI\Build\snap-gui.vcxproj]
  (compiling source file '../Source/Processors/ProcessorGraph/ProcessorGraph.cpp')
      C:\Users\lawre\plugin-GUI\JuceLibraryCode\modules\juce_audio_devices\midi_io\juce_MidiDevices.h(61,7):
      see declaration of 'juce::MidiDeviceListConnection'
  
C:\Users\lawre\plugin-GUI\JuceLibraryCode\modules\juce_audio_devices\audio_io\juce_AudioDeviceManager.h(528,27): warning C4251: 'juce::AudioDeviceManager::midiDeviceInfosFromXml': 'juce::Array<juce::MidiDeviceInfo,juce::DummyCriticalSection,0>' needs to have dll-interface to be used by clients of 'juce::AudioDeviceManager' [C:\Users\lawre\plugin-GUI\Build\snap-gui.vcxproj]
  (compiling source file '../Source/Processors/ProcessorGraph/ProcessorGraph.cpp')
      C:\Users\lawre\plugin-GUI\JuceLibraryCode\modules\juce_core\containers\juce_Array.h(67,7):
      see declaration of 'juce::Array<juce::MidiDeviceInfo,juce::DummyCriticalSection,0>'
  
C:\Users\lawre\plugin-GUI\JuceLibraryCode\modules\juce_audio_devices\audio_io\juce_AudioDeviceManager.h(529,45): warning C4251: 'juce::AudioDeviceManager::enabledMidiInputs': 'std::vector<std::unique_ptr<juce::MidiInput,std::default_delete<juce::MidiInput>>,std::allocator<std::unique_ptr<juce::MidiInput,std::default_delete<juce::MidiInput>>>>' needs to have dll-interface to be used by clients of 'juce::AudioDeviceManager' [C:\Users\lawre\plugin-GUI\Build\snap-gui.vcxproj]
  (compiling source file '../Source/Processors/ProcessorGraph/ProcessorGraph.cpp')
      C:\Program Files (x86)\Microsoft Visual Studio\2022\BuildTools\VC\Tools\MSVC\14.44.35207\include\vector(442,7):
      see declaration of 'std::vector<std::unique_ptr<juce::MidiInput,std::default_delete<juce::MidiInput>>,std::allocator<std::unique_ptr<juce::MidiInput,std::default_delete<juce::MidiInput>>>>'
  
C:\Users\lawre\plugin-GUI\JuceLibraryCode\modules\juce_audio_devices\audio_io\juce_AudioDeviceManager.h(530,29): warning C4251: 'juce::AudioDeviceManager::midiCallbacks': 'juce::Array<juce::AudioDeviceManager::MidiCallbackInfo,juce::DummyCriticalSection,0>' needs to have dll-interface to be used by clients of 'juce::AudioDeviceManager' [C:\Users\lawre\plugin-GUI\Build\snap-gui.vcxproj]
  (compiling source file '../Source/Processors/ProcessorGraph/ProcessorGraph.cpp')
      C:\Users\lawre\plugin-GUI\JuceLibraryCode\modules\juce_core\containers\juce_Array.h(67,7):
      see declaration of 'juce::Array<juce::AudioDeviceManager::MidiCallbackInfo,juce::DummyCriticalSection,0>'
  
C:\Users\lawre\plugin-GUI\JuceLibraryCode\modules\juce_audio_devices\audio_io\juce_AudioDeviceManager.h(532,20): warning C4251: 'juce::AudioDeviceManager::defaultMidiOutputDeviceInfo': 'juce::MidiDeviceInfo' needs to have dll-interface to be used by clients of 'juce::AudioDeviceManager' [C:\Users\lawre\plugin-GUI\Build\snap-gui.vcxproj]
  (compiling source file '../Source/Processors/ProcessorGraph/ProcessorGraph.cpp')
      C:\Users\lawre\plugin-GUI\JuceLibraryCode\modules\juce_audio_devices\midi_io\juce_MidiDevices.h(129,8):
      see declaration of 'juce::MidiDeviceInfo'
  
C:\Users\lawre\plugin-GUI\JuceLibraryCode\modules\juce_audio_devices\audio_io\juce_AudioDeviceManager.h(533,33): warning C4251: 'juce::AudioDeviceManager::defaultMidiOutput': 'std::unique_ptr<juce::MidiOutput,std::default_delete<juce::MidiOutput>>' needs to have dll-interface to be used by clients of 'juce::AudioDeviceManager' [C:\Users\lawre\plugin-GUI\Build\snap-gui.vcxproj]
  (compiling source file '../Source/Processors/ProcessorGraph/ProcessorGraph.cpp')
      C:\Program Files (x86)\Microsoft Visual Studio\2022\BuildTools\VC\Tools\MSVC\14.44.35207\include\memory(3347,7):
      see declaration of 'std::unique_ptr<juce::MidiOutput,std::default_delete<juce::MidiOutput>>'
  
C:\Users\lawre\plugin-GUI\JuceLibraryCode\modules\juce_audio_devices\audio_io\juce_AudioDeviceManager.h(536,41): warning C4251: 'juce::AudioDeviceManager::testSound': 'std::unique_ptr<juce::AudioBuffer<float>,std::default_delete<juce::AudioBuffer<float>>>' needs to have dll-interface to be used by clients of 'juce::AudioDeviceManager' [C:\Users\lawre\plugin-GUI\Build\snap-gui.vcxproj]
  (compiling source file '../Source/Processors/ProcessorGraph/ProcessorGraph.cpp')
      C:\Program Files (x86)\Microsoft Visual Studio\2022\BuildTools\VC\Tools\MSVC\14.44.35207\include\memory(3347,7):
      see declaration of 'std::unique_ptr<juce::AudioBuffer<float>,std::default_delete<juce::AudioBuffer<float>>>'
  
C:\Users\lawre\plugin-GUI\JuceLibraryCode\modules\juce_audio_devices\audio_io\juce_AudioDeviceManager.h(541,21): warning C4251: 'juce::AudioDeviceManager::inputLevelGetter': 'juce::ReferenceCountedObjectPtr<juce::AudioDeviceManager::LevelMeter>' needs to have dll-interface to be used by clients of 'juce::AudioDeviceManager' [C:\Users\lawre\plugin-GUI\Build\snap-gui.vcxproj]
  (compiling source file '../Source/Processors/ProcessorGraph/ProcessorGraph.cpp')
      C:\Users\lawre\plugin-GUI\JuceLibraryCode\modules\juce_core\memory\juce_ReferenceCountedObject.h(258,7):
      see declaration of 'juce::ReferenceCountedObjectPtr<juce::AudioDeviceManager::LevelMeter>'
  
C:\Users\lawre\plugin-GUI\JuceLibraryCode\modules\juce_audio_devices\audio_io\juce_AudioDeviceManager.h(542,21): warning C4251: 'juce::AudioDeviceManager::outputLevelGetter': 'juce::ReferenceCountedObjectPtr<juce::AudioDeviceManager::LevelMeter>' needs to have dll-interface to be used by clients of 'juce::AudioDeviceManager' [C:\Users\lawre\plugin-GUI\Build\snap-gui.vcxproj]
  (compiling source file '../Source/Processors/ProcessorGraph/ProcessorGraph.cpp')
      C:\Users\lawre\plugin-GUI\JuceLibraryCode\modules\juce_core\memory\juce_ReferenceCountedObject.h(258,7):
      see declaration of 'juce::ReferenceCountedObjectPtr<juce::AudioDeviceManager::LevelMeter>'
  
C:\Users\lawre\plugin-GUI\JuceLibraryCode\modules\juce_audio_devices\audio_io\juce_AudioDeviceManager.h(546,38): warning C4251: 'juce::AudioDeviceManager::callbackHandler': 'std::unique_ptr<juce::AudioDeviceManager::CallbackHandler,std::default_delete<juce::AudioDeviceManager::CallbackHandler>>' needs to have dll-interface to be used by clients of 'juce::AudioDeviceManager' [C:\Users\lawre\plugin-GUI\Build\snap-gui.vcxproj]
  (compiling source file '../Source/Processors/ProcessorGraph/ProcessorGraph.cpp')
      C:\Program Files (x86)\Microsoft Visual Studio\2022\BuildTools\VC\Tools\MSVC\14.44.35207\include\memory(3347,7):
      see declaration of 'std::unique_ptr<juce::AudioDeviceManager::CallbackHandler,std::default_delete<juce::AudioDeviceManager::CallbackHandler>>'
  
C:\Users\lawre\plugin-GUI\JuceLibraryCode\modules\juce_audio_formats\format\juce_MemoryMappedAudioFormatReader.h(95,18): warning C4251: 'juce::MemoryMappedAudioFormatReader::mappedSection': 'juce::Range<juce::int64>' needs to have dll-interface to be used by clients of 'juce::MemoryMappedAudioFormatReader' [C:\Users\lawre\plugin-GUI\Build\snap-gui.vcxproj]
  (compiling source file '../Source/Processors/ProcessorGraph/ProcessorGraph.cpp')
      C:\Users\lawre\plugin-GUI\JuceLibraryCode\modules\juce_core\maths\juce_Range.h(51,7):
      see declaration of 'juce::Range<juce::int64>'
  
C:\Users\lawre\plugin-GUI\JuceLibraryCode\modules\juce_audio_formats\format\juce_MemoryMappedAudioFormatReader.h(96,39): warning C4251: 'juce::MemoryMappedAudioFormatReader::map': 'std::unique_ptr<juce::MemoryMappedFile,std::default_delete<juce::MemoryMappedFile>>' needs to have dll-interface to be used by clients of 'juce::MemoryMappedAudioFormatReader' [C:\Users\lawre\plugin-GUI\Build\snap-gui.vcxproj]
  (compiling source file '../Source/Processors/ProcessorGraph/ProcessorGraph.cpp')
      C:\Program Files (x86)\Microsoft Visual Studio\2022\BuildTools\VC\Tools\MSVC\14.44.35207\include\memory(3347,7):
      see declaration of 'std::unique_ptr<juce::MemoryMappedFile,std::default_delete<juce::MemoryMappedFile>>'
  
C:\Users\lawre\plugin-GUI\JuceLibraryCode\modules\juce_audio_formats\format\juce_AudioFormatManager.h(153,29): warning C4251: 'juce::AudioFormatManager::knownFormats': 'juce::OwnedArray<juce::AudioFormat,juce::DummyCriticalSection>' needs to have dll-interface to be used by clients of 'juce::AudioFormatManager' [C:\Users\lawre\plugin-GUI\Build\snap-gui.vcxproj]
  (compiling source file '../Source/Processors/ProcessorGraph/ProcessorGraph.cpp')
      C:\Users\lawre\plugin-GUI\JuceLibraryCode\modules\juce_core\containers\juce_OwnedArray.h(61,7):
      see declaration of 'juce::OwnedArray<juce::AudioFormat,juce::DummyCriticalSection>'
  
C:\Users\lawre\plugin-GUI\JuceLibraryCode\modules\juce_audio_formats\format\juce_AudioFormatReaderSource.h(102,46): warning C4251: 'juce::AudioFormatReaderSource::reader': 'juce::OptionalScopedPointer<juce::AudioFormatReader>' needs to have dll-interface to be used by clients of 'juce::AudioFormatReaderSource' [C:\Users\lawre\plugin-GUI\Build\snap-gui.vcxproj]
  (compiling source file '../Source/Processors/ProcessorGraph/ProcessorGraph.cpp')
      C:\Users\lawre\plugin-GUI\JuceLibraryCode\modules\juce_core\memory\juce_OptionalScopedPointer.h(49,7):
      see declaration of 'juce::OptionalScopedPointer<juce::AudioFormatReader>'
  
C:\Users\lawre\plugin-GUI\JuceLibraryCode\modules\juce_audio_formats\format\juce_BufferingAudioFormatReader.h(94,40): warning C4251: 'juce::BufferingAudioReader::source': 'std::unique_ptr<ObjectType,std::default_delete<ObjectType>>' needs to have dll-interface to be used by clients of 'juce::BufferingAudioReader' [C:\Users\lawre\plugin-GUI\Build\snap-gui.vcxproj]
C:\Users\lawre\plugin-GUI\JuceLibraryCode\modules\juce_audio_formats\format\juce_BufferingAudioFormatReader.h(94,40): warning C4251:         with [C:\Users\lawre\plugin-GUI\Build\snap-gui.vcxproj]
C:\Users\lawre\plugin-GUI\JuceLibraryCode\modules\juce_audio_formats\format\juce_BufferingAudioFormatReader.h(94,40): warning C4251:         [ [C:\Users\lawre\plugin-GUI\Build\snap-gui.vcxproj]
C:\Users\lawre\plugin-GUI\JuceLibraryCode\modules\juce_audio_formats\format\juce_BufferingAudioFormatReader.h(94,40): warning C4251:             ObjectType=juce::AudioFormatReader [C:\Users\lawre\plugin-GUI\Build\snap-gui.vcxproj]
C:\Users\lawre\plugin-GUI\JuceLibraryCode\modules\juce_audio_formats\format\juce_BufferingAudioFormatReader.h(94,40): warning C4251:         ] [C:\Users\lawre\plugin-GUI\Build\snap-gui.vcxproj]
  (compiling source file '../Source/Processors/ProcessorGraph/ProcessorGraph.cpp')
      C:\Program Files (x86)\Microsoft Visual Studio\2022\BuildTools\VC\Tools\MSVC\14.44.35207\include\memory(3347,7):
      see declaration of 'std::unique_ptr<ObjectType,std::default_delete<ObjectType>>'
          with
          [
              ObjectType=juce::AudioFormatReader
          ]
  
C:\Users\lawre\plugin-GUI\JuceLibraryCode\modules\juce_audio_formats\format\juce_BufferingAudioFormatReader.h(96,24): warning C4251: 'juce::BufferingAudioReader::nextReadPosition': 'std::atomic<__int64>' needs to have dll-interface to be used by clients of 'juce::BufferingAudioReader' [C:\Users\lawre\plugin-GUI\Build\snap-gui.vcxproj]
  (compiling source file '../Source/Processors/ProcessorGraph/ProcessorGraph.cpp')
      C:\Program Files (x86)\Microsoft Visual Studio\2022\BuildTools\VC\Tools\MSVC\14.44.35207\include\atomic(2131,8):
      see declaration of 'std::atomic<__int64>'
  
C:\Users\lawre\plugin-GUI\JuceLibraryCode\modules\juce_audio_formats\format\juce_BufferingAudioFormatReader.h(101,31): warning C4251: 'juce::BufferingAudioReader::blocks': 'juce::OwnedArray<juce::BufferingAudioReader::BufferedBlock,juce::DummyCriticalSection>' needs to have dll-interface to be used by clients of 'juce::BufferingAudioReader' [C:\Users\lawre\plugin-GUI\Build\snap-gui.vcxproj]
  (compiling source file '../Source/Processors/ProcessorGraph/ProcessorGraph.cpp')
      C:\Users\lawre\plugin-GUI\JuceLibraryCode\modules\juce_core\containers\juce_OwnedArray.h(61,7):
      see declaration of 'juce::OwnedArray<juce::BufferingAudioReader::BufferedBlock,juce::DummyCriticalSection>'
  
C:\Users\lawre\plugin-GUI\JuceLibraryCode\modules\juce_audio_formats\sampler\juce_Sampler.h(107,41): warning C4251: 'juce::SamplerSound::data': 'std::unique_ptr<juce::AudioBuffer<float>,std::default_delete<juce::AudioBuffer<float>>>' needs to have dll-interface to be used by clients of 'juce::SamplerSound' [C:\Users\lawre\plugin-GUI\Build\snap-gui.vcxproj]
  (compiling source file '../Source/Processors/ProcessorGraph/ProcessorGraph.cpp')
      C:\Program Files (x86)\Microsoft Visual Studio\2022\BuildTools\VC\Tools\MSVC\14.44.35207\include\memory(3347,7):
      see declaration of 'std::unique_ptr<juce::AudioBuffer<float>,std::default_delete<juce::AudioBuffer<float>>>'
  
C:\Users\lawre\plugin-GUI\JuceLibraryCode\modules\juce_data_structures\undomanager\juce_UndoManager.h(260,27): warning C4251: 'juce::UndoManager::transactions': 'juce::OwnedArray<juce::UndoManager::ActionSet,juce::DummyCriticalSection>' needs to have dll-interface to be used by clients of 'juce::UndoManager' [C:\Users\lawre\plugin-GUI\Build\snap-gui.vcxproj]
  (compiling source file '../Source/Processors/ProcessorGraph/ProcessorGraph.cpp')
      C:\Users\lawre\plugin-GUI\JuceLibraryCode\modules\juce_core\containers\juce_OwnedArray.h(61,7):
      see declaration of 'juce::OwnedArray<juce::UndoManager::ActionSet,juce::DummyCriticalSection>'
  
C:\Users\lawre\plugin-GUI\JuceLibraryCode\modules\juce_data_structures\undomanager\juce_UndoManager.h(260,41): warning C4251: 'juce::UndoManager::stashedFutureTransactions': 'juce::OwnedArray<juce::UndoManager::ActionSet,juce::DummyCriticalSection>' needs to have dll-interface to be used by clients of 'juce::UndoManager' [C:\Users\lawre\plugin-GUI\Build\snap-gui.vcxproj]
  (compiling source file '../Source/Processors/ProcessorGraph/ProcessorGraph.cpp')
      C:\Users\lawre\plugin-GUI\JuceLibraryCode\modules\juce_core\containers\juce_OwnedArray.h(61,7):
      see declaration of 'juce::OwnedArray<juce::UndoManager::ActionSet,juce::DummyCriticalSection>'
  
C:\Users\lawre\plugin-GUI\JuceLibraryCode\modules\juce_data_structures\values\juce_Value.h(213,27): warning C4251: 'juce::Value::ValueSource::valuesWithListeners': 'juce::SortedSet<juce::Value *,juce::DummyCriticalSection>' needs to have dll-interface to be used by clients of 'juce::Value::ValueSource' [C:\Users\lawre\plugin-GUI\Build\snap-gui.vcxproj]
  (compiling source file '../Source/Processors/ProcessorGraph/ProcessorGraph.cpp')
      C:\Users\lawre\plugin-GUI\JuceLibraryCode\modules\juce_core\containers\juce_SortedSet.h(65,7):
      see declaration of 'juce::SortedSet<juce::Value *,juce::DummyCriticalSection>'
  
C:\Users\lawre\plugin-GUI\JuceLibraryCode\modules\juce_data_structures\values\juce_Value.h(233,44): warning C4251: 'juce::Value::value': 'juce::ReferenceCountedObjectPtr<juce::Value::ValueSource>' needs to have dll-interface to be used by clients of 'juce::Value' [C:\Users\lawre\plugin-GUI\Build\snap-gui.vcxproj]
  (compiling source file '../Source/Processors/ProcessorGraph/ProcessorGraph.cpp')
      C:\Users\lawre\plugin-GUI\JuceLibraryCode\modules\juce_core\memory\juce_ReferenceCountedObject.h(258,7):
      see declaration of 'juce::ReferenceCountedObjectPtr<juce::Value::ValueSource>'
  
C:\Users\lawre\plugin-GUI\JuceLibraryCode\modules\juce_data_structures\values\juce_Value.h(234,28): warning C4251: 'juce::Value::listeners': 'juce::ListenerList<juce::Value::Listener,juce::Array<ListenerClass *,juce::DummyCriticalSection,0>>' needs to have dll-interface to be used by clients of 'juce::Value' [C:\Users\lawre\plugin-GUI\Build\snap-gui.vcxproj]
C:\Users\lawre\plugin-GUI\JuceLibraryCode\modules\juce_data_structures\values\juce_Value.h(234,28): warning C4251:         with [C:\Users\lawre\plugin-GUI\Build\snap-gui.vcxproj]
C:\Users\lawre\plugin-GUI\JuceLibraryCode\modules\juce_data_structures\values\juce_Value.h(234,28): warning C4251:         [ [C:\Users\lawre\plugin-GUI\Build\snap-gui.vcxproj]
C:\Users\lawre\plugin-GUI\JuceLibraryCode\modules\juce_data_structures\values\juce_Value.h(234,28): warning C4251:             ListenerClass=juce::Value::Listener [C:\Users\lawre\plugin-GUI\Build\snap-gui.vcxproj]
C:\Users\lawre\plugin-GUI\JuceLibraryCode\modules\juce_data_structures\values\juce_Value.h(234,28): warning C4251:         ] [C:\Users\lawre\plugin-GUI\Build\snap-gui.vcxproj]
  (compiling source file '../Source/Processors/ProcessorGraph/ProcessorGraph.cpp')
      C:\Users\lawre\plugin-GUI\JuceLibraryCode\modules\juce_core\containers\juce_ListenerList.h(71,7):
      see declaration of 'juce::ListenerList<juce::Value::Listener,juce::Array<ListenerClass *,juce::DummyCriticalSection,0>>'
          with
          [
              ListenerClass=juce::Value::Listener
          ]
  
C:\Users\lawre\plugin-GUI\JuceLibraryCode\modules\juce_data_structures\values\juce_ValueTree.h(630,45): warning C4251: 'juce::ValueTree::object': 'juce::ReferenceCountedObjectPtr<juce::ValueTree::SharedObject>' needs to have dll-interface to be used by clients of 'juce::ValueTree' [C:\Users\lawre\plugin-GUI\Build\snap-gui.vcxproj]
  (compiling source file '../Source/Processors/ProcessorGraph/ProcessorGraph.cpp')
      C:\Users\lawre\plugin-GUI\JuceLibraryCode\modules\juce_core\memory\juce_ReferenceCountedObject.h(258,7):
      see declaration of 'juce::ReferenceCountedObjectPtr<juce::ValueTree::SharedObject>'
  
C:\Users\lawre\plugin-GUI\JuceLibraryCode\modules\juce_data_structures\values\juce_ValueTree.h(631,28): warning C4251: 'juce::ValueTree::listeners': 'juce::ListenerList<juce::ValueTree::Listener,juce::Array<ListenerClass *,juce::DummyCriticalSection,0>>' needs to have dll-interface to be used by clients of 'juce::ValueTree' [C:\Users\lawre\plugin-GUI\Build\snap-gui.vcxproj]
C:\Users\lawre\plugin-GUI\JuceLibraryCode\modules\juce_data_structures\values\juce_ValueTree.h(631,28): warning C4251:         with [C:\Users\lawre\plugin-GUI\Build\snap-gui.vcxproj]
C:\Users\lawre\plugin-GUI\JuceLibraryCode\modules\juce_data_structures\values\juce_ValueTree.h(631,28): warning C4251:         [ [C:\Users\lawre\plugin-GUI\Build\snap-gui.vcxproj]
C:\Users\lawre\plugin-GUI\JuceLibraryCode\modules\juce_data_structures\values\juce_ValueTree.h(631,28): warning C4251:             ListenerClass=juce::ValueTree::Listener [C:\Users\lawre\plugin-GUI\Build\snap-gui.vcxproj]
C:\Users\lawre\plugin-GUI\JuceLibraryCode\modules\juce_data_structures\values\juce_ValueTree.h(631,28): warning C4251:         ] [C:\Users\lawre\plugin-GUI\Build\snap-gui.vcxproj]
  (compiling source file '../Source/Processors/ProcessorGraph/ProcessorGraph.cpp')
      C:\Users\lawre\plugin-GUI\JuceLibraryCode\modules\juce_core\containers\juce_ListenerList.h(71,7):
      see declaration of 'juce::ListenerList<juce::ValueTree::Listener,juce::Array<ListenerClass *,juce::DummyCriticalSection,0>>'
          with
          [
              ListenerClass=juce::ValueTree::Listener
          ]
  
C:\Users\lawre\plugin-GUI\JuceLibraryCode\modules\juce_data_structures\values\juce_ValueTreePropertyWithDefault.h(149,27): warning C4251: 'juce::ValueTreePropertyWithDefault::onDefaultChange': 'std::function<void (void)>' needs to have dll-interface to be used by clients of 'juce::ValueTreePropertyWithDefault' [C:\Users\lawre\plugin-GUI\Build\snap-gui.vcxproj]
  (compiling source file '../Source/Processors/ProcessorGraph/ProcessorGraph.cpp')
      C:\Program Files (x86)\Microsoft Visual Studio\2022\BuildTools\VC\Tools\MSVC\14.44.35207\include\functional(1089,7):
      see declaration of 'std::function<void (void)>'
  
C:\Users\lawre\plugin-GUI\JuceLibraryCode\modules\juce_data_structures\app_properties\juce_ApplicationProperties.h(134,37): warning C4251: 'juce::ApplicationProperties::userProps': 'std::unique_ptr<juce::PropertiesFile,std::default_delete<juce::PropertiesFile>>' needs to have dll-interface to be used by clients of 'juce::ApplicationProperties' [C:\Users\lawre\plugin-GUI\Build\snap-gui.vcxproj]
  (compiling source file '../Source/Processors/ProcessorGraph/ProcessorGraph.cpp')
      C:\Program Files (x86)\Microsoft Visual Studio\2022\BuildTools\VC\Tools\MSVC\14.44.35207\include\memory(3347,7):
      see declaration of 'std::unique_ptr<juce::PropertiesFile,std::default_delete<juce::PropertiesFile>>'
  
C:\Users\lawre\plugin-GUI\JuceLibraryCode\modules\juce_data_structures\app_properties\juce_ApplicationProperties.h(134,48): warning C4251: 'juce::ApplicationProperties::commonProps': 'std::unique_ptr<juce::PropertiesFile,std::default_delete<juce::PropertiesFile>>' needs to have dll-interface to be used by clients of 'juce::ApplicationProperties' [C:\Users\lawre\plugin-GUI\Build\snap-gui.vcxproj]
  (compiling source file '../Source/Processors/ProcessorGraph/ProcessorGraph.cpp')
      C:\Program Files (x86)\Microsoft Visual Studio\2022\BuildTools\VC\Tools\MSVC\14.44.35207\include\memory(3347,7):
      see declaration of 'std::unique_ptr<juce::PropertiesFile,std::default_delete<juce::PropertiesFile>>'
  
C:\Users\lawre\plugin-GUI\JuceLibraryCode\modules\juce_gui_basics\mouse\juce_MouseCursor.h(188,41): warning C4251: 'juce::MouseCursor::cursorHandle': 'std::shared_ptr<juce::MouseCursor::SharedCursorHandle>' needs to have dll-interface to be used by clients of 'juce::MouseCursor' [C:\Users\lawre\plugin-GUI\Build\snap-gui.vcxproj]
  (compiling source file '../Source/Processors/ProcessorGraph/ProcessorGraph.cpp')
      C:\Program Files (x86)\Microsoft Visual Studio\2022\BuildTools\VC\Tools\MSVC\14.44.35207\include\memory(1565,7):
      see declaration of 'std::shared_ptr<juce::MouseCursor::SharedCursorHandle>'
  
C:\Users\lawre\plugin-GUI\JuceLibraryCode\modules\juce_gui_basics\mouse\juce_MouseInputSource.h(285,31): warning C4251: 'juce::MouseInputSource::offscreenMousePos': 'juce::Point<float>' needs to have dll-interface to be used by clients of 'juce::MouseInputSource' [C:\Users\lawre\plugin-GUI\Build\snap-gui.vcxproj]
  (compiling source file '../Source/Processors/ProcessorGraph/ProcessorGraph.cpp')
      C:\Users\lawre\plugin-GUI\JuceLibraryCode\modules\juce_graphics\geometry\juce_Point.h(50,7):
      see declaration of 'juce::Point<float>'
  
C:\Users\lawre\plugin-GUI\JuceLibraryCode\modules\juce_gui_basics\mouse\juce_MouseEvent.h(106,24): warning C4251: 'juce::MouseEvent::position': 'juce::Point<float>' needs to have dll-interface to be used by clients of 'juce::MouseEvent' [C:\Users\lawre\plugin-GUI\Build\snap-gui.vcxproj]
  (compiling source file '../Source/Processors/ProcessorGraph/ProcessorGraph.cpp')
      C:\Users\lawre\plugin-GUI\JuceLibraryCode\modules\juce_graphics\geometry\juce_Point.h(50,7):
      see declaration of 'juce::Point<float>'
  
C:\Users\lawre\plugin-GUI\JuceLibraryCode\modules\juce_gui_basics\mouse\juce_MouseEvent.h(167,24): warning C4251: 'juce::MouseEvent::mouseDownPosition': 'juce::Point<float>' needs to have dll-interface to be used by clients of 'juce::MouseEvent' [C:\Users\lawre\plugin-GUI\Build\snap-gui.vcxproj]
  (compiling source file '../Source/Processors/ProcessorGraph/ProcessorGraph.cpp')
      C:\Users\lawre\plugin-GUI\JuceLibraryCode\modules\juce_graphics\geometry\juce_Point.h(50,7):
      see declaration of 'juce::Point<float>'
  
C:\Users\lawre\plugin-GUI\JuceLibraryCode\modules\juce_gui_basics\components\juce_ModalComponentManager.h(88,5): warning C4251: 'juce::ModalComponentManager::singletonHolder': 'juce::SingletonHolder<juce::ModalComponentManager,juce::DummyCriticalSection,false>' needs to have dll-interface to be used by clients of 'juce::ModalComponentManager' [C:\Users\lawre\plugin-GUI\Build\snap-gui.vcxproj]
  (compiling source file '../Source/Processors/ProcessorGraph/ProcessorGraph.cpp')
      C:\Users\lawre\plugin-GUI\JuceLibraryCode\modules\juce_core\memory\juce_Singleton.h(50,8):
      see declaration of 'juce::SingletonHolder<juce::ModalComponentManager,juce::DummyCriticalSection,false>'
  
C:\Users\lawre\plugin-GUI\JuceLibraryCode\modules\juce_gui_basics\components\juce_ModalComponentManager.h(166,27): warning C4251: 'juce::ModalComponentManager::stack': 'juce::OwnedArray<juce::ModalComponentManager::ModalItem,juce::DummyCriticalSection>' needs to have dll-interface to be used by clients of 'juce::ModalComponentManager' [C:\Users\lawre\plugin-GUI\Build\snap-gui.vcxproj]
  (compiling source file '../Source/Processors/ProcessorGraph/ProcessorGraph.cpp')
      C:\Users\lawre\plugin-GUI\JuceLibraryCode\modules\juce_core\containers\juce_OwnedArray.h(61,7):
      see declaration of 'juce::OwnedArray<juce::ModalComponentManager::ModalItem,juce::DummyCriticalSection>'
  
C:\Users\lawre\plugin-GUI\JuceLibraryCode\modules\juce_gui_basics\components\juce_Component.h(2445,40): warning C4251: 'juce::Component::BailOutChecker::safePointer': 'juce::WeakReference<juce::Component,juce::ReferenceCountedObject>' needs to have dll-interface to be used by clients of 'juce::Component::BailOutChecker' [C:\Users\lawre\plugin-GUI\Build\snap-gui.vcxproj]
  (compiling source file '../Source/Processors/ProcessorGraph/ProcessorGraph.cpp')
      C:\Users\lawre\plugin-GUI\JuceLibraryCode\modules\juce_core\memory\juce_WeakReference.h(89,7):
      see declaration of 'juce::WeakReference<juce::Component,juce::ReferenceCountedObject>'
  
C:\Users\lawre\plugin-GUI\JuceLibraryCode\modules\juce_gui_basics\components\juce_Component.h(2651,20): warning C4251: 'juce::Component::boundsRelativeToParent': 'juce::Rectangle<int>' needs to have dll-interface to be used by clients of 'juce::Component' [C:\Users\lawre\plugin-GUI\Build\snap-gui.vcxproj]
  (compiling source file '../Source/Processors/ProcessorGraph/ProcessorGraph.cpp')
      C:\Users\lawre\plugin-GUI\JuceLibraryCode\modules\juce_graphics\geometry\juce_Rectangle.h(75,7):
      see declaration of 'juce::Rectangle<int>'
  
C:\Users\lawre\plugin-GUI\JuceLibraryCode\modules\juce_gui_basics\components\juce_Component.h(2652,33): warning C4251: 'juce::Component::positioner': 'std::unique_ptr<juce::Component::Positioner,std::default_delete<juce::Component::Positioner>>' needs to have dll-interface to be used by clients of 'juce::Component' [C:\Users\lawre\plugin-GUI\Build\snap-gui.vcxproj]
  (compiling source file '../Source/Processors/ProcessorGraph/ProcessorGraph.cpp')
      C:\Program Files (x86)\Microsoft Visual Studio\2022\BuildTools\VC\Tools\MSVC\14.44.35207\include\memory(3347,7):
      see declaration of 'std::unique_ptr<juce::Component::Positioner,std::default_delete<juce::Component::Positioner>>'
  
C:\Users\lawre\plugin-GUI\JuceLibraryCode\modules\juce_gui_basics\components\juce_Component.h(2653,38): warning C4251: 'juce::Component::affineTransform': 'std::unique_ptr<juce::AffineTransform,std::default_delete<juce::AffineTransform>>' needs to have dll-interface to be used by clients of 'juce::Component' [C:\Users\lawre\plugin-GUI\Build\snap-gui.vcxproj]
  (compiling source file '../Source/Processors/ProcessorGraph/ProcessorGraph.cpp')
      C:\Program Files (x86)\Microsoft Visual Studio\2022\BuildTools\VC\Tools\MSVC\14.44.35207\include\memory(3347,7):
      see declaration of 'std::unique_ptr<juce::AffineTransform,std::default_delete<juce::AffineTransform>>'
  
C:\Users\lawre\plugin-GUI\JuceLibraryCode\modules\juce_gui_basics\components\juce_Component.h(2654,23): warning C4251: 'juce::Component::childComponentList': 'juce::Array<juce::Component *,juce::DummyCriticalSection,0>' needs to have dll-interface to be used by clients of 'juce::Component' [C:\Users\lawre\plugin-GUI\Build\snap-gui.vcxproj]
  (compiling source file '../Source/Processors/ProcessorGraph/ProcessorGraph.cpp')
      C:\Users\lawre\plugin-GUI\JuceLibraryCode\modules\juce_core\containers\juce_Array.h(67,7):
      see declaration of 'juce::Array<juce::Component *,juce::DummyCriticalSection,0>'
  
C:\Users\lawre\plugin-GUI\JuceLibraryCode\modules\juce_gui_basics\components\juce_Component.h(2655,32): warning C4251: 'juce::Component::lookAndFeel': 'juce::WeakReference<juce::LookAndFeel,juce::ReferenceCountedObject>' needs to have dll-interface to be used by clients of 'juce::Component' [C:\Users\lawre\plugin-GUI\Build\snap-gui.vcxproj]
  (compiling source file '../Source/Processors/ProcessorGraph/ProcessorGraph.cpp')
      C:\Users\lawre\plugin-GUI\JuceLibraryCode\modules\juce_core\memory\juce_WeakReference.h(89,7):
      see declaration of 'juce::WeakReference<juce::LookAndFeel,juce::ReferenceCountedObject>'
  
C:\Users\lawre\plugin-GUI\JuceLibraryCode\modules\juce_gui_basics\components\juce_Component.h(2659,34): warning C4251: 'juce::Component::effectState': 'std::unique_ptr<juce::Component::EffectState,std::default_delete<juce::Component::EffectState>>' needs to have dll-interface to be used by clients of 'juce::Component' [C:\Users\lawre\plugin-GUI\Build\snap-gui.vcxproj]
  (compiling source file '../Source/Processors/ProcessorGraph/ProcessorGraph.cpp')
      C:\Program Files (x86)\Microsoft Visual Studio\2022\BuildTools\VC\Tools\MSVC\14.44.35207\include\memory(3347,7):
      see declaration of 'std::unique_ptr<juce::Component::EffectState,std::default_delete<juce::Component::EffectState>>'
  
C:\Users\lawre\plugin-GUI\JuceLibraryCode\modules\juce_gui_basics\components\juce_Component.h(2660,43): warning C4251: 'juce::Component::cachedImage': 'std::unique_ptr<juce::CachedComponentImage,std::default_delete<juce::CachedComponentImage>>' needs to have dll-interface to be used by clients of 'juce::Component' [C:\Users\lawre\plugin-GUI\Build\snap-gui.vcxproj]
  (compiling source file '../Source/Processors/ProcessorGraph/ProcessorGraph.cpp')
      C:\Program Files (x86)\Microsoft Visual Studio\2022\BuildTools\VC\Tools\MSVC\14.44.35207\include\memory(3347,7):
      see declaration of 'std::unique_ptr<juce::CachedComponentImage,std::default_delete<juce::CachedComponentImage>>'
  
C:\Users\lawre\plugin-GUI\JuceLibraryCode\modules\juce_gui_basics\components\juce_Component.h(2663,40): warning C4251: 'juce::Component::mouseListeners': 'std::unique_ptr<juce::Component::MouseListenerList,std::default_delete<juce::Component::MouseListenerList>>' needs to have dll-interface to be used by clients of 'juce::Component' [C:\Users\lawre\plugin-GUI\Build\snap-gui.vcxproj]
  (compiling source file '../Source/Processors/ProcessorGraph/ProcessorGraph.cpp')
      C:\Program Files (x86)\Microsoft Visual Studio\2022\BuildTools\VC\Tools\MSVC\14.44.35207\include\memory(3347,7):
      see declaration of 'std::unique_ptr<juce::Component::MouseListenerList,std::default_delete<juce::Component::MouseListenerList>>'
  
C:\Users\lawre\plugin-GUI\JuceLibraryCode\modules\juce_gui_basics\components\juce_Component.h(2664,42): warning C4251: 'juce::Component::keyListeners': 'std::unique_ptr<juce::Array<juce::KeyListener *,juce::DummyCriticalSection,0>,std::default_delete<juce::Array<juce::KeyListener *,juce::DummyCriticalSection,0>>>' needs to have dll-interface to be used by clients of 'juce::Component' [C:\Users\lawre\plugin-GUI\Build\snap-gui.vcxproj]
  (compiling source file '../Source/Processors/ProcessorGraph/ProcessorGraph.cpp')
      C:\Program Files (x86)\Microsoft Visual Studio\2022\BuildTools\VC\Tools\MSVC\14.44.35207\include\memory(3347,7):
      see declaration of 'std::unique_ptr<juce::Array<juce::KeyListener *,juce::DummyCriticalSection,0>,std::default_delete<juce::Array<juce::KeyListener *,juce::DummyCriticalSection,0>>>'
  
C:\Users\lawre\plugin-GUI\JuceLibraryCode\modules\juce_gui_basics\components\juce_Component.h(2665,37): warning C4251: 'juce::Component::componentListeners': 'juce::ListenerList<juce::ComponentListener,juce::Array<ListenerClass *,juce::DummyCriticalSection,0>>' needs to have dll-interface to be used by clients of 'juce::Component' [C:\Users\lawre\plugin-GUI\Build\snap-gui.vcxproj]
C:\Users\lawre\plugin-GUI\JuceLibraryCode\modules\juce_gui_basics\components\juce_Component.h(2665,37): warning C4251:         with [C:\Users\lawre\plugin-GUI\Build\snap-gui.vcxproj]
C:\Users\lawre\plugin-GUI\JuceLibraryCode\modules\juce_gui_basics\components\juce_Component.h(2665,37): warning C4251:         [ [C:\Users\lawre\plugin-GUI\Build\snap-gui.vcxproj]
C:\Users\lawre\plugin-GUI\JuceLibraryCode\modules\juce_gui_basics\components\juce_Component.h(2665,37): warning C4251:             ListenerClass=juce::ComponentListener [C:\Users\lawre\plugin-GUI\Build\snap-gui.vcxproj]
C:\Users\lawre\plugin-GUI\JuceLibraryCode\modules\juce_gui_basics\components\juce_Component.h(2665,37): warning C4251:         ] [C:\Users\lawre\plugin-GUI\Build\snap-gui.vcxproj]
  (compiling source file '../Source/Processors/ProcessorGraph/ProcessorGraph.cpp')
      C:\Users\lawre\plugin-GUI\JuceLibraryCode\modules\juce_core\containers\juce_ListenerList.h(71,7):
      see declaration of 'juce::ListenerList<juce::ComponentListener,juce::Array<ListenerClass *,juce::DummyCriticalSection,0>>'
          with
          [
              ListenerClass=juce::ComponentListener
          ]
  
C:\Users\lawre\plugin-GUI\JuceLibraryCode\modules\juce_gui_basics\components\juce_Component.h(2669,38): warning C4251: 'juce::Component::masterReference': 'juce::WeakReference<juce::Component,juce::ReferenceCountedObject>::Master' needs to have dll-interface to be used by clients of 'juce::Component' [C:\Users\lawre\plugin-GUI\Build\snap-gui.vcxproj]
  (compiling source file '../Source/Processors/ProcessorGraph/ProcessorGraph.cpp')
      C:\Users\lawre\plugin-GUI\JuceLibraryCode\modules\juce_core\memory\juce_WeakReference.h(158,11):
      see declaration of 'juce::WeakReference<juce::Component,juce::ReferenceCountedObject>::Master'
  
C:\Users\lawre\plugin-GUI\JuceLibraryCode\modules\juce_gui_basics\components\juce_Component.h(2671,43): warning C4251: 'juce::Component::accessibilityHandler': 'std::unique_ptr<juce::AccessibilityHandler,std::default_delete<juce::AccessibilityHandler>>' needs to have dll-interface to be used by clients of 'juce::Component' [C:\Users\lawre\plugin-GUI\Build\snap-gui.vcxproj]
  (compiling source file '../Source/Processors/ProcessorGraph/ProcessorGraph.cpp')
      C:\Program Files (x86)\Microsoft Visual Studio\2022\BuildTools\VC\Tools\MSVC\14.44.35207\include\memory(3347,7):
      see declaration of 'std::unique_ptr<juce::AccessibilityHandler,std::default_delete<juce::AccessibilityHandler>>'
  
C:\Users\lawre\plugin-GUI\JuceLibraryCode\modules\juce_gui_basics\layout\juce_ComponentAnimator.h(165,31): warning C4251: 'juce::ComponentAnimator::tasks': 'juce::OwnedArray<juce::ComponentAnimator::AnimationTask,juce::DummyCriticalSection>' needs to have dll-interface to be used by clients of 'juce::ComponentAnimator' [C:\Users\lawre\plugin-GUI\Build\snap-gui.vcxproj]
  (compiling source file '../Source/Processors/ProcessorGraph/ProcessorGraph.cpp')
      C:\Users\lawre\plugin-GUI\JuceLibraryCode\modules\juce_core\containers\juce_OwnedArray.h(61,7):
      see declaration of 'juce::OwnedArray<juce::ComponentAnimator::AnimationTask,juce::DummyCriticalSection>'
  
C:\Users\lawre\plugin-GUI\JuceLibraryCode\modules\juce_gui_basics\desktop\juce_Desktop.h(436,51): warning C4251: 'juce::Desktop::mouseSources': 'std::unique_ptr<juce::detail::MouseInputSourceList,std::default_delete<juce::detail::MouseInputSourceList>>' needs to have dll-interface to be used by clients of 'juce::Desktop' [C:\Users\lawre\plugin-GUI\Build\snap-gui.vcxproj]
  (compiling source file '../Source/Processors/ProcessorGraph/ProcessorGraph.cpp')
      C:\Program Files (x86)\Microsoft Visual Studio\2022\BuildTools\VC\Tools\MSVC\14.44.35207\include\memory(3347,7):
      see declaration of 'std::unique_ptr<juce::detail::MouseInputSourceList,std::default_delete<juce::detail::MouseInputSourceList>>'
  
C:\Users\lawre\plugin-GUI\JuceLibraryCode\modules\juce_gui_basics\desktop\juce_Desktop.h(438,33): warning C4251: 'juce::Desktop::mouseListeners': 'juce::ListenerList<juce::MouseListener,juce::Array<ListenerClass *,juce::DummyCriticalSection,0>>' needs to have dll-interface to be used by clients of 'juce::Desktop' [C:\Users\lawre\plugin-GUI\Build\snap-gui.vcxproj]
C:\Users\lawre\plugin-GUI\JuceLibraryCode\modules\juce_gui_basics\desktop\juce_Desktop.h(438,33): warning C4251:         with [C:\Users\lawre\plugin-GUI\Build\snap-gui.vcxproj]
C:\Users\lawre\plugin-GUI\JuceLibraryCode\modules\juce_gui_basics\desktop\juce_Desktop.h(438,33): warning C4251:         [ [C:\Users\lawre\plugin-GUI\Build\snap-gui.vcxproj]
C:\Users\lawre\plugin-GUI\JuceLibraryCode\modules\juce_gui_basics\desktop\juce_Desktop.h(438,33): warning C4251:             ListenerClass=juce::MouseListener [C:\Users\lawre\plugin-GUI\Build\snap-gui.vcxproj]
C:\Users\lawre\plugin-GUI\JuceLibraryCode\modules\juce_gui_basics\desktop\juce_Desktop.h(438,33): warning C4251:         ] [C:\Users\lawre\plugin-GUI\Build\snap-gui.vcxproj]
  (compiling source file '../Source/Processors/ProcessorGraph/ProcessorGraph.cpp')
      C:\Users\lawre\plugin-GUI\JuceLibraryCode\modules\juce_core\containers\juce_ListenerList.h(71,7):
      see declaration of 'juce::ListenerList<juce::MouseListener,juce::Array<ListenerClass *,juce::DummyCriticalSection,0>>'
          with
          [
              ListenerClass=juce::MouseListener
          ]
  
C:\Users\lawre\plugin-GUI\JuceLibraryCode\modules\juce_gui_basics\desktop\juce_Desktop.h(439,39): warning C4251: 'juce::Desktop::focusListeners': 'juce::ListenerList<juce::FocusChangeListener,juce::Array<ListenerClass *,juce::DummyCriticalSection,0>>' needs to have dll-interface to be used by clients of 'juce::Desktop' [C:\Users\lawre\plugin-GUI\Build\snap-gui.vcxproj]
C:\Users\lawre\plugin-GUI\JuceLibraryCode\modules\juce_gui_basics\desktop\juce_Desktop.h(439,39): warning C4251:         with [C:\Users\lawre\plugin-GUI\Build\snap-gui.vcxproj]
C:\Users\lawre\plugin-GUI\JuceLibraryCode\modules\juce_gui_basics\desktop\juce_Desktop.h(439,39): warning C4251:         [ [C:\Users\lawre\plugin-GUI\Build\snap-gui.vcxproj]
C:\Users\lawre\plugin-GUI\JuceLibraryCode\modules\juce_gui_basics\desktop\juce_Desktop.h(439,39): warning C4251:             ListenerClass=juce::FocusChangeListener [C:\Users\lawre\plugin-GUI\Build\snap-gui.vcxproj]
C:\Users\lawre\plugin-GUI\JuceLibraryCode\modules\juce_gui_basics\desktop\juce_Desktop.h(439,39): warning C4251:         ] [C:\Users\lawre\plugin-GUI\Build\snap-gui.vcxproj]
  (compiling source file '../Source/Processors/ProcessorGraph/ProcessorGraph.cpp')
      C:\Users\lawre\plugin-GUI\JuceLibraryCode\modules\juce_core\containers\juce_ListenerList.h(71,7):
      see declaration of 'juce::ListenerList<juce::FocusChangeListener,juce::Array<ListenerClass *,juce::DummyCriticalSection,0>>'
          with
          [
              ListenerClass=juce::FocusChangeListener
          ]
  
C:\Users\lawre\plugin-GUI\JuceLibraryCode\modules\juce_gui_basics\desktop\juce_Desktop.h(440,43): warning C4251: 'juce::Desktop::darkModeSettingListeners': 'juce::ListenerList<juce::DarkModeSettingListener,juce::Array<ListenerClass *,juce::DummyCriticalSection,0>>' needs to have dll-interface to be used by clients of 'juce::Desktop' [C:\Users\lawre\plugin-GUI\Build\snap-gui.vcxproj]
C:\Users\lawre\plugin-GUI\JuceLibraryCode\modules\juce_gui_basics\desktop\juce_Desktop.h(440,43): warning C4251:         with [C:\Users\lawre\plugin-GUI\Build\snap-gui.vcxproj]
C:\Users\lawre\plugin-GUI\JuceLibraryCode\modules\juce_gui_basics\desktop\juce_Desktop.h(440,43): warning C4251:         [ [C:\Users\lawre\plugin-GUI\Build\snap-gui.vcxproj]
C:\Users\lawre\plugin-GUI\JuceLibraryCode\modules\juce_gui_basics\desktop\juce_Desktop.h(440,43): warning C4251:             ListenerClass=juce::DarkModeSettingListener [C:\Users\lawre\plugin-GUI\Build\snap-gui.vcxproj]
C:\Users\lawre\plugin-GUI\JuceLibraryCode\modules\juce_gui_basics\desktop\juce_Desktop.h(440,43): warning C4251:         ] [C:\Users\lawre\plugin-GUI\Build\snap-gui.vcxproj]
  (compiling source file '../Source/Processors/ProcessorGraph/ProcessorGraph.cpp')
      C:\Users\lawre\plugin-GUI\JuceLibraryCode\modules\juce_core\containers\juce_ListenerList.h(71,7):
      see declaration of 'juce::ListenerList<juce::DarkModeSettingListener,juce::Array<ListenerClass *,juce::DummyCriticalSection,0>>'
          with
          [
              ListenerClass=juce::DarkModeSettingListener
          ]
  
C:\Users\lawre\plugin-GUI\JuceLibraryCode\modules\juce_gui_basics\desktop\juce_Desktop.h(442,23): warning C4251: 'juce::Desktop::desktopComponents': 'juce::Array<juce::Component *,juce::DummyCriticalSection,0>' needs to have dll-interface to be used by clients of 'juce::Desktop' [C:\Users\lawre\plugin-GUI\Build\snap-gui.vcxproj]
  (compiling source file '../Source/Processors/ProcessorGraph/ProcessorGraph.cpp')
      C:\Users\lawre\plugin-GUI\JuceLibraryCode\modules\juce_core\containers\juce_Array.h(67,7):
      see declaration of 'juce::Array<juce::Component *,juce::DummyCriticalSection,0>'
  
C:\Users\lawre\plugin-GUI\JuceLibraryCode\modules\juce_gui_basics\desktop\juce_Desktop.h(443,27): warning C4251: 'juce::Desktop::peers': 'juce::Array<juce::ComponentPeer *,juce::DummyCriticalSection,0>' needs to have dll-interface to be used by clients of 'juce::Desktop' [C:\Users\lawre\plugin-GUI\Build\snap-gui.vcxproj]
  (compiling source file '../Source/Processors/ProcessorGraph/ProcessorGraph.cpp')
      C:\Users\lawre\plugin-GUI\JuceLibraryCode\modules\juce_core\containers\juce_Array.h(67,7):
      see declaration of 'juce::Array<juce::ComponentPeer *,juce::DummyCriticalSection,0>'
  
C:\Users\lawre\plugin-GUI\JuceLibraryCode\modules\juce_gui_basics\desktop\juce_Desktop.h(445,31): warning C4251: 'juce::Desktop::displays': 'std::unique_ptr<juce::Displays,std::default_delete<juce::Displays>>' needs to have dll-interface to be used by clients of 'juce::Desktop' [C:\Users\lawre\plugin-GUI\Build\snap-gui.vcxproj]
  (compiling source file '../Source/Processors/ProcessorGraph/ProcessorGraph.cpp')
      C:\Program Files (x86)\Microsoft Visual Studio\2022\BuildTools\VC\Tools\MSVC\14.44.35207\include\memory(3347,7):
      see declaration of 'std::unique_ptr<juce::Displays,std::default_delete<juce::Displays>>'
  
C:\Users\lawre\plugin-GUI\JuceLibraryCode\modules\juce_gui_basics\desktop\juce_Desktop.h(447,18): warning C4251: 'juce::Desktop::lastFakeMouseMove': 'juce::Point<float>' needs to have dll-interface to be used by clients of 'juce::Desktop' [C:\Users\lawre\plugin-GUI\Build\snap-gui.vcxproj]
  (compiling source file '../Source/Processors/ProcessorGraph/ProcessorGraph.cpp')
      C:\Users\lawre\plugin-GUI\JuceLibraryCode\modules\juce_graphics\geometry\juce_Point.h(50,7):
      see declaration of 'juce::Point<float>'
  
C:\Users\lawre\plugin-GUI\JuceLibraryCode\modules\juce_gui_basics\desktop\juce_Desktop.h(454,34): warning C4251: 'juce::Desktop::defaultLookAndFeel': 'std::unique_ptr<juce::LookAndFeel,std::default_delete<juce::LookAndFeel>>' needs to have dll-interface to be used by clients of 'juce::Desktop' [C:\Users\lawre\plugin-GUI\Build\snap-gui.vcxproj]
  (compiling source file '../Source/Processors/ProcessorGraph/ProcessorGraph.cpp')
      C:\Program Files (x86)\Microsoft Visual Studio\2022\BuildTools\VC\Tools\MSVC\14.44.35207\include\memory(3347,7):
      see declaration of 'std::unique_ptr<juce::LookAndFeel,std::default_delete<juce::LookAndFeel>>'
  
C:\Users\lawre\plugin-GUI\JuceLibraryCode\modules\juce_gui_basics\desktop\juce_Desktop.h(455,32): warning C4251: 'juce::Desktop::currentLookAndFeel': 'juce::WeakReference<juce::LookAndFeel,juce::ReferenceCountedObject>' needs to have dll-interface to be used by clients of 'juce::Desktop' [C:\Users\lawre\plugin-GUI\Build\snap-gui.vcxproj]
  (compiling source file '../Source/Processors/ProcessorGraph/ProcessorGraph.cpp')
      C:\Users\lawre\plugin-GUI\JuceLibraryCode\modules\juce_core\memory\juce_WeakReference.h(89,7):
      see declaration of 'juce::WeakReference<juce::LookAndFeel,juce::ReferenceCountedObject>'
  
C:\Users\lawre\plugin-GUI\JuceLibraryCode\modules\juce_gui_basics\desktop\juce_Desktop.h(457,35): warning C4251: 'juce::Desktop::focusOutline': 'std::unique_ptr<juce::FocusOutline,std::default_delete<juce::FocusOutline>>' needs to have dll-interface to be used by clients of 'juce::Desktop' [C:\Users\lawre\plugin-GUI\Build\snap-gui.vcxproj]
  (compiling source file '../Source/Processors/ProcessorGraph/ProcessorGraph.cpp')
      C:\Program Files (x86)\Microsoft Visual Studio\2022\BuildTools\VC\Tools\MSVC\14.44.35207\include\memory(3347,7):
      see declaration of 'std::unique_ptr<juce::FocusOutline,std::default_delete<juce::FocusOutline>>'
  
C:\Users\lawre\plugin-GUI\JuceLibraryCode\modules\juce_gui_basics\desktop\juce_Desktop.h(460,20): warning C4251: 'juce::Desktop::kioskComponentOriginalBounds': 'juce::Rectangle<int>' needs to have dll-interface to be used by clients of 'juce::Desktop' [C:\Users\lawre\plugin-GUI\Build\snap-gui.vcxproj]
  (compiling source file '../Source/Processors/ProcessorGraph/ProcessorGraph.cpp')
      C:\Users\lawre\plugin-GUI\JuceLibraryCode\modules\juce_graphics\geometry\juce_Rectangle.h(75,7):
      see declaration of 'juce::Rectangle<int>'
  
C:\Users\lawre\plugin-GUI\JuceLibraryCode\modules\juce_gui_basics\desktop\juce_Desktop.h(493,55): warning C4251: 'juce::Desktop::nativeDarkModeChangeDetectorImpl': 'std::unique_ptr<juce::Desktop::NativeDarkModeChangeDetectorImpl,std::default_delete<juce::Desktop::NativeDarkModeChangeDetectorImpl>>' needs to have dll-interface to be used by clients of 'juce::Desktop' [C:\Users\lawre\plugin-GUI\Build\snap-gui.vcxproj]
  (compiling source file '../Source/Processors/ProcessorGraph/ProcessorGraph.cpp')
      C:\Program Files (x86)\Microsoft Visual Studio\2022\BuildTools\VC\Tools\MSVC\14.44.35207\include\memory(3347,7):
      see declaration of 'std::unique_ptr<juce::Desktop::NativeDarkModeChangeDetectorImpl,std::default_delete<juce::Desktop::NativeDarkModeChangeDetectorImpl>>'
  
C:\Users\lawre\plugin-GUI\JuceLibraryCode\modules\juce_gui_basics\desktop\juce_Displays.h(60,24): warning C4251: 'juce::Displays::Display::totalArea': 'juce::Rectangle<int>' needs to have dll-interface to be used by clients of 'juce::Displays::Display' [C:\Users\lawre\plugin-GUI\Build\snap-gui.vcxproj]
  (compiling source file '../Source/Processors/ProcessorGraph/ProcessorGraph.cpp')
      C:\Users\lawre\plugin-GUI\JuceLibraryCode\modules\juce_graphics\geometry\juce_Rectangle.h(75,7):
      see declaration of 'juce::Rectangle<int>'
  
C:\Users\lawre\plugin-GUI\JuceLibraryCode\modules\juce_gui_basics\desktop\juce_Displays.h(65,24): warning C4251: 'juce::Displays::Display::userArea': 'juce::Rectangle<int>' needs to have dll-interface to be used by clients of 'juce::Displays::Display' [C:\Users\lawre\plugin-GUI\Build\snap-gui.vcxproj]
  (compiling source file '../Source/Processors/ProcessorGraph/ProcessorGraph.cpp')
      C:\Users\lawre\plugin-GUI\JuceLibraryCode\modules\juce_graphics\geometry\juce_Rectangle.h(75,7):
      see declaration of 'juce::Rectangle<int>'
  
C:\Users\lawre\plugin-GUI\JuceLibraryCode\modules\juce_gui_basics\desktop\juce_Displays.h(73,25): warning C4251: 'juce::Displays::Display::safeAreaInsets': 'juce::BorderSize<int>' needs to have dll-interface to be used by clients of 'juce::Displays::Display' [C:\Users\lawre\plugin-GUI\Build\snap-gui.vcxproj]
  (compiling source file '../Source/Processors/ProcessorGraph/ProcessorGraph.cpp')
      C:\Users\lawre\plugin-GUI\JuceLibraryCode\modules\juce_graphics\geometry\juce_BorderSize.h(50,7):
      see declaration of 'juce::BorderSize<int>'
  
C:\Users\lawre\plugin-GUI\JuceLibraryCode\modules\juce_gui_basics\desktop\juce_Displays.h(84,25): warning C4251: 'juce::Displays::Display::keyboardInsets': 'juce::BorderSize<int>' needs to have dll-interface to be used by clients of 'juce::Displays::Display' [C:\Users\lawre\plugin-GUI\Build\snap-gui.vcxproj]
  (compiling source file '../Source/Processors/ProcessorGraph/ProcessorGraph.cpp')
      C:\Users\lawre\plugin-GUI\JuceLibraryCode\modules\juce_graphics\geometry\juce_BorderSize.h(50,7):
      see declaration of 'juce::BorderSize<int>'
  
C:\Users\lawre\plugin-GUI\JuceLibraryCode\modules\juce_gui_basics\desktop\juce_Displays.h(87,20): warning C4251: 'juce::Displays::Display::topLeftPhysical': 'juce::Point<int>' needs to have dll-interface to be used by clients of 'juce::Displays::Display' [C:\Users\lawre\plugin-GUI\Build\snap-gui.vcxproj]
  (compiling source file '../Source/Processors/ProcessorGraph/ProcessorGraph.cpp')
      C:\Users\lawre\plugin-GUI\JuceLibraryCode\modules\juce_graphics\geometry\juce_Point.h(50,7):
      see declaration of 'juce::Point<int>'
  
C:\Users\lawre\plugin-GUI\JuceLibraryCode\modules\juce_gui_basics\desktop\juce_Displays.h(110,31): warning C4251: 'juce::Displays::Display::verticalFrequencyHz': 'std::optional<double>' needs to have dll-interface to be used by clients of 'juce::Displays::Display' [C:\Users\lawre\plugin-GUI\Build\snap-gui.vcxproj]
  (compiling source file '../Source/Processors/ProcessorGraph/ProcessorGraph.cpp')
      C:\Program Files (x86)\Microsoft Visual Studio\2022\BuildTools\VC\Tools\MSVC\14.44.35207\include\optional(227,7):
      see declaration of 'std::optional<double>'
  
C:\Users\lawre\plugin-GUI\JuceLibraryCode\modules\juce_gui_basics\desktop\juce_Displays.h(190,20): warning C4251: 'juce::Displays::displays': 'juce::Array<juce::Displays::Display,juce::DummyCriticalSection,0>' needs to have dll-interface to be used by clients of 'juce::Displays' [C:\Users\lawre\plugin-GUI\Build\snap-gui.vcxproj]
  (compiling source file '../Source/Processors/ProcessorGraph/ProcessorGraph.cpp')
      C:\Users\lawre\plugin-GUI\JuceLibraryCode\modules\juce_core\containers\juce_Array.h(67,7):
      see declaration of 'juce::Array<juce::Displays::Display,juce::DummyCriticalSection,0>'
  
C:\Users\lawre\plugin-GUI\JuceLibraryCode\modules\juce_gui_basics\mouse\juce_ComponentDragger.h(105,16): warning C4251: 'juce::ComponentDragger::mouseDownWithinTarget': 'juce::Point<int>' needs to have dll-interface to be used by clients of 'juce::ComponentDragger' [C:\Users\lawre\plugin-GUI\Build\snap-gui.vcxproj]
  (compiling source file '../Source/Processors/ProcessorGraph/ProcessorGraph.cpp')
      C:\Users\lawre\plugin-GUI\JuceLibraryCode\modules\juce_graphics\geometry\juce_Point.h(50,7):
      see declaration of 'juce::Point<int>'
  
C:\Users\lawre\plugin-GUI\JuceLibraryCode\modules\juce_gui_basics\mouse\juce_DragAndDropTarget.h(74,34): warning C4251: 'juce::DragAndDropTarget::SourceDetails::sourceComponent': 'juce::WeakReference<juce::Component,juce::ReferenceCountedObject>' needs to have dll-interface to be used by clients of 'juce::DragAndDropTarget::SourceDetails' [C:\Users\lawre\plugin-GUI\Build\snap-gui.vcxproj]
  (compiling source file '../Source/Processors/ProcessorGraph/ProcessorGraph.cpp')
      C:\Users\lawre\plugin-GUI\JuceLibraryCode\modules\juce_core\memory\juce_WeakReference.h(89,7):
      see declaration of 'juce::WeakReference<juce::Component,juce::ReferenceCountedObject>'
  
C:\Users\lawre\plugin-GUI\JuceLibraryCode\modules\juce_gui_basics\mouse\juce_DragAndDropTarget.h(79,20): warning C4251: 'juce::DragAndDropTarget::SourceDetails::localPosition': 'juce::Point<int>' needs to have dll-interface to be used by clients of 'juce::DragAndDropTarget::SourceDetails' [C:\Users\lawre\plugin-GUI\Build\snap-gui.vcxproj]
  (compiling source file '../Source/Processors/ProcessorGraph/ProcessorGraph.cpp')
      C:\Users\lawre\plugin-GUI\JuceLibraryCode\modules\juce_graphics\geometry\juce_Point.h(50,7):
      see declaration of 'juce::Point<int>'
  
C:\Users\lawre\plugin-GUI\JuceLibraryCode\modules\juce_gui_basics\mouse\juce_DragAndDropContainer.h(267,36): warning C4251: 'juce::DragAndDropContainer::dragImageComponents': 'juce::OwnedArray<juce::DragAndDropContainer::DragImageComponent,juce::DummyCriticalSection>' needs to have dll-interface to be used by clients of 'juce::DragAndDropContainer' [C:\Users\lawre\plugin-GUI\Build\snap-gui.vcxproj]
  (compiling source file '../Source/Processors/ProcessorGraph/ProcessorGraph.cpp')
      C:\Users\lawre\plugin-GUI\JuceLibraryCode\modules\juce_core\containers\juce_OwnedArray.h(61,7):
      see declaration of 'juce::OwnedArray<juce::DragAndDropContainer::DragImageComponent,juce::DummyCriticalSection>'
  
C:\Users\lawre\plugin-GUI\JuceLibraryCode\modules\juce_gui_basics\mouse\juce_MouseInactivityDetector.h(101,28): warning C4251: 'juce::MouseInactivityDetector::listenerList': 'juce::ListenerList<juce::MouseInactivityDetector::Listener,juce::Array<ListenerClass *,juce::DummyCriticalSection,0>>' needs to have dll-interface to be used by clients of 'juce::MouseInactivityDetector' [C:\Users\lawre\plugin-GUI\Build\snap-gui.vcxproj]
C:\Users\lawre\plugin-GUI\JuceLibraryCode\modules\juce_gui_basics\mouse\juce_MouseInactivityDetector.h(101,28): warning C4251:         with [C:\Users\lawre\plugin-GUI\Build\snap-gui.vcxproj]
C:\Users\lawre\plugin-GUI\JuceLibraryCode\modules\juce_gui_basics\mouse\juce_MouseInactivityDetector.h(101,28): warning C4251:         [ [C:\Users\lawre\plugin-GUI\Build\snap-gui.vcxproj]
C:\Users\lawre\plugin-GUI\JuceLibraryCode\modules\juce_gui_basics\mouse\juce_MouseInactivityDetector.h(101,28): warning C4251:             ListenerClass=juce::MouseInactivityDetector::Listener [C:\Users\lawre\plugin-GUI\Build\snap-gui.vcxproj]
C:\Users\lawre\plugin-GUI\JuceLibraryCode\modules\juce_gui_basics\mouse\juce_MouseInactivityDetector.h(101,28): warning C4251:         ] [C:\Users\lawre\plugin-GUI\Build\snap-gui.vcxproj]
  (compiling source file '../Source/Processors/ProcessorGraph/ProcessorGraph.cpp')
      C:\Users\lawre\plugin-GUI\JuceLibraryCode\modules\juce_core\containers\juce_ListenerList.h(71,7):
      see declaration of 'juce::ListenerList<juce::MouseInactivityDetector::Listener,juce::Array<ListenerClass *,juce::DummyCriticalSection,0>>'
          with
          [
              ListenerClass=juce::MouseInactivityDetector::Listener
          ]
  
C:\Users\lawre\plugin-GUI\JuceLibraryCode\modules\juce_gui_basics\mouse\juce_MouseInactivityDetector.h(102,16): warning C4251: 'juce::MouseInactivityDetector::lastMousePos': 'juce::Point<int>' needs to have dll-interface to be used by clients of 'juce::MouseInactivityDetector' [C:\Users\lawre\plugin-GUI\Build\snap-gui.vcxproj]
  (compiling source file '../Source/Processors/ProcessorGraph/ProcessorGraph.cpp')
      C:\Users\lawre\plugin-GUI\JuceLibraryCode\modules\juce_graphics\geometry\juce_Point.h(50,7):
      see declaration of 'juce::Point<int>'
  
C:\Users\lawre\plugin-GUI\JuceLibraryCode\modules\juce_gui_basics\commands\juce_ApplicationCommandInfo.h(136,21): warning C4251: 'juce::ApplicationCommandInfo::defaultKeypresses': 'juce::Array<juce::KeyPress,juce::DummyCriticalSection,0>' needs to have dll-interface to be used by clients of 'juce::ApplicationCommandInfo' [C:\Users\lawre\plugin-GUI\Build\snap-gui.vcxproj]
  (compiling source file '../Source/Processors/ProcessorGraph/ProcessorGraph.cpp')
      C:\Users\lawre\plugin-GUI\JuceLibraryCode\modules\juce_core\containers\juce_Array.h(67,7):
      see declaration of 'juce::Array<juce::KeyPress,juce::DummyCriticalSection,0>'
  
C:\Users\lawre\plugin-GUI\JuceLibraryCode\modules\juce_gui_basics\commands\juce_ApplicationCommandManager.h(314,40): warning C4251: 'juce::ApplicationCommandManager::commands': 'juce::OwnedArray<juce::ApplicationCommandInfo,juce::DummyCriticalSection>' needs to have dll-interface to be used by clients of 'juce::ApplicationCommandManager' [C:\Users\lawre\plugin-GUI\Build\snap-gui.vcxproj]
  (compiling source file '../Source/Processors/ProcessorGraph/ProcessorGraph.cpp')
      C:\Users\lawre\plugin-GUI\JuceLibraryCode\modules\juce_core\containers\juce_OwnedArray.h(61,7):
      see declaration of 'juce::OwnedArray<juce::ApplicationCommandInfo,juce::DummyCriticalSection>'
  
C:\Users\lawre\plugin-GUI\JuceLibraryCode\modules\juce_gui_basics\commands\juce_ApplicationCommandManager.h(315,53): warning C4251: 'juce::ApplicationCommandManager::listeners': 'juce::ListenerList<juce::ApplicationCommandManagerListener,juce::Array<ListenerClass *,juce::DummyCriticalSection,0>>' needs to have dll-interface to be used by clients of 'juce::ApplicationCommandManager' [C:\Users\lawre\plugin-GUI\Build\snap-gui.vcxproj]
C:\Users\lawre\plugin-GUI\JuceLibraryCode\modules\juce_gui_basics\commands\juce_ApplicationCommandManager.h(315,53): warning C4251:         with [C:\Users\lawre\plugin-GUI\Build\snap-gui.vcxproj]
C:\Users\lawre\plugin-GUI\JuceLibraryCode\modules\juce_gui_basics\commands\juce_ApplicationCommandManager.h(315,53): warning C4251:         [ [C:\Users\lawre\plugin-GUI\Build\snap-gui.vcxproj]
C:\Users\lawre\plugin-GUI\JuceLibraryCode\modules\juce_gui_basics\commands\juce_ApplicationCommandManager.h(315,53): warning C4251:             ListenerClass=juce::ApplicationCommandManagerListener [C:\Users\lawre\plugin-GUI\Build\snap-gui.vcxproj]
C:\Users\lawre\plugin-GUI\JuceLibraryCode\modules\juce_gui_basics\commands\juce_ApplicationCommandManager.h(315,53): warning C4251:         ] [C:\Users\lawre\plugin-GUI\Build\snap-gui.vcxproj]
  (compiling source file '../Source/Processors/ProcessorGraph/ProcessorGraph.cpp')
      C:\Users\lawre\plugin-GUI\JuceLibraryCode\modules\juce_core\containers\juce_ListenerList.h(71,7):
      see declaration of 'juce::ListenerList<juce::ApplicationCommandManagerListener,juce::Array<ListenerClass *,juce::DummyCriticalSection,0>>'
          with
          [
              ListenerClass=juce::ApplicationCommandManagerListener
          ]
  
C:\Users\lawre\plugin-GUI\JuceLibraryCode\modules\juce_gui_basics\commands\juce_ApplicationCommandManager.h(316,41): warning C4251: 'juce::ApplicationCommandManager::keyMappings': 'std::unique_ptr<juce::KeyPressMappingSet,std::default_delete<juce::KeyPressMappingSet>>' needs to have dll-interface to be used by clients of 'juce::ApplicationCommandManager' [C:\Users\lawre\plugin-GUI\Build\snap-gui.vcxproj]
  (compiling source file '../Source/Processors/ProcessorGraph/ProcessorGraph.cpp')
      C:\Program Files (x86)\Microsoft Visual Studio\2022\BuildTools\VC\Tools\MSVC\14.44.35207\include\memory(3347,7):
      see declaration of 'std::unique_ptr<juce::KeyPressMappingSet,std::default_delete<juce::KeyPressMappingSet>>'
  
C:\Users\lawre\plugin-GUI\JuceLibraryCode\modules\juce_gui_basics\commands\juce_KeyPressMappingSet.h(236,32): warning C4251: 'juce::KeyPressMappingSet::mappings': 'juce::OwnedArray<juce::KeyPressMappingSet::CommandMapping,juce::DummyCriticalSection>' needs to have dll-interface to be used by clients of 'juce::KeyPressMappingSet' [C:\Users\lawre\plugin-GUI\Build\snap-gui.vcxproj]
  (compiling source file '../Source/Processors/ProcessorGraph/ProcessorGraph.cpp')
      C:\Users\lawre\plugin-GUI\JuceLibraryCode\modules\juce_core\containers\juce_OwnedArray.h(61,7):
      see declaration of 'juce::OwnedArray<juce::KeyPressMappingSet::CommandMapping,juce::DummyCriticalSection>'
  
C:\Users\lawre\plugin-GUI\JuceLibraryCode\modules\juce_gui_basics\commands\juce_KeyPressMappingSet.h(244,30): warning C4251: 'juce::KeyPressMappingSet::keysDown': 'juce::OwnedArray<juce::KeyPressMappingSet::KeyPressTime,juce::DummyCriticalSection>' needs to have dll-interface to be used by clients of 'juce::KeyPressMappingSet' [C:\Users\lawre\plugin-GUI\Build\snap-gui.vcxproj]
  (compiling source file '../Source/Processors/ProcessorGraph/ProcessorGraph.cpp')
      C:\Users\lawre\plugin-GUI\JuceLibraryCode\modules\juce_core\containers\juce_OwnedArray.h(61,7):
      see declaration of 'juce::OwnedArray<juce::KeyPressMappingSet::KeyPressTime,juce::DummyCriticalSection>'
  
C:\Users\lawre\plugin-GUI\JuceLibraryCode\modules\juce_gui_basics\buttons\juce_Button.h(223,27): warning C4251: 'juce::Button::onClick': 'std::function<void (void)>' needs to have dll-interface to be used by clients of 'juce::Button' [C:\Users\lawre\plugin-GUI\Build\snap-gui.vcxproj]
  (compiling source file '../Source/Processors/ProcessorGraph/ProcessorGraph.cpp')
      C:\Program Files (x86)\Microsoft Visual Studio\2022\BuildTools\VC\Tools\MSVC\14.44.35207\include\functional(1089,7):
      see declaration of 'std::function<void (void)>'
  
C:\Users\lawre\plugin-GUI\JuceLibraryCode\modules\juce_gui_basics\buttons\juce_Button.h(226,27): warning C4251: 'juce::Button::onStateChange': 'std::function<void (void)>' needs to have dll-interface to be used by clients of 'juce::Button' [C:\Users\lawre\plugin-GUI\Build\snap-gui.vcxproj]
  (compiling source file '../Source/Processors/ProcessorGraph/ProcessorGraph.cpp')
      C:\Program Files (x86)\Microsoft Visual Studio\2022\BuildTools\VC\Tools\MSVC\14.44.35207\include\functional(1089,7):
      see declaration of 'std::function<void (void)>'
  
C:\Users\lawre\plugin-GUI\JuceLibraryCode\modules\juce_gui_basics\buttons\juce_Button.h(512,21): warning C4251: 'juce::Button::shortcuts': 'juce::Array<juce::KeyPress,juce::DummyCriticalSection,0>' needs to have dll-interface to be used by clients of 'juce::Button' [C:\Users\lawre\plugin-GUI\Build\snap-gui.vcxproj]
  (compiling source file '../Source/Processors/ProcessorGraph/ProcessorGraph.cpp')
      C:\Users\lawre\plugin-GUI\JuceLibraryCode\modules\juce_core\containers\juce_Array.h(67,7):
      see declaration of 'juce::Array<juce::KeyPress,juce::DummyCriticalSection,0>'
  
C:\Users\lawre\plugin-GUI\JuceLibraryCode\modules\juce_gui_basics\buttons\juce_Button.h(513,30): warning C4251: 'juce::Button::keySource': 'juce::WeakReference<juce::Component,juce::ReferenceCountedObject>' needs to have dll-interface to be used by clients of 'juce::Button' [C:\Users\lawre\plugin-GUI\Build\snap-gui.vcxproj]
  (compiling source file '../Source/Processors/ProcessorGraph/ProcessorGraph.cpp')
      C:\Users\lawre\plugin-GUI\JuceLibraryCode\modules\juce_core\memory\juce_WeakReference.h(89,7):
      see declaration of 'juce::WeakReference<juce::Component,juce::ReferenceCountedObject>'
  
C:\Users\lawre\plugin-GUI\JuceLibraryCode\modules\juce_gui_basics\buttons\juce_Button.h(515,28): warning C4251: 'juce::Button::buttonListeners': 'juce::ListenerList<juce::Button::Listener,juce::Array<ListenerClass *,juce::DummyCriticalSection,0>>' needs to have dll-interface to be used by clients of 'juce::Button' [C:\Users\lawre\plugin-GUI\Build\snap-gui.vcxproj]
C:\Users\lawre\plugin-GUI\JuceLibraryCode\modules\juce_gui_basics\buttons\juce_Button.h(515,28): warning C4251:         with [C:\Users\lawre\plugin-GUI\Build\snap-gui.vcxproj]
C:\Users\lawre\plugin-GUI\JuceLibraryCode\modules\juce_gui_basics\buttons\juce_Button.h(515,28): warning C4251:         [ [C:\Users\lawre\plugin-GUI\Build\snap-gui.vcxproj]
C:\Users\lawre\plugin-GUI\JuceLibraryCode\modules\juce_gui_basics\buttons\juce_Button.h(515,28): warning C4251:             ListenerClass=juce::Button::Listener [C:\Users\lawre\plugin-GUI\Build\snap-gui.vcxproj]
C:\Users\lawre\plugin-GUI\JuceLibraryCode\modules\juce_gui_basics\buttons\juce_Button.h(515,28): warning C4251:         ] [C:\Users\lawre\plugin-GUI\Build\snap-gui.vcxproj]
  (compiling source file '../Source/Processors/ProcessorGraph/ProcessorGraph.cpp')
      C:\Users\lawre\plugin-GUI\JuceLibraryCode\modules\juce_core\containers\juce_ListenerList.h(71,7):
      see declaration of 'juce::ListenerList<juce::Button::Listener,juce::Array<ListenerClass *,juce::DummyCriticalSection,0>>'
          with
          [
              ListenerClass=juce::Button::Listener
          ]
  
C:\Users\lawre\plugin-GUI\JuceLibraryCode\modules\juce_gui_basics\buttons\juce_Button.h(518,37): warning C4251: 'juce::Button::callbackHelper': 'std::unique_ptr<juce::Button::CallbackHelper,std::default_delete<juce::Button::CallbackHelper>>' needs to have dll-interface to be used by clients of 'juce::Button' [C:\Users\lawre\plugin-GUI\Build\snap-gui.vcxproj]
  (compiling source file '../Source/Processors/ProcessorGraph/ProcessorGraph.cpp')
      C:\Program Files (x86)\Microsoft Visual Studio\2022\BuildTools\VC\Tools\MSVC\14.44.35207\include\memory(3347,7):
      see declaration of 'std::unique_ptr<juce::Button::CallbackHelper,std::default_delete<juce::Button::CallbackHelper>>'
  
C:\Users\lawre\plugin-GUI\JuceLibraryCode\modules\juce_gui_basics\buttons\juce_DrawableButton.h(198,31): warning C4251: 'juce::DrawableButton::normalImage': 'std::unique_ptr<juce::Drawable,std::default_delete<juce::Drawable>>' needs to have dll-interface to be used by clients of 'juce::DrawableButton' [C:\Users\lawre\plugin-GUI\Build\snap-gui.vcxproj]
  (compiling source file '../Source/Processors/ProcessorGraph/ProcessorGraph.cpp')
      C:\Program Files (x86)\Microsoft Visual Studio\2022\BuildTools\VC\Tools\MSVC\14.44.35207\include\memory(3347,7):
      see declaration of 'std::unique_ptr<juce::Drawable,std::default_delete<juce::Drawable>>'
  
C:\Users\lawre\plugin-GUI\JuceLibraryCode\modules\juce_gui_basics\buttons\juce_DrawableButton.h(198,44): warning C4251: 'juce::DrawableButton::overImage': 'std::unique_ptr<juce::Drawable,std::default_delete<juce::Drawable>>' needs to have dll-interface to be used by clients of 'juce::DrawableButton' [C:\Users\lawre\plugin-GUI\Build\snap-gui.vcxproj]
  (compiling source file '../Source/Processors/ProcessorGraph/ProcessorGraph.cpp')
      C:\Program Files (x86)\Microsoft Visual Studio\2022\BuildTools\VC\Tools\MSVC\14.44.35207\include\memory(3347,7):
      see declaration of 'std::unique_ptr<juce::Drawable,std::default_delete<juce::Drawable>>'
  
C:\Users\lawre\plugin-GUI\JuceLibraryCode\modules\juce_gui_basics\buttons\juce_DrawableButton.h(198,55): warning C4251: 'juce::DrawableButton::downImage': 'std::unique_ptr<juce::Drawable,std::default_delete<juce::Drawable>>' needs to have dll-interface to be used by clients of 'juce::DrawableButton' [C:\Users\lawre\plugin-GUI\Build\snap-gui.vcxproj]
  (compiling source file '../Source/Processors/ProcessorGraph/ProcessorGraph.cpp')
      C:\Program Files (x86)\Microsoft Visual Studio\2022\BuildTools\VC\Tools\MSVC\14.44.35207\include\memory(3347,7):
      see declaration of 'std::unique_ptr<juce::Drawable,std::default_delete<juce::Drawable>>'
  
C:\Users\lawre\plugin-GUI\JuceLibraryCode\modules\juce_gui_basics\buttons\juce_DrawableButton.h(198,66): warning C4251: 'juce::DrawableButton::disabledImage': 'std::unique_ptr<juce::Drawable,std::default_delete<juce::Drawable>>' needs to have dll-interface to be used by clients of 'juce::DrawableButton' [C:\Users\lawre\plugin-GUI\Build\snap-gui.vcxproj]
  (compiling source file '../Source/Processors/ProcessorGraph/ProcessorGraph.cpp')
      C:\Program Files (x86)\Microsoft Visual Studio\2022\BuildTools\VC\Tools\MSVC\14.44.35207\include\memory(3347,7):
      see declaration of 'std::unique_ptr<juce::Drawable,std::default_delete<juce::Drawable>>'
  
C:\Users\lawre\plugin-GUI\JuceLibraryCode\modules\juce_gui_basics\buttons\juce_DrawableButton.h(199,31): warning C4251: 'juce::DrawableButton::normalImageOn': 'std::unique_ptr<juce::Drawable,std::default_delete<juce::Drawable>>' needs to have dll-interface to be used by clients of 'juce::DrawableButton' [C:\Users\lawre\plugin-GUI\Build\snap-gui.vcxproj]
  (compiling source file '../Source/Processors/ProcessorGraph/ProcessorGraph.cpp')
      C:\Program Files (x86)\Microsoft Visual Studio\2022\BuildTools\VC\Tools\MSVC\14.44.35207\include\memory(3347,7):
      see declaration of 'std::unique_ptr<juce::Drawable,std::default_delete<juce::Drawable>>'
  
C:\Users\lawre\plugin-GUI\JuceLibraryCode\modules\juce_gui_basics\buttons\juce_DrawableButton.h(199,46): warning C4251: 'juce::DrawableButton::overImageOn': 'std::unique_ptr<juce::Drawable,std::default_delete<juce::Drawable>>' needs to have dll-interface to be used by clients of 'juce::DrawableButton' [C:\Users\lawre\plugin-GUI\Build\snap-gui.vcxproj]
  (compiling source file '../Source/Processors/ProcessorGraph/ProcessorGraph.cpp')
      C:\Program Files (x86)\Microsoft Visual Studio\2022\BuildTools\VC\Tools\MSVC\14.44.35207\include\memory(3347,7):
      see declaration of 'std::unique_ptr<juce::Drawable,std::default_delete<juce::Drawable>>'
  
C:\Users\lawre\plugin-GUI\JuceLibraryCode\modules\juce_gui_basics\buttons\juce_DrawableButton.h(199,59): warning C4251: 'juce::DrawableButton::downImageOn': 'std::unique_ptr<juce::Drawable,std::default_delete<juce::Drawable>>' needs to have dll-interface to be used by clients of 'juce::DrawableButton' [C:\Users\lawre\plugin-GUI\Build\snap-gui.vcxproj]
  (compiling source file '../Source/Processors/ProcessorGraph/ProcessorGraph.cpp')
      C:\Program Files (x86)\Microsoft Visual Studio\2022\BuildTools\VC\Tools\MSVC\14.44.35207\include\memory(3347,7):
      see declaration of 'std::unique_ptr<juce::Drawable,std::default_delete<juce::Drawable>>'
  
C:\Users\lawre\plugin-GUI\JuceLibraryCode\modules\juce_gui_basics\buttons\juce_DrawableButton.h(199,72): warning C4251: 'juce::DrawableButton::disabledImageOn': 'std::unique_ptr<juce::Drawable,std::default_delete<juce::Drawable>>' needs to have dll-interface to be used by clients of 'juce::DrawableButton' [C:\Users\lawre\plugin-GUI\Build\snap-gui.vcxproj]
  (compiling source file '../Source/Processors/ProcessorGraph/ProcessorGraph.cpp')
      C:\Program Files (x86)\Microsoft Visual Studio\2022\BuildTools\VC\Tools\MSVC\14.44.35207\include\memory(3347,7):
      see declaration of 'std::unique_ptr<juce::Drawable,std::default_delete<juce::Drawable>>'
  
C:\Users\lawre\plugin-GUI\JuceLibraryCode\modules\juce_gui_basics\buttons\juce_HyperlinkButton.h(134,19): warning C4251: 'juce::HyperlinkButton::justification': 'juce::Justification' needs to have dll-interface to be used by clients of 'juce::HyperlinkButton' [C:\Users\lawre\plugin-GUI\Build\snap-gui.vcxproj]
  (compiling source file '../Source/Processors/ProcessorGraph/ProcessorGraph.cpp')
      C:\Users\lawre\plugin-GUI\JuceLibraryCode\modules\juce_graphics\placement\juce_Justification.h(49,7):
      see declaration of 'juce::Justification'
  
C:\Users\lawre\plugin-GUI\JuceLibraryCode\modules\juce_gui_basics\buttons\juce_ImageButton.h(160,20): warning C4251: 'juce::ImageButton::imageBounds': 'juce::Rectangle<int>' needs to have dll-interface to be used by clients of 'juce::ImageButton' [C:\Users\lawre\plugin-GUI\Build\snap-gui.vcxproj]
  (compiling source file '../Source/Processors/ProcessorGraph/ProcessorGraph.cpp')
      C:\Users\lawre\plugin-GUI\JuceLibraryCode\modules\juce_graphics\geometry\juce_Rectangle.h(75,7):
      see declaration of 'juce::Rectangle<int>'
  
C:\Users\lawre\plugin-GUI\JuceLibraryCode\modules\juce_gui_basics\buttons\juce_ShapeButton.h(128,21): warning C4251: 'juce::ShapeButton::border': 'juce::BorderSize<int>' needs to have dll-interface to be used by clients of 'juce::ShapeButton' [C:\Users\lawre\plugin-GUI\Build\snap-gui.vcxproj]
  (compiling source file '../Source/Processors/ProcessorGraph/ProcessorGraph.cpp')
      C:\Users\lawre\plugin-GUI\JuceLibraryCode\modules\juce_graphics\geometry\juce_BorderSize.h(50,7):
      see declaration of 'juce::BorderSize<int>'
  
C:\Users\lawre\plugin-GUI\JuceLibraryCode\modules\juce_gui_basics\layout\juce_ComponentBuilder.h(240,29): warning C4251: 'juce::ComponentBuilder::types': 'juce::OwnedArray<juce::ComponentBuilder::TypeHandler,juce::DummyCriticalSection>' needs to have dll-interface to be used by clients of 'juce::ComponentBuilder' [C:\Users\lawre\plugin-GUI\Build\snap-gui.vcxproj]
  (compiling source file '../Source/Processors/ProcessorGraph/ProcessorGraph.cpp')
      C:\Users\lawre\plugin-GUI\JuceLibraryCode\modules\juce_core\containers\juce_OwnedArray.h(61,7):
      see declaration of 'juce::OwnedArray<juce::ComponentBuilder::TypeHandler,juce::DummyCriticalSection>'
  
C:\Users\lawre\plugin-GUI\JuceLibraryCode\modules\juce_gui_basics\layout\juce_ComponentBuilder.h(241,32): warning C4251: 'juce::ComponentBuilder::component': 'std::unique_ptr<juce::Component,std::default_delete<juce::Component>>' needs to have dll-interface to be used by clients of 'juce::ComponentBuilder' [C:\Users\lawre\plugin-GUI\Build\snap-gui.vcxproj]
  (compiling source file '../Source/Processors/ProcessorGraph/ProcessorGraph.cpp')
      C:\Program Files (x86)\Microsoft Visual Studio\2022\BuildTools\VC\Tools\MSVC\14.44.35207\include\memory(3347,7):
      see declaration of 'std::unique_ptr<juce::Component,std::default_delete<juce::Component>>'
  
C:\Users\lawre\plugin-GUI\JuceLibraryCode\modules\juce_gui_basics\layout\juce_ComponentMovementWatcher.h(93,30): warning C4251: 'juce::ComponentMovementWatcher::component': 'juce::WeakReference<juce::Component,juce::ReferenceCountedObject>' needs to have dll-interface to be used by clients of 'juce::ComponentMovementWatcher' [C:\Users\lawre\plugin-GUI\Build\snap-gui.vcxproj]
  (compiling source file '../Source/Processors/ProcessorGraph/ProcessorGraph.cpp')
      C:\Users\lawre\plugin-GUI\JuceLibraryCode\modules\juce_core\memory\juce_WeakReference.h(89,7):
      see declaration of 'juce::WeakReference<juce::Component,juce::ReferenceCountedObject>'
  
C:\Users\lawre\plugin-GUI\JuceLibraryCode\modules\juce_gui_basics\layout\juce_ComponentMovementWatcher.h(95,23): warning C4251: 'juce::ComponentMovementWatcher::registeredParentComps': 'juce::Array<juce::Component *,juce::DummyCriticalSection,0>' needs to have dll-interface to be used by clients of 'juce::ComponentMovementWatcher' [C:\Users\lawre\plugin-GUI\Build\snap-gui.vcxproj]
  (compiling source file '../Source/Processors/ProcessorGraph/ProcessorGraph.cpp')
      C:\Users\lawre\plugin-GUI\JuceLibraryCode\modules\juce_core\containers\juce_Array.h(67,7):
      see declaration of 'juce::Array<juce::Component *,juce::DummyCriticalSection,0>'
  
C:\Users\lawre\plugin-GUI\JuceLibraryCode\modules\juce_gui_basics\layout\juce_ComponentMovementWatcher.h(97,20): warning C4251: 'juce::ComponentMovementWatcher::lastBounds': 'juce::Rectangle<int>' needs to have dll-interface to be used by clients of 'juce::ComponentMovementWatcher' [C:\Users\lawre\plugin-GUI\Build\snap-gui.vcxproj]
  (compiling source file '../Source/Processors/ProcessorGraph/ProcessorGraph.cpp')
      C:\Users\lawre\plugin-GUI\JuceLibraryCode\modules\juce_graphics\geometry\juce_Rectangle.h(75,7):
      see declaration of 'juce::Rectangle<int>'
  
C:\Users\lawre\plugin-GUI\JuceLibraryCode\modules\juce_gui_basics\layout\juce_ConcertinaPanel.h(139,33): warning C4251: 'juce::ConcertinaPanel::currentSizes': 'std::unique_ptr<juce::ConcertinaPanel::PanelSizes,std::default_delete<juce::ConcertinaPanel::PanelSizes>>' needs to have dll-interface to be used by clients of 'juce::ConcertinaPanel' [C:\Users\lawre\plugin-GUI\Build\snap-gui.vcxproj]
  (compiling source file '../Source/Processors/ProcessorGraph/ProcessorGraph.cpp')
      C:\Program Files (x86)\Microsoft Visual Studio\2022\BuildTools\VC\Tools\MSVC\14.44.35207\include\memory(3347,7):
      see declaration of 'std::unique_ptr<juce::ConcertinaPanel::PanelSizes,std::default_delete<juce::ConcertinaPanel::PanelSizes>>'
  
C:\Users\lawre\plugin-GUI\JuceLibraryCode\modules\juce_gui_basics\layout\juce_ConcertinaPanel.h(140,29): warning C4251: 'juce::ConcertinaPanel::holders': 'juce::OwnedArray<juce::ConcertinaPanel::PanelHolder,juce::DummyCriticalSection>' needs to have dll-interface to be used by clients of 'juce::ConcertinaPanel' [C:\Users\lawre\plugin-GUI\Build\snap-gui.vcxproj]
  (compiling source file '../Source/Processors/ProcessorGraph/ProcessorGraph.cpp')
      C:\Users\lawre\plugin-GUI\JuceLibraryCode\modules\juce_core\containers\juce_OwnedArray.h(61,7):
      see declaration of 'juce::OwnedArray<juce::ConcertinaPanel::PanelHolder,juce::DummyCriticalSection>'
  
C:\Users\lawre\plugin-GUI\JuceLibraryCode\modules\juce_gui_basics\layout\juce_GroupComponent.h(115,19): warning C4251: 'juce::GroupComponent::justification': 'juce::Justification' needs to have dll-interface to be used by clients of 'juce::GroupComponent' [C:\Users\lawre\plugin-GUI\Build\snap-gui.vcxproj]
  (compiling source file '../Source/Processors/ProcessorGraph/ProcessorGraph.cpp')
      C:\Users\lawre\plugin-GUI\JuceLibraryCode\modules\juce_graphics\placement\juce_Justification.h(49,7):
      see declaration of 'juce::Justification'
  
C:\Users\lawre\plugin-GUI\JuceLibraryCode\modules\juce_gui_basics\layout\juce_ResizableBorderComponent.h(194,30): warning C4251: 'juce::ResizableBorderComponent::component': 'juce::WeakReference<juce::Component,juce::ReferenceCountedObject>' needs to have dll-interface to be used by clients of 'juce::ResizableBorderComponent' [C:\Users\lawre\plugin-GUI\Build\snap-gui.vcxproj]
  (compiling source file '../Source/Processors/ProcessorGraph/ProcessorGraph.cpp')
      C:\Users\lawre\plugin-GUI\JuceLibraryCode\modules\juce_core\memory\juce_WeakReference.h(89,7):
      see declaration of 'juce::WeakReference<juce::Component,juce::ReferenceCountedObject>'
  
C:\Users\lawre\plugin-GUI\JuceLibraryCode\modules\juce_gui_basics\layout\juce_ResizableBorderComponent.h(196,21): warning C4251: 'juce::ResizableBorderComponent::borderSize': 'juce::BorderSize<int>' needs to have dll-interface to be used by clients of 'juce::ResizableBorderComponent' [C:\Users\lawre\plugin-GUI\Build\snap-gui.vcxproj]
  (compiling source file '../Source/Processors/ProcessorGraph/ProcessorGraph.cpp')
      C:\Users\lawre\plugin-GUI\JuceLibraryCode\modules\juce_graphics\geometry\juce_BorderSize.h(50,7):
      see declaration of 'juce::BorderSize<int>'
  
C:\Users\lawre\plugin-GUI\JuceLibraryCode\modules\juce_gui_basics\layout\juce_ResizableBorderComponent.h(197,20): warning C4251: 'juce::ResizableBorderComponent::originalBounds': 'juce::Rectangle<int>' needs to have dll-interface to be used by clients of 'juce::ResizableBorderComponent' [C:\Users\lawre\plugin-GUI\Build\snap-gui.vcxproj]
  (compiling source file '../Source/Processors/ProcessorGraph/ProcessorGraph.cpp')
      C:\Users\lawre\plugin-GUI\JuceLibraryCode\modules\juce_graphics\geometry\juce_Rectangle.h(75,7):
      see declaration of 'juce::Rectangle<int>'
  
C:\Users\lawre\plugin-GUI\JuceLibraryCode\modules\juce_gui_basics\layout\juce_ResizableBorderComponent.h(198,10): warning C4251: 'juce::ResizableBorderComponent::mouseZone': 'juce::ResizableBorderComponent::Zone' needs to have dll-interface to be used by clients of 'juce::ResizableBorderComponent' [C:\Users\lawre\plugin-GUI\Build\snap-gui.vcxproj]
  (compiling source file '../Source/Processors/ProcessorGraph/ProcessorGraph.cpp')
      C:\Users\lawre\plugin-GUI\JuceLibraryCode\modules\juce_gui_basics\layout\juce_ResizableBorderComponent.h(102,11):
      see declaration of 'juce::ResizableBorderComponent::Zone'
  
C:\Users\lawre\plugin-GUI\JuceLibraryCode\modules\juce_gui_basics\layout\juce_ResizableCornerComponent.h(94,30): warning C4251: 'juce::ResizableCornerComponent::component': 'juce::WeakReference<juce::Component,juce::ReferenceCountedObject>' needs to have dll-interface to be used by clients of 'juce::ResizableCornerComponent' [C:\Users\lawre\plugin-GUI\Build\snap-gui.vcxproj]
  (compiling source file '../Source/Processors/ProcessorGraph/ProcessorGraph.cpp')
      C:\Users\lawre\plugin-GUI\JuceLibraryCode\modules\juce_core\memory\juce_WeakReference.h(89,7):
      see declaration of 'juce::WeakReference<juce::Component,juce::ReferenceCountedObject>'
  
C:\Users\lawre\plugin-GUI\JuceLibraryCode\modules\juce_gui_basics\layout\juce_ResizableCornerComponent.h(96,20): warning C4251: 'juce::ResizableCornerComponent::originalBounds': 'juce::Rectangle<int>' needs to have dll-interface to be used by clients of 'juce::ResizableCornerComponent' [C:\Users\lawre\plugin-GUI\Build\snap-gui.vcxproj]
  (compiling source file '../Source/Processors/ProcessorGraph/ProcessorGraph.cpp')
      C:\Users\lawre\plugin-GUI\JuceLibraryCode\modules\juce_graphics\geometry\juce_Rectangle.h(75,7):
      see declaration of 'juce::Rectangle<int>'
  
C:\Users\lawre\plugin-GUI\JuceLibraryCode\modules\juce_gui_basics\layout\juce_ResizableEdgeComponent.h(101,30): warning C4251: 'juce::ResizableEdgeComponent::component': 'juce::WeakReference<juce::Component,juce::ReferenceCountedObject>' needs to have dll-interface to be used by clients of 'juce::ResizableEdgeComponent' [C:\Users\lawre\plugin-GUI\Build\snap-gui.vcxproj]
  (compiling source file '../Source/Processors/ProcessorGraph/ProcessorGraph.cpp')
      C:\Users\lawre\plugin-GUI\JuceLibraryCode\modules\juce_core\memory\juce_WeakReference.h(89,7):
      see declaration of 'juce::WeakReference<juce::Component,juce::ReferenceCountedObject>'
  
C:\Users\lawre\plugin-GUI\JuceLibraryCode\modules\juce_gui_basics\layout\juce_ResizableEdgeComponent.h(103,20): warning C4251: 'juce::ResizableEdgeComponent::originalBounds': 'juce::Rectangle<int>' needs to have dll-interface to be used by clients of 'juce::ResizableEdgeComponent' [C:\Users\lawre\plugin-GUI\Build\snap-gui.vcxproj]
  (compiling source file '../Source/Processors/ProcessorGraph/ProcessorGraph.cpp')
      C:\Users\lawre\plugin-GUI\JuceLibraryCode\modules\juce_graphics\geometry\juce_Rectangle.h(75,7):
      see declaration of 'juce::Rectangle<int>'
  
C:\Users\lawre\plugin-GUI\JuceLibraryCode\modules\juce_gui_basics\layout\juce_ScrollBar.h(431,19): warning C4251: 'juce::ScrollBar::totalRange': 'juce::Range<FloatType>' needs to have dll-interface to be used by clients of 'juce::ScrollBar' [C:\Users\lawre\plugin-GUI\Build\snap-gui.vcxproj]
C:\Users\lawre\plugin-GUI\JuceLibraryCode\modules\juce_gui_basics\layout\juce_ScrollBar.h(431,19): warning C4251:         with [C:\Users\lawre\plugin-GUI\Build\snap-gui.vcxproj]
C:\Users\lawre\plugin-GUI\JuceLibraryCode\modules\juce_gui_basics\layout\juce_ScrollBar.h(431,19): warning C4251:         [ [C:\Users\lawre\plugin-GUI\Build\snap-gui.vcxproj]
C:\Users\lawre\plugin-GUI\JuceLibraryCode\modules\juce_gui_basics\layout\juce_ScrollBar.h(431,19): warning C4251:             FloatType=double [C:\Users\lawre\plugin-GUI\Build\snap-gui.vcxproj]
C:\Users\lawre\plugin-GUI\JuceLibraryCode\modules\juce_gui_basics\layout\juce_ScrollBar.h(431,19): warning C4251:         ] [C:\Users\lawre\plugin-GUI\Build\snap-gui.vcxproj]
  (compiling source file '../Source/Processors/ProcessorGraph/ProcessorGraph.cpp')
      C:\Users\lawre\plugin-GUI\JuceLibraryCode\modules\juce_core\maths\juce_Range.h(51,7):
      see declaration of 'juce::Range<FloatType>'
          with
          [
              FloatType=double
          ]
  
C:\Users\lawre\plugin-GUI\JuceLibraryCode\modules\juce_gui_basics\layout\juce_ScrollBar.h(431,44): warning C4251: 'juce::ScrollBar::visibleRange': 'juce::Range<FloatType>' needs to have dll-interface to be used by clients of 'juce::ScrollBar' [C:\Users\lawre\plugin-GUI\Build\snap-gui.vcxproj]
C:\Users\lawre\plugin-GUI\JuceLibraryCode\modules\juce_gui_basics\layout\juce_ScrollBar.h(431,44): warning C4251:         with [C:\Users\lawre\plugin-GUI\Build\snap-gui.vcxproj]
C:\Users\lawre\plugin-GUI\JuceLibraryCode\modules\juce_gui_basics\layout\juce_ScrollBar.h(431,44): warning C4251:         [ [C:\Users\lawre\plugin-GUI\Build\snap-gui.vcxproj]
C:\Users\lawre\plugin-GUI\JuceLibraryCode\modules\juce_gui_basics\layout\juce_ScrollBar.h(431,44): warning C4251:             FloatType=double [C:\Users\lawre\plugin-GUI\Build\snap-gui.vcxproj]
C:\Users\lawre\plugin-GUI\JuceLibraryCode\modules\juce_gui_basics\layout\juce_ScrollBar.h(431,44): warning C4251:         ] [C:\Users\lawre\plugin-GUI\Build\snap-gui.vcxproj]
  (compiling source file '../Source/Processors/ProcessorGraph/ProcessorGraph.cpp')
      C:\Users\lawre\plugin-GUI\JuceLibraryCode\modules\juce_core\maths\juce_Range.h(51,7):
      see declaration of 'juce::Range<FloatType>'
          with
          [
              FloatType=double
          ]
  
C:\Users\lawre\plugin-GUI\JuceLibraryCode\modules\juce_gui_basics\layout\juce_ScrollBar.h(438,38): warning C4251: 'juce::ScrollBar::upButton': 'std::unique_ptr<juce::ScrollBar::ScrollbarButton,std::default_delete<juce::ScrollBar::ScrollbarButton>>' needs to have dll-interface to be used by clients of 'juce::ScrollBar' [C:\Users\lawre\plugin-GUI\Build\snap-gui.vcxproj]
  (compiling source file '../Source/Processors/ProcessorGraph/ProcessorGraph.cpp')
      C:\Program Files (x86)\Microsoft Visual Studio\2022\BuildTools\VC\Tools\MSVC\14.44.35207\include\memory(3347,7):
      see declaration of 'std::unique_ptr<juce::ScrollBar::ScrollbarButton,std::default_delete<juce::ScrollBar::ScrollbarButton>>'
  
C:\Users\lawre\plugin-GUI\JuceLibraryCode\modules\juce_gui_basics\layout\juce_ScrollBar.h(438,48): warning C4251: 'juce::ScrollBar::downButton': 'std::unique_ptr<juce::ScrollBar::ScrollbarButton,std::default_delete<juce::ScrollBar::ScrollbarButton>>' needs to have dll-interface to be used by clients of 'juce::ScrollBar' [C:\Users\lawre\plugin-GUI\Build\snap-gui.vcxproj]
  (compiling source file '../Source/Processors/ProcessorGraph/ProcessorGraph.cpp')
      C:\Program Files (x86)\Microsoft Visual Studio\2022\BuildTools\VC\Tools\MSVC\14.44.35207\include\memory(3347,7):
      see declaration of 'std::unique_ptr<juce::ScrollBar::ScrollbarButton,std::default_delete<juce::ScrollBar::ScrollbarButton>>'
  
C:\Users\lawre\plugin-GUI\JuceLibraryCode\modules\juce_gui_basics\layout\juce_ScrollBar.h(439,28): warning C4251: 'juce::ScrollBar::listeners': 'juce::ListenerList<juce::ScrollBar::Listener,juce::Array<ListenerClass *,juce::DummyCriticalSection,0>>' needs to have dll-interface to be used by clients of 'juce::ScrollBar' [C:\Users\lawre\plugin-GUI\Build\snap-gui.vcxproj]
C:\Users\lawre\plugin-GUI\JuceLibraryCode\modules\juce_gui_basics\layout\juce_ScrollBar.h(439,28): warning C4251:         with [C:\Users\lawre\plugin-GUI\Build\snap-gui.vcxproj]
C:\Users\lawre\plugin-GUI\JuceLibraryCode\modules\juce_gui_basics\layout\juce_ScrollBar.h(439,28): warning C4251:         [ [C:\Users\lawre\plugin-GUI\Build\snap-gui.vcxproj]
C:\Users\lawre\plugin-GUI\JuceLibraryCode\modules\juce_gui_basics\layout\juce_ScrollBar.h(439,28): warning C4251:             ListenerClass=juce::ScrollBar::Listener [C:\Users\lawre\plugin-GUI\Build\snap-gui.vcxproj]
C:\Users\lawre\plugin-GUI\JuceLibraryCode\modules\juce_gui_basics\layout\juce_ScrollBar.h(439,28): warning C4251:         ] [C:\Users\lawre\plugin-GUI\Build\snap-gui.vcxproj]
  (compiling source file '../Source/Processors/ProcessorGraph/ProcessorGraph.cpp')
      C:\Users\lawre\plugin-GUI\JuceLibraryCode\modules\juce_core\containers\juce_ListenerList.h(71,7):
      see declaration of 'juce::ListenerList<juce::ScrollBar::Listener,juce::Array<ListenerClass *,juce::DummyCriticalSection,0>>'
          with
          [
              ListenerClass=juce::ScrollBar::Listener
          ]
  
C:\Users\lawre\plugin-GUI\JuceLibraryCode\modules\juce_gui_basics\layout\juce_StretchableLayoutManager.h(255,38): warning C4251: 'juce::StretchableLayoutManager::items': 'juce::OwnedArray<juce::StretchableLayoutManager::ItemLayoutProperties,juce::DummyCriticalSection>' needs to have dll-interface to be used by clients of 'juce::StretchableLayoutManager' [C:\Users\lawre\plugin-GUI\Build\snap-gui.vcxproj]
  (compiling source file '../Source/Processors/ProcessorGraph/ProcessorGraph.cpp')
      C:\Users\lawre\plugin-GUI\JuceLibraryCode\modules\juce_core\containers\juce_OwnedArray.h(61,7):
      see declaration of 'juce::OwnedArray<juce::StretchableLayoutManager::ItemLayoutProperties,juce::DummyCriticalSection>'
  
C:\Users\lawre\plugin-GUI\JuceLibraryCode\modules\juce_gui_basics\layout\juce_TabbedButtonBar.h(135,32): warning C4251: 'juce::TabBarButton::extraComponent': 'std::unique_ptr<juce::Component,std::default_delete<juce::Component>>' needs to have dll-interface to be used by clients of 'juce::TabBarButton' [C:\Users\lawre\plugin-GUI\Build\snap-gui.vcxproj]
  (compiling source file '../Source/Processors/ProcessorGraph/ProcessorGraph.cpp')
      C:\Program Files (x86)\Microsoft Visual Studio\2022\BuildTools\VC\Tools\MSVC\14.44.35207\include\memory(3347,7):
      see declaration of 'std::unique_ptr<juce::Component,std::default_delete<juce::Component>>'
  
C:\Users\lawre\plugin-GUI\JuceLibraryCode\modules\juce_gui_basics\layout\juce_TabbedButtonBar.h(366,25): warning C4251: 'juce::TabbedButtonBar::tabs': 'juce::OwnedArray<juce::TabbedButtonBar::TabInfo,juce::DummyCriticalSection>' needs to have dll-interface to be used by clients of 'juce::TabbedButtonBar' [C:\Users\lawre\plugin-GUI\Build\snap-gui.vcxproj]
  (compiling source file '../Source/Processors/ProcessorGraph/ProcessorGraph.cpp')
      C:\Users\lawre\plugin-GUI\JuceLibraryCode\modules\juce_core\containers\juce_OwnedArray.h(61,7):
      see declaration of 'juce::OwnedArray<juce::TabbedButtonBar::TabInfo,juce::DummyCriticalSection>'
  
C:\Users\lawre\plugin-GUI\JuceLibraryCode\modules\juce_gui_basics\layout\juce_TabbedButtonBar.h(373,41): warning C4251: 'juce::TabbedButtonBar::behindFrontTab': 'std::unique_ptr<juce::TabbedButtonBar::BehindFrontTabComp,std::default_delete<juce::TabbedButtonBar::BehindFrontTabComp>>' needs to have dll-interface to be used by clients of 'juce::TabbedButtonBar' [C:\Users\lawre\plugin-GUI\Build\snap-gui.vcxproj]
  (compiling source file '../Source/Processors/ProcessorGraph/ProcessorGraph.cpp')
      C:\Program Files (x86)\Microsoft Visual Studio\2022\BuildTools\VC\Tools\MSVC\14.44.35207\include\memory(3347,7):
      see declaration of 'std::unique_ptr<juce::TabbedButtonBar::BehindFrontTabComp,std::default_delete<juce::TabbedButtonBar::BehindFrontTabComp>>'
  
C:\Users\lawre\plugin-GUI\JuceLibraryCode\modules\juce_gui_basics\layout\juce_TabbedButtonBar.h(374,29): warning C4251: 'juce::TabbedButtonBar::extraTabsButton': 'std::unique_ptr<juce::Button,std::default_delete<juce::Button>>' needs to have dll-interface to be used by clients of 'juce::TabbedButtonBar' [C:\Users\lawre\plugin-GUI\Build\snap-gui.vcxproj]
  (compiling source file '../Source/Processors/ProcessorGraph/ProcessorGraph.cpp')
      C:\Program Files (x86)\Microsoft Visual Studio\2022\BuildTools\VC\Tools\MSVC\14.44.35207\include\memory(3347,7):
      see declaration of 'std::unique_ptr<juce::Button,std::default_delete<juce::Button>>'
  
C:\Users\lawre\plugin-GUI\JuceLibraryCode\modules\juce_gui_basics\layout\juce_TabbedComponent.h(222,38): warning C4251: 'juce::TabbedComponent::tabs': 'std::unique_ptr<juce::TabbedButtonBar,std::default_delete<juce::TabbedButtonBar>>' needs to have dll-interface to be used by clients of 'juce::TabbedComponent' [C:\Users\lawre\plugin-GUI\Build\snap-gui.vcxproj]
  (compiling source file '../Source/Processors/ProcessorGraph/ProcessorGraph.cpp')
      C:\Program Files (x86)\Microsoft Visual Studio\2022\BuildTools\VC\Tools\MSVC\14.44.35207\include\memory(3347,7):
      see declaration of 'std::unique_ptr<juce::TabbedButtonBar,std::default_delete<juce::TabbedButtonBar>>'
  
C:\Users\lawre\plugin-GUI\JuceLibraryCode\modules\juce_gui_basics\layout\juce_TabbedComponent.h(226,37): warning C4251: 'juce::TabbedComponent::contentComponents': 'juce::Array<juce::WeakReference<juce::Component,juce::ReferenceCountedObject>,juce::DummyCriticalSection,0>' needs to have dll-interface to be used by clients of 'juce::TabbedComponent' [C:\Users\lawre\plugin-GUI\Build\snap-gui.vcxproj]
  (compiling source file '../Source/Processors/ProcessorGraph/ProcessorGraph.cpp')
      C:\Users\lawre\plugin-GUI\JuceLibraryCode\modules\juce_core\containers\juce_Array.h(67,7):
      see declaration of 'juce::Array<juce::WeakReference<juce::Component,juce::ReferenceCountedObject>,juce::DummyCriticalSection,0>'
  
C:\Users\lawre\plugin-GUI\JuceLibraryCode\modules\juce_gui_basics\layout\juce_TabbedComponent.h(227,30): warning C4251: 'juce::TabbedComponent::panelComponent': 'juce::WeakReference<juce::Component,juce::ReferenceCountedObject>' needs to have dll-interface to be used by clients of 'juce::TabbedComponent' [C:\Users\lawre\plugin-GUI\Build\snap-gui.vcxproj]
  (compiling source file '../Source/Processors/ProcessorGraph/ProcessorGraph.cpp')
      C:\Users\lawre\plugin-GUI\JuceLibraryCode\modules\juce_core\memory\juce_WeakReference.h(89,7):
      see declaration of 'juce::WeakReference<juce::Component,juce::ReferenceCountedObject>'
  
C:\Users\lawre\plugin-GUI\JuceLibraryCode\modules\juce_gui_basics\accessibility\enums\juce_AccessibilityActions.h(125,62): warning C4251: 'juce::AccessibilityActions::actionMap': 'std::map<juce::AccessibilityActionType,std::function<void (void)>,std::less<juce::AccessibilityActionType>,std::allocator<std::pair<const juce::AccessibilityActionType,std::function<void (void)>>>>' needs to have dll-interface to be used by clients of 'juce::AccessibilityActions' [C:\Users\lawre\plugin-GUI\Build\snap-gui.vcxproj]
  (compiling source file '../Source/Processors/ProcessorGraph/ProcessorGraph.cpp')
      C:\Program Files (x86)\Microsoft Visual Studio\2022\BuildTools\VC\Tools\MSVC\14.44.35207\include\map(72,7):
      see declaration of 'std::map<juce::AccessibilityActionType,std::function<void (void)>,std::less<juce::AccessibilityActionType>,std::allocator<std::pair<const juce::AccessibilityActionType,std::function<void (void)>>>>'
  
C:\Users\lawre\plugin-GUI\JuceLibraryCode\modules\juce_gui_basics\accessibility\juce_AccessibilityHandler.h(77,54): warning C4251: 'juce::AccessibilityHandler::Interfaces::value': 'std::unique_ptr<juce::AccessibilityValueInterface,std::default_delete<juce::AccessibilityValueInterface>>' needs to have dll-interface to be used by clients of 'juce::AccessibilityHandler::Interfaces' [C:\Users\lawre\plugin-GUI\Build\snap-gui.vcxproj]
  (compiling source file '../Source/Processors/ProcessorGraph/ProcessorGraph.cpp')
      C:\Program Files (x86)\Microsoft Visual Studio\2022\BuildTools\VC\Tools\MSVC\14.44.35207\include\memory(3347,7):
      see declaration of 'std::unique_ptr<juce::AccessibilityValueInterface,std::default_delete<juce::AccessibilityValueInterface>>'
  
C:\Users\lawre\plugin-GUI\JuceLibraryCode\modules\juce_gui_basics\accessibility\juce_AccessibilityHandler.h(78,54): warning C4251: 'juce::AccessibilityHandler::Interfaces::text': 'std::unique_ptr<juce::AccessibilityTextInterface,std::default_delete<juce::AccessibilityTextInterface>>' needs to have dll-interface to be used by clients of 'juce::AccessibilityHandler::Interfaces' [C:\Users\lawre\plugin-GUI\Build\snap-gui.vcxproj]
  (compiling source file '../Source/Processors/ProcessorGraph/ProcessorGraph.cpp')
      C:\Program Files (x86)\Microsoft Visual Studio\2022\BuildTools\VC\Tools\MSVC\14.44.35207\include\memory(3347,7):
      see declaration of 'std::unique_ptr<juce::AccessibilityTextInterface,std::default_delete<juce::AccessibilityTextInterface>>'
  
C:\Users\lawre\plugin-GUI\JuceLibraryCode\modules\juce_gui_basics\accessibility\juce_AccessibilityHandler.h(79,54): warning C4251: 'juce::AccessibilityHandler::Interfaces::table': 'std::unique_ptr<juce::AccessibilityTableInterface,std::default_delete<juce::AccessibilityTableInterface>>' needs to have dll-interface to be used by clients of 'juce::AccessibilityHandler::Interfaces' [C:\Users\lawre\plugin-GUI\Build\snap-gui.vcxproj]
  (compiling source file '../Source/Processors/ProcessorGraph/ProcessorGraph.cpp')
      C:\Program Files (x86)\Microsoft Visual Studio\2022\BuildTools\VC\Tools\MSVC\14.44.35207\include\memory(3347,7):
      see declaration of 'std::unique_ptr<juce::AccessibilityTableInterface,std::default_delete<juce::AccessibilityTableInterface>>'
  
C:\Users\lawre\plugin-GUI\JuceLibraryCode\modules\juce_gui_basics\accessibility\juce_AccessibilityHandler.h(80,54): warning C4251: 'juce::AccessibilityHandler::Interfaces::cell': 'std::unique_ptr<juce::AccessibilityCellInterface,std::default_delete<juce::AccessibilityCellInterface>>' needs to have dll-interface to be used by clients of 'juce::AccessibilityHandler::Interfaces' [C:\Users\lawre\plugin-GUI\Build\snap-gui.vcxproj]
  (compiling source file '../Source/Processors/ProcessorGraph/ProcessorGraph.cpp')
      C:\Program Files (x86)\Microsoft Visual Studio\2022\BuildTools\VC\Tools\MSVC\14.44.35207\include\memory(3347,7):
      see declaration of 'std::unique_ptr<juce::AccessibilityCellInterface,std::default_delete<juce::AccessibilityCellInterface>>'
  
C:\Users\lawre\plugin-GUI\JuceLibraryCode\modules\juce_gui_basics\accessibility\juce_AccessibilityHandler.h(362,21): warning C4251: 'juce::AccessibilityHandler::typeIndex': 'std::type_index' needs to have dll-interface to be used by clients of 'juce::AccessibilityHandler' [C:\Users\lawre\plugin-GUI\Build\snap-gui.vcxproj]
  (compiling source file '../Source/Processors/ProcessorGraph/ProcessorGraph.cpp')
      C:\Program Files (x86)\Microsoft Visual Studio\2022\BuildTools\VC\Tools\MSVC\14.44.35207\include\typeindex(25,19):
      see declaration of 'std::type_index'
  
C:\Users\lawre\plugin-GUI\JuceLibraryCode\modules\juce_gui_basics\accessibility\juce_AccessibilityHandler.h(371,46): warning C4251: 'juce::AccessibilityHandler::nativeImpl': 'std::unique_ptr<juce::AccessibilityHandler::AccessibilityNativeImpl,std::default_delete<juce::AccessibilityHandler::AccessibilityNativeImpl>>' needs to have dll-interface to be used by clients of 'juce::AccessibilityHandler' [C:\Users\lawre\plugin-GUI\Build\snap-gui.vcxproj]
  (compiling source file '../Source/Processors/ProcessorGraph/ProcessorGraph.cpp')
      C:\Program Files (x86)\Microsoft Visual Studio\2022\BuildTools\VC\Tools\MSVC\14.44.35207\include\memory(3347,7):
      see declaration of 'std::unique_ptr<juce::AccessibilityHandler::AccessibilityNativeImpl,std::default_delete<juce::AccessibilityHandler::AccessibilityNativeImpl>>'
  
C:\Users\lawre\plugin-GUI\JuceLibraryCode\modules\juce_gui_basics\drawables\juce_Drawable.h(254,16): warning C4251: 'juce::Drawable::originRelativeToComponent': 'juce::Point<int>' needs to have dll-interface to be used by clients of 'juce::Drawable' [C:\Users\lawre\plugin-GUI\Build\snap-gui.vcxproj]
  (compiling source file '../Source/Processors/ProcessorGraph/ProcessorGraph.cpp')
      C:\Users\lawre\plugin-GUI\JuceLibraryCode\modules\juce_graphics\geometry\juce_Point.h(50,7):
      see declaration of 'juce::Point<int>'
  
C:\Users\lawre\plugin-GUI\JuceLibraryCode\modules\juce_gui_basics\drawables\juce_Drawable.h(255,31): warning C4251: 'juce::Drawable::drawableClipPath': 'std::unique_ptr<juce::Drawable,std::default_delete<juce::Drawable>>' needs to have dll-interface to be used by clients of 'juce::Drawable' [C:\Users\lawre\plugin-GUI\Build\snap-gui.vcxproj]
  (compiling source file '../Source/Processors/ProcessorGraph/ProcessorGraph.cpp')
      C:\Program Files (x86)\Microsoft Visual Studio\2022\BuildTools\VC\Tools\MSVC\14.44.35207\include\memory(3347,7):
      see declaration of 'std::unique_ptr<juce::Drawable,std::default_delete<juce::Drawable>>'
  
C:\Users\lawre\plugin-GUI\JuceLibraryCode\modules\juce_gui_basics\drawables\juce_Drawable.h(268,34): warning C4251: 'juce::Drawable::boundsChangeListener': 'juce::detail::BoundsChangeListener' needs to have dll-interface to be used by clients of 'juce::Drawable' [C:\Users\lawre\plugin-GUI\Build\snap-gui.vcxproj]
  (compiling source file '../Source/Processors/ProcessorGraph/ProcessorGraph.cpp')
      C:\Users\lawre\plugin-GUI\JuceLibraryCode\modules\juce_gui_basics\drawables\juce_Drawable.h(41,7):
      see declaration of 'juce::detail::BoundsChangeListener'
  
C:\Users\lawre\plugin-GUI\JuceLibraryCode\modules\juce_gui_basics\layout\juce_Viewport.h(360,32): warning C4251: 'juce::Viewport::verticalScrollBar': 'std::unique_ptr<juce::ScrollBar,std::default_delete<juce::ScrollBar>>' needs to have dll-interface to be used by clients of 'juce::Viewport' [C:\Users\lawre\plugin-GUI\Build\snap-gui.vcxproj]
  (compiling source file '../Source/Processors/ProcessorGraph/ProcessorGraph.cpp')
      C:\Program Files (x86)\Microsoft Visual Studio\2022\BuildTools\VC\Tools\MSVC\14.44.35207\include\memory(3347,7):
      see declaration of 'std::unique_ptr<juce::ScrollBar,std::default_delete<juce::ScrollBar>>'
  
C:\Users\lawre\plugin-GUI\JuceLibraryCode\modules\juce_gui_basics\layout\juce_Viewport.h(360,51): warning C4251: 'juce::Viewport::horizontalScrollBar': 'std::unique_ptr<juce::ScrollBar,std::default_delete<juce::ScrollBar>>' needs to have dll-interface to be used by clients of 'juce::Viewport' [C:\Users\lawre\plugin-GUI\Build\snap-gui.vcxproj]
  (compiling source file '../Source/Processors/ProcessorGraph/ProcessorGraph.cpp')
      C:\Program Files (x86)\Microsoft Visual Studio\2022\BuildTools\VC\Tools\MSVC\14.44.35207\include\memory(3347,7):
      see declaration of 'std::unique_ptr<juce::ScrollBar,std::default_delete<juce::ScrollBar>>'
  
C:\Users\lawre\plugin-GUI\JuceLibraryCode\modules\juce_gui_basics\layout\juce_Viewport.h(361,35): warning C4251: 'juce::Viewport::contentHolder': 'juce::Viewport::AccessibilityIgnoredComponent' needs to have dll-interface to be used by clients of 'juce::Viewport' [C:\Users\lawre\plugin-GUI\Build\snap-gui.vcxproj]
  (compiling source file '../Source/Processors/ProcessorGraph/ProcessorGraph.cpp')
      C:\Users\lawre\plugin-GUI\JuceLibraryCode\modules\juce_gui_basics\layout\juce_Viewport.h(351,11):
      see declaration of 'juce::Viewport::AccessibilityIgnoredComponent'
  
C:\Users\lawre\plugin-GUI\JuceLibraryCode\modules\juce_gui_basics\layout\juce_Viewport.h(362,30): warning C4251: 'juce::Viewport::contentComp': 'juce::WeakReference<juce::Component,juce::ReferenceCountedObject>' needs to have dll-interface to be used by clients of 'juce::Viewport' [C:\Users\lawre\plugin-GUI\Build\snap-gui.vcxproj]
  (compiling source file '../Source/Processors/ProcessorGraph/ProcessorGraph.cpp')
      C:\Users\lawre\plugin-GUI\JuceLibraryCode\modules\juce_core\memory\juce_WeakReference.h(89,7):
      see declaration of 'juce::WeakReference<juce::Component,juce::ReferenceCountedObject>'
  
C:\Users\lawre\plugin-GUI\JuceLibraryCode\modules\juce_gui_basics\layout\juce_Viewport.h(363,20): warning C4251: 'juce::Viewport::lastVisibleArea': 'juce::Rectangle<int>' needs to have dll-interface to be used by clients of 'juce::Viewport' [C:\Users\lawre\plugin-GUI\Build\snap-gui.vcxproj]
  (compiling source file '../Source/Processors/ProcessorGraph/ProcessorGraph.cpp')
      C:\Users\lawre\plugin-GUI\JuceLibraryCode\modules\juce_graphics\geometry\juce_Rectangle.h(75,7):
      see declaration of 'juce::Rectangle<int>'
  
C:\Users\lawre\plugin-GUI\JuceLibraryCode\modules\juce_gui_basics\layout\juce_Viewport.h(373,43): warning C4251: 'juce::Viewport::dragToScrollListener': 'std::unique_ptr<juce::Viewport::DragToScrollListener,std::default_delete<juce::Viewport::DragToScrollListener>>' needs to have dll-interface to be used by clients of 'juce::Viewport' [C:\Users\lawre\plugin-GUI\Build\snap-gui.vcxproj]
  (compiling source file '../Source/Processors/ProcessorGraph/ProcessorGraph.cpp')
      C:\Program Files (x86)\Microsoft Visual Studio\2022\BuildTools\VC\Tools\MSVC\14.44.35207\include\memory(3347,7):
      see declaration of 'std::unique_ptr<juce::Viewport::DragToScrollListener,std::default_delete<juce::Viewport::DragToScrollListener>>'
  
C:\Users\lawre\plugin-GUI\JuceLibraryCode\modules\juce_gui_basics\menus\juce_PopupMenu.h(149,31): warning C4251: 'juce::PopupMenu::Item::action': 'std::function<void (void)>' needs to have dll-interface to be used by clients of 'juce::PopupMenu::Item' [C:\Users\lawre\plugin-GUI\Build\snap-gui.vcxproj]
  (compiling source file '../Source/Processors/ProcessorGraph/ProcessorGraph.cpp')
      C:\Program Files (x86)\Microsoft Visual Studio\2022\BuildTools\VC\Tools\MSVC\14.44.35207\include\functional(1089,7):
      see declaration of 'std::function<void (void)>'
  
C:\Users\lawre\plugin-GUI\JuceLibraryCode\modules\juce_gui_basics\menus\juce_PopupMenu.h(152,36): warning C4251: 'juce::PopupMenu::Item::subMenu': 'std::unique_ptr<juce::PopupMenu,std::default_delete<juce::PopupMenu>>' needs to have dll-interface to be used by clients of 'juce::PopupMenu::Item' [C:\Users\lawre\plugin-GUI\Build\snap-gui.vcxproj]
  (compiling source file '../Source/Processors/ProcessorGraph/ProcessorGraph.cpp')
      C:\Program Files (x86)\Microsoft Visual Studio\2022\BuildTools\VC\Tools\MSVC\14.44.35207\include\memory(3347,7):
      see declaration of 'std::unique_ptr<juce::PopupMenu,std::default_delete<juce::PopupMenu>>'
  
C:\Users\lawre\plugin-GUI\JuceLibraryCode\modules\juce_gui_basics\menus\juce_PopupMenu.h(155,35): warning C4251: 'juce::PopupMenu::Item::image': 'std::unique_ptr<juce::Drawable,std::default_delete<juce::Drawable>>' needs to have dll-interface to be used by clients of 'juce::PopupMenu::Item' [C:\Users\lawre\plugin-GUI\Build\snap-gui.vcxproj]
  (compiling source file '../Source/Processors/ProcessorGraph/ProcessorGraph.cpp')
      C:\Program Files (x86)\Microsoft Visual Studio\2022\BuildTools\VC\Tools\MSVC\14.44.35207\include\memory(3347,7):
      see declaration of 'std::unique_ptr<juce::Drawable,std::default_delete<juce::Drawable>>'
  
C:\Users\lawre\plugin-GUI\JuceLibraryCode\modules\juce_gui_basics\menus\juce_PopupMenu.h(158,52): warning C4251: 'juce::PopupMenu::Item::customComponent': 'juce::ReferenceCountedObjectPtr<juce::PopupMenu::CustomComponent>' needs to have dll-interface to be used by clients of 'juce::PopupMenu::Item' [C:\Users\lawre\plugin-GUI\Build\snap-gui.vcxproj]
  (compiling source file '../Source/Processors/ProcessorGraph/ProcessorGraph.cpp')
      C:\Users\lawre\plugin-GUI\JuceLibraryCode\modules\juce_core\memory\juce_ReferenceCountedObject.h(258,7):
      see declaration of 'juce::ReferenceCountedObjectPtr<juce::PopupMenu::CustomComponent>'
  
C:\Users\lawre\plugin-GUI\JuceLibraryCode\modules\juce_gui_basics\menus\juce_PopupMenu.h(161,51): warning C4251: 'juce::PopupMenu::Item::customCallback': 'juce::ReferenceCountedObjectPtr<juce::PopupMenu::CustomCallback>' needs to have dll-interface to be used by clients of 'juce::PopupMenu::Item' [C:\Users\lawre\plugin-GUI\Build\snap-gui.vcxproj]
  (compiling source file '../Source/Processors/ProcessorGraph/ProcessorGraph.cpp')
      C:\Users\lawre\plugin-GUI\JuceLibraryCode\modules\juce_core\memory\juce_ReferenceCountedObject.h(258,7):
      see declaration of 'juce::ReferenceCountedObjectPtr<juce::PopupMenu::CustomCallback>'
  
C:\Users\lawre\plugin-GUI\JuceLibraryCode\modules\juce_gui_basics\menus\juce_PopupMenu.h(658,24): warning C4251: 'juce::PopupMenu::Options::targetArea': 'juce::Rectangle<int>' needs to have dll-interface to be used by clients of 'juce::PopupMenu::Options' [C:\Users\lawre\plugin-GUI\Build\snap-gui.vcxproj]
  (compiling source file '../Source/Processors/ProcessorGraph/ProcessorGraph.cpp')
      C:\Users\lawre\plugin-GUI\JuceLibraryCode\modules\juce_graphics\geometry\juce_Rectangle.h(75,7):
      see declaration of 'juce::Rectangle<int>'
  
C:\Users\lawre\plugin-GUI\JuceLibraryCode\modules\juce_gui_basics\menus\juce_PopupMenu.h(659,34): warning C4251: 'juce::PopupMenu::Options::targetComponent': 'juce::WeakReference<juce::Component,juce::ReferenceCountedObject>' needs to have dll-interface to be used by clients of 'juce::PopupMenu::Options' [C:\Users\lawre\plugin-GUI\Build\snap-gui.vcxproj]
  (compiling source file '../Source/Processors/ProcessorGraph/ProcessorGraph.cpp')
      C:\Users\lawre\plugin-GUI\JuceLibraryCode\modules\juce_core\memory\juce_WeakReference.h(89,7):
      see declaration of 'juce::WeakReference<juce::Component,juce::ReferenceCountedObject>'
  
C:\Users\lawre\plugin-GUI\JuceLibraryCode\modules\juce_gui_basics\menus\juce_PopupMenu.h(659,51): warning C4251: 'juce::PopupMenu::Options::parentComponent': 'juce::WeakReference<juce::Component,juce::ReferenceCountedObject>' needs to have dll-interface to be used by clients of 'juce::PopupMenu::Options' [C:\Users\lawre\plugin-GUI\Build\snap-gui.vcxproj]
  (compiling source file '../Source/Processors/ProcessorGraph/ProcessorGraph.cpp')
      C:\Users\lawre\plugin-GUI\JuceLibraryCode\modules\juce_core\memory\juce_WeakReference.h(89,7):
      see declaration of 'juce::WeakReference<juce::Component,juce::ReferenceCountedObject>'
  
C:\Users\lawre\plugin-GUI\JuceLibraryCode\modules\juce_gui_basics\menus\juce_PopupMenu.h(659,68): warning C4251: 'juce::PopupMenu::Options::componentToWatchForDeletion': 'juce::WeakReference<juce::Component,juce::ReferenceCountedObject>' needs to have dll-interface to be used by clients of 'juce::PopupMenu::Options' [C:\Users\lawre\plugin-GUI\Build\snap-gui.vcxproj]
  (compiling source file '../Source/Processors/ProcessorGraph/ProcessorGraph.cpp')
      C:\Users\lawre\plugin-GUI\JuceLibraryCode\modules\juce_core\memory\juce_WeakReference.h(89,7):
      see declaration of 'juce::WeakReference<juce::Component,juce::ReferenceCountedObject>'
  
C:\Users\lawre\plugin-GUI\JuceLibraryCode\modules\juce_gui_basics\menus\juce_PopupMenu.h(659,97): warning C4251: 'juce::PopupMenu::Options::topLevelTarget': 'juce::WeakReference<juce::Component,juce::ReferenceCountedObject>' needs to have dll-interface to be used by clients of 'juce::PopupMenu::Options' [C:\Users\lawre\plugin-GUI\Build\snap-gui.vcxproj]
  (compiling source file '../Source/Processors/ProcessorGraph/ProcessorGraph.cpp')
      C:\Users\lawre\plugin-GUI\JuceLibraryCode\modules\juce_core\memory\juce_WeakReference.h(89,7):
      see declaration of 'juce::WeakReference<juce::Component,juce::ReferenceCountedObject>'
  
C:\Users\lawre\plugin-GUI\JuceLibraryCode\modules\juce_gui_basics\menus\juce_PopupMenu.h(839,20): warning C4251: 'juce::PopupMenu::MenuItemIterator::index': 'juce::Array<int,juce::DummyCriticalSection,0>' needs to have dll-interface to be used by clients of 'juce::PopupMenu::MenuItemIterator' [C:\Users\lawre\plugin-GUI\Build\snap-gui.vcxproj]
  (compiling source file '../Source/Processors/ProcessorGraph/ProcessorGraph.cpp')
      C:\Users\lawre\plugin-GUI\JuceLibraryCode\modules\juce_core\containers\juce_Array.h(67,7):
      see declaration of 'juce::Array<int,juce::DummyCriticalSection,0>'
  
C:\Users\lawre\plugin-GUI\JuceLibraryCode\modules\juce_gui_basics\menus\juce_PopupMenu.h(840,33): warning C4251: 'juce::PopupMenu::MenuItemIterator::menus': 'juce::Array<const juce::PopupMenu *,juce::DummyCriticalSection,0>' needs to have dll-interface to be used by clients of 'juce::PopupMenu::MenuItemIterator' [C:\Users\lawre\plugin-GUI\Build\snap-gui.vcxproj]
  (compiling source file '../Source/Processors/ProcessorGraph/ProcessorGraph.cpp')
      C:\Users\lawre\plugin-GUI\JuceLibraryCode\modules\juce_core\containers\juce_Array.h(67,7):
      see declaration of 'juce::Array<const juce::PopupMenu *,juce::DummyCriticalSection,0>'
  
C:\Users\lawre\plugin-GUI\JuceLibraryCode\modules\juce_gui_basics\menus\juce_PopupMenu.h(1065,17): warning C4251: 'juce::PopupMenu::items': 'juce::Array<juce::PopupMenu::Item,juce::DummyCriticalSection,0>' needs to have dll-interface to be used by clients of 'juce::PopupMenu' [C:\Users\lawre\plugin-GUI\Build\snap-gui.vcxproj]
  (compiling source file '../Source/Processors/ProcessorGraph/ProcessorGraph.cpp')
      C:\Users\lawre\plugin-GUI\JuceLibraryCode\modules\juce_core\containers\juce_Array.h(67,7):
      see declaration of 'juce::Array<juce::PopupMenu::Item,juce::DummyCriticalSection,0>'
  
C:\Users\lawre\plugin-GUI\JuceLibraryCode\modules\juce_gui_basics\menus\juce_PopupMenu.h(1066,32): warning C4251: 'juce::PopupMenu::lookAndFeel': 'juce::WeakReference<juce::LookAndFeel,juce::ReferenceCountedObject>' needs to have dll-interface to be used by clients of 'juce::PopupMenu' [C:\Users\lawre\plugin-GUI\Build\snap-gui.vcxproj]
  (compiling source file '../Source/Processors/ProcessorGraph/ProcessorGraph.cpp')
      C:\Users\lawre\plugin-GUI\JuceLibraryCode\modules\juce_core\memory\juce_WeakReference.h(89,7):
      see declaration of 'juce::WeakReference<juce::LookAndFeel,juce::ReferenceCountedObject>'
  
C:\Users\lawre\plugin-GUI\JuceLibraryCode\modules\juce_gui_basics\menus\juce_MenuBarModel.h(195,28): warning C4251: 'juce::MenuBarModel::listeners': 'juce::ListenerList<juce::MenuBarModel::Listener,juce::Array<ListenerClass *,juce::DummyCriticalSection,0>>' needs to have dll-interface to be used by clients of 'juce::MenuBarModel' [C:\Users\lawre\plugin-GUI\Build\snap-gui.vcxproj]
C:\Users\lawre\plugin-GUI\JuceLibraryCode\modules\juce_gui_basics\menus\juce_MenuBarModel.h(195,28): warning C4251:         with [C:\Users\lawre\plugin-GUI\Build\snap-gui.vcxproj]
C:\Users\lawre\plugin-GUI\JuceLibraryCode\modules\juce_gui_basics\menus\juce_MenuBarModel.h(195,28): warning C4251:         [ [C:\Users\lawre\plugin-GUI\Build\snap-gui.vcxproj]
C:\Users\lawre\plugin-GUI\JuceLibraryCode\modules\juce_gui_basics\menus\juce_MenuBarModel.h(195,28): warning C4251:             ListenerClass=juce::MenuBarModel::Listener [C:\Users\lawre\plugin-GUI\Build\snap-gui.vcxproj]
C:\Users\lawre\plugin-GUI\JuceLibraryCode\modules\juce_gui_basics\menus\juce_MenuBarModel.h(195,28): warning C4251:         ] [C:\Users\lawre\plugin-GUI\Build\snap-gui.vcxproj]
  (compiling source file '../Source/Processors/ProcessorGraph/ProcessorGraph.cpp')
      C:\Users\lawre\plugin-GUI\JuceLibraryCode\modules\juce_core\containers\juce_ListenerList.h(71,7):
      see declaration of 'juce::ListenerList<juce::MenuBarModel::Listener,juce::Array<ListenerClass *,juce::DummyCriticalSection,0>>'
          with
          [
              ListenerClass=juce::MenuBarModel::Listener
          ]
  
C:\Users\lawre\plugin-GUI\JuceLibraryCode\modules\juce_gui_basics\menus\juce_MenuBarComponent.h(129,59): warning C4251: 'juce::MenuBarComponent::itemComponents': 'std::vector<std::unique_ptr<juce::MenuBarComponent::AccessibleItemComponent,std::default_delete<juce::MenuBarComponent::AccessibleItemComponent>>,std::allocator<std::unique_ptr<juce::MenuBarComponent::AccessibleItemComponent,std::default_delete<juce::MenuBarComponent::AccessibleItemComponent>>>>' needs to have dll-interface to be used by clients of 'juce::MenuBarComponent' [C:\Users\lawre\plugin-GUI\Build\snap-gui.vcxproj]
  (compiling source file '../Source/Processors/ProcessorGraph/ProcessorGraph.cpp')
      C:\Program Files (x86)\Microsoft Visual Studio\2022\BuildTools\VC\Tools\MSVC\14.44.35207\include\vector(442,7):
      see declaration of 'std::vector<std::unique_ptr<juce::MenuBarComponent::AccessibleItemComponent,std::default_delete<juce::MenuBarComponent::AccessibleItemComponent>>,std::allocator<std::unique_ptr<juce::MenuBarComponent::AccessibleItemComponent,std::default_delete<juce::MenuBarComponent::AccessibleItemComponent>>>>'
  
C:\Users\lawre\plugin-GUI\JuceLibraryCode\modules\juce_gui_basics\menus\juce_MenuBarComponent.h(131,16): warning C4251: 'juce::MenuBarComponent::lastMousePos': 'juce::Point<int>' needs to have dll-interface to be used by clients of 'juce::MenuBarComponent' [C:\Users\lawre\plugin-GUI\Build\snap-gui.vcxproj]
  (compiling source file '../Source/Processors/ProcessorGraph/ProcessorGraph.cpp')
      C:\Users\lawre\plugin-GUI\JuceLibraryCode\modules\juce_graphics\geometry\juce_Point.h(50,7):
      see declaration of 'juce::Point<int>'
  
C:\Users\lawre\plugin-GUI\JuceLibraryCode\modules\juce_gui_basics\positioning\juce_MarkerList.h(196,24): warning C4251: 'juce::MarkerList::markers': 'juce::OwnedArray<juce::MarkerList::Marker,juce::DummyCriticalSection>' needs to have dll-interface to be used by clients of 'juce::MarkerList' [C:\Users\lawre\plugin-GUI\Build\snap-gui.vcxproj]
  (compiling source file '../Source/Processors/ProcessorGraph/ProcessorGraph.cpp')
      C:\Users\lawre\plugin-GUI\JuceLibraryCode\modules\juce_core\containers\juce_OwnedArray.h(61,7):
      see declaration of 'juce::OwnedArray<juce::MarkerList::Marker,juce::DummyCriticalSection>'
  
C:\Users\lawre\plugin-GUI\JuceLibraryCode\modules\juce_gui_basics\positioning\juce_MarkerList.h(197,28): warning C4251: 'juce::MarkerList::listeners': 'juce::ListenerList<juce::MarkerList::Listener,juce::Array<ListenerClass *,juce::DummyCriticalSection,0>>' needs to have dll-interface to be used by clients of 'juce::MarkerList' [C:\Users\lawre\plugin-GUI\Build\snap-gui.vcxproj]
C:\Users\lawre\plugin-GUI\JuceLibraryCode\modules\juce_gui_basics\positioning\juce_MarkerList.h(197,28): warning C4251:         with [C:\Users\lawre\plugin-GUI\Build\snap-gui.vcxproj]
C:\Users\lawre\plugin-GUI\JuceLibraryCode\modules\juce_gui_basics\positioning\juce_MarkerList.h(197,28): warning C4251:         [ [C:\Users\lawre\plugin-GUI\Build\snap-gui.vcxproj]
C:\Users\lawre\plugin-GUI\JuceLibraryCode\modules\juce_gui_basics\positioning\juce_MarkerList.h(197,28): warning C4251:             ListenerClass=juce::MarkerList::Listener [C:\Users\lawre\plugin-GUI\Build\snap-gui.vcxproj]
C:\Users\lawre\plugin-GUI\JuceLibraryCode\modules\juce_gui_basics\positioning\juce_MarkerList.h(197,28): warning C4251:         ] [C:\Users\lawre\plugin-GUI\Build\snap-gui.vcxproj]
  (compiling source file '../Source/Processors/ProcessorGraph/ProcessorGraph.cpp')
      C:\Users\lawre\plugin-GUI\JuceLibraryCode\modules\juce_core\containers\juce_ListenerList.h(71,7):
      see declaration of 'juce::ListenerList<juce::MarkerList::Listener,juce::Array<ListenerClass *,juce::DummyCriticalSection,0>>'
          with
          [
              ListenerClass=juce::MarkerList::Listener
          ]
  
C:\Users\lawre\plugin-GUI\JuceLibraryCode\modules\juce_gui_basics\positioning\juce_RelativeCoordinatePositioner.h(88,23): warning C4251: 'juce::RelativeCoordinatePositionerBase::sourceComponents': 'juce::Array<juce::Component *,juce::DummyCriticalSection,0>' needs to have dll-interface to be used by clients of 'juce::RelativeCoordinatePositionerBase' [C:\Users\lawre\plugin-GUI\Build\snap-gui.vcxproj]
  (compiling source file '../Source/Processors/ProcessorGraph/ProcessorGraph.cpp')
      C:\Users\lawre\plugin-GUI\JuceLibraryCode\modules\juce_core\containers\juce_Array.h(67,7):
      see declaration of 'juce::Array<juce::Component *,juce::DummyCriticalSection,0>'
  
C:\Users\lawre\plugin-GUI\JuceLibraryCode\modules\juce_gui_basics\positioning\juce_RelativeCoordinatePositioner.h(89,24): warning C4251: 'juce::RelativeCoordinatePositionerBase::sourceMarkerLists': 'juce::Array<juce::MarkerList *,juce::DummyCriticalSection,0>' needs to have dll-interface to be used by clients of 'juce::RelativeCoordinatePositionerBase' [C:\Users\lawre\plugin-GUI\Build\snap-gui.vcxproj]
  (compiling source file '../Source/Processors/ProcessorGraph/ProcessorGraph.cpp')
      C:\Users\lawre\plugin-GUI\JuceLibraryCode\modules\juce_core\containers\juce_Array.h(67,7):
      see declaration of 'juce::Array<juce::MarkerList *,juce::DummyCriticalSection,0>'
  
C:\Users\lawre\plugin-GUI\JuceLibraryCode\modules\juce_gui_basics\positioning\juce_RelativePointPath.h(188,29): warning C4251: 'juce::RelativePointPath::elements': 'juce::OwnedArray<juce::RelativePointPath::ElementBase,juce::DummyCriticalSection>' needs to have dll-interface to be used by clients of 'juce::RelativePointPath' [C:\Users\lawre\plugin-GUI\Build\snap-gui.vcxproj]
  (compiling source file '../Source/Processors/ProcessorGraph/ProcessorGraph.cpp')
      C:\Users\lawre\plugin-GUI\JuceLibraryCode\modules\juce_core\containers\juce_OwnedArray.h(61,7):
      see declaration of 'juce::OwnedArray<juce::RelativePointPath::ElementBase,juce::DummyCriticalSection>'
  
C:\Users\lawre\plugin-GUI\JuceLibraryCode\modules\juce_gui_basics\drawables\juce_DrawableShape.h(126,18): warning C4251: 'juce::DrawableShape::dashLengths': 'juce::Array<float,juce::DummyCriticalSection,0>' needs to have dll-interface to be used by clients of 'juce::DrawableShape' [C:\Users\lawre\plugin-GUI\Build\snap-gui.vcxproj]
  (compiling source file '../Source/Processors/ProcessorGraph/ProcessorGraph.cpp')
      C:\Users\lawre\plugin-GUI\JuceLibraryCode\modules\juce_core\containers\juce_Array.h(67,7):
      see declaration of 'juce::Array<float,juce::DummyCriticalSection,0>'
  
C:\Users\lawre\plugin-GUI\JuceLibraryCode\modules\juce_gui_basics\drawables\juce_DrawableComposite.h(116,26): warning C4251: 'juce::DrawableComposite::bounds': 'juce::Parallelogram<float>' needs to have dll-interface to be used by clients of 'juce::DrawableComposite' [C:\Users\lawre\plugin-GUI\Build\snap-gui.vcxproj]
  (compiling source file '../Source/Processors/ProcessorGraph/ProcessorGraph.cpp')
      C:\Users\lawre\plugin-GUI\JuceLibraryCode\modules\juce_graphics\geometry\juce_Parallelogram.h(46,7):
      see declaration of 'juce::Parallelogram<float>'
  
C:\Users\lawre\plugin-GUI\JuceLibraryCode\modules\juce_gui_basics\drawables\juce_DrawableComposite.h(117,22): warning C4251: 'juce::DrawableComposite::contentArea': 'juce::Rectangle<float>' needs to have dll-interface to be used by clients of 'juce::DrawableComposite' [C:\Users\lawre\plugin-GUI\Build\snap-gui.vcxproj]
  (compiling source file '../Source/Processors/ProcessorGraph/ProcessorGraph.cpp')
      C:\Users\lawre\plugin-GUI\JuceLibraryCode\modules\juce_graphics\geometry\juce_Rectangle.h(75,7):
      see declaration of 'juce::Rectangle<float>'
  
C:\Users\lawre\plugin-GUI\JuceLibraryCode\modules\juce_gui_basics\drawables\juce_DrawableImage.h(120,26): warning C4251: 'juce::DrawableImage::bounds': 'juce::Parallelogram<float>' needs to have dll-interface to be used by clients of 'juce::DrawableImage' [C:\Users\lawre\plugin-GUI\Build\snap-gui.vcxproj]
  (compiling source file '../Source/Processors/ProcessorGraph/ProcessorGraph.cpp')
      C:\Users\lawre\plugin-GUI\JuceLibraryCode\modules\juce_graphics\geometry\juce_Parallelogram.h(46,7):
      see declaration of 'juce::Parallelogram<float>'
  
C:\Users\lawre\plugin-GUI\JuceLibraryCode\modules\juce_gui_basics\drawables\juce_DrawableRectangle.h(76,26): warning C4251: 'juce::DrawableRectangle::bounds': 'juce::Parallelogram<float>' needs to have dll-interface to be used by clients of 'juce::DrawableRectangle' [C:\Users\lawre\plugin-GUI\Build\snap-gui.vcxproj]
  (compiling source file '../Source/Processors/ProcessorGraph/ProcessorGraph.cpp')
      C:\Users\lawre\plugin-GUI\JuceLibraryCode\modules\juce_graphics\geometry\juce_Parallelogram.h(46,7):
      see declaration of 'juce::Parallelogram<float>'
  
C:\Users\lawre\plugin-GUI\JuceLibraryCode\modules\juce_gui_basics\drawables\juce_DrawableRectangle.h(77,18): warning C4251: 'juce::DrawableRectangle::cornerSize': 'juce::Point<float>' needs to have dll-interface to be used by clients of 'juce::DrawableRectangle' [C:\Users\lawre\plugin-GUI\Build\snap-gui.vcxproj]
  (compiling source file '../Source/Processors/ProcessorGraph/ProcessorGraph.cpp')
      C:\Users\lawre\plugin-GUI\JuceLibraryCode\modules\juce_graphics\geometry\juce_Point.h(50,7):
      see declaration of 'juce::Point<float>'
  
C:\Users\lawre\plugin-GUI\JuceLibraryCode\modules\juce_gui_basics\drawables\juce_DrawableText.h(115,26): warning C4251: 'juce::DrawableText::bounds': 'juce::Parallelogram<float>' needs to have dll-interface to be used by clients of 'juce::DrawableText' [C:\Users\lawre\plugin-GUI\Build\snap-gui.vcxproj]
  (compiling source file '../Source/Processors/ProcessorGraph/ProcessorGraph.cpp')
      C:\Users\lawre\plugin-GUI\JuceLibraryCode\modules\juce_graphics\geometry\juce_Parallelogram.h(46,7):
      see declaration of 'juce::Parallelogram<float>'
  
C:\Users\lawre\plugin-GUI\JuceLibraryCode\modules\juce_gui_basics\drawables\juce_DrawableText.h(120,19): warning C4251: 'juce::DrawableText::justification': 'juce::Justification' needs to have dll-interface to be used by clients of 'juce::DrawableText' [C:\Users\lawre\plugin-GUI\Build\snap-gui.vcxproj]
  (compiling source file '../Source/Processors/ProcessorGraph/ProcessorGraph.cpp')
      C:\Users\lawre\plugin-GUI\JuceLibraryCode\modules\juce_graphics\placement\juce_Justification.h(49,7):
      see declaration of 'juce::Justification'
  
C:\Users\lawre\plugin-GUI\JuceLibraryCode\modules\juce_gui_basics\widgets\juce_TextEditor.h(357,27): warning C4251: 'juce::TextEditor::onTextChange': 'std::function<void (void)>' needs to have dll-interface to be used by clients of 'juce::TextEditor' [C:\Users\lawre\plugin-GUI\Build\snap-gui.vcxproj]
  (compiling source file '../Source/Processors/ProcessorGraph/ProcessorGraph.cpp')
      C:\Program Files (x86)\Microsoft Visual Studio\2022\BuildTools\VC\Tools\MSVC\14.44.35207\include\functional(1089,7):
      see declaration of 'std::function<void (void)>'
  
C:\Users\lawre\plugin-GUI\JuceLibraryCode\modules\juce_gui_basics\widgets\juce_TextEditor.h(360,27): warning C4251: 'juce::TextEditor::onReturnKey': 'std::function<void (void)>' needs to have dll-interface to be used by clients of 'juce::TextEditor' [C:\Users\lawre\plugin-GUI\Build\snap-gui.vcxproj]
  (compiling source file '../Source/Processors/ProcessorGraph/ProcessorGraph.cpp')
      C:\Program Files (x86)\Microsoft Visual Studio\2022\BuildTools\VC\Tools\MSVC\14.44.35207\include\functional(1089,7):
      see declaration of 'std::function<void (void)>'
  
C:\Users\lawre\plugin-GUI\JuceLibraryCode\modules\juce_gui_basics\widgets\juce_TextEditor.h(363,27): warning C4251: 'juce::TextEditor::onEscapeKey': 'std::function<void (void)>' needs to have dll-interface to be used by clients of 'juce::TextEditor' [C:\Users\lawre\plugin-GUI\Build\snap-gui.vcxproj]
  (compiling source file '../Source/Processors/ProcessorGraph/ProcessorGraph.cpp')
      C:\Program Files (x86)\Microsoft Visual Studio\2022\BuildTools\VC\Tools\MSVC\14.44.35207\include\functional(1089,7):
      see declaration of 'std::function<void (void)>'
  
C:\Users\lawre\plugin-GUI\JuceLibraryCode\modules\juce_gui_basics\widgets\juce_TextEditor.h(366,27): warning C4251: 'juce::TextEditor::onFocusLost': 'std::function<void (void)>' needs to have dll-interface to be used by clients of 'juce::TextEditor' [C:\Users\lawre\plugin-GUI\Build\snap-gui.vcxproj]
  (compiling source file '../Source/Processors/ProcessorGraph/ProcessorGraph.cpp')
      C:\Program Files (x86)\Microsoft Visual Studio\2022\BuildTools\VC\Tools\MSVC\14.44.35207\include\functional(1089,7):
      see declaration of 'std::function<void (void)>'
  
C:\Users\lawre\plugin-GUI\JuceLibraryCode\modules\juce_gui_basics\widgets\juce_TextEditor.h(801,31): warning C4251: 'juce::TextEditor::viewport': 'std::unique_ptr<juce::Viewport,std::default_delete<juce::Viewport>>' needs to have dll-interface to be used by clients of 'juce::TextEditor' [C:\Users\lawre\plugin-GUI\Build\snap-gui.vcxproj]
  (compiling source file '../Source/Processors/ProcessorGraph/ProcessorGraph.cpp')
      C:\Program Files (x86)\Microsoft Visual Studio\2022\BuildTools\VC\Tools\MSVC\14.44.35207\include\memory(3347,7):
      see declaration of 'std::unique_ptr<juce::Viewport,std::default_delete<juce::Viewport>>'
  
C:\Users\lawre\plugin-GUI\JuceLibraryCode\modules\juce_gui_basics\widgets\juce_TextEditor.h(803,21): warning C4251: 'juce::TextEditor::borderSize': 'juce::BorderSize<int>' needs to have dll-interface to be used by clients of 'juce::TextEditor' [C:\Users\lawre\plugin-GUI\Build\snap-gui.vcxproj]
  (compiling source file '../Source/Processors/ProcessorGraph/ProcessorGraph.cpp')
      C:\Users\lawre\plugin-GUI\JuceLibraryCode\modules\juce_graphics\geometry\juce_BorderSize.h(50,7):
      see declaration of 'juce::BorderSize<int>'
  
C:\Users\lawre\plugin-GUI\JuceLibraryCode\modules\juce_gui_basics\widgets\juce_TextEditor.h(804,19): warning C4251: 'juce::TextEditor::justification': 'juce::Justification' needs to have dll-interface to be used by clients of 'juce::TextEditor' [C:\Users\lawre\plugin-GUI\Build\snap-gui.vcxproj]
  (compiling source file '../Source/Processors/ProcessorGraph/ProcessorGraph.cpp')
      C:\Users\lawre\plugin-GUI\JuceLibraryCode\modules\juce_graphics\placement\juce_Justification.h(49,7):
      see declaration of 'juce::Justification'
  
C:\Users\lawre\plugin-GUI\JuceLibraryCode\modules\juce_gui_basics\widgets\juce_TextEditor.h(805,31): warning C4251: 'juce::TextEditor::globalMouseListener': 'juce::TextEditor::GlobalMouseListener' needs to have dll-interface to be used by clients of 'juce::TextEditor' [C:\Users\lawre\plugin-GUI\Build\snap-gui.vcxproj]
  (compiling source file '../Source/Processors/ProcessorGraph/ProcessorGraph.cpp')
      C:\Users\lawre\plugin-GUI\JuceLibraryCode\modules\juce_gui_basics\widgets\juce_TextEditor.h(786,11):
      see declaration of 'juce::TextEditor::GlobalMouseListener'
  
C:\Users\lawre\plugin-GUI\JuceLibraryCode\modules\juce_gui_basics\widgets\juce_TextEditor.h(825,37): warning C4251: 'juce::TextEditor::caret': 'std::unique_ptr<juce::CaretComponent,std::default_delete<juce::CaretComponent>>' needs to have dll-interface to be used by clients of 'juce::TextEditor' [C:\Users\lawre\plugin-GUI\Build\snap-gui.vcxproj]
  (compiling source file '../Source/Processors/ProcessorGraph/ProcessorGraph.cpp')
      C:\Program Files (x86)\Microsoft Visual Studio\2022\BuildTools\VC\Tools\MSVC\14.44.35207\include\memory(3347,7):
      see declaration of 'std::unique_ptr<juce::CaretComponent,std::default_delete<juce::CaretComponent>>'
  
C:\Users\lawre\plugin-GUI\JuceLibraryCode\modules\juce_gui_basics\widgets\juce_TextEditor.h(826,16): warning C4251: 'juce::TextEditor::selection': 'juce::Range<int>' needs to have dll-interface to be used by clients of 'juce::TextEditor' [C:\Users\lawre\plugin-GUI\Build\snap-gui.vcxproj]
  (compiling source file '../Source/Processors/ProcessorGraph/ProcessorGraph.cpp')
      C:\Users\lawre\plugin-GUI\JuceLibraryCode\modules\juce_core\maths\juce_Range.h(51,7):
      see declaration of 'juce::Range<int>'
  
C:\Users\lawre\plugin-GUI\JuceLibraryCode\modules\juce_gui_basics\widgets\juce_TextEditor.h(879,40): warning C4251: 'juce::TextEditor::inputFilter': 'juce::OptionalScopedPointer<juce::TextEditor::InputFilter>' needs to have dll-interface to be used by clients of 'juce::TextEditor' [C:\Users\lawre\plugin-GUI\Build\snap-gui.vcxproj]
  (compiling source file '../Source/Processors/ProcessorGraph/ProcessorGraph.cpp')
      C:\Users\lawre\plugin-GUI\JuceLibraryCode\modules\juce_core\memory\juce_OptionalScopedPointer.h(49,7):
      see declaration of 'juce::OptionalScopedPointer<juce::TextEditor::InputFilter>'
  
C:\Users\lawre\plugin-GUI\JuceLibraryCode\modules\juce_gui_basics\widgets\juce_TextEditor.h(893,28): warning C4251: 'juce::TextEditor::listeners': 'juce::ListenerList<juce::TextEditor::Listener,juce::Array<ListenerClass *,juce::DummyCriticalSection,0>>' needs to have dll-interface to be used by clients of 'juce::TextEditor' [C:\Users\lawre\plugin-GUI\Build\snap-gui.vcxproj]
C:\Users\lawre\plugin-GUI\JuceLibraryCode\modules\juce_gui_basics\widgets\juce_TextEditor.h(893,28): warning C4251:         with [C:\Users\lawre\plugin-GUI\Build\snap-gui.vcxproj]
C:\Users\lawre\plugin-GUI\JuceLibraryCode\modules\juce_gui_basics\widgets\juce_TextEditor.h(893,28): warning C4251:         [ [C:\Users\lawre\plugin-GUI\Build\snap-gui.vcxproj]
C:\Users\lawre\plugin-GUI\JuceLibraryCode\modules\juce_gui_basics\widgets\juce_TextEditor.h(893,28): warning C4251:             ListenerClass=juce::TextEditor::Listener [C:\Users\lawre\plugin-GUI\Build\snap-gui.vcxproj]
C:\Users\lawre\plugin-GUI\JuceLibraryCode\modules\juce_gui_basics\widgets\juce_TextEditor.h(893,28): warning C4251:         ] [C:\Users\lawre\plugin-GUI\Build\snap-gui.vcxproj]
  (compiling source file '../Source/Processors/ProcessorGraph/ProcessorGraph.cpp')
      C:\Users\lawre\plugin-GUI\JuceLibraryCode\modules\juce_core\containers\juce_ListenerList.h(71,7):
      see declaration of 'juce::ListenerList<juce::TextEditor::Listener,juce::Array<ListenerClass *,juce::DummyCriticalSection,0>>'
          with
          [
              ListenerClass=juce::TextEditor::Listener
          ]
  
C:\Users\lawre\plugin-GUI\JuceLibraryCode\modules\juce_gui_basics\widgets\juce_TextEditor.h(894,23): warning C4251: 'juce::TextEditor::underlinedSections': 'juce::Array<juce::Range<int>,juce::DummyCriticalSection,0>' needs to have dll-interface to be used by clients of 'juce::TextEditor' [C:\Users\lawre\plugin-GUI\Build\snap-gui.vcxproj]
  (compiling source file '../Source/Processors/ProcessorGraph/ProcessorGraph.cpp')
      C:\Users\lawre\plugin-GUI\JuceLibraryCode\modules\juce_core\containers\juce_Array.h(67,7):
      see declaration of 'juce::Array<juce::Range<int>,juce::DummyCriticalSection,0>'
  
C:\Users\lawre\plugin-GUI\JuceLibraryCode\modules\juce_gui_basics\widgets\juce_TextEditor.h(943,40): warning C4251: 'juce::TextEditor::textStorage': 'std::unique_ptr<juce::TextEditor::TextEditorStorage,std::default_delete<juce::TextEditor::TextEditorStorage>>' needs to have dll-interface to be used by clients of 'juce::TextEditor' [C:\Users\lawre\plugin-GUI\Build\snap-gui.vcxproj]
  (compiling source file '../Source/Processors/ProcessorGraph/ProcessorGraph.cpp')
      C:\Program Files (x86)\Microsoft Visual Studio\2022\BuildTools\VC\Tools\MSVC\14.44.35207\include\memory(3347,7):
      see declaration of 'std::unique_ptr<juce::TextEditor::TextEditorStorage,std::default_delete<juce::TextEditor::TextEditorStorage>>'
  
C:\Users\lawre\plugin-GUI\JuceLibraryCode\modules\juce_gui_basics\widgets\juce_TextEditor.h(944,16): warning C4251: 'juce::TextEditor::caretState': 'juce::TextEditor::CaretState' needs to have dll-interface to be used by clients of 'juce::TextEditor' [C:\Users\lawre\plugin-GUI\Build\snap-gui.vcxproj]
  (compiling source file '../Source/Processors/ProcessorGraph/ProcessorGraph.cpp')
      C:\Users\lawre\plugin-GUI\JuceLibraryCode\modules\juce_gui_basics\widgets\juce_TextEditor.h(840,12):
      see declaration of 'juce::TextEditor::CaretState'
  
C:\Users\lawre\plugin-GUI\JuceLibraryCode\modules\juce_gui_basics\widgets\juce_Label.h(215,27): warning C4251: 'juce::Label::onTextChange': 'std::function<void (void)>' needs to have dll-interface to be used by clients of 'juce::Label' [C:\Users\lawre\plugin-GUI\Build\snap-gui.vcxproj]
  (compiling source file '../Source/Processors/ProcessorGraph/ProcessorGraph.cpp')
      C:\Program Files (x86)\Microsoft Visual Studio\2022\BuildTools\VC\Tools\MSVC\14.44.35207\include\functional(1089,7):
      see declaration of 'std::function<void (void)>'
  
C:\Users\lawre\plugin-GUI\JuceLibraryCode\modules\juce_gui_basics\widgets\juce_Label.h(218,27): warning C4251: 'juce::Label::onEditorShow': 'std::function<void (void)>' needs to have dll-interface to be used by clients of 'juce::Label' [C:\Users\lawre\plugin-GUI\Build\snap-gui.vcxproj]
  (compiling source file '../Source/Processors/ProcessorGraph/ProcessorGraph.cpp')
      C:\Program Files (x86)\Microsoft Visual Studio\2022\BuildTools\VC\Tools\MSVC\14.44.35207\include\functional(1089,7):
      see declaration of 'std::function<void (void)>'
  
C:\Users\lawre\plugin-GUI\JuceLibraryCode\modules\juce_gui_basics\widgets\juce_Label.h(221,27): warning C4251: 'juce::Label::onEditorHide': 'std::function<void (void)>' needs to have dll-interface to be used by clients of 'juce::Label' [C:\Users\lawre\plugin-GUI\Build\snap-gui.vcxproj]
  (compiling source file '../Source/Processors/ProcessorGraph/ProcessorGraph.cpp')
      C:\Program Files (x86)\Microsoft Visual Studio\2022\BuildTools\VC\Tools\MSVC\14.44.35207\include\functional(1089,7):
      see declaration of 'std::function<void (void)>'
  
C:\Users\lawre\plugin-GUI\JuceLibraryCode\modules\juce_gui_basics\widgets\juce_Label.h(359,19): warning C4251: 'juce::Label::justification': 'juce::Justification' needs to have dll-interface to be used by clients of 'juce::Label' [C:\Users\lawre\plugin-GUI\Build\snap-gui.vcxproj]
  (compiling source file '../Source/Processors/ProcessorGraph/ProcessorGraph.cpp')
      C:\Users\lawre\plugin-GUI\JuceLibraryCode\modules\juce_graphics\placement\juce_Justification.h(49,7):
      see declaration of 'juce::Justification'
  
C:\Users\lawre\plugin-GUI\JuceLibraryCode\modules\juce_gui_basics\widgets\juce_Label.h(360,33): warning C4251: 'juce::Label::editor': 'std::unique_ptr<juce::TextEditor,std::default_delete<juce::TextEditor>>' needs to have dll-interface to be used by clients of 'juce::Label' [C:\Users\lawre\plugin-GUI\Build\snap-gui.vcxproj]
  (compiling source file '../Source/Processors/ProcessorGraph/ProcessorGraph.cpp')
      C:\Program Files (x86)\Microsoft Visual Studio\2022\BuildTools\VC\Tools\MSVC\14.44.35207\include\memory(3347,7):
      see declaration of 'std::unique_ptr<juce::TextEditor,std::default_delete<juce::TextEditor>>'
  
C:\Users\lawre\plugin-GUI\JuceLibraryCode\modules\juce_gui_basics\widgets\juce_Label.h(361,28): warning C4251: 'juce::Label::listeners': 'juce::ListenerList<juce::Label::Listener,juce::Array<ListenerClass *,juce::DummyCriticalSection,0>>' needs to have dll-interface to be used by clients of 'juce::Label' [C:\Users\lawre\plugin-GUI\Build\snap-gui.vcxproj]
C:\Users\lawre\plugin-GUI\JuceLibraryCode\modules\juce_gui_basics\widgets\juce_Label.h(361,28): warning C4251:         with [C:\Users\lawre\plugin-GUI\Build\snap-gui.vcxproj]
C:\Users\lawre\plugin-GUI\JuceLibraryCode\modules\juce_gui_basics\widgets\juce_Label.h(361,28): warning C4251:         [ [C:\Users\lawre\plugin-GUI\Build\snap-gui.vcxproj]
C:\Users\lawre\plugin-GUI\JuceLibraryCode\modules\juce_gui_basics\widgets\juce_Label.h(361,28): warning C4251:             ListenerClass=juce::Label::Listener [C:\Users\lawre\plugin-GUI\Build\snap-gui.vcxproj]
C:\Users\lawre\plugin-GUI\JuceLibraryCode\modules\juce_gui_basics\widgets\juce_Label.h(361,28): warning C4251:         ] [C:\Users\lawre\plugin-GUI\Build\snap-gui.vcxproj]
  (compiling source file '../Source/Processors/ProcessorGraph/ProcessorGraph.cpp')
      C:\Users\lawre\plugin-GUI\JuceLibraryCode\modules\juce_core\containers\juce_ListenerList.h(71,7):
      see declaration of 'juce::ListenerList<juce::Label::Listener,juce::Array<ListenerClass *,juce::DummyCriticalSection,0>>'
          with
          [
              ListenerClass=juce::Label::Listener
          ]
  
C:\Users\lawre\plugin-GUI\JuceLibraryCode\modules\juce_gui_basics\widgets\juce_Label.h(362,30): warning C4251: 'juce::Label::ownerComponent': 'juce::WeakReference<juce::Component,juce::ReferenceCountedObject>' needs to have dll-interface to be used by clients of 'juce::Label' [C:\Users\lawre\plugin-GUI\Build\snap-gui.vcxproj]
  (compiling source file '../Source/Processors/ProcessorGraph/ProcessorGraph.cpp')
      C:\Users\lawre\plugin-GUI\JuceLibraryCode\modules\juce_core\memory\juce_WeakReference.h(89,7):
      see declaration of 'juce::WeakReference<juce::Component,juce::ReferenceCountedObject>'
  
C:\Users\lawre\plugin-GUI\JuceLibraryCode\modules\juce_gui_basics\widgets\juce_Label.h(363,21): warning C4251: 'juce::Label::border': 'juce::BorderSize<int>' needs to have dll-interface to be used by clients of 'juce::Label' [C:\Users\lawre\plugin-GUI\Build\snap-gui.vcxproj]
  (compiling source file '../Source/Processors/ProcessorGraph/ProcessorGraph.cpp')
      C:\Users\lawre\plugin-GUI\JuceLibraryCode\modules\juce_graphics\geometry\juce_BorderSize.h(50,7):
      see declaration of 'juce::BorderSize<int>'
  
C:\Users\lawre\plugin-GUI\JuceLibraryCode\modules\juce_gui_basics\widgets\juce_ComboBox.h(316,27): warning C4251: 'juce::ComboBox::onChange': 'std::function<void (void)>' needs to have dll-interface to be used by clients of 'juce::ComboBox' [C:\Users\lawre\plugin-GUI\Build\snap-gui.vcxproj]
  (compiling source file '../Source/Processors/ProcessorGraph/ProcessorGraph.cpp')
      C:\Program Files (x86)\Microsoft Visual Studio\2022\BuildTools\VC\Tools\MSVC\14.44.35207\include\functional(1089,7):
      see declaration of 'std::function<void (void)>'
  
C:\Users\lawre\plugin-GUI\JuceLibraryCode\modules\juce_gui_basics\widgets\juce_ComboBox.h(457,28): warning C4251: 'juce::ComboBox::listeners': 'juce::ListenerList<juce::ComboBox::Listener,juce::Array<ListenerClass *,juce::DummyCriticalSection,0>>' needs to have dll-interface to be used by clients of 'juce::ComboBox' [C:\Users\lawre\plugin-GUI\Build\snap-gui.vcxproj]
C:\Users\lawre\plugin-GUI\JuceLibraryCode\modules\juce_gui_basics\widgets\juce_ComboBox.h(457,28): warning C4251:         with [C:\Users\lawre\plugin-GUI\Build\snap-gui.vcxproj]
C:\Users\lawre\plugin-GUI\JuceLibraryCode\modules\juce_gui_basics\widgets\juce_ComboBox.h(457,28): warning C4251:         [ [C:\Users\lawre\plugin-GUI\Build\snap-gui.vcxproj]
C:\Users\lawre\plugin-GUI\JuceLibraryCode\modules\juce_gui_basics\widgets\juce_ComboBox.h(457,28): warning C4251:             ListenerClass=juce::ComboBox::Listener [C:\Users\lawre\plugin-GUI\Build\snap-gui.vcxproj]
C:\Users\lawre\plugin-GUI\JuceLibraryCode\modules\juce_gui_basics\widgets\juce_ComboBox.h(457,28): warning C4251:         ] [C:\Users\lawre\plugin-GUI\Build\snap-gui.vcxproj]
  (compiling source file '../Source/Processors/ProcessorGraph/ProcessorGraph.cpp')
      C:\Users\lawre\plugin-GUI\JuceLibraryCode\modules\juce_core\containers\juce_ListenerList.h(71,7):
      see declaration of 'juce::ListenerList<juce::ComboBox::Listener,juce::Array<ListenerClass *,juce::DummyCriticalSection,0>>'
          with
          [
              ListenerClass=juce::ComboBox::Listener
          ]
  
C:\Users\lawre\plugin-GUI\JuceLibraryCode\modules\juce_gui_basics\widgets\juce_ComboBox.h(458,28): warning C4251: 'juce::ComboBox::label': 'std::unique_ptr<juce::Label,std::default_delete<juce::Label>>' needs to have dll-interface to be used by clients of 'juce::ComboBox' [C:\Users\lawre\plugin-GUI\Build\snap-gui.vcxproj]
  (compiling source file '../Source/Processors/ProcessorGraph/ProcessorGraph.cpp')
      C:\Program Files (x86)\Microsoft Visual Studio\2022\BuildTools\VC\Tools\MSVC\14.44.35207\include\memory(3347,7):
      see declaration of 'std::unique_ptr<juce::Label,std::default_delete<juce::Label>>'
  
C:\Users\lawre\plugin-GUI\JuceLibraryCode\modules\juce_gui_basics\widgets\juce_ListBox.h(185,28): warning C4251: 'juce::ListBoxModel::sharedState': 'std::shared_ptr<juce::ListBoxModel::Empty>' needs to have dll-interface to be used by clients of 'juce::ListBoxModel' [C:\Users\lawre\plugin-GUI\Build\snap-gui.vcxproj]
  (compiling source file '../Source/Processors/ProcessorGraph/ProcessorGraph.cpp')
      C:\Program Files (x86)\Microsoft Visual Studio\2022\BuildTools\VC\Tools\MSVC\14.44.35207\include\memory(1565,7):
      see declaration of 'std::shared_ptr<juce::ListBoxModel::Empty>'
  
C:\Users\lawre\plugin-GUI\JuceLibraryCode\modules\juce_gui_basics\widgets\juce_ListBox.h(634,35): warning C4251: 'juce::ListBox::viewport': 'std::unique_ptr<juce::ListBox::ListViewport,std::default_delete<juce::ListBox::ListViewport>>' needs to have dll-interface to be used by clients of 'juce::ListBox' [C:\Users\lawre\plugin-GUI\Build\snap-gui.vcxproj]
  (compiling source file '../Source/Processors/ProcessorGraph/ProcessorGraph.cpp')
      C:\Program Files (x86)\Microsoft Visual Studio\2022\BuildTools\VC\Tools\MSVC\14.44.35207\include\memory(3347,7):
      see declaration of 'std::unique_ptr<juce::ListBox::ListViewport,std::default_delete<juce::ListBox::ListViewport>>'
  
C:\Users\lawre\plugin-GUI\JuceLibraryCode\modules\juce_gui_basics\widgets\juce_ListBox.h(635,32): warning C4251: 'juce::ListBox::headerComponent': 'std::unique_ptr<juce::Component,std::default_delete<juce::Component>>' needs to have dll-interface to be used by clients of 'juce::ListBox' [C:\Users\lawre\plugin-GUI\Build\snap-gui.vcxproj]
  (compiling source file '../Source/Processors/ProcessorGraph/ProcessorGraph.cpp')
      C:\Program Files (x86)\Microsoft Visual Studio\2022\BuildTools\VC\Tools\MSVC\14.44.35207\include\memory(3347,7):
      see declaration of 'std::unique_ptr<juce::Component,std::default_delete<juce::Component>>'
  
C:\Users\lawre\plugin-GUI\JuceLibraryCode\modules\juce_gui_basics\widgets\juce_ListBox.h(636,36): warning C4251: 'juce::ListBox::mouseMoveSelector': 'std::unique_ptr<juce::MouseListener,std::default_delete<juce::MouseListener>>' needs to have dll-interface to be used by clients of 'juce::ListBox' [C:\Users\lawre\plugin-GUI\Build\snap-gui.vcxproj]
  (compiling source file '../Source/Processors/ProcessorGraph/ProcessorGraph.cpp')
      C:\Program Files (x86)\Microsoft Visual Studio\2022\BuildTools\VC\Tools\MSVC\14.44.35207\include\memory(3347,7):
      see declaration of 'std::unique_ptr<juce::MouseListener,std::default_delete<juce::MouseListener>>'
  
C:\Users\lawre\plugin-GUI\JuceLibraryCode\modules\juce_gui_basics\widgets\juce_ListBox.h(637,20): warning C4251: 'juce::ListBox::selected': 'juce::SparseSet<int>' needs to have dll-interface to be used by clients of 'juce::ListBox' [C:\Users\lawre\plugin-GUI\Build\snap-gui.vcxproj]
  (compiling source file '../Source/Processors/ProcessorGraph/ProcessorGraph.cpp')
      C:\Users\lawre\plugin-GUI\JuceLibraryCode\modules\juce_core\containers\juce_SparseSet.h(52,7):
      see declaration of 'juce::SparseSet<int>'
  
C:\Users\lawre\plugin-GUI\JuceLibraryCode\modules\juce_gui_basics\widgets\juce_ListBox.h(644,40): warning C4251: 'juce::ListBox::weakModelPtr': 'std::weak_ptr<_Ty>' needs to have dll-interface to be used by clients of 'juce::ListBox' [C:\Users\lawre\plugin-GUI\Build\snap-gui.vcxproj]
C:\Users\lawre\plugin-GUI\JuceLibraryCode\modules\juce_gui_basics\widgets\juce_ListBox.h(644,40): warning C4251:         with [C:\Users\lawre\plugin-GUI\Build\snap-gui.vcxproj]
C:\Users\lawre\plugin-GUI\JuceLibraryCode\modules\juce_gui_basics\widgets\juce_ListBox.h(644,40): warning C4251:         [ [C:\Users\lawre\plugin-GUI\Build\snap-gui.vcxproj]
C:\Users\lawre\plugin-GUI\JuceLibraryCode\modules\juce_gui_basics\widgets\juce_ListBox.h(644,40): warning C4251:             _Ty=juce::ListBoxModel::Empty [C:\Users\lawre\plugin-GUI\Build\snap-gui.vcxproj]
C:\Users\lawre\plugin-GUI\JuceLibraryCode\modules\juce_gui_basics\widgets\juce_ListBox.h(644,40): warning C4251:         ] [C:\Users\lawre\plugin-GUI\Build\snap-gui.vcxproj]
  (compiling source file '../Source/Processors/ProcessorGraph/ProcessorGraph.cpp')
      C:\Program Files (x86)\Microsoft Visual Studio\2022\BuildTools\VC\Tools\MSVC\14.44.35207\include\memory(3136,7):
      see declaration of 'std::weak_ptr<_Ty>'
          with
          [
              _Ty=juce::ListBoxModel::Empty
          ]
  
C:\Users\lawre\plugin-GUI\JuceLibraryCode\modules\juce_gui_basics\widgets\juce_ProgressBar.h(204,26): warning C4251: 'juce::ProgressBar::style': 'std::optional<juce::ProgressBar::Style>' needs to have dll-interface to be used by clients of 'juce::ProgressBar' [C:\Users\lawre\plugin-GUI\Build\snap-gui.vcxproj]
  (compiling source file '../Source/Processors/ProcessorGraph/ProcessorGraph.cpp')
      C:\Program Files (x86)\Microsoft Visual Studio\2022\BuildTools\VC\Tools\MSVC\14.44.35207\include\optional(227,7):
      see declaration of 'std::optional<juce::ProgressBar::Style>'
  
C:\Users\lawre\plugin-GUI\JuceLibraryCode\modules\juce_gui_basics\widgets\juce_Slider.h(617,27): warning C4251: 'juce::Slider::onValueChange': 'std::function<void (void)>' needs to have dll-interface to be used by clients of 'juce::Slider' [C:\Users\lawre\plugin-GUI\Build\snap-gui.vcxproj]
  (compiling source file '../Source/Processors/ProcessorGraph/ProcessorGraph.cpp')
      C:\Program Files (x86)\Microsoft Visual Studio\2022\BuildTools\VC\Tools\MSVC\14.44.35207\include\functional(1089,7):
      see declaration of 'std::function<void (void)>'
  
C:\Users\lawre\plugin-GUI\JuceLibraryCode\modules\juce_gui_basics\widgets\juce_Slider.h(620,27): warning C4251: 'juce::Slider::onDragStart': 'std::function<void (void)>' needs to have dll-interface to be used by clients of 'juce::Slider' [C:\Users\lawre\plugin-GUI\Build\snap-gui.vcxproj]
  (compiling source file '../Source/Processors/ProcessorGraph/ProcessorGraph.cpp')
      C:\Program Files (x86)\Microsoft Visual Studio\2022\BuildTools\VC\Tools\MSVC\14.44.35207\include\functional(1089,7):
      see declaration of 'std::function<void (void)>'
  
C:\Users\lawre\plugin-GUI\JuceLibraryCode\modules\juce_gui_basics\widgets\juce_Slider.h(623,27): warning C4251: 'juce::Slider::onDragEnd': 'std::function<void (void)>' needs to have dll-interface to be used by clients of 'juce::Slider' [C:\Users\lawre\plugin-GUI\Build\snap-gui.vcxproj]
  (compiling source file '../Source/Processors/ProcessorGraph/ProcessorGraph.cpp')
      C:\Program Files (x86)\Microsoft Visual Studio\2022\BuildTools\VC\Tools\MSVC\14.44.35207\include\functional(1089,7):
      see declaration of 'std::function<void (void)>'
  
C:\Users\lawre\plugin-GUI\JuceLibraryCode\modules\juce_gui_basics\widgets\juce_Slider.h(626,43): warning C4251: 'juce::Slider::valueFromTextFunction': 'std::function<double (const juce::String &)>' needs to have dll-interface to be used by clients of 'juce::Slider' [C:\Users\lawre\plugin-GUI\Build\snap-gui.vcxproj]
  (compiling source file '../Source/Processors/ProcessorGraph/ProcessorGraph.cpp')
      C:\Program Files (x86)\Microsoft Visual Studio\2022\BuildTools\VC\Tools\MSVC\14.44.35207\include\functional(1089,7):
      see declaration of 'std::function<double (const juce::String &)>'
  
C:\Users\lawre\plugin-GUI\JuceLibraryCode\modules\juce_gui_basics\widgets\juce_Slider.h(629,36): warning C4251: 'juce::Slider::textFromValueFunction': 'std::function<juce::String (double)>' needs to have dll-interface to be used by clients of 'juce::Slider' [C:\Users\lawre\plugin-GUI\Build\snap-gui.vcxproj]
  (compiling source file '../Source/Processors/ProcessorGraph/ProcessorGraph.cpp')
      C:\Program Files (x86)\Microsoft Visual Studio\2022\BuildTools\VC\Tools\MSVC\14.44.35207\include\functional(1089,7):
      see declaration of 'std::function<juce::String (double)>'
  
C:\Users\lawre\plugin-GUI\JuceLibraryCode\modules\juce_gui_basics\widgets\juce_Slider.h(1040,28): warning C4251: 'juce::Slider::pimpl': 'std::unique_ptr<juce::Slider::Pimpl,std::default_delete<juce::Slider::Pimpl>>' needs to have dll-interface to be used by clients of 'juce::Slider' [C:\Users\lawre\plugin-GUI\Build\snap-gui.vcxproj]
  (compiling source file '../Source/Processors/ProcessorGraph/ProcessorGraph.cpp')
      C:\Program Files (x86)\Microsoft Visual Studio\2022\BuildTools\VC\Tools\MSVC\14.44.35207\include\memory(3347,7):
      see declaration of 'std::unique_ptr<juce::Slider::Pimpl,std::default_delete<juce::Slider::Pimpl>>'
  
C:\Users\lawre\plugin-GUI\JuceLibraryCode\modules\juce_gui_basics\widgets\juce_TableHeaderComponent.h(446,28): warning C4251: 'juce::TableHeaderComponent::columns': 'juce::OwnedArray<juce::TableHeaderComponent::ColumnInfo,juce::DummyCriticalSection>' needs to have dll-interface to be used by clients of 'juce::TableHeaderComponent' [C:\Users\lawre\plugin-GUI\Build\snap-gui.vcxproj]
  (compiling source file '../Source/Processors/ProcessorGraph/ProcessorGraph.cpp')
      C:\Users\lawre\plugin-GUI\JuceLibraryCode\modules\juce_core\containers\juce_OwnedArray.h(61,7):
      see declaration of 'juce::OwnedArray<juce::TableHeaderComponent::ColumnInfo,juce::DummyCriticalSection>'
  
C:\Users\lawre\plugin-GUI\JuceLibraryCode\modules\juce_gui_basics\widgets\juce_TableHeaderComponent.h(447,22): warning C4251: 'juce::TableHeaderComponent::listeners': 'juce::Array<juce::TableHeaderComponent::Listener *,juce::DummyCriticalSection,0>' needs to have dll-interface to be used by clients of 'juce::TableHeaderComponent' [C:\Users\lawre\plugin-GUI\Build\snap-gui.vcxproj]
  (compiling source file '../Source/Processors/ProcessorGraph/ProcessorGraph.cpp')
      C:\Users\lawre\plugin-GUI\JuceLibraryCode\modules\juce_core\containers\juce_Array.h(67,7):
      see declaration of 'juce::Array<juce::TableHeaderComponent::Listener *,juce::DummyCriticalSection,0>'
  
C:\Users\lawre\plugin-GUI\JuceLibraryCode\modules\juce_gui_basics\widgets\juce_TableHeaderComponent.h(448,32): warning C4251: 'juce::TableHeaderComponent::dragOverlayComp': 'std::unique_ptr<juce::Component,std::default_delete<juce::Component>>' needs to have dll-interface to be used by clients of 'juce::TableHeaderComponent' [C:\Users\lawre\plugin-GUI\Build\snap-gui.vcxproj]
  (compiling source file '../Source/Processors/ProcessorGraph/ProcessorGraph.cpp')
      C:\Program Files (x86)\Microsoft Visual Studio\2022\BuildTools\VC\Tools\MSVC\14.44.35207\include\memory(3347,7):
      see declaration of 'std::unique_ptr<juce::Component,std::default_delete<juce::Component>>'
  
C:\Users\lawre\plugin-GUI\JuceLibraryCode\modules\juce_gui_basics\widgets\juce_Toolbar.h(329,29): warning C4251: 'juce::Toolbar::missingItemsButton': 'std::unique_ptr<juce::Button,std::default_delete<juce::Button>>' needs to have dll-interface to be used by clients of 'juce::Toolbar' [C:\Users\lawre\plugin-GUI\Build\snap-gui.vcxproj]
  (compiling source file '../Source/Processors/ProcessorGraph/ProcessorGraph.cpp')
      C:\Program Files (x86)\Microsoft Visual Studio\2022\BuildTools\VC\Tools\MSVC\14.44.35207\include\memory(3347,7):
      see declaration of 'std::unique_ptr<juce::Button,std::default_delete<juce::Button>>'
  
C:\Users\lawre\plugin-GUI\JuceLibraryCode\modules\juce_gui_basics\widgets\juce_Toolbar.h(334,38): warning C4251: 'juce::Toolbar::items': 'juce::OwnedArray<juce::ToolbarItemComponent,juce::DummyCriticalSection>' needs to have dll-interface to be used by clients of 'juce::Toolbar' [C:\Users\lawre\plugin-GUI\Build\snap-gui.vcxproj]
  (compiling source file '../Source/Processors/ProcessorGraph/ProcessorGraph.cpp')
      C:\Users\lawre\plugin-GUI\JuceLibraryCode\modules\juce_core\containers\juce_OwnedArray.h(61,7):
      see declaration of 'juce::OwnedArray<juce::ToolbarItemComponent,juce::DummyCriticalSection>'
  
C:\Users\lawre\plugin-GUI\JuceLibraryCode\modules\juce_gui_basics\widgets\juce_ToolbarItemComponent.h(209,32): warning C4251: 'juce::ToolbarItemComponent::overlayComp': 'std::unique_ptr<juce::Component,std::default_delete<juce::Component>>' needs to have dll-interface to be used by clients of 'juce::ToolbarItemComponent' [C:\Users\lawre\plugin-GUI\Build\snap-gui.vcxproj]
  (compiling source file '../Source/Processors/ProcessorGraph/ProcessorGraph.cpp')
      C:\Program Files (x86)\Microsoft Visual Studio\2022\BuildTools\VC\Tools\MSVC\14.44.35207\include\memory(3347,7):
      see declaration of 'std::unique_ptr<juce::Component,std::default_delete<juce::Component>>'
  
C:\Users\lawre\plugin-GUI\JuceLibraryCode\modules\juce_gui_basics\widgets\juce_ToolbarItemComponent.h(212,20): warning C4251: 'juce::ToolbarItemComponent::contentArea': 'juce::Rectangle<int>' needs to have dll-interface to be used by clients of 'juce::ToolbarItemComponent' [C:\Users\lawre\plugin-GUI\Build\snap-gui.vcxproj]
  (compiling source file '../Source/Processors/ProcessorGraph/ProcessorGraph.cpp')
      C:\Users\lawre\plugin-GUI\JuceLibraryCode\modules\juce_graphics\geometry\juce_Rectangle.h(75,7):
      see declaration of 'juce::Rectangle<int>'
  
C:\Users\lawre\plugin-GUI\JuceLibraryCode\modules\juce_gui_basics\widgets\juce_ToolbarItemPalette.h(79,38): warning C4251: 'juce::ToolbarItemPalette::items': 'juce::OwnedArray<juce::ToolbarItemComponent,juce::DummyCriticalSection>' needs to have dll-interface to be used by clients of 'juce::ToolbarItemPalette' [C:\Users\lawre\plugin-GUI\Build\snap-gui.vcxproj]
  (compiling source file '../Source/Processors/ProcessorGraph/ProcessorGraph.cpp')
      C:\Users\lawre\plugin-GUI\JuceLibraryCode\modules\juce_core\containers\juce_OwnedArray.h(61,7):
      see declaration of 'juce::OwnedArray<juce::ToolbarItemComponent,juce::DummyCriticalSection>'
  
C:\Users\lawre\plugin-GUI\JuceLibraryCode\modules\juce_gui_basics\buttons\juce_ToolbarButton.h(97,31): warning C4251: 'juce::ToolbarButton::normalImage': 'std::unique_ptr<juce::Drawable,std::default_delete<juce::Drawable>>' needs to have dll-interface to be used by clients of 'juce::ToolbarButton' [C:\Users\lawre\plugin-GUI\Build\snap-gui.vcxproj]
  (compiling source file '../Source/Processors/ProcessorGraph/ProcessorGraph.cpp')
      C:\Program Files (x86)\Microsoft Visual Studio\2022\BuildTools\VC\Tools\MSVC\14.44.35207\include\memory(3347,7):
      see declaration of 'std::unique_ptr<juce::Drawable,std::default_delete<juce::Drawable>>'
  
C:\Users\lawre\plugin-GUI\JuceLibraryCode\modules\juce_gui_basics\buttons\juce_ToolbarButton.h(97,44): warning C4251: 'juce::ToolbarButton::toggledOnImage': 'std::unique_ptr<juce::Drawable,std::default_delete<juce::Drawable>>' needs to have dll-interface to be used by clients of 'juce::ToolbarButton' [C:\Users\lawre\plugin-GUI\Build\snap-gui.vcxproj]
  (compiling source file '../Source/Processors/ProcessorGraph/ProcessorGraph.cpp')
      C:\Program Files (x86)\Microsoft Visual Studio\2022\BuildTools\VC\Tools\MSVC\14.44.35207\include\memory(3347,7):
      see declaration of 'std::unique_ptr<juce::Drawable,std::default_delete<juce::Drawable>>'
  
C:\Users\lawre\plugin-GUI\JuceLibraryCode\modules\juce_gui_basics\misc\juce_DropShadower.h(80,30): warning C4251: 'juce::DropShadower::owner': 'juce::WeakReference<juce::Component,juce::ReferenceCountedObject>' needs to have dll-interface to be used by clients of 'juce::DropShadower' [C:\Users\lawre\plugin-GUI\Build\snap-gui.vcxproj]
  (compiling source file '../Source/Processors/ProcessorGraph/ProcessorGraph.cpp')
      C:\Users\lawre\plugin-GUI\JuceLibraryCode\modules\juce_core\memory\juce_WeakReference.h(89,7):
      see declaration of 'juce::WeakReference<juce::Component,juce::ReferenceCountedObject>'
  
C:\Users\lawre\plugin-GUI\JuceLibraryCode\modules\juce_gui_basics\misc\juce_DropShadower.h(81,27): warning C4251: 'juce::DropShadower::shadowWindows': 'juce::OwnedArray<juce::Component,juce::DummyCriticalSection>' needs to have dll-interface to be used by clients of 'juce::DropShadower' [C:\Users\lawre\plugin-GUI\Build\snap-gui.vcxproj]
  (compiling source file '../Source/Processors/ProcessorGraph/ProcessorGraph.cpp')
      C:\Users\lawre\plugin-GUI\JuceLibraryCode\modules\juce_core\containers\juce_OwnedArray.h(61,7):
      see declaration of 'juce::OwnedArray<juce::Component,juce::DummyCriticalSection>'
  
C:\Users\lawre\plugin-GUI\JuceLibraryCode\modules\juce_gui_basics\misc\juce_DropShadower.h(84,30): warning C4251: 'juce::DropShadower::lastParentComp': 'juce::WeakReference<juce::Component,juce::ReferenceCountedObject>' needs to have dll-interface to be used by clients of 'juce::DropShadower' [C:\Users\lawre\plugin-GUI\Build\snap-gui.vcxproj]
  (compiling source file '../Source/Processors/ProcessorGraph/ProcessorGraph.cpp')
      C:\Users\lawre\plugin-GUI\JuceLibraryCode\modules\juce_core\memory\juce_WeakReference.h(89,7):
      see declaration of 'juce::WeakReference<juce::Component,juce::ReferenceCountedObject>'
  
C:\Users\lawre\plugin-GUI\JuceLibraryCode\modules\juce_gui_basics\misc\juce_DropShadower.h(87,54): warning C4251: 'juce::DropShadower::visibilityChangedListener': 'std::unique_ptr<juce::DropShadower::ParentVisibilityChangedListener,std::default_delete<juce::DropShadower::ParentVisibilityChangedListener>>' needs to have dll-interface to be used by clients of 'juce::DropShadower' [C:\Users\lawre\plugin-GUI\Build\snap-gui.vcxproj]
  (compiling source file '../Source/Processors/ProcessorGraph/ProcessorGraph.cpp')
      C:\Program Files (x86)\Microsoft Visual Studio\2022\BuildTools\VC\Tools\MSVC\14.44.35207\include\memory(3347,7):
      see declaration of 'std::unique_ptr<juce::DropShadower::ParentVisibilityChangedListener,std::default_delete<juce::DropShadower::ParentVisibilityChangedListener>>'
  
C:\Users\lawre\plugin-GUI\JuceLibraryCode\modules\juce_gui_basics\misc\juce_DropShadower.h(90,44): warning C4251: 'juce::DropShadower::virtualDesktopWatcher': 'std::unique_ptr<juce::DropShadower::VirtualDesktopWatcher,std::default_delete<juce::DropShadower::VirtualDesktopWatcher>>' needs to have dll-interface to be used by clients of 'juce::DropShadower' [C:\Users\lawre\plugin-GUI\Build\snap-gui.vcxproj]
  (compiling source file '../Source/Processors/ProcessorGraph/ProcessorGraph.cpp')
      C:\Program Files (x86)\Microsoft Visual Studio\2022\BuildTools\VC\Tools\MSVC\14.44.35207\include\memory(3347,7):
      see declaration of 'std::unique_ptr<juce::DropShadower::VirtualDesktopWatcher,std::default_delete<juce::DropShadower::VirtualDesktopWatcher>>'
  
C:\Users\lawre\plugin-GUI\JuceLibraryCode\modules\juce_gui_basics\misc\juce_FocusOutline.h(97,46): warning C4251: 'juce::FocusOutline::properties': 'std::unique_ptr<juce::FocusOutline::OutlineWindowProperties,std::default_delete<juce::FocusOutline::OutlineWindowProperties>>' needs to have dll-interface to be used by clients of 'juce::FocusOutline' [C:\Users\lawre\plugin-GUI\Build\snap-gui.vcxproj]
  (compiling source file '../Source/Processors/ProcessorGraph/ProcessorGraph.cpp')
      C:\Program Files (x86)\Microsoft Visual Studio\2022\BuildTools\VC\Tools\MSVC\14.44.35207\include\memory(3347,7):
      see declaration of 'std::unique_ptr<juce::FocusOutline::OutlineWindowProperties,std::default_delete<juce::FocusOutline::OutlineWindowProperties>>'
  
C:\Users\lawre\plugin-GUI\JuceLibraryCode\modules\juce_gui_basics\misc\juce_FocusOutline.h(99,30): warning C4251: 'juce::FocusOutline::owner': 'juce::WeakReference<juce::Component,juce::ReferenceCountedObject>' needs to have dll-interface to be used by clients of 'juce::FocusOutline' [C:\Users\lawre\plugin-GUI\Build\snap-gui.vcxproj]
  (compiling source file '../Source/Processors/ProcessorGraph/ProcessorGraph.cpp')
      C:\Users\lawre\plugin-GUI\JuceLibraryCode\modules\juce_core\memory\juce_WeakReference.h(89,7):
      see declaration of 'juce::WeakReference<juce::Component,juce::ReferenceCountedObject>'
  
C:\Users\lawre\plugin-GUI\JuceLibraryCode\modules\juce_gui_basics\misc\juce_FocusOutline.h(100,32): warning C4251: 'juce::FocusOutline::outlineWindow': 'std::unique_ptr<juce::Component,std::default_delete<juce::Component>>' needs to have dll-interface to be used by clients of 'juce::FocusOutline' [C:\Users\lawre\plugin-GUI\Build\snap-gui.vcxproj]
  (compiling source file '../Source/Processors/ProcessorGraph/ProcessorGraph.cpp')
      C:\Program Files (x86)\Microsoft Visual Studio\2022\BuildTools\VC\Tools\MSVC\14.44.35207\include\memory(3347,7):
      see declaration of 'std::unique_ptr<juce::Component,std::default_delete<juce::Component>>'
  
C:\Users\lawre\plugin-GUI\JuceLibraryCode\modules\juce_gui_basics\misc\juce_FocusOutline.h(101,30): warning C4251: 'juce::FocusOutline::lastParentComp': 'juce::WeakReference<juce::Component,juce::ReferenceCountedObject>' needs to have dll-interface to be used by clients of 'juce::FocusOutline' [C:\Users\lawre\plugin-GUI\Build\snap-gui.vcxproj]
  (compiling source file '../Source/Processors/ProcessorGraph/ProcessorGraph.cpp')
      C:\Users\lawre\plugin-GUI\JuceLibraryCode\modules\juce_core\memory\juce_WeakReference.h(89,7):
      see declaration of 'juce::WeakReference<juce::Component,juce::ReferenceCountedObject>'
  
C:\Users\lawre\plugin-GUI\JuceLibraryCode\modules\juce_gui_basics\widgets\juce_TreeView.h(612,37): warning C4251: 'juce::TreeViewItem::OpennessRestorer::oldOpenness': 'std::unique_ptr<juce::XmlElement,std::default_delete<juce::XmlElement>>' needs to have dll-interface to be used by clients of 'juce::TreeViewItem::OpennessRestorer' [C:\Users\lawre\plugin-GUI\Build\snap-gui.vcxproj]
  (compiling source file '../Source/Processors/ProcessorGraph/ProcessorGraph.cpp')
      C:\Program Files (x86)\Microsoft Visual Studio\2022\BuildTools\VC\Tools\MSVC\14.44.35207\include\memory(3347,7):
      see declaration of 'std::unique_ptr<juce::XmlElement,std::default_delete<juce::XmlElement>>'
  
C:\Users\lawre\plugin-GUI\JuceLibraryCode\modules\juce_gui_basics\widgets\juce_TreeView.h(643,30): warning C4251: 'juce::TreeViewItem::subItems': 'juce::OwnedArray<juce::TreeViewItem,juce::DummyCriticalSection>' needs to have dll-interface to be used by clients of 'juce::TreeViewItem' [C:\Users\lawre\plugin-GUI\Build\snap-gui.vcxproj]
  (compiling source file '../Source/Processors/ProcessorGraph/ProcessorGraph.cpp')
      C:\Users\lawre\plugin-GUI\JuceLibraryCode\modules\juce_core\containers\juce_OwnedArray.h(61,7):
      see declaration of 'juce::OwnedArray<juce::TreeViewItem,juce::DummyCriticalSection>'
  
C:\Users\lawre\plugin-GUI\JuceLibraryCode\modules\juce_gui_basics\widgets\juce_TreeView.h(959,35): warning C4251: 'juce::TreeView::viewport': 'std::unique_ptr<juce::TreeView::TreeViewport,std::default_delete<juce::TreeView::TreeViewport>>' needs to have dll-interface to be used by clients of 'juce::TreeView' [C:\Users\lawre\plugin-GUI\Build\snap-gui.vcxproj]
  (compiling source file '../Source/Processors/ProcessorGraph/ProcessorGraph.cpp')
      C:\Program Files (x86)\Microsoft Visual Studio\2022\BuildTools\VC\Tools\MSVC\14.44.35207\include\memory(3347,7):
      see declaration of 'std::unique_ptr<juce::TreeView::TreeViewport,std::default_delete<juce::TreeView::TreeViewport>>'
  
C:\Users\lawre\plugin-GUI\JuceLibraryCode\modules\juce_gui_basics\widgets\juce_TreeView.h(961,43): warning C4251: 'juce::TreeView::dragInsertPointHighlight': 'std::unique_ptr<juce::TreeView::InsertPointHighlight,std::default_delete<juce::TreeView::InsertPointHighlight>>' needs to have dll-interface to be used by clients of 'juce::TreeView' [C:\Users\lawre\plugin-GUI\Build\snap-gui.vcxproj]
  (compiling source file '../Source/Processors/ProcessorGraph/ProcessorGraph.cpp')
      C:\Program Files (x86)\Microsoft Visual Studio\2022\BuildTools\VC\Tools\MSVC\14.44.35207\include\memory(3347,7):
      see declaration of 'std::unique_ptr<juce::TreeView::InsertPointHighlight,std::default_delete<juce::TreeView::InsertPointHighlight>>'
  
C:\Users\lawre\plugin-GUI\JuceLibraryCode\modules\juce_gui_basics\widgets\juce_TreeView.h(962,43): warning C4251: 'juce::TreeView::dragTargetGroupHighlight': 'std::unique_ptr<juce::TreeView::TargetGroupHighlight,std::default_delete<juce::TreeView::TargetGroupHighlight>>' needs to have dll-interface to be used by clients of 'juce::TreeView' [C:\Users\lawre\plugin-GUI\Build\snap-gui.vcxproj]
  (compiling source file '../Source/Processors/ProcessorGraph/ProcessorGraph.cpp')
      C:\Program Files (x86)\Microsoft Visual Studio\2022\BuildTools\VC\Tools\MSVC\14.44.35207\include\memory(3347,7):
      see declaration of 'std::unique_ptr<juce::TreeView::TargetGroupHighlight,std::default_delete<juce::TreeView::TargetGroupHighlight>>'
  
C:\Users\lawre\plugin-GUI\JuceLibraryCode\modules\juce_gui_basics\windows\juce_TopLevelWindow.h(169,35): warning C4251: 'juce::TopLevelWindow::shadower': 'std::unique_ptr<juce::DropShadower,std::default_delete<juce::DropShadower>>' needs to have dll-interface to be used by clients of 'juce::TopLevelWindow' [C:\Users\lawre\plugin-GUI\Build\snap-gui.vcxproj]
  (compiling source file '../Source/Processors/ProcessorGraph/ProcessorGraph.cpp')
      C:\Program Files (x86)\Microsoft Visual Studio\2022\BuildTools\VC\Tools\MSVC\14.44.35207\include\memory(3347,7):
      see declaration of 'std::unique_ptr<juce::DropShadower,std::default_delete<juce::DropShadower>>'
  
C:\Users\lawre\plugin-GUI\JuceLibraryCode\modules\juce_gui_basics\windows\juce_MessageBoxOptions.h(198,30): warning C4251: 'juce::MessageBoxOptions::associatedComponent': 'juce::WeakReference<juce::Component,juce::ReferenceCountedObject>' needs to have dll-interface to be used by clients of 'juce::MessageBoxOptions' [C:\Users\lawre\plugin-GUI\Build\snap-gui.vcxproj]
  (compiling source file '../Source/Processors/ProcessorGraph/ProcessorGraph.cpp')
      C:\Users\lawre\plugin-GUI\JuceLibraryCode\modules\juce_core\memory\juce_WeakReference.h(89,7):
      see declaration of 'juce::WeakReference<juce::Component,juce::ReferenceCountedObject>'
  
C:\Users\lawre\plugin-GUI\JuceLibraryCode\modules\juce_gui_basics\windows\juce_MessageBoxOptions.h(199,30): warning C4251: 'juce::MessageBoxOptions::parentComponent': 'juce::WeakReference<juce::Component,juce::ReferenceCountedObject>' needs to have dll-interface to be used by clients of 'juce::MessageBoxOptions' [C:\Users\lawre\plugin-GUI\Build\snap-gui.vcxproj]
  (compiling source file '../Source/Processors/ProcessorGraph/ProcessorGraph.cpp')
      C:\Users\lawre\plugin-GUI\JuceLibraryCode\modules\juce_core\memory\juce_WeakReference.h(89,7):
      see declaration of 'juce::WeakReference<juce::Component,juce::ReferenceCountedObject>'
  
C:\Users\lawre\plugin-GUI\JuceLibraryCode\modules\juce_gui_basics\windows\juce_ScopedMessageBox.h(73,51): warning C4251: 'juce::ScopedMessageBox::impl': 'std::shared_ptr<juce::detail::ScopedMessageBoxImpl>' needs to have dll-interface to be used by clients of 'juce::ScopedMessageBox' [C:\Users\lawre\plugin-GUI\Build\snap-gui.vcxproj]
  (compiling source file '../Source/Processors/ProcessorGraph/ProcessorGraph.cpp')
      C:\Program Files (x86)\Microsoft Visual Studio\2022\BuildTools\VC\Tools\MSVC\14.44.35207\include\memory(1565,7):
      see declaration of 'std::shared_ptr<juce::detail::ScopedMessageBoxImpl>'
  
C:\Users\lawre\plugin-GUI\JuceLibraryCode\modules\juce_gui_basics\windows\juce_AlertWindow.h(581,20): warning C4251: 'juce::AlertWindow::textArea': 'juce::Rectangle<int>' needs to have dll-interface to be used by clients of 'juce::AlertWindow' [C:\Users\lawre\plugin-GUI\Build\snap-gui.vcxproj]
  (compiling source file '../Source/Processors/ProcessorGraph/ProcessorGraph.cpp')
      C:\Users\lawre\plugin-GUI\JuceLibraryCode\modules\juce_graphics\geometry\juce_Rectangle.h(75,7):
      see declaration of 'juce::Rectangle<int>'
  
C:\Users\lawre\plugin-GUI\JuceLibraryCode\modules\juce_gui_basics\windows\juce_AlertWindow.h(582,28): warning C4251: 'juce::AlertWindow::buttons': 'juce::OwnedArray<juce::TextButton,juce::DummyCriticalSection>' needs to have dll-interface to be used by clients of 'juce::AlertWindow' [C:\Users\lawre\plugin-GUI\Build\snap-gui.vcxproj]
  (compiling source file '../Source/Processors/ProcessorGraph/ProcessorGraph.cpp')
      C:\Users\lawre\plugin-GUI\JuceLibraryCode\modules\juce_core\containers\juce_OwnedArray.h(61,7):
      see declaration of 'juce::OwnedArray<juce::TextButton,juce::DummyCriticalSection>'
  
C:\Users\lawre\plugin-GUI\JuceLibraryCode\modules\juce_gui_basics\windows\juce_AlertWindow.h(583,28): warning C4251: 'juce::AlertWindow::textBoxes': 'juce::OwnedArray<juce::TextEditor,juce::DummyCriticalSection>' needs to have dll-interface to be used by clients of 'juce::AlertWindow' [C:\Users\lawre\plugin-GUI\Build\snap-gui.vcxproj]
  (compiling source file '../Source/Processors/ProcessorGraph/ProcessorGraph.cpp')
      C:\Users\lawre\plugin-GUI\JuceLibraryCode\modules\juce_core\containers\juce_OwnedArray.h(61,7):
      see declaration of 'juce::OwnedArray<juce::TextEditor,juce::DummyCriticalSection>'
  
C:\Users\lawre\plugin-GUI\JuceLibraryCode\modules\juce_gui_basics\windows\juce_AlertWindow.h(584,26): warning C4251: 'juce::AlertWindow::comboBoxes': 'juce::OwnedArray<juce::ComboBox,juce::DummyCriticalSection>' needs to have dll-interface to be used by clients of 'juce::AlertWindow' [C:\Users\lawre\plugin-GUI\Build\snap-gui.vcxproj]
  (compiling source file '../Source/Processors/ProcessorGraph/ProcessorGraph.cpp')
      C:\Users\lawre\plugin-GUI\JuceLibraryCode\modules\juce_core\containers\juce_OwnedArray.h(61,7):
      see declaration of 'juce::OwnedArray<juce::ComboBox,juce::DummyCriticalSection>'
  
C:\Users\lawre\plugin-GUI\JuceLibraryCode\modules\juce_gui_basics\windows\juce_AlertWindow.h(585,29): warning C4251: 'juce::AlertWindow::progressBars': 'juce::OwnedArray<juce::ProgressBar,juce::DummyCriticalSection>' needs to have dll-interface to be used by clients of 'juce::AlertWindow' [C:\Users\lawre\plugin-GUI\Build\snap-gui.vcxproj]
  (compiling source file '../Source/Processors/ProcessorGraph/ProcessorGraph.cpp')
      C:\Users\lawre\plugin-GUI\JuceLibraryCode\modules\juce_core\containers\juce_OwnedArray.h(61,7):
      see declaration of 'juce::OwnedArray<juce::ProgressBar,juce::DummyCriticalSection>'
  
C:\Users\lawre\plugin-GUI\JuceLibraryCode\modules\juce_gui_basics\windows\juce_AlertWindow.h(586,23): warning C4251: 'juce::AlertWindow::customComps': 'juce::Array<juce::Component *,juce::DummyCriticalSection,0>' needs to have dll-interface to be used by clients of 'juce::AlertWindow' [C:\Users\lawre\plugin-GUI\Build\snap-gui.vcxproj]
  (compiling source file '../Source/Processors/ProcessorGraph/ProcessorGraph.cpp')
      C:\Users\lawre\plugin-GUI\JuceLibraryCode\modules\juce_core\containers\juce_Array.h(67,7):
      see declaration of 'juce::Array<juce::Component *,juce::DummyCriticalSection,0>'
  
C:\Users\lawre\plugin-GUI\JuceLibraryCode\modules\juce_gui_basics\windows\juce_AlertWindow.h(587,27): warning C4251: 'juce::AlertWindow::textBlocks': 'juce::OwnedArray<juce::Component,juce::DummyCriticalSection>' needs to have dll-interface to be used by clients of 'juce::AlertWindow' [C:\Users\lawre\plugin-GUI\Build\snap-gui.vcxproj]
  (compiling source file '../Source/Processors/ProcessorGraph/ProcessorGraph.cpp')
      C:\Users\lawre\plugin-GUI\JuceLibraryCode\modules\juce_core\containers\juce_OwnedArray.h(61,7):
      see declaration of 'juce::OwnedArray<juce::Component,juce::DummyCriticalSection>'
  
C:\Users\lawre\plugin-GUI\JuceLibraryCode\modules\juce_gui_basics\windows\juce_AlertWindow.h(588,23): warning C4251: 'juce::AlertWindow::allComps': 'juce::Array<juce::Component *,juce::DummyCriticalSection,0>' needs to have dll-interface to be used by clients of 'juce::AlertWindow' [C:\Users\lawre\plugin-GUI\Build\snap-gui.vcxproj]
  (compiling source file '../Source/Processors/ProcessorGraph/ProcessorGraph.cpp')
      C:\Users\lawre\plugin-GUI\JuceLibraryCode\modules\juce_core\containers\juce_Array.h(67,7):
      see declaration of 'juce::Array<juce::Component *,juce::DummyCriticalSection,0>'
  
C:\Users\lawre\plugin-GUI\JuceLibraryCode\modules\juce_gui_basics\windows\juce_CallOutBox.h(183,18): warning C4251: 'juce::CallOutBox::targetPoint': 'juce::Point<float>' needs to have dll-interface to be used by clients of 'juce::CallOutBox' [C:\Users\lawre\plugin-GUI\Build\snap-gui.vcxproj]
  (compiling source file '../Source/Processors/ProcessorGraph/ProcessorGraph.cpp')
      C:\Users\lawre\plugin-GUI\JuceLibraryCode\modules\juce_graphics\geometry\juce_Point.h(50,7):
      see declaration of 'juce::Point<float>'
  
C:\Users\lawre\plugin-GUI\JuceLibraryCode\modules\juce_gui_basics\windows\juce_CallOutBox.h(184,20): warning C4251: 'juce::CallOutBox::availableArea': 'juce::Rectangle<int>' needs to have dll-interface to be used by clients of 'juce::CallOutBox' [C:\Users\lawre\plugin-GUI\Build\snap-gui.vcxproj]
  (compiling source file '../Source/Processors/ProcessorGraph/ProcessorGraph.cpp')
      C:\Users\lawre\plugin-GUI\JuceLibraryCode\modules\juce_graphics\geometry\juce_Rectangle.h(75,7):
      see declaration of 'juce::Rectangle<int>'
  
C:\Users\lawre\plugin-GUI\JuceLibraryCode\modules\juce_gui_basics\windows\juce_CallOutBox.h(184,35): warning C4251: 'juce::CallOutBox::targetArea': 'juce::Rectangle<int>' needs to have dll-interface to be used by clients of 'juce::CallOutBox' [C:\Users\lawre\plugin-GUI\Build\snap-gui.vcxproj]
  (compiling source file '../Source/Processors/ProcessorGraph/ProcessorGraph.cpp')
      C:\Users\lawre\plugin-GUI\JuceLibraryCode\modules\juce_graphics\geometry\juce_Rectangle.h(75,7):
      see declaration of 'juce::Rectangle<int>'
  
C:\Users\lawre\plugin-GUI\JuceLibraryCode\modules\juce_gui_basics\windows\juce_ComponentPeer.h(135,25): warning C4251: 'juce::ComponentPeer::OptionalBorderSize::borderSize': 'juce::BorderSize<int>' needs to have dll-interface to be used by clients of 'juce::ComponentPeer::OptionalBorderSize' [C:\Users\lawre\plugin-GUI\Build\snap-gui.vcxproj]
  (compiling source file '../Source/Processors/ProcessorGraph/ProcessorGraph.cpp')
      C:\Users\lawre\plugin-GUI\JuceLibraryCode\modules\juce_graphics\geometry\juce_BorderSize.h(50,7):
      see declaration of 'juce::BorderSize<int>'
  
C:\Users\lawre\plugin-GUI\JuceLibraryCode\modules\juce_gui_basics\windows\juce_ComponentPeer.h(588,20): warning C4251: 'juce::ComponentPeer::lastNonFullscreenBounds': 'juce::Rectangle<int>' needs to have dll-interface to be used by clients of 'juce::ComponentPeer' [C:\Users\lawre\plugin-GUI\Build\snap-gui.vcxproj]
  (compiling source file '../Source/Processors/ProcessorGraph/ProcessorGraph.cpp')
      C:\Users\lawre\plugin-GUI\JuceLibraryCode\modules\juce_graphics\geometry\juce_Rectangle.h(75,7):
      see declaration of 'juce::Rectangle<int>'
  
C:\Users\lawre\plugin-GUI\JuceLibraryCode\modules\juce_gui_basics\windows\juce_ComponentPeer.h(590,42): warning C4251: 'juce::ComponentPeer::getNativeRealtimeModifiers': 'std::function<juce::ModifierKeys (void)>' needs to have dll-interface to be used by clients of 'juce::ComponentPeer' [C:\Users\lawre\plugin-GUI\Build\snap-gui.vcxproj]
  (compiling source file '../Source/Processors/ProcessorGraph/ProcessorGraph.cpp')
      C:\Program Files (x86)\Microsoft Visual Studio\2022\BuildTools\VC\Tools\MSVC\14.44.35207\include\functional(1089,7):
      see declaration of 'std::function<juce::ModifierKeys (void)>'
  
C:\Users\lawre\plugin-GUI\JuceLibraryCode\modules\juce_gui_basics\windows\juce_ComponentPeer.h(591,39): warning C4251: 'juce::ComponentPeer::scaleFactorListeners': 'juce::ListenerList<juce::ComponentPeer::ScaleFactorListener,juce::Array<ListenerClass *,juce::DummyCriticalSection,0>>' needs to have dll-interface to be used by clients of 'juce::ComponentPeer' [C:\Users\lawre\plugin-GUI\Build\snap-gui.vcxproj]
C:\Users\lawre\plugin-GUI\JuceLibraryCode\modules\juce_gui_basics\windows\juce_ComponentPeer.h(591,39): warning C4251:         with [C:\Users\lawre\plugin-GUI\Build\snap-gui.vcxproj]
C:\Users\lawre\plugin-GUI\JuceLibraryCode\modules\juce_gui_basics\windows\juce_ComponentPeer.h(591,39): warning C4251:         [ [C:\Users\lawre\plugin-GUI\Build\snap-gui.vcxproj]
C:\Users\lawre\plugin-GUI\JuceLibraryCode\modules\juce_gui_basics\windows\juce_ComponentPeer.h(591,39): warning C4251:             ListenerClass=juce::ComponentPeer::ScaleFactorListener [C:\Users\lawre\plugin-GUI\Build\snap-gui.vcxproj]
C:\Users\lawre\plugin-GUI\JuceLibraryCode\modules\juce_gui_basics\windows\juce_ComponentPeer.h(591,39): warning C4251:         ] [C:\Users\lawre\plugin-GUI\Build\snap-gui.vcxproj]
  (compiling source file '../Source/Processors/ProcessorGraph/ProcessorGraph.cpp')
      C:\Users\lawre\plugin-GUI\JuceLibraryCode\modules\juce_core\containers\juce_ListenerList.h(71,7):
      see declaration of 'juce::ListenerList<juce::ComponentPeer::ScaleFactorListener,juce::Array<ListenerClass *,juce::DummyCriticalSection,0>>'
          with
          [
              ListenerClass=juce::ComponentPeer::ScaleFactorListener
          ]
  
C:\Users\lawre\plugin-GUI\JuceLibraryCode\modules\juce_gui_basics\windows\juce_ComponentPeer.h(592,34): warning C4251: 'juce::ComponentPeer::vBlankListeners': 'juce::ListenerList<juce::ComponentPeer::VBlankListener,juce::Array<ListenerClass *,juce::DummyCriticalSection,0>>' needs to have dll-interface to be used by clients of 'juce::ComponentPeer' [C:\Users\lawre\plugin-GUI\Build\snap-gui.vcxproj]
C:\Users\lawre\plugin-GUI\JuceLibraryCode\modules\juce_gui_basics\windows\juce_ComponentPeer.h(592,34): warning C4251:         with [C:\Users\lawre\plugin-GUI\Build\snap-gui.vcxproj]
C:\Users\lawre\plugin-GUI\JuceLibraryCode\modules\juce_gui_basics\windows\juce_ComponentPeer.h(592,34): warning C4251:         [ [C:\Users\lawre\plugin-GUI\Build\snap-gui.vcxproj]
C:\Users\lawre\plugin-GUI\JuceLibraryCode\modules\juce_gui_basics\windows\juce_ComponentPeer.h(592,34): warning C4251:             ListenerClass=juce::ComponentPeer::VBlankListener [C:\Users\lawre\plugin-GUI\Build\snap-gui.vcxproj]
C:\Users\lawre\plugin-GUI\JuceLibraryCode\modules\juce_gui_basics\windows\juce_ComponentPeer.h(592,34): warning C4251:         ] [C:\Users\lawre\plugin-GUI\Build\snap-gui.vcxproj]
  (compiling source file '../Source/Processors/ProcessorGraph/ProcessorGraph.cpp')
      C:\Users\lawre\plugin-GUI\JuceLibraryCode\modules\juce_core\containers\juce_ListenerList.h(71,7):
      see declaration of 'juce::ListenerList<juce::ComponentPeer::VBlankListener,juce::Array<ListenerClass *,juce::DummyCriticalSection,0>>'
          with
          [
              ListenerClass=juce::ComponentPeer::VBlankListener
          ]
  
C:\Users\lawre\plugin-GUI\JuceLibraryCode\modules\juce_gui_basics\windows\juce_ComponentPeer.h(620,30): warning C4251: 'juce::ComponentPeer::lastFocusedComponent': 'juce::WeakReference<juce::Component,juce::ReferenceCountedObject>' needs to have dll-interface to be used by clients of 'juce::ComponentPeer' [C:\Users\lawre\plugin-GUI\Build\snap-gui.vcxproj]
  (compiling source file '../Source/Processors/ProcessorGraph/ProcessorGraph.cpp')
      C:\Users\lawre\plugin-GUI\JuceLibraryCode\modules\juce_core\memory\juce_WeakReference.h(89,7):
      see declaration of 'juce::WeakReference<juce::Component,juce::ReferenceCountedObject>'
  
C:\Users\lawre\plugin-GUI\JuceLibraryCode\modules\juce_gui_basics\windows\juce_ComponentPeer.h(620,52): warning C4251: 'juce::ComponentPeer::dragAndDropTargetComponent': 'juce::WeakReference<juce::Component,juce::ReferenceCountedObject>' needs to have dll-interface to be used by clients of 'juce::ComponentPeer' [C:\Users\lawre\plugin-GUI\Build\snap-gui.vcxproj]
  (compiling source file '../Source/Processors/ProcessorGraph/ProcessorGraph.cpp')
      C:\Users\lawre\plugin-GUI\JuceLibraryCode\modules\juce_core\memory\juce_WeakReference.h(89,7):
      see declaration of 'juce::WeakReference<juce::Component,juce::ReferenceCountedObject>'
  
C:\Users\lawre\plugin-GUI\JuceLibraryCode\modules\juce_gui_basics\windows\juce_ResizableWindow.h(393,47): warning C4251: 'juce::ResizableWindow::resizableCorner': 'std::unique_ptr<juce::ResizableCornerComponent,std::default_delete<juce::ResizableCornerComponent>>' needs to have dll-interface to be used by clients of 'juce::ResizableWindow' [C:\Users\lawre\plugin-GUI\Build\snap-gui.vcxproj]
  (compiling source file '../Source/Processors/ProcessorGraph/ProcessorGraph.cpp')
      C:\Program Files (x86)\Microsoft Visual Studio\2022\BuildTools\VC\Tools\MSVC\14.44.35207\include\memory(3347,7):
      see declaration of 'std::unique_ptr<juce::ResizableCornerComponent,std::default_delete<juce::ResizableCornerComponent>>'
  
C:\Users\lawre\plugin-GUI\JuceLibraryCode\modules\juce_gui_basics\windows\juce_ResizableWindow.h(394,47): warning C4251: 'juce::ResizableWindow::resizableBorder': 'std::unique_ptr<juce::ResizableBorderComponent,std::default_delete<juce::ResizableBorderComponent>>' needs to have dll-interface to be used by clients of 'juce::ResizableWindow' [C:\Users\lawre\plugin-GUI\Build\snap-gui.vcxproj]
  (compiling source file '../Source/Processors/ProcessorGraph/ProcessorGraph.cpp')
      C:\Program Files (x86)\Microsoft Visual Studio\2022\BuildTools\VC\Tools\MSVC\14.44.35207\include\memory(3347,7):
      see declaration of 'std::unique_ptr<juce::ResizableBorderComponent,std::default_delete<juce::ResizableBorderComponent>>'
  
C:\Users\lawre\plugin-GUI\JuceLibraryCode\modules\juce_gui_basics\windows\juce_ResizableWindow.h(403,39): warning C4251: 'juce::ResizableWindow::contentComponent': 'juce::Component::SafePointer<juce::Component>' needs to have dll-interface to be used by clients of 'juce::ResizableWindow' [C:\Users\lawre\plugin-GUI\Build\snap-gui.vcxproj]
  (compiling source file '../Source/Processors/ProcessorGraph/ProcessorGraph.cpp')
      C:\Users\lawre\plugin-GUI\JuceLibraryCode\modules\juce_gui_basics\components\juce_Component.h(2388,11):
      see declaration of 'juce::Component::SafePointer<juce::Component>'
  
C:\Users\lawre\plugin-GUI\JuceLibraryCode\modules\juce_gui_basics\windows\juce_ResizableWindow.h(411,20): warning C4251: 'juce::ResizableWindow::lastNonFullScreenPos': 'juce::Rectangle<int>' needs to have dll-interface to be used by clients of 'juce::ResizableWindow' [C:\Users\lawre\plugin-GUI\Build\snap-gui.vcxproj]
  (compiling source file '../Source/Processors/ProcessorGraph/ProcessorGraph.cpp')
      C:\Users\lawre\plugin-GUI\JuceLibraryCode\modules\juce_graphics\geometry\juce_Rectangle.h(75,7):
      see declaration of 'juce::Rectangle<int>'
  
C:\Users\lawre\plugin-GUI\JuceLibraryCode\modules\juce_gui_basics\windows\juce_DocumentWindow.h(309,29): warning C4251: 'juce::DocumentWindow::titleBarButtons': 'std::unique_ptr<juce::Button,std::default_delete<juce::Button>>' needs to have dll-interface to be used by clients of 'juce::DocumentWindow' [C:\Users\lawre\plugin-GUI\Build\snap-gui.vcxproj]
  (compiling source file '../Source/Processors/ProcessorGraph/ProcessorGraph.cpp')
      C:\Program Files (x86)\Microsoft Visual Studio\2022\BuildTools\VC\Tools\MSVC\14.44.35207\include\memory(3347,7):
      see declaration of 'std::unique_ptr<juce::Button,std::default_delete<juce::Button>>'
  
C:\Users\lawre\plugin-GUI\JuceLibraryCode\modules\juce_gui_basics\windows\juce_DocumentWindow.h(311,32): warning C4251: 'juce::DocumentWindow::menuBar': 'std::unique_ptr<juce::Component,std::default_delete<juce::Component>>' needs to have dll-interface to be used by clients of 'juce::DocumentWindow' [C:\Users\lawre\plugin-GUI\Build\snap-gui.vcxproj]
  (compiling source file '../Source/Processors/ProcessorGraph/ProcessorGraph.cpp')
      C:\Program Files (x86)\Microsoft Visual Studio\2022\BuildTools\VC\Tools\MSVC\14.44.35207\include\memory(3347,7):
      see declaration of 'std::unique_ptr<juce::Component,std::default_delete<juce::Component>>'
  
C:\Users\lawre\plugin-GUI\JuceLibraryCode\modules\juce_gui_basics\windows\juce_DocumentWindow.h(315,42): warning C4251: 'juce::DocumentWindow::buttonListener': 'std::unique_ptr<juce::DocumentWindow::ButtonListenerProxy,std::default_delete<juce::DocumentWindow::ButtonListenerProxy>>' needs to have dll-interface to be used by clients of 'juce::DocumentWindow' [C:\Users\lawre\plugin-GUI\Build\snap-gui.vcxproj]
  (compiling source file '../Source/Processors/ProcessorGraph/ProcessorGraph.cpp')
      C:\Program Files (x86)\Microsoft Visual Studio\2022\BuildTools\VC\Tools\MSVC\14.44.35207\include\memory(3347,7):
      see declaration of 'std::unique_ptr<juce::DocumentWindow::ButtonListenerProxy,std::default_delete<juce::DocumentWindow::ButtonListenerProxy>>'
  
C:\Users\lawre\plugin-GUI\JuceLibraryCode\modules\juce_gui_basics\windows\juce_DialogWindow.h(113,42): warning C4251: 'juce::DialogWindow::LaunchOptions::content': 'juce::OptionalScopedPointer<juce::Component>' needs to have dll-interface to be used by clients of 'juce::DialogWindow::LaunchOptions' [C:\Users\lawre\plugin-GUI\Build\snap-gui.vcxproj]
  (compiling source file '../Source/Processors/ProcessorGraph/ProcessorGraph.cpp')
      C:\Users\lawre\plugin-GUI\JuceLibraryCode\modules\juce_core\memory\juce_OptionalScopedPointer.h(49,7):
      see declaration of 'juce::OptionalScopedPointer<juce::Component>'
  
C:\Users\lawre\plugin-GUI\JuceLibraryCode\modules\juce_gui_basics\windows\juce_ThreadWithProgressWindow.h(175,34): warning C4251: 'juce::ThreadWithProgressWindow::alertWindow': 'std::unique_ptr<juce::AlertWindow,std::default_delete<juce::AlertWindow>>' needs to have dll-interface to be used by clients of 'juce::ThreadWithProgressWindow' [C:\Users\lawre\plugin-GUI\Build\snap-gui.vcxproj]
  (compiling source file '../Source/Processors/ProcessorGraph/ProcessorGraph.cpp')
      C:\Program Files (x86)\Microsoft Visual Studio\2022\BuildTools\VC\Tools\MSVC\14.44.35207\include\memory(3347,7):
      see declaration of 'std::unique_ptr<juce::AlertWindow,std::default_delete<juce::AlertWindow>>'
  
C:\Users\lawre\plugin-GUI\JuceLibraryCode\modules\juce_gui_basics\windows\juce_TooltipWindow.h(149,18): warning C4251: 'juce::TooltipWindow::lastMousePos': 'juce::Point<float>' needs to have dll-interface to be used by clients of 'juce::TooltipWindow' [C:\Users\lawre\plugin-GUI\Build\snap-gui.vcxproj]
  (compiling source file '../Source/Processors/ProcessorGraph/ProcessorGraph.cpp')
      C:\Users\lawre\plugin-GUI\JuceLibraryCode\modules\juce_graphics\geometry\juce_Point.h(50,7):
      see declaration of 'juce::Point<float>'
  
C:\Users\lawre\plugin-GUI\JuceLibraryCode\modules\juce_gui_basics\windows\juce_TooltipWindow.h(150,28): warning C4251: 'juce::TooltipWindow::lastComponentUnderMouse': 'juce::Component::SafePointer<juce::Component>' needs to have dll-interface to be used by clients of 'juce::TooltipWindow' [C:\Users\lawre\plugin-GUI\Build\snap-gui.vcxproj]
  (compiling source file '../Source/Processors/ProcessorGraph/ProcessorGraph.cpp')
      C:\Users\lawre\plugin-GUI\JuceLibraryCode\modules\juce_gui_basics\components\juce_Component.h(2388,11):
      see declaration of 'juce::Component::SafePointer<juce::Component>'
  
C:\Users\lawre\plugin-GUI\JuceLibraryCode\modules\juce_gui_basics\windows\juce_VBlankAttachment.h(94,34): warning C4251: 'juce::VBlankAttachment::callback': 'std::function<void (double)>' needs to have dll-interface to be used by clients of 'juce::VBlankAttachment' [C:\Users\lawre\plugin-GUI\Build\snap-gui.vcxproj]
  (compiling source file '../Source/Processors/ProcessorGraph/ProcessorGraph.cpp')
      C:\Program Files (x86)\Microsoft Visual Studio\2022\BuildTools\VC\Tools\MSVC\14.44.35207\include\functional(1089,7):
      see declaration of 'std::function<void (double)>'
  
C:\Users\lawre\plugin-GUI\JuceLibraryCode\modules\juce_gui_basics\layout\juce_MultiDocumentPanel.h(380,23): warning C4251: 'juce::MultiDocumentPanel::components': 'juce::Array<juce::Component *,juce::DummyCriticalSection,0>' needs to have dll-interface to be used by clients of 'juce::MultiDocumentPanel' [C:\Users\lawre\plugin-GUI\Build\snap-gui.vcxproj]
  (compiling source file '../Source/Processors/ProcessorGraph/ProcessorGraph.cpp')
      C:\Users\lawre\plugin-GUI\JuceLibraryCode\modules\juce_core\containers\juce_Array.h(67,7):
      see declaration of 'juce::Array<juce::Component *,juce::DummyCriticalSection,0>'
  
C:\Users\lawre\plugin-GUI\JuceLibraryCode\modules\juce_gui_basics\layout\juce_MultiDocumentPanel.h(383,38): warning C4251: 'juce::MultiDocumentPanel::tabComponent': 'std::unique_ptr<juce::TabbedComponent,std::default_delete<juce::TabbedComponent>>' needs to have dll-interface to be used by clients of 'juce::MultiDocumentPanel' [C:\Users\lawre\plugin-GUI\Build\snap-gui.vcxproj]
  (compiling source file '../Source/Processors/ProcessorGraph/ProcessorGraph.cpp')
      C:\Program Files (x86)\Microsoft Visual Studio\2022\BuildTools\VC\Tools\MSVC\14.44.35207\include\memory(3347,7):
      see declaration of 'std::unique_ptr<juce::TabbedComponent,std::default_delete<juce::TabbedComponent>>'
  
C:\Users\lawre\plugin-GUI\JuceLibraryCode\modules\juce_gui_basics\filebrowser\juce_DirectoryContentsList.h(217,26): warning C4251: 'juce::DirectoryContentsList::files': 'juce::OwnedArray<juce::DirectoryContentsList::FileInfo,juce::DummyCriticalSection>' needs to have dll-interface to be used by clients of 'juce::DirectoryContentsList' [C:\Users\lawre\plugin-GUI\Build\snap-gui.vcxproj]
  (compiling source file '../Source/Processors/ProcessorGraph/ProcessorGraph.cpp')
      C:\Users\lawre\plugin-GUI\JuceLibraryCode\modules\juce_core\containers\juce_OwnedArray.h(61,7):
      see declaration of 'juce::OwnedArray<juce::DirectoryContentsList::FileInfo,juce::DummyCriticalSection>'
  
C:\Users\lawre\plugin-GUI\JuceLibraryCode\modules\juce_gui_basics\filebrowser\juce_DirectoryContentsList.h(219,46): warning C4251: 'juce::DirectoryContentsList::fileFindHandle': 'std::unique_ptr<juce::RangedDirectoryIterator,std::default_delete<juce::RangedDirectoryIterator>>' needs to have dll-interface to be used by clients of 'juce::DirectoryContentsList' [C:\Users\lawre\plugin-GUI\Build\snap-gui.vcxproj]
  (compiling source file '../Source/Processors/ProcessorGraph/ProcessorGraph.cpp')
      C:\Program Files (x86)\Microsoft Visual Studio\2022\BuildTools\VC\Tools\MSVC\14.44.35207\include\memory(3347,7):
      see declaration of 'std::unique_ptr<juce::RangedDirectoryIterator,std::default_delete<juce::RangedDirectoryIterator>>'
  
C:\Users\lawre\plugin-GUI\JuceLibraryCode\modules\juce_gui_basics\filebrowser\juce_DirectoryContentsList.h(220,23): warning C4251: 'juce::DirectoryContentsList::shouldStop': 'std::atomic<bool>' needs to have dll-interface to be used by clients of 'juce::DirectoryContentsList' [C:\Users\lawre\plugin-GUI\Build\snap-gui.vcxproj]
  (compiling source file '../Source/Processors/ProcessorGraph/ProcessorGraph.cpp')
      C:\Program Files (x86)\Microsoft Visual Studio\2022\BuildTools\VC\Tools\MSVC\14.44.35207\include\atomic(2131,8):
      see declaration of 'std::atomic<bool>'
  
C:\Users\lawre\plugin-GUI\JuceLibraryCode\modules\juce_gui_basics\filebrowser\juce_DirectoryContentsList.h(220,44): warning C4251: 'juce::DirectoryContentsList::isSearching': 'std::atomic<bool>' needs to have dll-interface to be used by clients of 'juce::DirectoryContentsList' [C:\Users\lawre\plugin-GUI\Build\snap-gui.vcxproj]
  (compiling source file '../Source/Processors/ProcessorGraph/ProcessorGraph.cpp')
      C:\Program Files (x86)\Microsoft Visual Studio\2022\BuildTools\VC\Tools\MSVC\14.44.35207\include\atomic(2131,8):
      see declaration of 'std::atomic<bool>'
  
C:\Users\lawre\plugin-GUI\JuceLibraryCode\modules\juce_gui_basics\filebrowser\juce_DirectoryContentsDisplayComponent.h(119,39): warning C4251: 'juce::DirectoryContentsDisplayComponent::listeners': 'juce::ListenerList<juce::FileBrowserListener,juce::Array<ListenerClass *,juce::DummyCriticalSection,0>>' needs to have dll-interface to be used by clients of 'juce::DirectoryContentsDisplayComponent' [C:\Users\lawre\plugin-GUI\Build\snap-gui.vcxproj]
C:\Users\lawre\plugin-GUI\JuceLibraryCode\modules\juce_gui_basics\filebrowser\juce_DirectoryContentsDisplayComponent.h(119,39): warning C4251:         with [C:\Users\lawre\plugin-GUI\Build\snap-gui.vcxproj]
C:\Users\lawre\plugin-GUI\JuceLibraryCode\modules\juce_gui_basics\filebrowser\juce_DirectoryContentsDisplayComponent.h(119,39): warning C4251:         [ [C:\Users\lawre\plugin-GUI\Build\snap-gui.vcxproj]
C:\Users\lawre\plugin-GUI\JuceLibraryCode\modules\juce_gui_basics\filebrowser\juce_DirectoryContentsDisplayComponent.h(119,39): warning C4251:             ListenerClass=juce::FileBrowserListener [C:\Users\lawre\plugin-GUI\Build\snap-gui.vcxproj]
C:\Users\lawre\plugin-GUI\JuceLibraryCode\modules\juce_gui_basics\filebrowser\juce_DirectoryContentsDisplayComponent.h(119,39): warning C4251:         ] [C:\Users\lawre\plugin-GUI\Build\snap-gui.vcxproj]
  (compiling source file '../Source/Processors/ProcessorGraph/ProcessorGraph.cpp')
      C:\Users\lawre\plugin-GUI\JuceLibraryCode\modules\juce_core\containers\juce_ListenerList.h(71,7):
      see declaration of 'juce::ListenerList<juce::FileBrowserListener,juce::Array<ListenerClass *,juce::DummyCriticalSection,0>>'
          with
          [
              ListenerClass=juce::FileBrowserListener
          ]
  
C:\Users\lawre\plugin-GUI\JuceLibraryCode\modules\juce_gui_basics\filebrowser\juce_FileBrowserComponent.h(280,44): warning C4251: 'juce::FileBrowserComponent::fileList': 'std::unique_ptr<juce::DirectoryContentsList,std::default_delete<juce::DirectoryContentsList>>' needs to have dll-interface to be used by clients of 'juce::FileBrowserComponent' [C:\Users\lawre\plugin-GUI\Build\snap-gui.vcxproj]
  (compiling source file '../Source/Processors/ProcessorGraph/ProcessorGraph.cpp')
      C:\Program Files (x86)\Microsoft Visual Studio\2022\BuildTools\VC\Tools\MSVC\14.44.35207\include\memory(3347,7):
      see declaration of 'std::unique_ptr<juce::DirectoryContentsList,std::default_delete<juce::DirectoryContentsList>>'
  
C:\Users\lawre\plugin-GUI\JuceLibraryCode\modules\juce_gui_basics\filebrowser\juce_FileBrowserComponent.h(285,17): warning C4251: 'juce::FileBrowserComponent::chosenFiles': 'juce::Array<juce::File,juce::DummyCriticalSection,0>' needs to have dll-interface to be used by clients of 'juce::FileBrowserComponent' [C:\Users\lawre\plugin-GUI\Build\snap-gui.vcxproj]
  (compiling source file '../Source/Processors/ProcessorGraph/ProcessorGraph.cpp')
      C:\Users\lawre\plugin-GUI\JuceLibraryCode\modules\juce_core\containers\juce_Array.h(67,7):
      see declaration of 'juce::Array<juce::File,juce::DummyCriticalSection,0>'
  
C:\Users\lawre\plugin-GUI\JuceLibraryCode\modules\juce_gui_basics\filebrowser\juce_FileBrowserComponent.h(286,39): warning C4251: 'juce::FileBrowserComponent::listeners': 'juce::ListenerList<juce::FileBrowserListener,juce::Array<ListenerClass *,juce::DummyCriticalSection,0>>' needs to have dll-interface to be used by clients of 'juce::FileBrowserComponent' [C:\Users\lawre\plugin-GUI\Build\snap-gui.vcxproj]
C:\Users\lawre\plugin-GUI\JuceLibraryCode\modules\juce_gui_basics\filebrowser\juce_FileBrowserComponent.h(286,39): warning C4251:         with [C:\Users\lawre\plugin-GUI\Build\snap-gui.vcxproj]
C:\Users\lawre\plugin-GUI\JuceLibraryCode\modules\juce_gui_basics\filebrowser\juce_FileBrowserComponent.h(286,39): warning C4251:         [ [C:\Users\lawre\plugin-GUI\Build\snap-gui.vcxproj]
C:\Users\lawre\plugin-GUI\JuceLibraryCode\modules\juce_gui_basics\filebrowser\juce_FileBrowserComponent.h(286,39): warning C4251:             ListenerClass=juce::FileBrowserListener [C:\Users\lawre\plugin-GUI\Build\snap-gui.vcxproj]
C:\Users\lawre\plugin-GUI\JuceLibraryCode\modules\juce_gui_basics\filebrowser\juce_FileBrowserComponent.h(286,39): warning C4251:         ] [C:\Users\lawre\plugin-GUI\Build\snap-gui.vcxproj]
  (compiling source file '../Source/Processors/ProcessorGraph/ProcessorGraph.cpp')
      C:\Users\lawre\plugin-GUI\JuceLibraryCode\modules\juce_core\containers\juce_ListenerList.h(71,7):
      see declaration of 'juce::ListenerList<juce::FileBrowserListener,juce::Array<ListenerClass *,juce::DummyCriticalSection,0>>'
          with
          [
              ListenerClass=juce::FileBrowserListener
          ]
  
C:\Users\lawre\plugin-GUI\JuceLibraryCode\modules\juce_gui_basics\filebrowser\juce_FileBrowserComponent.h(288,56): warning C4251: 'juce::FileBrowserComponent::fileListComponent': 'std::unique_ptr<juce::DirectoryContentsDisplayComponent,std::default_delete<juce::DirectoryContentsDisplayComponent>>' needs to have dll-interface to be used by clients of 'juce::FileBrowserComponent' [C:\Users\lawre\plugin-GUI\Build\snap-gui.vcxproj]
  (compiling source file '../Source/Processors/ProcessorGraph/ProcessorGraph.cpp')
      C:\Program Files (x86)\Microsoft Visual Studio\2022\BuildTools\VC\Tools\MSVC\14.44.35207\include\memory(3347,7):
      see declaration of 'std::unique_ptr<juce::DirectoryContentsDisplayComponent,std::default_delete<juce::DirectoryContentsDisplayComponent>>'
  
C:\Users\lawre\plugin-GUI\JuceLibraryCode\modules\juce_gui_basics\filebrowser\juce_FileBrowserComponent.h(293,29): warning C4251: 'juce::FileBrowserComponent::goUpButton': 'std::unique_ptr<juce::Button,std::default_delete<juce::Button>>' needs to have dll-interface to be used by clients of 'juce::FileBrowserComponent' [C:\Users\lawre\plugin-GUI\Build\snap-gui.vcxproj]
  (compiling source file '../Source/Processors/ProcessorGraph/ProcessorGraph.cpp')
      C:\Program Files (x86)\Microsoft Visual Studio\2022\BuildTools\VC\Tools\MSVC\14.44.35207\include\memory(3347,7):
      see declaration of 'std::unique_ptr<juce::Button,std::default_delete<juce::Button>>'
  
C:\Users\lawre\plugin-GUI\JuceLibraryCode\modules\juce_gui_basics\filebrowser\juce_FileChooser.h(328,16): warning C4251: 'juce::FileChooser::results': 'juce::Array<juce::URL,juce::DummyCriticalSection,0>' needs to have dll-interface to be used by clients of 'juce::FileChooser' [C:\Users\lawre\plugin-GUI\Build\snap-gui.vcxproj]
  (compiling source file '../Source/Processors/ProcessorGraph/ProcessorGraph.cpp')
      C:\Users\lawre\plugin-GUI\JuceLibraryCode\modules\juce_core\containers\juce_Array.h(67,7):
      see declaration of 'juce::Array<juce::URL,juce::DummyCriticalSection,0>'
  
C:\Users\lawre\plugin-GUI\JuceLibraryCode\modules\juce_gui_basics\filebrowser\juce_FileChooser.h(331,46): warning C4251: 'juce::FileChooser::asyncCallback': 'std::function<void (const juce::FileChooser &)>' needs to have dll-interface to be used by clients of 'juce::FileChooser' [C:\Users\lawre\plugin-GUI\Build\snap-gui.vcxproj]
  (compiling source file '../Source/Processors/ProcessorGraph/ProcessorGraph.cpp')
      C:\Program Files (x86)\Microsoft Visual Studio\2022\BuildTools\VC\Tools\MSVC\14.44.35207\include\functional(1089,7):
      see declaration of 'std::function<void (const juce::FileChooser &)>'
  
C:\Users\lawre\plugin-GUI\JuceLibraryCode\modules\juce_gui_basics\filebrowser\juce_FileChooser.h(345,28): warning C4251: 'juce::FileChooser::pimpl': 'std::shared_ptr<juce::FileChooser::Pimpl>' needs to have dll-interface to be used by clients of 'juce::FileChooser' [C:\Users\lawre\plugin-GUI\Build\snap-gui.vcxproj]
  (compiling source file '../Source/Processors/ProcessorGraph/ProcessorGraph.cpp')
      C:\Program Files (x86)\Microsoft Visual Studio\2022\BuildTools\VC\Tools\MSVC\14.44.35207\include\memory(1565,7):
      see declaration of 'std::shared_ptr<juce::FileChooser::Pimpl>'
  
C:\Users\lawre\plugin-GUI\JuceLibraryCode\modules\juce_gui_basics\filebrowser\juce_FilenameComponent.h(234,29): warning C4251: 'juce::FilenameComponent::browseButton': 'std::unique_ptr<juce::Button,std::default_delete<juce::Button>>' needs to have dll-interface to be used by clients of 'juce::FilenameComponent' [C:\Users\lawre\plugin-GUI\Build\snap-gui.vcxproj]
  (compiling source file '../Source/Processors/ProcessorGraph/ProcessorGraph.cpp')
      C:\Program Files (x86)\Microsoft Visual Studio\2022\BuildTools\VC\Tools\MSVC\14.44.35207\include\memory(3347,7):
      see declaration of 'std::unique_ptr<juce::Button,std::default_delete<juce::Button>>'
  
C:\Users\lawre\plugin-GUI\JuceLibraryCode\modules\juce_gui_basics\filebrowser\juce_FilenameComponent.h(238,46): warning C4251: 'juce::FilenameComponent::listeners': 'juce::ListenerList<juce::FilenameComponentListener,juce::Array<ListenerClass *,juce::DummyCriticalSection,0>>' needs to have dll-interface to be used by clients of 'juce::FilenameComponent' [C:\Users\lawre\plugin-GUI\Build\snap-gui.vcxproj]
C:\Users\lawre\plugin-GUI\JuceLibraryCode\modules\juce_gui_basics\filebrowser\juce_FilenameComponent.h(238,46): warning C4251:         with [C:\Users\lawre\plugin-GUI\Build\snap-gui.vcxproj]
C:\Users\lawre\plugin-GUI\JuceLibraryCode\modules\juce_gui_basics\filebrowser\juce_FilenameComponent.h(238,46): warning C4251:         [ [C:\Users\lawre\plugin-GUI\Build\snap-gui.vcxproj]
C:\Users\lawre\plugin-GUI\JuceLibraryCode\modules\juce_gui_basics\filebrowser\juce_FilenameComponent.h(238,46): warning C4251:             ListenerClass=juce::FilenameComponentListener [C:\Users\lawre\plugin-GUI\Build\snap-gui.vcxproj]
C:\Users\lawre\plugin-GUI\JuceLibraryCode\modules\juce_gui_basics\filebrowser\juce_FilenameComponent.h(238,46): warning C4251:         ] [C:\Users\lawre\plugin-GUI\Build\snap-gui.vcxproj]
  (compiling source file '../Source/Processors/ProcessorGraph/ProcessorGraph.cpp')
      C:\Users\lawre\plugin-GUI\JuceLibraryCode\modules\juce_core\containers\juce_ListenerList.h(71,7):
      see declaration of 'juce::ListenerList<juce::FilenameComponentListener,juce::Array<ListenerClass *,juce::DummyCriticalSection,0>>'
          with
          [
              ListenerClass=juce::FilenameComponentListener
          ]
  
C:\Users\lawre\plugin-GUI\JuceLibraryCode\modules\juce_gui_basics\filebrowser\juce_FilenameComponent.h(240,34): warning C4251: 'juce::FilenameComponent::chooser': 'std::unique_ptr<juce::FileChooser,std::default_delete<juce::FileChooser>>' needs to have dll-interface to be used by clients of 'juce::FilenameComponent' [C:\Users\lawre\plugin-GUI\Build\snap-gui.vcxproj]
  (compiling source file '../Source/Processors/ProcessorGraph/ProcessorGraph.cpp')
      C:\Program Files (x86)\Microsoft Visual Studio\2022\BuildTools\VC\Tools\MSVC\14.44.35207\include\memory(3347,7):
      see declaration of 'std::unique_ptr<juce::FileChooser,std::default_delete<juce::FileChooser>>'
  
C:\Users\lawre\plugin-GUI\JuceLibraryCode\modules\juce_gui_basics\filebrowser\juce_FileSearchPathListComponent.h(109,34): warning C4251: 'juce::FileSearchPathListComponent::chooser': 'std::unique_ptr<juce::FileChooser,std::default_delete<juce::FileChooser>>' needs to have dll-interface to be used by clients of 'juce::FileSearchPathListComponent' [C:\Users\lawre\plugin-GUI\Build\snap-gui.vcxproj]
  (compiling source file '../Source/Processors/ProcessorGraph/ProcessorGraph.cpp')
      C:\Program Files (x86)\Microsoft Visual Studio\2022\BuildTools\VC\Tools\MSVC\14.44.35207\include\memory(3347,7):
      see declaration of 'std::unique_ptr<juce::FileChooser,std::default_delete<juce::FileChooser>>'
  
C:\Users\lawre\plugin-GUI\JuceLibraryCode\modules\juce_gui_basics\filebrowser\juce_FileTreeComponent.h(112,33): warning C4251: 'juce::FileTreeComponent::controller': 'std::unique_ptr<juce::FileTreeComponent::Controller,std::default_delete<juce::FileTreeComponent::Controller>>' needs to have dll-interface to be used by clients of 'juce::FileTreeComponent' [C:\Users\lawre\plugin-GUI\Build\snap-gui.vcxproj]
  (compiling source file '../Source/Processors/ProcessorGraph/ProcessorGraph.cpp')
      C:\Program Files (x86)\Microsoft Visual Studio\2022\BuildTools\VC\Tools\MSVC\14.44.35207\include\memory(3347,7):
      see declaration of 'std::unique_ptr<juce::FileTreeComponent::Controller,std::default_delete<juce::FileTreeComponent::Controller>>'
  
C:\Users\lawre\plugin-GUI\JuceLibraryCode\modules\juce_gui_basics\properties\juce_TextPropertyComponent.h(188,32): warning C4251: 'juce::TextPropertyComponent::textEditor': 'std::unique_ptr<juce::TextPropertyComponent::LabelComp,std::default_delete<juce::TextPropertyComponent::LabelComp>>' needs to have dll-interface to be used by clients of 'juce::TextPropertyComponent' [C:\Users\lawre\plugin-GUI\Build\snap-gui.vcxproj]
  (compiling source file '../Source/Processors/ProcessorGraph/ProcessorGraph.cpp')
      C:\Program Files (x86)\Microsoft Visual Studio\2022\BuildTools\VC\Tools\MSVC\14.44.35207\include\memory(3347,7):
      see declaration of 'std::unique_ptr<juce::TextPropertyComponent::LabelComp,std::default_delete<juce::TextPropertyComponent::LabelComp>>'
  
C:\Users\lawre\plugin-GUI\JuceLibraryCode\modules\juce_gui_basics\properties\juce_TextPropertyComponent.h(189,28): warning C4251: 'juce::TextPropertyComponent::listenerList': 'juce::ListenerList<juce::TextPropertyComponent::Listener,juce::Array<ListenerClass *,juce::DummyCriticalSection,0>>' needs to have dll-interface to be used by clients of 'juce::TextPropertyComponent' [C:\Users\lawre\plugin-GUI\Build\snap-gui.vcxproj]
C:\Users\lawre\plugin-GUI\JuceLibraryCode\modules\juce_gui_basics\properties\juce_TextPropertyComponent.h(189,28): warning C4251:         with [C:\Users\lawre\plugin-GUI\Build\snap-gui.vcxproj]
C:\Users\lawre\plugin-GUI\JuceLibraryCode\modules\juce_gui_basics\properties\juce_TextPropertyComponent.h(189,28): warning C4251:         [ [C:\Users\lawre\plugin-GUI\Build\snap-gui.vcxproj]
C:\Users\lawre\plugin-GUI\JuceLibraryCode\modules\juce_gui_basics\properties\juce_TextPropertyComponent.h(189,28): warning C4251:             ListenerClass=juce::TextPropertyComponent::Listener [C:\Users\lawre\plugin-GUI\Build\snap-gui.vcxproj]
C:\Users\lawre\plugin-GUI\JuceLibraryCode\modules\juce_gui_basics\properties\juce_TextPropertyComponent.h(189,28): warning C4251:         ] [C:\Users\lawre\plugin-GUI\Build\snap-gui.vcxproj]
  (compiling source file '../Source/Processors/ProcessorGraph/ProcessorGraph.cpp')
      C:\Users\lawre\plugin-GUI\JuceLibraryCode\modules\juce_core\containers\juce_ListenerList.h(71,7):
      see declaration of 'juce::ListenerList<juce::TextPropertyComponent::Listener,juce::Array<ListenerClass *,juce::DummyCriticalSection,0>>'
          with
          [
              ListenerClass=juce::TextPropertyComponent::Listener
          ]
  
C:\Users\lawre\plugin-GUI\JuceLibraryCode\modules\juce_gui_basics\misc\juce_BubbleComponent.h(206,20): warning C4251: 'juce::BubbleComponent::content': 'juce::Rectangle<int>' needs to have dll-interface to be used by clients of 'juce::BubbleComponent' [C:\Users\lawre\plugin-GUI\Build\snap-gui.vcxproj]
  (compiling source file '../Source/Processors/ProcessorGraph/ProcessorGraph.cpp')
      C:\Users\lawre\plugin-GUI\JuceLibraryCode\modules\juce_graphics\geometry\juce_Rectangle.h(75,7):
      see declaration of 'juce::Rectangle<int>'
  
C:\Users\lawre\plugin-GUI\JuceLibraryCode\modules\juce_gui_basics\misc\juce_BubbleComponent.h(207,16): warning C4251: 'juce::BubbleComponent::arrowTip': 'juce::Point<int>' needs to have dll-interface to be used by clients of 'juce::BubbleComponent' [C:\Users\lawre\plugin-GUI\Build\snap-gui.vcxproj]
  (compiling source file '../Source/Processors/ProcessorGraph/ProcessorGraph.cpp')
      C:\Users\lawre\plugin-GUI\JuceLibraryCode\modules\juce_graphics\geometry\juce_Point.h(50,7):
      see declaration of 'juce::Point<int>'
  
C:\Users\lawre\plugin-GUI\JuceLibraryCode\modules\juce_gui_basics\lookandfeel\juce_LookAndFeel.h(292,30): warning C4251: 'juce::LookAndFeel::colours': 'juce::SortedSet<juce::LookAndFeel::ColourSetting,juce::DummyCriticalSection>' needs to have dll-interface to be used by clients of 'juce::LookAndFeel' [C:\Users\lawre\plugin-GUI\Build\snap-gui.vcxproj]
  (compiling source file '../Source/Processors/ProcessorGraph/ProcessorGraph.cpp')
      C:\Users\lawre\plugin-GUI\JuceLibraryCode\modules\juce_core\containers\juce_SortedSet.h(65,7):
      see declaration of 'juce::SortedSet<juce::LookAndFeel::ColourSetting,juce::DummyCriticalSection>'
  
C:\Users\lawre\plugin-GUI\JuceLibraryCode\modules\juce_gui_basics\lookandfeel\juce_LookAndFeel.h(294,19): warning C4251: 'juce::LookAndFeel::defaultTypeface': 'juce::ReferenceCountedObjectPtr<juce::Typeface>' needs to have dll-interface to be used by clients of 'juce::LookAndFeel' [C:\Users\lawre\plugin-GUI\Build\snap-gui.vcxproj]
  (compiling source file '../Source/Processors/ProcessorGraph/ProcessorGraph.cpp')
      C:\Users\lawre\plugin-GUI\JuceLibraryCode\modules\juce_core\memory\juce_ReferenceCountedObject.h(258,7):
      see declaration of 'juce::ReferenceCountedObjectPtr<juce::Typeface>'
  
C:\Users\lawre\plugin-GUI\JuceLibraryCode\modules\juce_gui_basics\lookandfeel\juce_LookAndFeel_V2.h(435,31): warning C4251: 'juce::LookAndFeel_V2::folderImage': 'std::unique_ptr<juce::Drawable,std::default_delete<juce::Drawable>>' needs to have dll-interface to be used by clients of 'juce::LookAndFeel_V2' [C:\Users\lawre\plugin-GUI\Build\snap-gui.vcxproj]
  (compiling source file '../Source/Processors/ProcessorGraph/ProcessorGraph.cpp')
      C:\Program Files (x86)\Microsoft Visual Studio\2022\BuildTools\VC\Tools\MSVC\14.44.35207\include\memory(3347,7):
      see declaration of 'std::unique_ptr<juce::Drawable,std::default_delete<juce::Drawable>>'
  
C:\Users\lawre\plugin-GUI\JuceLibraryCode\modules\juce_gui_basics\lookandfeel\juce_LookAndFeel_V2.h(435,44): warning C4251: 'juce::LookAndFeel_V2::documentImage': 'std::unique_ptr<juce::Drawable,std::default_delete<juce::Drawable>>' needs to have dll-interface to be used by clients of 'juce::LookAndFeel_V2' [C:\Users\lawre\plugin-GUI\Build\snap-gui.vcxproj]
  (compiling source file '../Source/Processors/ProcessorGraph/ProcessorGraph.cpp')
      C:\Program Files (x86)\Microsoft Visual Studio\2022\BuildTools\VC\Tools\MSVC\14.44.35207\include\memory(3347,7):
      see declaration of 'std::unique_ptr<juce::Drawable,std::default_delete<juce::Drawable>>'
  
C:\Users\lawre\plugin-GUI\JuceLibraryCode\modules\juce_gui_basics\lookandfeel\juce_LookAndFeel_V4.h(263,18): warning C4251: 'juce::LookAndFeel_V4::currentColourScheme': 'juce::LookAndFeel_V4::ColourScheme' needs to have dll-interface to be used by clients of 'juce::LookAndFeel_V4' [C:\Users\lawre\plugin-GUI\Build\snap-gui.vcxproj]
  (compiling source file '../Source/Processors/ProcessorGraph/ProcessorGraph.cpp')
      C:\Users\lawre\plugin-GUI\JuceLibraryCode\modules\juce_gui_basics\lookandfeel\juce_LookAndFeel_V4.h(51,11):
      see declaration of 'juce::LookAndFeel_V4::ColourScheme'
  
C:\Users\lawre\plugin-GUI\JuceLibraryCode\modules\juce_gui_basics\layout\juce_FlexItem.h(71,22): warning C4251: 'juce::FlexItem::currentBounds': 'juce::Rectangle<float>' needs to have dll-interface to be used by clients of 'juce::FlexItem' [C:\Users\lawre\plugin-GUI\Build\snap-gui.vcxproj]
  (compiling source file '../Source/Processors/ProcessorGraph/ProcessorGraph.cpp')
      C:\Users\lawre\plugin-GUI\JuceLibraryCode\modules\juce_graphics\geometry\juce_Rectangle.h(75,7):
      see declaration of 'juce::Rectangle<float>'
  
C:\Users\lawre\plugin-GUI\JuceLibraryCode\modules\juce_gui_basics\layout\juce_FlexItem.h(146,12): warning C4251: 'juce::FlexItem::margin': 'juce::FlexItem::Margin' needs to have dll-interface to be used by clients of 'juce::FlexItem' [C:\Users\lawre\plugin-GUI\Build\snap-gui.vcxproj]
  (compiling source file '../Source/Processors/ProcessorGraph/ProcessorGraph.cpp')
      C:\Users\lawre\plugin-GUI\JuceLibraryCode\modules\juce_gui_basics\layout\juce_FlexItem.h(133,12):
      see declaration of 'juce::FlexItem::Margin'
  
C:\Users\lawre\plugin-GUI\JuceLibraryCode\modules\juce_gui_basics\layout\juce_FlexBox.h(146,21): warning C4251: 'juce::FlexBox::items': 'juce::Array<juce::FlexItem,juce::DummyCriticalSection,0>' needs to have dll-interface to be used by clients of 'juce::FlexBox' [C:\Users\lawre\plugin-GUI\Build\snap-gui.vcxproj]
  (compiling source file '../Source/Processors/ProcessorGraph/ProcessorGraph.cpp')
      C:\Users\lawre\plugin-GUI\JuceLibraryCode\modules\juce_core\containers\juce_Array.h(67,7):
      see declaration of 'juce::Array<juce::FlexItem,juce::DummyCriticalSection,0>'
  
C:\Users\lawre\plugin-GUI\JuceLibraryCode\modules\juce_gui_basics\layout\juce_GridItem.h(198,12): warning C4251: 'juce::GridItem::margin': 'juce::GridItem::Margin' needs to have dll-interface to be used by clients of 'juce::GridItem' [C:\Users\lawre\plugin-GUI\Build\snap-gui.vcxproj]
  (compiling source file '../Source/Processors/ProcessorGraph/ProcessorGraph.cpp')
      C:\Users\lawre\plugin-GUI\JuceLibraryCode\modules\juce_gui_basics\layout\juce_GridItem.h(184,12):
      see declaration of 'juce::GridItem::Margin'
  
C:\Users\lawre\plugin-GUI\JuceLibraryCode\modules\juce_gui_basics\layout\juce_GridItem.h(201,22): warning C4251: 'juce::GridItem::currentBounds': 'juce::Rectangle<float>' needs to have dll-interface to be used by clients of 'juce::GridItem' [C:\Users\lawre\plugin-GUI\Build\snap-gui.vcxproj]
  (compiling source file '../Source/Processors/ProcessorGraph/ProcessorGraph.cpp')
      C:\Users\lawre\plugin-GUI\JuceLibraryCode\modules\juce_graphics\geometry\juce_Rectangle.h(75,7):
      see declaration of 'juce::Rectangle<float>'
  
C:\Users\lawre\plugin-GUI\JuceLibraryCode\modules\juce_gui_basics\layout\juce_Grid.h(187,22): warning C4251: 'juce::Grid::templateColumns': 'juce::Array<juce::Grid::TrackInfo,juce::DummyCriticalSection,0>' needs to have dll-interface to be used by clients of 'juce::Grid' [C:\Users\lawre\plugin-GUI\Build\snap-gui.vcxproj]
  (compiling source file '../Source/Processors/ProcessorGraph/ProcessorGraph.cpp')
      C:\Users\lawre\plugin-GUI\JuceLibraryCode\modules\juce_core\containers\juce_Array.h(67,7):
      see declaration of 'juce::Array<juce::Grid::TrackInfo,juce::DummyCriticalSection,0>'
  
C:\Users\lawre\plugin-GUI\JuceLibraryCode\modules\juce_gui_basics\layout\juce_Grid.h(190,22): warning C4251: 'juce::Grid::templateRows': 'juce::Array<juce::Grid::TrackInfo,juce::DummyCriticalSection,0>' needs to have dll-interface to be used by clients of 'juce::Grid' [C:\Users\lawre\plugin-GUI\Build\snap-gui.vcxproj]
  (compiling source file '../Source/Processors/ProcessorGraph/ProcessorGraph.cpp')
      C:\Users\lawre\plugin-GUI\JuceLibraryCode\modules\juce_core\containers\juce_Array.h(67,7):
      see declaration of 'juce::Array<juce::Grid::TrackInfo,juce::DummyCriticalSection,0>'
  
C:\Users\lawre\plugin-GUI\JuceLibraryCode\modules\juce_gui_basics\layout\juce_Grid.h(202,8): warning C4251: 'juce::Grid::columnGap': 'juce::Grid::Px' needs to have dll-interface to be used by clients of 'juce::Grid' [C:\Users\lawre\plugin-GUI\Build\snap-gui.vcxproj]
  (compiling source file '../Source/Processors/ProcessorGraph/ProcessorGraph.cpp')
      C:\Users\lawre\plugin-GUI\JuceLibraryCode\modules\juce_gui_basics\layout\juce_Grid.h(53,12):
      see declaration of 'juce::Grid::Px'
  
C:\Users\lawre\plugin-GUI\JuceLibraryCode\modules\juce_gui_basics\layout\juce_Grid.h(204,8): warning C4251: 'juce::Grid::rowGap': 'juce::Grid::Px' needs to have dll-interface to be used by clients of 'juce::Grid' [C:\Users\lawre\plugin-GUI\Build\snap-gui.vcxproj]
  (compiling source file '../Source/Processors/ProcessorGraph/ProcessorGraph.cpp')
      C:\Users\lawre\plugin-GUI\JuceLibraryCode\modules\juce_gui_basics\layout\juce_Grid.h(53,12):
      see declaration of 'juce::Grid::Px'
  
C:\Users\lawre\plugin-GUI\JuceLibraryCode\modules\juce_gui_basics\layout\juce_Grid.h(211,21): warning C4251: 'juce::Grid::items': 'juce::Array<juce::GridItem,juce::DummyCriticalSection,0>' needs to have dll-interface to be used by clients of 'juce::Grid' [C:\Users\lawre\plugin-GUI\Build\snap-gui.vcxproj]
  (compiling source file '../Source/Processors/ProcessorGraph/ProcessorGraph.cpp')
      C:\Users\lawre\plugin-GUI\JuceLibraryCode\modules\juce_core\containers\juce_Array.h(67,7):
      see declaration of 'juce::Array<juce::GridItem,juce::DummyCriticalSection,0>'
  
C:\Users\lawre\plugin-GUI\JuceLibraryCode\modules\juce_gui_extra\documents\juce_FileBasedDocument.h(435,28): warning C4251: 'juce::FileBasedDocument::pimpl': 'std::unique_ptr<juce::FileBasedDocument::Pimpl,std::default_delete<juce::FileBasedDocument::Pimpl>>' needs to have dll-interface to be used by clients of 'juce::FileBasedDocument' [C:\Users\lawre\plugin-GUI\Build\snap-gui.vcxproj]
  (compiling source file '../Source/Processors/ProcessorGraph/ProcessorGraph.cpp')
      C:\Program Files (x86)\Microsoft Visual Studio\2022\BuildTools\VC\Tools\MSVC\14.44.35207\include\memory(3347,7):
      see declaration of 'std::unique_ptr<juce::FileBasedDocument::Pimpl,std::default_delete<juce::FileBasedDocument::Pimpl>>'
  
C:\Users\lawre\plugin-GUI\JuceLibraryCode\modules\juce_gui_extra\code_editor\juce_CodeDocument.h(433,41): warning C4251: 'juce::CodeDocument::Iterator::charPointer': 'juce::CharPointer_UTF8' needs to have dll-interface to be used by clients of 'juce::CodeDocument::Iterator' [C:\Users\lawre\plugin-GUI\Build\snap-gui.vcxproj]
  (compiling source file '../Source/Processors/ProcessorGraph/ProcessorGraph.cpp')
      C:\Users\lawre\plugin-GUI\JuceLibraryCode\modules\juce_core\text\juce_CharPointer_UTF8.h(46,7):
      see declaration of 'juce::CharPointer_UTF8'
  
C:\Users\lawre\plugin-GUI\JuceLibraryCode\modules\juce_gui_extra\code_editor\juce_CodeDocument.h(444,34): warning C4251: 'juce::CodeDocument::lines': 'juce::OwnedArray<juce::CodeDocumentLine,juce::DummyCriticalSection>' needs to have dll-interface to be used by clients of 'juce::CodeDocument' [C:\Users\lawre\plugin-GUI\Build\snap-gui.vcxproj]
  (compiling source file '../Source/Processors/ProcessorGraph/ProcessorGraph.cpp')
      C:\Users\lawre\plugin-GUI\JuceLibraryCode\modules\juce_core\containers\juce_OwnedArray.h(61,7):
      see declaration of 'juce::OwnedArray<juce::CodeDocumentLine,juce::DummyCriticalSection>'
  
C:\Users\lawre\plugin-GUI\JuceLibraryCode\modules\juce_gui_extra\code_editor\juce_CodeDocument.h(445,22): warning C4251: 'juce::CodeDocument::positionsToMaintain': 'juce::Array<juce::CodeDocument::Position *,juce::DummyCriticalSection,0>' needs to have dll-interface to be used by clients of 'juce::CodeDocument' [C:\Users\lawre\plugin-GUI\Build\snap-gui.vcxproj]
  (compiling source file '../Source/Processors/ProcessorGraph/ProcessorGraph.cpp')
      C:\Users\lawre\plugin-GUI\JuceLibraryCode\modules\juce_core\containers\juce_Array.h(67,7):
      see declaration of 'juce::Array<juce::CodeDocument::Position *,juce::DummyCriticalSection,0>'
  
C:\Users\lawre\plugin-GUI\JuceLibraryCode\modules\juce_gui_extra\code_editor\juce_CodeDocument.h(449,28): warning C4251: 'juce::CodeDocument::listeners': 'juce::ListenerList<juce::CodeDocument::Listener,juce::Array<ListenerClass *,juce::DummyCriticalSection,0>>' needs to have dll-interface to be used by clients of 'juce::CodeDocument' [C:\Users\lawre\plugin-GUI\Build\snap-gui.vcxproj]
C:\Users\lawre\plugin-GUI\JuceLibraryCode\modules\juce_gui_extra\code_editor\juce_CodeDocument.h(449,28): warning C4251:         with [C:\Users\lawre\plugin-GUI\Build\snap-gui.vcxproj]
C:\Users\lawre\plugin-GUI\JuceLibraryCode\modules\juce_gui_extra\code_editor\juce_CodeDocument.h(449,28): warning C4251:         [ [C:\Users\lawre\plugin-GUI\Build\snap-gui.vcxproj]
C:\Users\lawre\plugin-GUI\JuceLibraryCode\modules\juce_gui_extra\code_editor\juce_CodeDocument.h(449,28): warning C4251:             ListenerClass=juce::CodeDocument::Listener [C:\Users\lawre\plugin-GUI\Build\snap-gui.vcxproj]
C:\Users\lawre\plugin-GUI\JuceLibraryCode\modules\juce_gui_extra\code_editor\juce_CodeDocument.h(449,28): warning C4251:         ] [C:\Users\lawre\plugin-GUI\Build\snap-gui.vcxproj]
  (compiling source file '../Source/Processors/ProcessorGraph/ProcessorGraph.cpp')
      C:\Users\lawre\plugin-GUI\JuceLibraryCode\modules\juce_core\containers\juce_ListenerList.h(71,7):
      see declaration of 'juce::ListenerList<juce::CodeDocument::Listener,juce::Array<ListenerClass *,juce::DummyCriticalSection,0>>'
          with
          [
              ListenerClass=juce::CodeDocument::Listener
          ]
  
C:\Users\lawre\plugin-GUI\JuceLibraryCode\modules\juce_gui_extra\code_editor\juce_CodeEditorComponent.h(262,26): warning C4251: 'juce::CodeEditorComponent::ColourScheme::types': 'juce::Array<juce::CodeEditorComponent::ColourScheme::TokenType,juce::DummyCriticalSection,0>' needs to have dll-interface to be used by clients of 'juce::CodeEditorComponent::ColourScheme' [C:\Users\lawre\plugin-GUI\Build\snap-gui.vcxproj]
  (compiling source file '../Source/Processors/ProcessorGraph/ProcessorGraph.cpp')
      C:\Users\lawre\plugin-GUI\JuceLibraryCode\modules\juce_core\containers\juce_Array.h(67,7):
      see declaration of 'juce::Array<juce::CodeEditorComponent::ColourScheme::TokenType,juce::DummyCriticalSection,0>'
  
C:\Users\lawre\plugin-GUI\JuceLibraryCode\modules\juce_gui_extra\code_editor\juce_CodeEditorComponent.h(428,37): warning C4251: 'juce::CodeEditorComponent::caret': 'std::unique_ptr<juce::CaretComponent,std::default_delete<juce::CaretComponent>>' needs to have dll-interface to be used by clients of 'juce::CodeEditorComponent' [C:\Users\lawre\plugin-GUI\Build\snap-gui.vcxproj]
  (compiling source file '../Source/Processors/ProcessorGraph/ProcessorGraph.cpp')
      C:\Program Files (x86)\Microsoft Visual Studio\2022\BuildTools\VC\Tools\MSVC\14.44.35207\include\memory(3347,7):
      see declaration of 'std::unique_ptr<juce::CaretComponent,std::default_delete<juce::CaretComponent>>'
  
C:\Users\lawre\plugin-GUI\JuceLibraryCode\modules\juce_gui_extra\code_editor\juce_CodeEditorComponent.h(433,28): warning C4251: 'juce::CodeEditorComponent::pimpl': 'std::unique_ptr<juce::CodeEditorComponent::Pimpl,std::default_delete<juce::CodeEditorComponent::Pimpl>>' needs to have dll-interface to be used by clients of 'juce::CodeEditorComponent' [C:\Users\lawre\plugin-GUI\Build\snap-gui.vcxproj]
  (compiling source file '../Source/Processors/ProcessorGraph/ProcessorGraph.cpp')
      C:\Program Files (x86)\Microsoft Visual Studio\2022\BuildTools\VC\Tools\MSVC\14.44.35207\include\memory(3347,7):
      see declaration of 'std::unique_ptr<juce::CodeEditorComponent::Pimpl,std::default_delete<juce::CodeEditorComponent::Pimpl>>'
  
C:\Users\lawre\plugin-GUI\JuceLibraryCode\modules\juce_gui_extra\code_editor\juce_CodeEditorComponent.h(436,38): warning C4251: 'juce::CodeEditorComponent::gutter': 'std::unique_ptr<juce::CodeEditorComponent::GutterComponent,std::default_delete<juce::CodeEditorComponent::GutterComponent>>' needs to have dll-interface to be used by clients of 'juce::CodeEditorComponent' [C:\Users\lawre\plugin-GUI\Build\snap-gui.vcxproj]
  (compiling source file '../Source/Processors/ProcessorGraph/ProcessorGraph.cpp')
      C:\Program Files (x86)\Microsoft Visual Studio\2022\BuildTools\VC\Tools\MSVC\14.44.35207\include\memory(3347,7):
      see declaration of 'std::unique_ptr<juce::CodeEditorComponent::GutterComponent,std::default_delete<juce::CodeEditorComponent::GutterComponent>>'
  
C:\Users\lawre\plugin-GUI\JuceLibraryCode\modules\juce_gui_extra\code_editor\juce_CodeEditorComponent.h(454,32): warning C4251: 'juce::CodeEditorComponent::lines': 'juce::OwnedArray<juce::CodeEditorComponent::CodeEditorLine,juce::DummyCriticalSection>' needs to have dll-interface to be used by clients of 'juce::CodeEditorComponent' [C:\Users\lawre\plugin-GUI\Build\snap-gui.vcxproj]
  (compiling source file '../Source/Processors/ProcessorGraph/ProcessorGraph.cpp')
      C:\Users\lawre\plugin-GUI\JuceLibraryCode\modules\juce_core\containers\juce_OwnedArray.h(61,7):
      see declaration of 'juce::OwnedArray<juce::CodeEditorComponent::CodeEditorLine,juce::DummyCriticalSection>'
  
C:\Users\lawre\plugin-GUI\JuceLibraryCode\modules\juce_gui_extra\code_editor\juce_CodeEditorComponent.h(459,35): warning C4251: 'juce::CodeEditorComponent::cachedIterators': 'juce::Array<juce::CodeDocument::Iterator,juce::DummyCriticalSection,0>' needs to have dll-interface to be used by clients of 'juce::CodeEditorComponent' [C:\Users\lawre\plugin-GUI\Build\snap-gui.vcxproj]
  (compiling source file '../Source/Processors/ProcessorGraph/ProcessorGraph.cpp')
      C:\Users\lawre\plugin-GUI\JuceLibraryCode\modules\juce_core\containers\juce_Array.h(67,7):
      see declaration of 'juce::Array<juce::CodeDocument::Iterator,juce::DummyCriticalSection,0>'
  
C:\Users\lawre\plugin-GUI\JuceLibraryCode\modules\juce_gui_extra\embedding\juce_ActiveXControlComponent.h(134,28): warning C4251: 'juce::ActiveXControlComponent::control': 'std::unique_ptr<juce::ActiveXControlComponent::Pimpl,std::default_delete<juce::ActiveXControlComponent::Pimpl>>' needs to have dll-interface to be used by clients of 'juce::ActiveXControlComponent' [C:\Users\lawre\plugin-GUI\Build\snap-gui.vcxproj]
  (compiling source file '../Source/Processors/ProcessorGraph/ProcessorGraph.cpp')
      C:\Program Files (x86)\Microsoft Visual Studio\2022\BuildTools\VC\Tools\MSVC\14.44.35207\include\memory(3347,7):
      see declaration of 'std::unique_ptr<juce::ActiveXControlComponent::Pimpl,std::default_delete<juce::ActiveXControlComponent::Pimpl>>'
  
C:\Users\lawre\plugin-GUI\JuceLibraryCode\modules\juce_gui_extra\embedding\juce_HWNDComponent.h(91,28): warning C4251: 'juce::HWNDComponent::pimpl': 'std::unique_ptr<juce::HWNDComponent::Pimpl,std::default_delete<juce::HWNDComponent::Pimpl>>' needs to have dll-interface to be used by clients of 'juce::HWNDComponent' [C:\Users\lawre\plugin-GUI\Build\snap-gui.vcxproj]
  (compiling source file '../Source/Processors/ProcessorGraph/ProcessorGraph.cpp')
      C:\Program Files (x86)\Microsoft Visual Studio\2022\BuildTools\VC\Tools\MSVC\14.44.35207\include\memory(3347,7):
      see declaration of 'std::unique_ptr<juce::HWNDComponent::Pimpl,std::default_delete<juce::HWNDComponent::Pimpl>>'
  
C:\Users\lawre\plugin-GUI\JuceLibraryCode\modules\juce_gui_extra\misc\juce_ColourSelector.h(154,29): warning C4251: 'juce::ColourSelector::sliders': 'std::unique_ptr<juce::Slider,std::default_delete<juce::Slider>>' needs to have dll-interface to be used by clients of 'juce::ColourSelector' [C:\Users\lawre\plugin-GUI\Build\snap-gui.vcxproj]
  (compiling source file '../Source/Processors/ProcessorGraph/ProcessorGraph.cpp')
      C:\Program Files (x86)\Microsoft Visual Studio\2022\BuildTools\VC\Tools\MSVC\14.44.35207\include\memory(3347,7):
      see declaration of 'std::unique_ptr<juce::Slider,std::default_delete<juce::Slider>>'
  
C:\Users\lawre\plugin-GUI\JuceLibraryCode\modules\juce_gui_extra\misc\juce_ColourSelector.h(155,38): warning C4251: 'juce::ColourSelector::colourSpace': 'std::unique_ptr<juce::ColourSelector::ColourSpaceView,std::default_delete<juce::ColourSelector::ColourSpaceView>>' needs to have dll-interface to be used by clients of 'juce::ColourSelector' [C:\Users\lawre\plugin-GUI\Build\snap-gui.vcxproj]
  (compiling source file '../Source/Processors/ProcessorGraph/ProcessorGraph.cpp')
      C:\Program Files (x86)\Microsoft Visual Studio\2022\BuildTools\VC\Tools\MSVC\14.44.35207\include\memory(3347,7):
      see declaration of 'std::unique_ptr<juce::ColourSelector::ColourSpaceView,std::default_delete<juce::ColourSelector::ColourSpaceView>>'
  
C:\Users\lawre\plugin-GUI\JuceLibraryCode\modules\juce_gui_extra\misc\juce_ColourSelector.h(156,38): warning C4251: 'juce::ColourSelector::hueSelector': 'std::unique_ptr<juce::ColourSelector::HueSelectorComp,std::default_delete<juce::ColourSelector::HueSelectorComp>>' needs to have dll-interface to be used by clients of 'juce::ColourSelector' [C:\Users\lawre\plugin-GUI\Build\snap-gui.vcxproj]
  (compiling source file '../Source/Processors/ProcessorGraph/ProcessorGraph.cpp')
      C:\Program Files (x86)\Microsoft Visual Studio\2022\BuildTools\VC\Tools\MSVC\14.44.35207\include\memory(3347,7):
      see declaration of 'std::unique_ptr<juce::ColourSelector::HueSelectorComp,std::default_delete<juce::ColourSelector::HueSelectorComp>>'
  
C:\Users\lawre\plugin-GUI\JuceLibraryCode\modules\juce_gui_extra\misc\juce_ColourSelector.h(157,40): warning C4251: 'juce::ColourSelector::previewComponent': 'std::unique_ptr<juce::ColourSelector::ColourPreviewComp,std::default_delete<juce::ColourSelector::ColourPreviewComp>>' needs to have dll-interface to be used by clients of 'juce::ColourSelector' [C:\Users\lawre\plugin-GUI\Build\snap-gui.vcxproj]
  (compiling source file '../Source/Processors/ProcessorGraph/ProcessorGraph.cpp')
      C:\Program Files (x86)\Microsoft Visual Studio\2022\BuildTools\VC\Tools\MSVC\14.44.35207\include\memory(3347,7):
      see declaration of 'std::unique_ptr<juce::ColourSelector::ColourPreviewComp,std::default_delete<juce::ColourSelector::ColourPreviewComp>>'
  
C:\Users\lawre\plugin-GUI\JuceLibraryCode\modules\juce_gui_extra\misc\juce_ColourSelector.h(158,33): warning C4251: 'juce::ColourSelector::swatchComponents': 'juce::OwnedArray<juce::ColourSelector::SwatchComponent,juce::DummyCriticalSection>' needs to have dll-interface to be used by clients of 'juce::ColourSelector' [C:\Users\lawre\plugin-GUI\Build\snap-gui.vcxproj]
  (compiling source file '../Source/Processors/ProcessorGraph/ProcessorGraph.cpp')
      C:\Users\lawre\plugin-GUI\JuceLibraryCode\modules\juce_core\containers\juce_OwnedArray.h(61,7):
      see declaration of 'juce::OwnedArray<juce::ColourSelector::SwatchComponent,juce::DummyCriticalSection>'
  
C:\Users\lawre\plugin-GUI\JuceLibraryCode\modules\juce_gui_extra\misc\juce_KeyMappingEditorComponent.h(136,35): warning C4251: 'juce::KeyMappingEditorComponent::treeItem': 'std::unique_ptr<juce::KeyMappingEditorComponent::TopLevelItem,std::default_delete<juce::KeyMappingEditorComponent::TopLevelItem>>' needs to have dll-interface to be used by clients of 'juce::KeyMappingEditorComponent' [C:\Users\lawre\plugin-GUI\Build\snap-gui.vcxproj]
  (compiling source file '../Source/Processors/ProcessorGraph/ProcessorGraph.cpp')
      C:\Program Files (x86)\Microsoft Visual Studio\2022\BuildTools\VC\Tools\MSVC\14.44.35207\include\memory(3347,7):
      see declaration of 'std::unique_ptr<juce::KeyMappingEditorComponent::TopLevelItem,std::default_delete<juce::KeyMappingEditorComponent::TopLevelItem>>'
  
C:\Users\lawre\plugin-GUI\JuceLibraryCode\modules\juce_gui_extra\misc\juce_PreferencesPanel.h(147,32): warning C4251: 'juce::PreferencesPanel::currentPage': 'std::unique_ptr<juce::Component,std::default_delete<juce::Component>>' needs to have dll-interface to be used by clients of 'juce::PreferencesPanel' [C:\Users\lawre\plugin-GUI\Build\snap-gui.vcxproj]
  (compiling source file '../Source/Processors/ProcessorGraph/ProcessorGraph.cpp')
      C:\Program Files (x86)\Microsoft Visual Studio\2022\BuildTools\VC\Tools\MSVC\14.44.35207\include\memory(3347,7):
      see declaration of 'std::unique_ptr<juce::Component,std::default_delete<juce::Component>>'
  
C:\Users\lawre\plugin-GUI\JuceLibraryCode\modules\juce_gui_extra\misc\juce_PreferencesPanel.h(148,32): warning C4251: 'juce::PreferencesPanel::buttons': 'juce::OwnedArray<juce::DrawableButton,juce::DummyCriticalSection>' needs to have dll-interface to be used by clients of 'juce::PreferencesPanel' [C:\Users\lawre\plugin-GUI\Build\snap-gui.vcxproj]
  (compiling source file '../Source/Processors/ProcessorGraph/ProcessorGraph.cpp')
      C:\Users\lawre\plugin-GUI\JuceLibraryCode\modules\juce_core\containers\juce_OwnedArray.h(61,7):
      see declaration of 'juce::OwnedArray<juce::DrawableButton,juce::DummyCriticalSection>'
  
C:\Users\lawre\plugin-GUI\JuceLibraryCode\modules\juce_gui_extra\misc\juce_PushNotifications.h(58,5): warning C4251: 'juce::PushNotifications::singletonHolder': 'juce::SingletonHolder<juce::PushNotifications,juce::CriticalSection,false>' needs to have dll-interface to be used by clients of 'juce::PushNotifications' [C:\Users\lawre\plugin-GUI\Build\snap-gui.vcxproj]
  (compiling source file '../Source/Processors/ProcessorGraph/ProcessorGraph.cpp')
      C:\Users\lawre\plugin-GUI\JuceLibraryCode\modules\juce_core\memory\juce_Singleton.h(50,8):
      see declaration of 'juce::SingletonHolder<juce::PushNotifications,juce::CriticalSection,false>'
  
C:\Users\lawre\plugin-GUI\JuceLibraryCode\modules\juce_gui_extra\misc\juce_PushNotifications.h(697,47): warning C4251: 'juce::PushNotifications::listeners': 'juce::ListenerList<juce::PushNotifications::Listener,juce::Array<ListenerClass *,juce::DummyCriticalSection,0>>' needs to have dll-interface to be used by clients of 'juce::PushNotifications' [C:\Users\lawre\plugin-GUI\Build\snap-gui.vcxproj]
C:\Users\lawre\plugin-GUI\JuceLibraryCode\modules\juce_gui_extra\misc\juce_PushNotifications.h(697,47): warning C4251:         with [C:\Users\lawre\plugin-GUI\Build\snap-gui.vcxproj]
C:\Users\lawre\plugin-GUI\JuceLibraryCode\modules\juce_gui_extra\misc\juce_PushNotifications.h(697,47): warning C4251:         [ [C:\Users\lawre\plugin-GUI\Build\snap-gui.vcxproj]
C:\Users\lawre\plugin-GUI\JuceLibraryCode\modules\juce_gui_extra\misc\juce_PushNotifications.h(697,47): warning C4251:             ListenerClass=juce::PushNotifications::Listener [C:\Users\lawre\plugin-GUI\Build\snap-gui.vcxproj]
C:\Users\lawre\plugin-GUI\JuceLibraryCode\modules\juce_gui_extra\misc\juce_PushNotifications.h(697,47): warning C4251:         ] [C:\Users\lawre\plugin-GUI\Build\snap-gui.vcxproj]
  (compiling source file '../Source/Processors/ProcessorGraph/ProcessorGraph.cpp')
      C:\Users\lawre\plugin-GUI\JuceLibraryCode\modules\juce_core\containers\juce_ListenerList.h(71,7):
      see declaration of 'juce::ListenerList<juce::PushNotifications::Listener,juce::Array<ListenerClass *,juce::DummyCriticalSection,0>>'
          with
          [
              ListenerClass=juce::PushNotifications::Listener
          ]
  
C:\Users\lawre\plugin-GUI\JuceLibraryCode\modules\juce_gui_extra\misc\juce_PushNotifications.h(707,27): warning C4251: 'juce::PushNotifications::pimpl': 'std::unique_ptr<juce::PushNotifications::Impl,std::default_delete<juce::PushNotifications::Impl>>' needs to have dll-interface to be used by clients of 'juce::PushNotifications' [C:\Users\lawre\plugin-GUI\Build\snap-gui.vcxproj]
  (compiling source file '../Source/Processors/ProcessorGraph/ProcessorGraph.cpp')
      C:\Program Files (x86)\Microsoft Visual Studio\2022\BuildTools\VC\Tools\MSVC\14.44.35207\include\memory(3347,7):
      see declaration of 'std::unique_ptr<juce::PushNotifications::Impl,std::default_delete<juce::PushNotifications::Impl>>'
  
C:\Users\lawre\plugin-GUI\JuceLibraryCode\modules\juce_gui_extra\misc\juce_SystemTrayIconComponent.h(115,28): warning C4251: 'juce::SystemTrayIconComponent::pimpl': 'std::unique_ptr<juce::SystemTrayIconComponent::Pimpl,std::default_delete<juce::SystemTrayIconComponent::Pimpl>>' needs to have dll-interface to be used by clients of 'juce::SystemTrayIconComponent' [C:\Users\lawre\plugin-GUI\Build\snap-gui.vcxproj]
  (compiling source file '../Source/Processors/ProcessorGraph/ProcessorGraph.cpp')
      C:\Program Files (x86)\Microsoft Visual Studio\2022\BuildTools\VC\Tools\MSVC\14.44.35207\include\memory(3347,7):
      see declaration of 'std::unique_ptr<juce::SystemTrayIconComponent::Pimpl,std::default_delete<juce::SystemTrayIconComponent::Pimpl>>'
  
C:\Users\lawre\plugin-GUI\JuceLibraryCode\modules\juce_audio_processors\processors\juce_AudioProcessorParameter.h(360,22): warning C4251: 'juce::AudioProcessorParameter::listeners': 'juce::Array<juce::AudioProcessorParameter::Listener *,juce::DummyCriticalSection,0>' needs to have dll-interface to be used by clients of 'juce::AudioProcessorParameter' [C:\Users\lawre\plugin-GUI\Build\snap-gui.vcxproj]
  (compiling source file '../Source/Processors/ProcessorGraph/ProcessorGraph.cpp')
      C:\Users\lawre\plugin-GUI\JuceLibraryCode\modules\juce_core\containers\juce_Array.h(67,7):
      see declaration of 'juce::Array<juce::AudioProcessorParameter::Listener *,juce::DummyCriticalSection,0>'
  
C:\Users\lawre\plugin-GUI\JuceLibraryCode\modules\juce_audio_processors\processors\juce_AudioProcessorEditor.h(219,47): warning C4251: 'juce::AudioProcessorEditor::resizableCorner': 'std::unique_ptr<juce::ResizableCornerComponent,std::default_delete<juce::ResizableCornerComponent>>' needs to have dll-interface to be used by clients of 'juce::AudioProcessorEditor' [C:\Users\lawre\plugin-GUI\Build\snap-gui.vcxproj]
  (compiling source file '../Source/Processors/ProcessorGraph/ProcessorGraph.cpp')
      C:\Program Files (x86)\Microsoft Visual Studio\2022\BuildTools\VC\Tools\MSVC\14.44.35207\include\memory(3347,7):
      see declaration of 'std::unique_ptr<juce::ResizableCornerComponent,std::default_delete<juce::ResizableCornerComponent>>'
  
C:\Users\lawre\plugin-GUI\JuceLibraryCode\modules\juce_audio_processors\processors\juce_AudioProcessorEditor.h(262,51): warning C4251: 'juce::AudioProcessorEditor::resizeListener': 'std::unique_ptr<juce::AudioProcessorEditor::AudioProcessorEditorListener,std::default_delete<juce::AudioProcessorEditor::AudioProcessorEditorListener>>' needs to have dll-interface to be used by clients of 'juce::AudioProcessorEditor' [C:\Users\lawre\plugin-GUI\Build\snap-gui.vcxproj]
  (compiling source file '../Source/Processors/ProcessorGraph/ProcessorGraph.cpp')
      C:\Program Files (x86)\Microsoft Visual Studio\2022\BuildTools\VC\Tools\MSVC\14.44.35207\include\memory(3347,7):
      see declaration of 'std::unique_ptr<juce::AudioProcessorEditor::AudioProcessorEditorListener,std::default_delete<juce::AudioProcessorEditor::AudioProcessorEditorListener>>'
  
C:\Users\lawre\plugin-GUI\JuceLibraryCode\modules\juce_audio_processors\processors\juce_AudioProcessorParameterGroup.h(257,45): warning C4251: 'juce::AudioProcessorParameterGroup::children': 'juce::OwnedArray<juce::AudioProcessorParameterGroup::AudioProcessorParameterNode,juce::DummyCriticalSection>' needs to have dll-interface to be used by clients of 'juce::AudioProcessorParameterGroup' [C:\Users\lawre\plugin-GUI\Build\snap-gui.vcxproj]
  (compiling source file '../Source/Processors/ProcessorGraph/ProcessorGraph.cpp')
      C:\Users\lawre\plugin-GUI\JuceLibraryCode\modules\juce_core\containers\juce_OwnedArray.h(61,7):
      see declaration of 'juce::OwnedArray<juce::AudioProcessorParameterGroup::AudioProcessorParameterNode,juce::DummyCriticalSection>'
  
C:\Users\lawre\plugin-GUI\JuceLibraryCode\modules\juce_audio_processors\processors\juce_AudioProcessor.h(1477,33): warning C4251: 'juce::AudioProcessor::playHead': 'std::atomic<juce::AudioPlayHead *>' needs to have dll-interface to be used by clients of 'juce::AudioProcessor' [C:\Users\lawre\plugin-GUI\Build\snap-gui.vcxproj]
  (compiling source file '../Source/Processors/ProcessorGraph/ProcessorGraph.cpp')
      C:\Program Files (x86)\Microsoft Visual Studio\2022\BuildTools\VC\Tools\MSVC\14.44.35207\include\atomic(2131,8):
      see declaration of 'std::atomic<juce::AudioPlayHead *>'
  
C:\Users\lawre\plugin-GUI\JuceLibraryCode\modules\juce_audio_processors\processors\juce_AudioProcessor.h(1572,36): warning C4251: 'juce::AudioProcessor::listeners': 'juce::Array<juce::AudioProcessorListener *,juce::DummyCriticalSection,0>' needs to have dll-interface to be used by clients of 'juce::AudioProcessor' [C:\Users\lawre\plugin-GUI\Build\snap-gui.vcxproj]
  (compiling source file '../Source/Processors/ProcessorGraph/ProcessorGraph.cpp')
      C:\Users\lawre\plugin-GUI\JuceLibraryCode\modules\juce_core\containers\juce_Array.h(67,7):
      see declaration of 'juce::Array<juce::AudioProcessorListener *,juce::DummyCriticalSection,0>'
  
C:\Users\lawre\plugin-GUI\JuceLibraryCode\modules\juce_audio_processors\processors\juce_AudioProcessor.h(1573,50): warning C4251: 'juce::AudioProcessor::activeEditor': 'juce::Component::SafePointer<juce::AudioProcessorEditor>' needs to have dll-interface to be used by clients of 'juce::AudioProcessor' [C:\Users\lawre\plugin-GUI\Build\snap-gui.vcxproj]
  (compiling source file '../Source/Processors/ProcessorGraph/ProcessorGraph.cpp')
      C:\Users\lawre\plugin-GUI\JuceLibraryCode\modules\juce_gui_basics\components\juce_Component.h(2388,11):
      see declaration of 'juce::Component::SafePointer<juce::AudioProcessorEditor>'
  
C:\Users\lawre\plugin-GUI\JuceLibraryCode\modules\juce_audio_processors\processors\juce_AudioProcessor.h(1577,23): warning C4251: 'juce::AudioProcessor::nonRealtime': 'std::atomic<bool>' needs to have dll-interface to be used by clients of 'juce::AudioProcessor' [C:\Users\lawre\plugin-GUI\Build\snap-gui.vcxproj]
  (compiling source file '../Source/Processors/ProcessorGraph/ProcessorGraph.cpp')
      C:\Program Files (x86)\Microsoft Visual Studio\2022\BuildTools\VC\Tools\MSVC\14.44.35207\include\atomic(2131,8):
      see declaration of 'std::atomic<bool>'
  
C:\Users\lawre\plugin-GUI\JuceLibraryCode\modules\juce_audio_processors\processors\juce_AudioProcessor.h(1582,29): warning C4251: 'juce::AudioProcessor::inputBuses': 'juce::OwnedArray<juce::AudioProcessor::Bus,juce::DummyCriticalSection>' needs to have dll-interface to be used by clients of 'juce::AudioProcessor' [C:\Users\lawre\plugin-GUI\Build\snap-gui.vcxproj]
  (compiling source file '../Source/Processors/ProcessorGraph/ProcessorGraph.cpp')
      C:\Users\lawre\plugin-GUI\JuceLibraryCode\modules\juce_core\containers\juce_OwnedArray.h(61,7):
      see declaration of 'juce::OwnedArray<juce::AudioProcessor::Bus,juce::DummyCriticalSection>'
  
C:\Users\lawre\plugin-GUI\JuceLibraryCode\modules\juce_audio_processors\processors\juce_AudioProcessor.h(1582,41): warning C4251: 'juce::AudioProcessor::outputBuses': 'juce::OwnedArray<juce::AudioProcessor::Bus,juce::DummyCriticalSection>' needs to have dll-interface to be used by clients of 'juce::AudioProcessor' [C:\Users\lawre\plugin-GUI\Build\snap-gui.vcxproj]
  (compiling source file '../Source/Processors/ProcessorGraph/ProcessorGraph.cpp')
      C:\Users\lawre\plugin-GUI\JuceLibraryCode\modules\juce_core\containers\juce_OwnedArray.h(61,7):
      see declaration of 'juce::OwnedArray<juce::AudioProcessor::Bus,juce::DummyCriticalSection>'
  
C:\Users\lawre\plugin-GUI\JuceLibraryCode\modules\juce_audio_processors\processors\juce_AudioProcessor.h(1588,37): warning C4251: 'juce::AudioProcessor::flatParameterList': 'juce::Array<juce::AudioProcessorParameter *,juce::DummyCriticalSection,0>' needs to have dll-interface to be used by clients of 'juce::AudioProcessor' [C:\Users\lawre\plugin-GUI\Build\snap-gui.vcxproj]
  (compiling source file '../Source/Processors/ProcessorGraph/ProcessorGraph.cpp')
      C:\Users\lawre\plugin-GUI\JuceLibraryCode\modules\juce_core\containers\juce_Array.h(67,7):
      see declaration of 'juce::Array<juce::AudioProcessorParameter *,juce::DummyCriticalSection,0>'
  
C:\Users\lawre\plugin-GUI\JuceLibraryCode\modules\juce_audio_processors\processors\juce_AudioProcessorGraph.h(122,22): warning C4251: 'juce::AudioProcessorGraph::Node::nodeID': 'juce::AudioProcessorGraph::NodeID' needs to have dll-interface to be used by clients of 'juce::AudioProcessorGraph::Node' [C:\Users\lawre\plugin-GUI\Build\snap-gui.vcxproj]
  (compiling source file '../Source/Processors/ProcessorGraph/ProcessorGraph.cpp')
      C:\Users\lawre\plugin-GUI\JuceLibraryCode\modules\juce_audio_processors\processors\juce_AudioProcessorGraph.h(68,12):
      see declaration of 'juce::AudioProcessorGraph::NodeID'
  
C:\Users\lawre\plugin-GUI\JuceLibraryCode\modules\juce_audio_processors\processors\juce_AudioProcessorGraph.h(184,41): warning C4251: 'juce::AudioProcessorGraph::Node::processor': 'std::unique_ptr<juce::AudioProcessor,std::default_delete<juce::AudioProcessor>>' needs to have dll-interface to be used by clients of 'juce::AudioProcessorGraph::Node' [C:\Users\lawre\plugin-GUI\Build\snap-gui.vcxproj]
  (compiling source file '../Source/Processors/ProcessorGraph/ProcessorGraph.cpp')
      C:\Program Files (x86)\Microsoft Visual Studio\2022\BuildTools\VC\Tools\MSVC\14.44.35207\include\memory(3347,7):
      see declaration of 'std::unique_ptr<juce::AudioProcessor,std::default_delete<juce::AudioProcessor>>'
  
C:\Users\lawre\plugin-GUI\JuceLibraryCode\modules\juce_audio_processors\processors\juce_AudioProcessorGraph.h(185,27): warning C4251: 'juce::AudioProcessorGraph::Node::bypassed': 'std::atomic<bool>' needs to have dll-interface to be used by clients of 'juce::AudioProcessorGraph::Node' [C:\Users\lawre\plugin-GUI\Build\snap-gui.vcxproj]
  (compiling source file '../Source/Processors/ProcessorGraph/ProcessorGraph.cpp')
      C:\Program Files (x86)\Microsoft Visual Studio\2022\BuildTools\VC\Tools\MSVC\14.44.35207\include\atomic(2131,8):
      see declaration of 'std::atomic<bool>'
  
C:\Users\lawre\plugin-GUI\JuceLibraryCode\modules\juce_audio_processors\processors\juce_AudioProcessorGraph.h(470,28): warning C4251: 'juce::AudioProcessorGraph::pimpl': 'std::unique_ptr<juce::AudioProcessorGraph::Pimpl,std::default_delete<juce::AudioProcessorGraph::Pimpl>>' needs to have dll-interface to be used by clients of 'juce::AudioProcessorGraph' [C:\Users\lawre\plugin-GUI\Build\snap-gui.vcxproj]
  (compiling source file '../Source/Processors/ProcessorGraph/ProcessorGraph.cpp')
      C:\Program Files (x86)\Microsoft Visual Studio\2022\BuildTools\VC\Tools\MSVC\14.44.35207\include\memory(3347,7):
      see declaration of 'std::unique_ptr<juce::AudioProcessorGraph::Pimpl,std::default_delete<juce::AudioProcessorGraph::Pimpl>>'
  
C:\Users\lawre\plugin-GUI\JuceLibraryCode\modules\juce_audio_processors\processors\juce_GenericAudioProcessorEditor.h(69,28): warning C4251: 'juce::GenericAudioProcessorEditor::pimpl': 'std::unique_ptr<juce::GenericAudioProcessorEditor::Pimpl,std::default_delete<juce::GenericAudioProcessorEditor::Pimpl>>' needs to have dll-interface to be used by clients of 'juce::GenericAudioProcessorEditor' [C:\Users\lawre\plugin-GUI\Build\snap-gui.vcxproj]
  (compiling source file '../Source/Processors/ProcessorGraph/ProcessorGraph.cpp')
      C:\Program Files (x86)\Microsoft Visual Studio\2022\BuildTools\VC\Tools\MSVC\14.44.35207\include\memory(3347,7):
      see declaration of 'std::unique_ptr<juce::GenericAudioProcessorEditor::Pimpl,std::default_delete<juce::GenericAudioProcessorEditor::Pimpl>>'
  
C:\Users\lawre\plugin-GUI\JuceLibraryCode\modules\juce_audio_processors\format\juce_AudioPluginFormatManager.h(146,35): warning C4251: 'juce::AudioPluginFormatManager::formats': 'juce::OwnedArray<juce::AudioPluginFormat,juce::DummyCriticalSection>' needs to have dll-interface to be used by clients of 'juce::AudioPluginFormatManager' [C:\Users\lawre\plugin-GUI\Build\snap-gui.vcxproj]
  (compiling source file '../Source/Processors/ProcessorGraph/ProcessorGraph.cpp')
      C:\Users\lawre\plugin-GUI\JuceLibraryCode\modules\juce_core\containers\juce_OwnedArray.h(61,7):
      see declaration of 'juce::OwnedArray<juce::AudioPluginFormat,juce::DummyCriticalSection>'
  
C:\Users\lawre\plugin-GUI\JuceLibraryCode\modules\juce_audio_processors\scanning\juce_KnownPluginList.h(241,30): warning C4251: 'juce::KnownPluginList::types': 'juce::Array<juce::PluginDescription,juce::DummyCriticalSection,0>' needs to have dll-interface to be used by clients of 'juce::KnownPluginList' [C:\Users\lawre\plugin-GUI\Build\snap-gui.vcxproj]
  (compiling source file '../Source/Processors/ProcessorGraph/ProcessorGraph.cpp')
      C:\Users\lawre\plugin-GUI\JuceLibraryCode\modules\juce_core\containers\juce_Array.h(67,7):
      see declaration of 'juce::Array<juce::PluginDescription,juce::DummyCriticalSection,0>'
  
C:\Users\lawre\plugin-GUI\JuceLibraryCode\modules\juce_audio_processors\scanning\juce_KnownPluginList.h(243,36): warning C4251: 'juce::KnownPluginList::scanner': 'std::unique_ptr<juce::KnownPluginList::CustomScanner,std::default_delete<juce::KnownPluginList::CustomScanner>>' needs to have dll-interface to be used by clients of 'juce::KnownPluginList' [C:\Users\lawre\plugin-GUI\Build\snap-gui.vcxproj]
  (compiling source file '../Source/Processors/ProcessorGraph/ProcessorGraph.cpp')
      C:\Program Files (x86)\Microsoft Visual Studio\2022\BuildTools\VC\Tools\MSVC\14.44.35207\include\memory(3347,7):
      see declaration of 'std::unique_ptr<juce::KnownPluginList::CustomScanner,std::default_delete<juce::KnownPluginList::CustomScanner>>'
  
C:\Users\lawre\plugin-GUI\JuceLibraryCode\modules\juce_audio_processors\scanning\juce_PluginDirectoryScanner.h(137,17): warning C4251: 'juce::PluginDirectoryScanner::nextIndex': 'juce::Atomic<int>' needs to have dll-interface to be used by clients of 'juce::PluginDirectoryScanner' [C:\Users\lawre\plugin-GUI\Build\snap-gui.vcxproj]
  (compiling source file '../Source/Processors/ProcessorGraph/ProcessorGraph.cpp')
      C:\Users\lawre\plugin-GUI\JuceLibraryCode\modules\juce_core\memory\juce_Atomic.h(53,8):
      see declaration of 'juce::Atomic<int>'
  
C:\Users\lawre\plugin-GUI\JuceLibraryCode\modules\juce_audio_processors\scanning\juce_PluginDirectoryScanner.h(138,24): warning C4251: 'juce::PluginDirectoryScanner::progress': 'std::atomic<float>' needs to have dll-interface to be used by clients of 'juce::PluginDirectoryScanner' [C:\Users\lawre\plugin-GUI\Build\snap-gui.vcxproj]
  (compiling source file '../Source/Processors/ProcessorGraph/ProcessorGraph.cpp')
      C:\Program Files (x86)\Microsoft Visual Studio\2022\BuildTools\VC\Tools\MSVC\14.44.35207\include\atomic(2131,8):
      see declaration of 'std::atomic<float>'
  
C:\Users\lawre\plugin-GUI\JuceLibraryCode\modules\juce_audio_processors\scanning\juce_PluginListComponent.h(137,40): warning C4251: 'juce::PluginListComponent::tableModel': 'std::unique_ptr<juce::TableListBoxModel,std::default_delete<juce::TableListBoxModel>>' needs to have dll-interface to be used by clients of 'juce::PluginListComponent' [C:\Users\lawre\plugin-GUI\Build\snap-gui.vcxproj]
  (compiling source file '../Source/Processors/ProcessorGraph/ProcessorGraph.cpp')
      C:\Program Files (x86)\Microsoft Visual Studio\2022\BuildTools\VC\Tools\MSVC\14.44.35207\include\memory(3347,7):
      see declaration of 'std::unique_ptr<juce::TableListBoxModel,std::default_delete<juce::TableListBoxModel>>'
  
C:\Users\lawre\plugin-GUI\JuceLibraryCode\modules\juce_audio_processors\scanning\juce_PluginListComponent.h(140,30): warning C4251: 'juce::PluginListComponent::currentScanner': 'std::unique_ptr<juce::PluginListComponent::Scanner,std::default_delete<juce::PluginListComponent::Scanner>>' needs to have dll-interface to be used by clients of 'juce::PluginListComponent' [C:\Users\lawre\plugin-GUI\Build\snap-gui.vcxproj]
  (compiling source file '../Source/Processors/ProcessorGraph/ProcessorGraph.cpp')
      C:\Program Files (x86)\Microsoft Visual Studio\2022\BuildTools\VC\Tools\MSVC\14.44.35207\include\memory(3347,7):
      see declaration of 'std::unique_ptr<juce::PluginListComponent::Scanner,std::default_delete<juce::PluginListComponent::Scanner>>'
  
C:\Users\lawre\plugin-GUI\JuceLibraryCode\modules\juce_audio_processors\utilities\juce_AudioParameterFloat.h(144,30): warning C4251: 'juce::AudioParameterFloat::range': 'juce::NormalisableRange<float>' needs to have dll-interface to be used by clients of 'juce::AudioParameterFloat' [C:\Users\lawre\plugin-GUI\Build\snap-gui.vcxproj]
  (compiling source file '../Source/Processors/ProcessorGraph/ProcessorGraph.cpp')
      C:\Users\lawre\plugin-GUI\JuceLibraryCode\modules\juce_core\maths\juce_NormalisableRange.h(51,7):
      see declaration of 'juce::NormalisableRange<float>'
  
C:\Users\lawre\plugin-GUI\JuceLibraryCode\modules\juce_audio_processors\utilities\juce_AudioParameterFloat.h(161,24): warning C4251: 'juce::AudioParameterFloat::value': 'std::atomic<float>' needs to have dll-interface to be used by clients of 'juce::AudioParameterFloat' [C:\Users\lawre\plugin-GUI\Build\snap-gui.vcxproj]
  (compiling source file '../Source/Processors/ProcessorGraph/ProcessorGraph.cpp')
      C:\Program Files (x86)\Microsoft Visual Studio\2022\BuildTools\VC\Tools\MSVC\14.44.35207\include\atomic(2131,8):
      see declaration of 'std::atomic<float>'
  
C:\Users\lawre\plugin-GUI\JuceLibraryCode\modules\juce_audio_processors\utilities\juce_AudioParameterFloat.h(163,40): warning C4251: 'juce::AudioParameterFloat::stringFromValueFunction': 'std::function<juce::String (Value,int)>' needs to have dll-interface to be used by clients of 'juce::AudioParameterFloat' [C:\Users\lawre\plugin-GUI\Build\snap-gui.vcxproj]
C:\Users\lawre\plugin-GUI\JuceLibraryCode\modules\juce_audio_processors\utilities\juce_AudioParameterFloat.h(163,40): warning C4251:         with [C:\Users\lawre\plugin-GUI\Build\snap-gui.vcxproj]
C:\Users\lawre\plugin-GUI\JuceLibraryCode\modules\juce_audio_processors\utilities\juce_AudioParameterFloat.h(163,40): warning C4251:         [ [C:\Users\lawre\plugin-GUI\Build\snap-gui.vcxproj]
C:\Users\lawre\plugin-GUI\JuceLibraryCode\modules\juce_audio_processors\utilities\juce_AudioParameterFloat.h(163,40): warning C4251:             Value=float [C:\Users\lawre\plugin-GUI\Build\snap-gui.vcxproj]
C:\Users\lawre\plugin-GUI\JuceLibraryCode\modules\juce_audio_processors\utilities\juce_AudioParameterFloat.h(163,40): warning C4251:         ] [C:\Users\lawre\plugin-GUI\Build\snap-gui.vcxproj]
  (compiling source file '../Source/Processors/ProcessorGraph/ProcessorGraph.cpp')
      C:\Program Files (x86)\Microsoft Visual Studio\2022\BuildTools\VC\Tools\MSVC\14.44.35207\include\functional(1089,7):
      see declaration of 'std::function<juce::String (Value,int)>'
          with
          [
              Value=float
          ]
  
C:\Users\lawre\plugin-GUI\JuceLibraryCode\modules\juce_audio_processors\utilities\juce_AudioParameterFloat.h(164,42): warning C4251: 'juce::AudioParameterFloat::valueFromStringFunction': 'std::function<Value (const juce::String &)>' needs to have dll-interface to be used by clients of 'juce::AudioParameterFloat' [C:\Users\lawre\plugin-GUI\Build\snap-gui.vcxproj]
C:\Users\lawre\plugin-GUI\JuceLibraryCode\modules\juce_audio_processors\utilities\juce_AudioParameterFloat.h(164,42): warning C4251:         with [C:\Users\lawre\plugin-GUI\Build\snap-gui.vcxproj]
C:\Users\lawre\plugin-GUI\JuceLibraryCode\modules\juce_audio_processors\utilities\juce_AudioParameterFloat.h(164,42): warning C4251:         [ [C:\Users\lawre\plugin-GUI\Build\snap-gui.vcxproj]
C:\Users\lawre\plugin-GUI\JuceLibraryCode\modules\juce_audio_processors\utilities\juce_AudioParameterFloat.h(164,42): warning C4251:             Value=float [C:\Users\lawre\plugin-GUI\Build\snap-gui.vcxproj]
C:\Users\lawre\plugin-GUI\JuceLibraryCode\modules\juce_audio_processors\utilities\juce_AudioParameterFloat.h(164,42): warning C4251:         ] [C:\Users\lawre\plugin-GUI\Build\snap-gui.vcxproj]
  (compiling source file '../Source/Processors/ProcessorGraph/ProcessorGraph.cpp')
      C:\Program Files (x86)\Microsoft Visual Studio\2022\BuildTools\VC\Tools\MSVC\14.44.35207\include\functional(1089,7):
      see declaration of 'std::function<Value (const juce::String &)>'
          with
          [
              Value=float
          ]
  
C:\Users\lawre\plugin-GUI\JuceLibraryCode\modules\juce_audio_processors\utilities\juce_AudioParameterInt.h(154,36): warning C4251: 'juce::AudioParameterInt::range': 'juce::NormalisableRange<float>' needs to have dll-interface to be used by clients of 'juce::AudioParameterInt' [C:\Users\lawre\plugin-GUI\Build\snap-gui.vcxproj]
  (compiling source file '../Source/Processors/ProcessorGraph/ProcessorGraph.cpp')
      C:\Users\lawre\plugin-GUI\JuceLibraryCode\modules\juce_core\maths\juce_NormalisableRange.h(51,7):
      see declaration of 'juce::NormalisableRange<float>'
  
C:\Users\lawre\plugin-GUI\JuceLibraryCode\modules\juce_audio_processors\utilities\juce_AudioParameterInt.h(155,24): warning C4251: 'juce::AudioParameterInt::value': 'std::atomic<float>' needs to have dll-interface to be used by clients of 'juce::AudioParameterInt' [C:\Users\lawre\plugin-GUI\Build\snap-gui.vcxproj]
  (compiling source file '../Source/Processors/ProcessorGraph/ProcessorGraph.cpp')
      C:\Program Files (x86)\Microsoft Visual Studio\2022\BuildTools\VC\Tools\MSVC\14.44.35207\include\atomic(2131,8):
      see declaration of 'std::atomic<float>'
  
C:\Users\lawre\plugin-GUI\JuceLibraryCode\modules\juce_audio_processors\utilities\juce_AudioParameterInt.h(157,38): warning C4251: 'juce::AudioParameterInt::stringFromIntFunction': 'std::function<juce::String (Value,int)>' needs to have dll-interface to be used by clients of 'juce::AudioParameterInt' [C:\Users\lawre\plugin-GUI\Build\snap-gui.vcxproj]
C:\Users\lawre\plugin-GUI\JuceLibraryCode\modules\juce_audio_processors\utilities\juce_AudioParameterInt.h(157,38): warning C4251:         with [C:\Users\lawre\plugin-GUI\Build\snap-gui.vcxproj]
C:\Users\lawre\plugin-GUI\JuceLibraryCode\modules\juce_audio_processors\utilities\juce_AudioParameterInt.h(157,38): warning C4251:         [ [C:\Users\lawre\plugin-GUI\Build\snap-gui.vcxproj]
C:\Users\lawre\plugin-GUI\JuceLibraryCode\modules\juce_audio_processors\utilities\juce_AudioParameterInt.h(157,38): warning C4251:             Value=int [C:\Users\lawre\plugin-GUI\Build\snap-gui.vcxproj]
C:\Users\lawre\plugin-GUI\JuceLibraryCode\modules\juce_audio_processors\utilities\juce_AudioParameterInt.h(157,38): warning C4251:         ] [C:\Users\lawre\plugin-GUI\Build\snap-gui.vcxproj]
  (compiling source file '../Source/Processors/ProcessorGraph/ProcessorGraph.cpp')
      C:\Program Files (x86)\Microsoft Visual Studio\2022\BuildTools\VC\Tools\MSVC\14.44.35207\include\functional(1089,7):
      see declaration of 'std::function<juce::String (Value,int)>'
          with
          [
              Value=int
          ]
  
C:\Users\lawre\plugin-GUI\JuceLibraryCode\modules\juce_audio_processors\utilities\juce_AudioParameterInt.h(158,40): warning C4251: 'juce::AudioParameterInt::intFromStringFunction': 'std::function<Value (const juce::String &)>' needs to have dll-interface to be used by clients of 'juce::AudioParameterInt' [C:\Users\lawre\plugin-GUI\Build\snap-gui.vcxproj]
C:\Users\lawre\plugin-GUI\JuceLibraryCode\modules\juce_audio_processors\utilities\juce_AudioParameterInt.h(158,40): warning C4251:         with [C:\Users\lawre\plugin-GUI\Build\snap-gui.vcxproj]
C:\Users\lawre\plugin-GUI\JuceLibraryCode\modules\juce_audio_processors\utilities\juce_AudioParameterInt.h(158,40): warning C4251:         [ [C:\Users\lawre\plugin-GUI\Build\snap-gui.vcxproj]
C:\Users\lawre\plugin-GUI\JuceLibraryCode\modules\juce_audio_processors\utilities\juce_AudioParameterInt.h(158,40): warning C4251:             Value=int [C:\Users\lawre\plugin-GUI\Build\snap-gui.vcxproj]
C:\Users\lawre\plugin-GUI\JuceLibraryCode\modules\juce_audio_processors\utilities\juce_AudioParameterInt.h(158,40): warning C4251:         ] [C:\Users\lawre\plugin-GUI\Build\snap-gui.vcxproj]
  (compiling source file '../Source/Processors/ProcessorGraph/ProcessorGraph.cpp')
      C:\Program Files (x86)\Microsoft Visual Studio\2022\BuildTools\VC\Tools\MSVC\14.44.35207\include\functional(1089,7):
      see declaration of 'std::function<Value (const juce::String &)>'
          with
          [
              Value=int
          ]
  
C:\Users\lawre\plugin-GUI\JuceLibraryCode\modules\juce_audio_processors\utilities\juce_AudioParameterBool.h(140,36): warning C4251: 'juce::AudioParameterBool::range': 'juce::NormalisableRange<float>' needs to have dll-interface to be used by clients of 'juce::AudioParameterBool' [C:\Users\lawre\plugin-GUI\Build\snap-gui.vcxproj]
  (compiling source file '../Source/Processors/ProcessorGraph/ProcessorGraph.cpp')
      C:\Users\lawre\plugin-GUI\JuceLibraryCode\modules\juce_core\maths\juce_NormalisableRange.h(51,7):
      see declaration of 'juce::NormalisableRange<float>'
  
C:\Users\lawre\plugin-GUI\JuceLibraryCode\modules\juce_audio_processors\utilities\juce_AudioParameterBool.h(141,24): warning C4251: 'juce::AudioParameterBool::value': 'std::atomic<float>' needs to have dll-interface to be used by clients of 'juce::AudioParameterBool' [C:\Users\lawre\plugin-GUI\Build\snap-gui.vcxproj]
  (compiling source file '../Source/Processors/ProcessorGraph/ProcessorGraph.cpp')
      C:\Program Files (x86)\Microsoft Visual Studio\2022\BuildTools\VC\Tools\MSVC\14.44.35207\include\atomic(2131,8):
      see declaration of 'std::atomic<float>'
  
C:\Users\lawre\plugin-GUI\JuceLibraryCode\modules\juce_audio_processors\utilities\juce_AudioParameterBool.h(143,39): warning C4251: 'juce::AudioParameterBool::stringFromBoolFunction': 'std::function<juce::String (Value,int)>' needs to have dll-interface to be used by clients of 'juce::AudioParameterBool' [C:\Users\lawre\plugin-GUI\Build\snap-gui.vcxproj]
C:\Users\lawre\plugin-GUI\JuceLibraryCode\modules\juce_audio_processors\utilities\juce_AudioParameterBool.h(143,39): warning C4251:         with [C:\Users\lawre\plugin-GUI\Build\snap-gui.vcxproj]
C:\Users\lawre\plugin-GUI\JuceLibraryCode\modules\juce_audio_processors\utilities\juce_AudioParameterBool.h(143,39): warning C4251:         [ [C:\Users\lawre\plugin-GUI\Build\snap-gui.vcxproj]
C:\Users\lawre\plugin-GUI\JuceLibraryCode\modules\juce_audio_processors\utilities\juce_AudioParameterBool.h(143,39): warning C4251:             Value=bool [C:\Users\lawre\plugin-GUI\Build\snap-gui.vcxproj]
C:\Users\lawre\plugin-GUI\JuceLibraryCode\modules\juce_audio_processors\utilities\juce_AudioParameterBool.h(143,39): warning C4251:         ] [C:\Users\lawre\plugin-GUI\Build\snap-gui.vcxproj]
  (compiling source file '../Source/Processors/ProcessorGraph/ProcessorGraph.cpp')
      C:\Program Files (x86)\Microsoft Visual Studio\2022\BuildTools\VC\Tools\MSVC\14.44.35207\include\functional(1089,7):
      see declaration of 'std::function<juce::String (Value,int)>'
          with
          [
              Value=bool
          ]
  
C:\Users\lawre\plugin-GUI\JuceLibraryCode\modules\juce_audio_processors\utilities\juce_AudioParameterBool.h(144,41): warning C4251: 'juce::AudioParameterBool::boolFromStringFunction': 'std::function<Value (const juce::String &)>' needs to have dll-interface to be used by clients of 'juce::AudioParameterBool' [C:\Users\lawre\plugin-GUI\Build\snap-gui.vcxproj]
C:\Users\lawre\plugin-GUI\JuceLibraryCode\modules\juce_audio_processors\utilities\juce_AudioParameterBool.h(144,41): warning C4251:         with [C:\Users\lawre\plugin-GUI\Build\snap-gui.vcxproj]
C:\Users\lawre\plugin-GUI\JuceLibraryCode\modules\juce_audio_processors\utilities\juce_AudioParameterBool.h(144,41): warning C4251:         [ [C:\Users\lawre\plugin-GUI\Build\snap-gui.vcxproj]
C:\Users\lawre\plugin-GUI\JuceLibraryCode\modules\juce_audio_processors\utilities\juce_AudioParameterBool.h(144,41): warning C4251:             Value=bool [C:\Users\lawre\plugin-GUI\Build\snap-gui.vcxproj]
C:\Users\lawre\plugin-GUI\JuceLibraryCode\modules\juce_audio_processors\utilities\juce_AudioParameterBool.h(144,41): warning C4251:         ] [C:\Users\lawre\plugin-GUI\Build\snap-gui.vcxproj]
  (compiling source file '../Source/Processors/ProcessorGraph/ProcessorGraph.cpp')
      C:\Program Files (x86)\Microsoft Visual Studio\2022\BuildTools\VC\Tools\MSVC\14.44.35207\include\functional(1089,7):
      see declaration of 'std::function<Value (const juce::String &)>'
          with
          [
              Value=bool
          ]
  
C:\Users\lawre\plugin-GUI\JuceLibraryCode\modules\juce_audio_processors\utilities\juce_AudioParameterChoice.h(153,36): warning C4251: 'juce::AudioParameterChoice::range': 'juce::NormalisableRange<float>' needs to have dll-interface to be used by clients of 'juce::AudioParameterChoice' [C:\Users\lawre\plugin-GUI\Build\snap-gui.vcxproj]
  (compiling source file '../Source/Processors/ProcessorGraph/ProcessorGraph.cpp')
      C:\Users\lawre\plugin-GUI\JuceLibraryCode\modules\juce_core\maths\juce_NormalisableRange.h(51,7):
      see declaration of 'juce::NormalisableRange<float>'
  
C:\Users\lawre\plugin-GUI\JuceLibraryCode\modules\juce_audio_processors\utilities\juce_AudioParameterChoice.h(154,24): warning C4251: 'juce::AudioParameterChoice::value': 'std::atomic<float>' needs to have dll-interface to be used by clients of 'juce::AudioParameterChoice' [C:\Users\lawre\plugin-GUI\Build\snap-gui.vcxproj]
  (compiling source file '../Source/Processors/ProcessorGraph/ProcessorGraph.cpp')
      C:\Program Files (x86)\Microsoft Visual Studio\2022\BuildTools\VC\Tools\MSVC\14.44.35207\include\atomic(2131,8):
      see declaration of 'std::atomic<float>'
  
C:\Users\lawre\plugin-GUI\JuceLibraryCode\modules\juce_audio_processors\utilities\juce_AudioParameterChoice.h(156,38): warning C4251: 'juce::AudioParameterChoice::stringFromIndexFunction': 'std::function<juce::String (Value,int)>' needs to have dll-interface to be used by clients of 'juce::AudioParameterChoice' [C:\Users\lawre\plugin-GUI\Build\snap-gui.vcxproj]
C:\Users\lawre\plugin-GUI\JuceLibraryCode\modules\juce_audio_processors\utilities\juce_AudioParameterChoice.h(156,38): warning C4251:         with [C:\Users\lawre\plugin-GUI\Build\snap-gui.vcxproj]
C:\Users\lawre\plugin-GUI\JuceLibraryCode\modules\juce_audio_processors\utilities\juce_AudioParameterChoice.h(156,38): warning C4251:         [ [C:\Users\lawre\plugin-GUI\Build\snap-gui.vcxproj]
C:\Users\lawre\plugin-GUI\JuceLibraryCode\modules\juce_audio_processors\utilities\juce_AudioParameterChoice.h(156,38): warning C4251:             Value=int [C:\Users\lawre\plugin-GUI\Build\snap-gui.vcxproj]
C:\Users\lawre\plugin-GUI\JuceLibraryCode\modules\juce_audio_processors\utilities\juce_AudioParameterChoice.h(156,38): warning C4251:         ] [C:\Users\lawre\plugin-GUI\Build\snap-gui.vcxproj]
  (compiling source file '../Source/Processors/ProcessorGraph/ProcessorGraph.cpp')
      C:\Program Files (x86)\Microsoft Visual Studio\2022\BuildTools\VC\Tools\MSVC\14.44.35207\include\functional(1089,7):
      see declaration of 'std::function<juce::String (Value,int)>'
          with
          [
              Value=int
          ]
  
C:\Users\lawre\plugin-GUI\JuceLibraryCode\modules\juce_audio_processors\utilities\juce_AudioParameterChoice.h(157,40): warning C4251: 'juce::AudioParameterChoice::indexFromStringFunction': 'std::function<Value (const juce::String &)>' needs to have dll-interface to be used by clients of 'juce::AudioParameterChoice' [C:\Users\lawre\plugin-GUI\Build\snap-gui.vcxproj]
C:\Users\lawre\plugin-GUI\JuceLibraryCode\modules\juce_audio_processors\utilities\juce_AudioParameterChoice.h(157,40): warning C4251:         with [C:\Users\lawre\plugin-GUI\Build\snap-gui.vcxproj]
C:\Users\lawre\plugin-GUI\JuceLibraryCode\modules\juce_audio_processors\utilities\juce_AudioParameterChoice.h(157,40): warning C4251:         [ [C:\Users\lawre\plugin-GUI\Build\snap-gui.vcxproj]
C:\Users\lawre\plugin-GUI\JuceLibraryCode\modules\juce_audio_processors\utilities\juce_AudioParameterChoice.h(157,40): warning C4251:             Value=int [C:\Users\lawre\plugin-GUI\Build\snap-gui.vcxproj]
C:\Users\lawre\plugin-GUI\JuceLibraryCode\modules\juce_audio_processors\utilities\juce_AudioParameterChoice.h(157,40): warning C4251:         ] [C:\Users\lawre\plugin-GUI\Build\snap-gui.vcxproj]
  (compiling source file '../Source/Processors/ProcessorGraph/ProcessorGraph.cpp')
      C:\Program Files (x86)\Microsoft Visual Studio\2022\BuildTools\VC\Tools\MSVC\14.44.35207\include\functional(1089,7):
      see declaration of 'std::function<Value (const juce::String &)>'
          with
          [
              Value=int
          ]
  
C:\Users\lawre\plugin-GUI\JuceLibraryCode\modules\juce_audio_processors\utilities\juce_AudioProcessorValueTreeState.h(210,60): warning C4251: 'juce::AudioProcessorValueTreeState::ParameterLayout::parameters': 'std::vector<std::unique_ptr<juce::AudioProcessorValueTreeState::ParameterLayout::ParameterStorageBase,std::default_delete<juce::AudioProcessorValueTreeState::ParameterLayout::ParameterStorageBase>>,std::allocator<std::unique_ptr<juce::AudioProcessorValueTreeState::ParameterLayout::ParameterStorageBase,std::default_delete<juce::AudioProcessorValueTreeState::ParameterLayout::ParameterStorageBase>>>>' needs to have dll-interface to be used by clients of 'juce::AudioProcessorValueTreeState::ParameterLayout' [C:\Users\lawre\plugin-GUI\Build\snap-gui.vcxproj]
  (compiling source file '../Source/Processors/ProcessorGraph/ProcessorGraph.cpp')
      C:\Program Files (x86)\Microsoft Visual Studio\2022\BuildTools\VC\Tools\MSVC\14.44.35207\include\vector(442,7):
      see declaration of 'std::vector<std::unique_ptr<juce::AudioProcessorValueTreeState::ParameterLayout::ParameterStorageBase,std::default_delete<juce::AudioProcessorValueTreeState::ParameterLayout::ParameterStorageBase>>,std::allocator<std::unique_ptr<juce::AudioProcessorValueTreeState::ParameterLayout::ParameterStorageBase,std::default_delete<juce::AudioProcessorValueTreeState::ParameterLayout::ParameterStorageBase>>>>'
  
C:\Users\lawre\plugin-GUI\JuceLibraryCode\modules\juce_audio_processors\utilities\juce_AudioProcessorValueTreeState.h(557,52): warning C4251: 'juce::AudioProcessorValueTreeState::SliderAttachment::attachment': 'std::unique_ptr<juce::SliderParameterAttachment,std::default_delete<juce::SliderParameterAttachment>>' needs to have dll-interface to be used by clients of 'juce::AudioProcessorValueTreeState::SliderAttachment' [C:\Users\lawre\plugin-GUI\Build\snap-gui.vcxproj]
  (compiling source file '../Source/Processors/ProcessorGraph/ProcessorGraph.cpp')
      C:\Program Files (x86)\Microsoft Visual Studio\2022\BuildTools\VC\Tools\MSVC\14.44.35207\include\memory(3347,7):
      see declaration of 'std::unique_ptr<juce::SliderParameterAttachment,std::default_delete<juce::SliderParameterAttachment>>'
  
C:\Users\lawre\plugin-GUI\JuceLibraryCode\modules\juce_audio_processors\utilities\juce_AudioProcessorValueTreeState.h(583,54): warning C4251: 'juce::AudioProcessorValueTreeState::ComboBoxAttachment::attachment': 'std::unique_ptr<juce::ComboBoxParameterAttachment,std::default_delete<juce::ComboBoxParameterAttachment>>' needs to have dll-interface to be used by clients of 'juce::AudioProcessorValueTreeState::ComboBoxAttachment' [C:\Users\lawre\plugin-GUI\Build\snap-gui.vcxproj]
  (compiling source file '../Source/Processors/ProcessorGraph/ProcessorGraph.cpp')
      C:\Program Files (x86)\Microsoft Visual Studio\2022\BuildTools\VC\Tools\MSVC\14.44.35207\include\memory(3347,7):
      see declaration of 'std::unique_ptr<juce::ComboBoxParameterAttachment,std::default_delete<juce::ComboBoxParameterAttachment>>'
  
C:\Users\lawre\plugin-GUI\JuceLibraryCode\modules\juce_audio_processors\utilities\juce_AudioProcessorValueTreeState.h(604,52): warning C4251: 'juce::AudioProcessorValueTreeState::ButtonAttachment::attachment': 'std::unique_ptr<juce::ButtonParameterAttachment,std::default_delete<juce::ButtonParameterAttachment>>' needs to have dll-interface to be used by clients of 'juce::AudioProcessorValueTreeState::ButtonAttachment' [C:\Users\lawre\plugin-GUI\Build\snap-gui.vcxproj]
  (compiling source file '../Source/Processors/ProcessorGraph/ProcessorGraph.cpp')
      C:\Program Files (x86)\Microsoft Visual Studio\2022\BuildTools\VC\Tools\MSVC\14.44.35207\include\memory(3347,7):
      see declaration of 'std::unique_ptr<juce::ButtonParameterAttachment,std::default_delete<juce::ButtonParameterAttachment>>'
  
C:\Users\lawre\plugin-GUI\JuceLibraryCode\modules\juce_audio_processors\utilities\juce_AudioProcessorValueTreeState.h(662,79): warning C4251: 'juce::AudioProcessorValueTreeState::adapterTable': 'std::map<juce::StringRef,std::unique_ptr<juce::AudioProcessorValueTreeState::ParameterAdapter,std::default_delete<juce::AudioProcessorValueTreeState::ParameterAdapter>>,juce::AudioProcessorValueTreeState::StringRefLessThan,std::allocator<std::pair<const juce::StringRef,std::unique_ptr<juce::AudioProcessorValueTreeState::ParameterAdapter,std::default_delete<juce::AudioProcessorValueTreeState::ParameterAdapter>>>>>' needs to have dll-interface to be used by clients of 'juce::AudioProcessorValueTreeState' [C:\Users\lawre\plugin-GUI\Build\snap-gui.vcxproj]
  (compiling source file '../Source/Processors/ProcessorGraph/ProcessorGraph.cpp')
      C:\Program Files (x86)\Microsoft Visual Studio\2022\BuildTools\VC\Tools\MSVC\14.44.35207\include\map(72,7):
      see declaration of 'std::map<juce::StringRef,std::unique_ptr<juce::AudioProcessorValueTreeState::ParameterAdapter,std::default_delete<juce::AudioProcessorValueTreeState::ParameterAdapter>>,juce::AudioProcessorValueTreeState::StringRefLessThan,std::allocator<std::pair<const juce::StringRef,std::unique_ptr<juce::AudioProcessorValueTreeState::ParameterAdapter,std::default_delete<juce::AudioProcessorValueTreeState::ParameterAdapter>>>>>'
  
C:\Users\lawre\plugin-GUI\JuceLibraryCode\modules\juce_audio_utils\gui\juce_AudioDeviceSelectorComponent.h(111,31): warning C4251: 'juce::AudioDeviceSelectorComponent::deviceTypeDropDown': 'std::unique_ptr<ObjectClass,std::default_delete<ObjectClass>>' needs to have dll-interface to be used by clients of 'juce::AudioDeviceSelectorComponent' [C:\Users\lawre\plugin-GUI\Build\snap-gui.vcxproj]
C:\Users\lawre\plugin-GUI\JuceLibraryCode\modules\juce_audio_utils\gui\juce_AudioDeviceSelectorComponent.h(111,31): warning C4251:         with [C:\Users\lawre\plugin-GUI\Build\snap-gui.vcxproj]
C:\Users\lawre\plugin-GUI\JuceLibraryCode\modules\juce_audio_utils\gui\juce_AudioDeviceSelectorComponent.h(111,31): warning C4251:         [ [C:\Users\lawre\plugin-GUI\Build\snap-gui.vcxproj]
C:\Users\lawre\plugin-GUI\JuceLibraryCode\modules\juce_audio_utils\gui\juce_AudioDeviceSelectorComponent.h(111,31): warning C4251:             ObjectClass=juce::ComboBox [C:\Users\lawre\plugin-GUI\Build\snap-gui.vcxproj]
C:\Users\lawre\plugin-GUI\JuceLibraryCode\modules\juce_audio_utils\gui\juce_AudioDeviceSelectorComponent.h(111,31): warning C4251:         ] [C:\Users\lawre\plugin-GUI\Build\snap-gui.vcxproj]
  (compiling source file '../Source/Processors/ProcessorGraph/ProcessorGraph.cpp')
      C:\Program Files (x86)\Microsoft Visual Studio\2022\BuildTools\VC\Tools\MSVC\14.44.35207\include\memory(3347,7):
      see declaration of 'std::unique_ptr<ObjectClass,std::default_delete<ObjectClass>>'
          with
          [
              ObjectClass=juce::ComboBox
          ]
  
C:\Users\lawre\plugin-GUI\JuceLibraryCode\modules\juce_audio_utils\gui\juce_AudioDeviceSelectorComponent.h(112,28): warning C4251: 'juce::AudioDeviceSelectorComponent::deviceTypeDropDownLabel': 'std::unique_ptr<juce::Label,std::default_delete<juce::Label>>' needs to have dll-interface to be used by clients of 'juce::AudioDeviceSelectorComponent' [C:\Users\lawre\plugin-GUI\Build\snap-gui.vcxproj]
  (compiling source file '../Source/Processors/ProcessorGraph/ProcessorGraph.cpp')
      C:\Program Files (x86)\Microsoft Visual Studio\2022\BuildTools\VC\Tools\MSVC\14.44.35207\include\memory(3347,7):
      see declaration of 'std::unique_ptr<juce::Label,std::default_delete<juce::Label>>'
  
C:\Users\lawre\plugin-GUI\JuceLibraryCode\modules\juce_audio_utils\gui\juce_AudioDeviceSelectorComponent.h(113,32): warning C4251: 'juce::AudioDeviceSelectorComponent::audioDeviceSettingsComp': 'std::unique_ptr<juce::Component,std::default_delete<juce::Component>>' needs to have dll-interface to be used by clients of 'juce::AudioDeviceSelectorComponent' [C:\Users\lawre\plugin-GUI\Build\snap-gui.vcxproj]
  (compiling source file '../Source/Processors/ProcessorGraph/ProcessorGraph.cpp')
      C:\Program Files (x86)\Microsoft Visual Studio\2022\BuildTools\VC\Tools\MSVC\14.44.35207\include\memory(3347,7):
      see declaration of 'std::unique_ptr<juce::Component,std::default_delete<juce::Component>>'
  
C:\Users\lawre\plugin-GUI\JuceLibraryCode\modules\juce_audio_utils\gui\juce_AudioDeviceSelectorComponent.h(123,27): warning C4251: 'juce::AudioDeviceSelectorComponent::currentMidiOutputs': 'juce::Array<juce::MidiDeviceInfo,juce::DummyCriticalSection,0>' needs to have dll-interface to be used by clients of 'juce::AudioDeviceSelectorComponent' [C:\Users\lawre\plugin-GUI\Build\snap-gui.vcxproj]
  (compiling source file '../Source/Processors/ProcessorGraph/ProcessorGraph.cpp')
      C:\Users\lawre\plugin-GUI\JuceLibraryCode\modules\juce_core\containers\juce_Array.h(67,7):
      see declaration of 'juce::Array<juce::MidiDeviceInfo,juce::DummyCriticalSection,0>'
  
C:\Users\lawre\plugin-GUI\JuceLibraryCode\modules\juce_audio_utils\gui\juce_AudioDeviceSelectorComponent.h(124,56): warning C4251: 'juce::AudioDeviceSelectorComponent::midiInputsList': 'std::unique_ptr<juce::AudioDeviceSelectorComponent::MidiInputSelectorComponentListBox,std::default_delete<juce::AudioDeviceSelectorComponent::MidiInputSelectorComponentListBox>>' needs to have dll-interface to be used by clients of 'juce::AudioDeviceSelectorComponent' [C:\Users\lawre\plugin-GUI\Build\snap-gui.vcxproj]
  (compiling source file '../Source/Processors/ProcessorGraph/ProcessorGraph.cpp')
      C:\Program Files (x86)\Microsoft Visual Studio\2022\BuildTools\VC\Tools\MSVC\14.44.35207\include\memory(3347,7):
      see declaration of 'std::unique_ptr<juce::AudioDeviceSelectorComponent::MidiInputSelectorComponentListBox,std::default_delete<juce::AudioDeviceSelectorComponent::MidiInputSelectorComponentListBox>>'
  
C:\Users\lawre\plugin-GUI\JuceLibraryCode\modules\juce_audio_utils\gui\juce_AudioDeviceSelectorComponent.h(125,41): warning C4251: 'juce::AudioDeviceSelectorComponent::midiOutputSelector': 'std::unique_ptr<juce::AudioDeviceSelectorComponent::MidiOutputSelector,std::default_delete<juce::AudioDeviceSelectorComponent::MidiOutputSelector>>' needs to have dll-interface to be used by clients of 'juce::AudioDeviceSelectorComponent' [C:\Users\lawre\plugin-GUI\Build\snap-gui.vcxproj]
  (compiling source file '../Source/Processors/ProcessorGraph/ProcessorGraph.cpp')
      C:\Program Files (x86)\Microsoft Visual Studio\2022\BuildTools\VC\Tools\MSVC\14.44.35207\include\memory(3347,7):
      see declaration of 'std::unique_ptr<juce::AudioDeviceSelectorComponent::MidiOutputSelector,std::default_delete<juce::AudioDeviceSelectorComponent::MidiOutputSelector>>'
  
C:\Users\lawre\plugin-GUI\JuceLibraryCode\modules\juce_audio_utils\gui\juce_AudioDeviceSelectorComponent.h(126,28): warning C4251: 'juce::AudioDeviceSelectorComponent::midiInputsLabel': 'std::unique_ptr<juce::Label,std::default_delete<juce::Label>>' needs to have dll-interface to be used by clients of 'juce::AudioDeviceSelectorComponent' [C:\Users\lawre\plugin-GUI\Build\snap-gui.vcxproj]
  (compiling source file '../Source/Processors/ProcessorGraph/ProcessorGraph.cpp')
      C:\Program Files (x86)\Microsoft Visual Studio\2022\BuildTools\VC\Tools\MSVC\14.44.35207\include\memory(3347,7):
      see declaration of 'std::unique_ptr<juce::Label,std::default_delete<juce::Label>>'
  
C:\Users\lawre\plugin-GUI\JuceLibraryCode\modules\juce_audio_utils\gui\juce_AudioDeviceSelectorComponent.h(126,45): warning C4251: 'juce::AudioDeviceSelectorComponent::midiOutputLabel': 'std::unique_ptr<juce::Label,std::default_delete<juce::Label>>' needs to have dll-interface to be used by clients of 'juce::AudioDeviceSelectorComponent' [C:\Users\lawre\plugin-GUI\Build\snap-gui.vcxproj]
  (compiling source file '../Source/Processors/ProcessorGraph/ProcessorGraph.cpp')
      C:\Program Files (x86)\Microsoft Visual Studio\2022\BuildTools\VC\Tools\MSVC\14.44.35207\include\memory(3347,7):
      see declaration of 'std::unique_ptr<juce::Label,std::default_delete<juce::Label>>'
  
C:\Users\lawre\plugin-GUI\JuceLibraryCode\modules\juce_audio_utils\gui\juce_AudioDeviceSelectorComponent.h(127,33): warning C4251: 'juce::AudioDeviceSelectorComponent::bluetoothButton': 'std::unique_ptr<ObjectClass,std::default_delete<ObjectClass>>' needs to have dll-interface to be used by clients of 'juce::AudioDeviceSelectorComponent' [C:\Users\lawre\plugin-GUI\Build\snap-gui.vcxproj]
C:\Users\lawre\plugin-GUI\JuceLibraryCode\modules\juce_audio_utils\gui\juce_AudioDeviceSelectorComponent.h(127,33): warning C4251:         with [C:\Users\lawre\plugin-GUI\Build\snap-gui.vcxproj]
C:\Users\lawre\plugin-GUI\JuceLibraryCode\modules\juce_audio_utils\gui\juce_AudioDeviceSelectorComponent.h(127,33): warning C4251:         [ [C:\Users\lawre\plugin-GUI\Build\snap-gui.vcxproj]
C:\Users\lawre\plugin-GUI\JuceLibraryCode\modules\juce_audio_utils\gui\juce_AudioDeviceSelectorComponent.h(127,33): warning C4251:             ObjectClass=juce::TextButton [C:\Users\lawre\plugin-GUI\Build\snap-gui.vcxproj]
C:\Users\lawre\plugin-GUI\JuceLibraryCode\modules\juce_audio_utils\gui\juce_AudioDeviceSelectorComponent.h(127,33): warning C4251:         ] [C:\Users\lawre\plugin-GUI\Build\snap-gui.vcxproj]
  (compiling source file '../Source/Processors/ProcessorGraph/ProcessorGraph.cpp')
      C:\Program Files (x86)\Microsoft Visual Studio\2022\BuildTools\VC\Tools\MSVC\14.44.35207\include\memory(3347,7):
      see declaration of 'std::unique_ptr<ObjectClass,std::default_delete<ObjectClass>>'
          with
          [
              ObjectClass=juce::TextButton
          ]
  
C:\Users\lawre\plugin-GUI\JuceLibraryCode\modules\juce_audio_utils\gui\juce_AudioThumbnail.h(224,38): warning C4251: 'juce::AudioThumbnail::source': 'std::unique_ptr<juce::AudioThumbnail::LevelDataSource,std::default_delete<juce::AudioThumbnail::LevelDataSource>>' needs to have dll-interface to be used by clients of 'juce::AudioThumbnail' [C:\Users\lawre\plugin-GUI\Build\snap-gui.vcxproj]
  (compiling source file '../Source/Processors/ProcessorGraph/ProcessorGraph.cpp')
      C:\Program Files (x86)\Microsoft Visual Studio\2022\BuildTools\VC\Tools\MSVC\14.44.35207\include\memory(3347,7):
      see declaration of 'std::unique_ptr<juce::AudioThumbnail::LevelDataSource,std::default_delete<juce::AudioThumbnail::LevelDataSource>>'
  
C:\Users\lawre\plugin-GUI\JuceLibraryCode\modules\juce_audio_utils\gui\juce_AudioThumbnail.h(225,35): warning C4251: 'juce::AudioThumbnail::window': 'std::unique_ptr<juce::AudioThumbnail::CachedWindow,std::default_delete<juce::AudioThumbnail::CachedWindow>>' needs to have dll-interface to be used by clients of 'juce::AudioThumbnail' [C:\Users\lawre\plugin-GUI\Build\snap-gui.vcxproj]
  (compiling source file '../Source/Processors/ProcessorGraph/ProcessorGraph.cpp')
      C:\Program Files (x86)\Microsoft Visual Studio\2022\BuildTools\VC\Tools\MSVC\14.44.35207\include\memory(3347,7):
      see declaration of 'std::unique_ptr<juce::AudioThumbnail::CachedWindow,std::default_delete<juce::AudioThumbnail::CachedWindow>>'
  
C:\Users\lawre\plugin-GUI\JuceLibraryCode\modules\juce_audio_utils\gui\juce_AudioThumbnail.h(226,27): warning C4251: 'juce::AudioThumbnail::channels': 'juce::OwnedArray<juce::AudioThumbnail::ThumbData,juce::DummyCriticalSection>' needs to have dll-interface to be used by clients of 'juce::AudioThumbnail' [C:\Users\lawre\plugin-GUI\Build\snap-gui.vcxproj]
  (compiling source file '../Source/Processors/ProcessorGraph/ProcessorGraph.cpp')
      C:\Users\lawre\plugin-GUI\JuceLibraryCode\modules\juce_core\containers\juce_OwnedArray.h(61,7):
      see declaration of 'juce::OwnedArray<juce::AudioThumbnail::ThumbData,juce::DummyCriticalSection>'
  
C:\Users\lawre\plugin-GUI\JuceLibraryCode\modules\juce_audio_utils\gui\juce_AudioThumbnailCache.h(117,37): warning C4251: 'juce::AudioThumbnailCache::thumbs': 'juce::OwnedArray<juce::AudioThumbnailCache::ThumbnailCacheEntry,juce::DummyCriticalSection>' needs to have dll-interface to be used by clients of 'juce::AudioThumbnailCache' [C:\Users\lawre\plugin-GUI\Build\snap-gui.vcxproj]
  (compiling source file '../Source/Processors/ProcessorGraph/ProcessorGraph.cpp')
      C:\Users\lawre\plugin-GUI\JuceLibraryCode\modules\juce_core\containers\juce_OwnedArray.h(61,7):
      see declaration of 'juce::OwnedArray<juce::AudioThumbnailCache::ThumbnailCacheEntry,juce::DummyCriticalSection>'
  
C:\Users\lawre\plugin-GUI\JuceLibraryCode\modules\juce_audio_utils\gui\juce_AudioVisualiserComponent.h(133,29): warning C4251: 'juce::AudioVisualiserComponent::channels': 'juce::OwnedArray<juce::AudioVisualiserComponent::ChannelInfo,juce::DummyCriticalSection>' needs to have dll-interface to be used by clients of 'juce::AudioVisualiserComponent' [C:\Users\lawre\plugin-GUI\Build\snap-gui.vcxproj]
  (compiling source file '../Source/Processors/ProcessorGraph/ProcessorGraph.cpp')
      C:\Users\lawre\plugin-GUI\JuceLibraryCode\modules\juce_core\containers\juce_OwnedArray.h(61,7):
      see declaration of 'juce::OwnedArray<juce::AudioVisualiserComponent::ChannelInfo,juce::DummyCriticalSection>'
  
C:\Users\lawre\plugin-GUI\JuceLibraryCode\modules\juce_audio_utils\gui\juce_KeyboardComponentBase.h(298,29): warning C4251: 'juce::KeyboardComponentBase::scrollDown': 'std::unique_ptr<juce::Button,std::default_delete<juce::Button>>' needs to have dll-interface to be used by clients of 'juce::KeyboardComponentBase' [C:\Users\lawre\plugin-GUI\Build\snap-gui.vcxproj]
  (compiling source file '../Source/Processors/ProcessorGraph/ProcessorGraph.cpp')
      C:\Program Files (x86)\Microsoft Visual Studio\2022\BuildTools\VC\Tools\MSVC\14.44.35207\include\memory(3347,7):
      see declaration of 'std::unique_ptr<juce::Button,std::default_delete<juce::Button>>'
  
C:\Users\lawre\plugin-GUI\JuceLibraryCode\modules\juce_audio_utils\gui\juce_KeyboardComponentBase.h(298,41): warning C4251: 'juce::KeyboardComponentBase::scrollUp': 'std::unique_ptr<juce::Button,std::default_delete<juce::Button>>' needs to have dll-interface to be used by clients of 'juce::KeyboardComponentBase' [C:\Users\lawre\plugin-GUI\Build\snap-gui.vcxproj]
  (compiling source file '../Source/Processors/ProcessorGraph/ProcessorGraph.cpp')
      C:\Program Files (x86)\Microsoft Visual Studio\2022\BuildTools\VC\Tools\MSVC\14.44.35207\include\memory(3347,7):
      see declaration of 'std::unique_ptr<juce::Button,std::default_delete<juce::Button>>'
  
C:\Users\lawre\plugin-GUI\JuceLibraryCode\modules\juce_audio_utils\gui\juce_MidiKeyboardComponent.h(277,16): warning C4251: 'juce::MidiKeyboardComponent::mouseOverNotes': 'juce::Array<int,juce::DummyCriticalSection,0>' needs to have dll-interface to be used by clients of 'juce::MidiKeyboardComponent' [C:\Users\lawre\plugin-GUI\Build\snap-gui.vcxproj]
  (compiling source file '../Source/Processors/ProcessorGraph/ProcessorGraph.cpp')
      C:\Users\lawre\plugin-GUI\JuceLibraryCode\modules\juce_core\containers\juce_Array.h(67,7):
      see declaration of 'juce::Array<int,juce::DummyCriticalSection,0>'
  
C:\Users\lawre\plugin-GUI\JuceLibraryCode\modules\juce_audio_utils\gui\juce_MidiKeyboardComponent.h(277,32): warning C4251: 'juce::MidiKeyboardComponent::mouseDownNotes': 'juce::Array<int,juce::DummyCriticalSection,0>' needs to have dll-interface to be used by clients of 'juce::MidiKeyboardComponent' [C:\Users\lawre\plugin-GUI\Build\snap-gui.vcxproj]
  (compiling source file '../Source/Processors/ProcessorGraph/ProcessorGraph.cpp')
      C:\Users\lawre\plugin-GUI\JuceLibraryCode\modules\juce_core\containers\juce_Array.h(67,7):
      see declaration of 'juce::Array<int,juce::DummyCriticalSection,0>'
  
C:\Users\lawre\plugin-GUI\JuceLibraryCode\modules\juce_audio_utils\gui\juce_MidiKeyboardComponent.h(278,21): warning C4251: 'juce::MidiKeyboardComponent::keyPresses': 'juce::Array<juce::KeyPress,juce::DummyCriticalSection,0>' needs to have dll-interface to be used by clients of 'juce::MidiKeyboardComponent' [C:\Users\lawre\plugin-GUI\Build\snap-gui.vcxproj]
  (compiling source file '../Source/Processors/ProcessorGraph/ProcessorGraph.cpp')
      C:\Users\lawre\plugin-GUI\JuceLibraryCode\modules\juce_core\containers\juce_Array.h(67,7):
      see declaration of 'juce::Array<juce::KeyPress,juce::DummyCriticalSection,0>'
  
C:\Users\lawre\plugin-GUI\JuceLibraryCode\modules\juce_audio_utils\gui\juce_MidiKeyboardComponent.h(279,16): warning C4251: 'juce::MidiKeyboardComponent::keyPressNotes': 'juce::Array<int,juce::DummyCriticalSection,0>' needs to have dll-interface to be used by clients of 'juce::MidiKeyboardComponent' [C:\Users\lawre\plugin-GUI\Build\snap-gui.vcxproj]
  (compiling source file '../Source/Processors/ProcessorGraph/ProcessorGraph.cpp')
      C:\Users\lawre\plugin-GUI\JuceLibraryCode\modules\juce_core\containers\juce_Array.h(67,7):
      see declaration of 'juce::Array<int,juce::DummyCriticalSection,0>'
  
C:\Users\lawre\plugin-GUI\JuceLibraryCode\modules\juce_audio_utils\gui\juce_MidiKeyboardComponent.h(282,23): warning C4251: 'juce::MidiKeyboardComponent::noPendingUpdates': 'std::atomic<bool>' needs to have dll-interface to be used by clients of 'juce::MidiKeyboardComponent' [C:\Users\lawre\plugin-GUI\Build\snap-gui.vcxproj]
  (compiling source file '../Source/Processors/ProcessorGraph/ProcessorGraph.cpp')
      C:\Program Files (x86)\Microsoft Visual Studio\2022\BuildTools\VC\Tools\MSVC\14.44.35207\include\atomic(2131,8):
      see declaration of 'std::atomic<bool>'
  
C:\Users\lawre\plugin-GUI\JuceLibraryCode\modules\juce_audio_utils\gui\juce_MPEKeyboardComponent.h(147,41): warning C4251: 'juce::MPEKeyboardComponent::channelAssigner': 'std::unique_ptr<juce::MPEChannelAssigner,std::default_delete<juce::MPEChannelAssigner>>' needs to have dll-interface to be used by clients of 'juce::MPEKeyboardComponent' [C:\Users\lawre\plugin-GUI\Build\snap-gui.vcxproj]
  (compiling source file '../Source/Processors/ProcessorGraph/ProcessorGraph.cpp')
      C:\Program Files (x86)\Microsoft Visual Studio\2022\BuildTools\VC\Tools\MSVC\14.44.35207\include\memory(3347,7):
      see declaration of 'std::unique_ptr<juce::MPEChannelAssigner,std::default_delete<juce::MPEChannelAssigner>>'
  
C:\Users\lawre\plugin-GUI\JuceLibraryCode\modules\juce_audio_utils\gui\juce_MPEKeyboardComponent.h(150,43): warning C4251: 'juce::MPEKeyboardComponent::activeNotes': 'std::vector<std::pair<juce::MPENote,bool>,std::allocator<std::pair<juce::MPENote,bool>>>' needs to have dll-interface to be used by clients of 'juce::MPEKeyboardComponent' [C:\Users\lawre\plugin-GUI\Build\snap-gui.vcxproj]
  (compiling source file '../Source/Processors/ProcessorGraph/ProcessorGraph.cpp')
      C:\Program Files (x86)\Microsoft Visual Studio\2022\BuildTools\VC\Tools\MSVC\14.44.35207\include\vector(442,7):
      see declaration of 'std::vector<std::pair<juce::MPENote,bool>,std::allocator<std::pair<juce::MPENote,bool>>>'
  
C:\Users\lawre\plugin-GUI\JuceLibraryCode\modules\juce_audio_utils\gui\juce_MPEKeyboardComponent.h(151,52): warning C4251: 'juce::MPEKeyboardComponent::noteComponents': 'std::vector<std::unique_ptr<juce::MPEKeyboardComponent::MPENoteComponent,std::default_delete<juce::MPEKeyboardComponent::MPENoteComponent>>,std::allocator<std::unique_ptr<juce::MPEKeyboardComponent::MPENoteComponent,std::default_delete<juce::MPEKeyboardComponent::MPENoteComponent>>>>' needs to have dll-interface to be used by clients of 'juce::MPEKeyboardComponent' [C:\Users\lawre\plugin-GUI\Build\snap-gui.vcxproj]
  (compiling source file '../Source/Processors/ProcessorGraph/ProcessorGraph.cpp')
      C:\Program Files (x86)\Microsoft Visual Studio\2022\BuildTools\VC\Tools\MSVC\14.44.35207\include\vector(442,7):
      see declaration of 'std::vector<std::unique_ptr<juce::MPEKeyboardComponent::MPENoteComponent,std::default_delete<juce::MPEKeyboardComponent::MPENoteComponent>>,std::allocator<std::unique_ptr<juce::MPEKeyboardComponent::MPENoteComponent,std::default_delete<juce::MPEKeyboardComponent::MPENoteComponent>>>>'
  
C:\Users\lawre\plugin-GUI\JuceLibraryCode\modules\juce_audio_utils\gui\juce_MPEKeyboardComponent.h(152,27): warning C4251: 'juce::MPEKeyboardComponent::sourceIDMap': 'std::map<int,juce::uint16,std::less<int>,std::allocator<std::pair<const int,juce::uint16>>>' needs to have dll-interface to be used by clients of 'juce::MPEKeyboardComponent' [C:\Users\lawre\plugin-GUI\Build\snap-gui.vcxproj]
  (compiling source file '../Source/Processors/ProcessorGraph/ProcessorGraph.cpp')
      C:\Program Files (x86)\Microsoft Visual Studio\2022\BuildTools\VC\Tools\MSVC\14.44.35207\include\map(72,7):
      see declaration of 'std::map<int,juce::uint16,std::less<int>,std::allocator<std::pair<const int,juce::uint16>>>'
  
C:\Users\lawre\plugin-GUI\JuceLibraryCode\modules\juce_audio_utils\players\juce_SoundPlayer.h(135,29): warning C4251: 'juce::SoundPlayer::sources': 'juce::OwnedArray<juce::AudioSource,juce::DummyCriticalSection>' needs to have dll-interface to be used by clients of 'juce::SoundPlayer' [C:\Users\lawre\plugin-GUI\Build\snap-gui.vcxproj]
  (compiling source file '../Source/Processors/ProcessorGraph/ProcessorGraph.cpp')
      C:\Users\lawre\plugin-GUI\JuceLibraryCode\modules\juce_core\containers\juce_OwnedArray.h(61,7):
      see declaration of 'juce::OwnedArray<juce::AudioSource,juce::DummyCriticalSection>'
  
C:\Users\lawre\plugin-GUI\JuceLibraryCode\modules\juce_audio_utils\players\juce_AudioProcessorPlayer.h(141,17): warning C4251: 'juce::AudioProcessorPlayer::deviceChannels': 'juce::AudioProcessorPlayer::NumChannels' needs to have dll-interface to be used by clients of 'juce::AudioProcessorPlayer' [C:\Users\lawre\plugin-GUI\Build\snap-gui.vcxproj]
  (compiling source file '../Source/Processors/ProcessorGraph/ProcessorGraph.cpp')
      C:\Users\lawre\plugin-GUI\JuceLibraryCode\modules\juce_audio_utils\players\juce_AudioProcessorPlayer.h(113,12):
      see declaration of 'juce::AudioProcessorPlayer::NumChannels'
  
C:\Users\lawre\plugin-GUI\JuceLibraryCode\modules\juce_audio_utils\players\juce_AudioProcessorPlayer.h(141,33): warning C4251: 'juce::AudioProcessorPlayer::defaultProcessorChannels': 'juce::AudioProcessorPlayer::NumChannels' needs to have dll-interface to be used by clients of 'juce::AudioProcessorPlayer' [C:\Users\lawre\plugin-GUI\Build\snap-gui.vcxproj]
  (compiling source file '../Source/Processors/ProcessorGraph/ProcessorGraph.cpp')
      C:\Users\lawre\plugin-GUI\JuceLibraryCode\modules\juce_audio_utils\players\juce_AudioProcessorPlayer.h(113,12):
      see declaration of 'juce::AudioProcessorPlayer::NumChannels'
  
C:\Users\lawre\plugin-GUI\JuceLibraryCode\modules\juce_audio_utils\players\juce_AudioProcessorPlayer.h(141,59): warning C4251: 'juce::AudioProcessorPlayer::actualProcessorChannels': 'juce::AudioProcessorPlayer::NumChannels' needs to have dll-interface to be used by clients of 'juce::AudioProcessorPlayer' [C:\Users\lawre\plugin-GUI\Build\snap-gui.vcxproj]
  (compiling source file '../Source/Processors/ProcessorGraph/ProcessorGraph.cpp')
      C:\Users\lawre\plugin-GUI\JuceLibraryCode\modules\juce_audio_utils\players\juce_AudioProcessorPlayer.h(113,12):
      see declaration of 'juce::AudioProcessorPlayer::NumChannels'
  
C:\Users\lawre\plugin-GUI\JuceLibraryCode\modules\juce_audio_utils\players\juce_AudioProcessorPlayer.h(142,25): warning C4251: 'juce::AudioProcessorPlayer::channels': 'std::vector<float *,std::allocator<float *>>' needs to have dll-interface to be used by clients of 'juce::AudioProcessorPlayer' [C:\Users\lawre\plugin-GUI\Build\snap-gui.vcxproj]
  (compiling source file '../Source/Processors/ProcessorGraph/ProcessorGraph.cpp')
      C:\Program Files (x86)\Microsoft Visual Studio\2022\BuildTools\VC\Tools\MSVC\14.44.35207\include\vector(442,7):
      see declaration of 'std::vector<float *,std::allocator<float *>>'
  
C:\Users\lawre\plugin-GUI\JuceLibraryCode\modules\juce_audio_utils\players\juce_AudioProcessorPlayer.h(143,24): warning C4251: 'juce::AudioProcessorPlayer::tempBuffer': 'juce::AudioBuffer<float>' needs to have dll-interface to be used by clients of 'juce::AudioProcessorPlayer' [C:\Users\lawre\plugin-GUI\Build\snap-gui.vcxproj]
  (compiling source file '../Source/Processors/ProcessorGraph/ProcessorGraph.cpp')
      C:\Users\lawre\plugin-GUI\JuceLibraryCode\modules\juce_audio_basics\buffers\juce_AudioSampleBuffer.h(45,7):
      see declaration of 'juce::AudioBuffer<float>'
  
C:\Users\lawre\plugin-GUI\JuceLibraryCode\modules\juce_audio_utils\players\juce_AudioProcessorPlayer.h(144,25): warning C4251: 'juce::AudioProcessorPlayer::conversionBuffer': 'juce::AudioBuffer<double>' needs to have dll-interface to be used by clients of 'juce::AudioProcessorPlayer' [C:\Users\lawre\plugin-GUI\Build\snap-gui.vcxproj]
  (compiling source file '../Source/Processors/ProcessorGraph/ProcessorGraph.cpp')
      C:\Users\lawre\plugin-GUI\JuceLibraryCode\modules\juce_audio_basics\buffers\juce_AudioSampleBuffer.h(45,7):
      see declaration of 'juce::AudioBuffer<double>'
  
C:\Users\lawre\plugin-GUI\JuceLibraryCode\modules\juce_audio_utils\players\juce_AudioProcessorPlayer.h(152,20): warning C4251: 'juce::AudioProcessorPlayer::currentWorkgroup': 'juce::AudioWorkgroup' needs to have dll-interface to be used by clients of 'juce::AudioProcessorPlayer' [C:\Users\lawre\plugin-GUI\Build\snap-gui.vcxproj]
  (compiling source file '../Source/Processors/ProcessorGraph/ProcessorGraph.cpp')
      C:\Users\lawre\plugin-GUI\JuceLibraryCode\modules\juce_audio_basics\utilities\juce_AudioWorkgroup.h(153,7):
      see declaration of 'juce::AudioWorkgroup'
  
C:\Users\lawre\plugin-GUI\JuceLibraryCode\modules\juce_cryptography\encryption\juce_BlowFish.h(114,23): warning C4251: 'juce::BlowFish::s': 'juce::HeapBlock<juce::uint32,false>' needs to have dll-interface to be used by clients of 'juce::BlowFish' [C:\Users\lawre\plugin-GUI\Build\snap-gui.vcxproj]
  (compiling source file '../Source/Processors/ProcessorGraph/ProcessorGraph.cpp')
      C:\Users\lawre\plugin-GUI\JuceLibraryCode\modules\juce_core\memory\juce_HeapBlock.h(98,7):
      see declaration of 'juce::HeapBlock<juce::uint32,false>'
  
C:\Users\lawre\plugin-GUI\JuceLibraryCode\modules\juce_opengl\opengl\juce_OpenGLContext.h(364,33): warning C4251: 'juce::OpenGLContext::attachment': 'std::unique_ptr<juce::OpenGLContext::Attachment,std::default_delete<juce::OpenGLContext::Attachment>>' needs to have dll-interface to be used by clients of 'juce::OpenGLContext' [C:\Users\lawre\plugin-GUI\Build\snap-gui.vcxproj]
  (compiling source file '../Source/Processors/ProcessorGraph/ProcessorGraph.cpp')
      C:\Program Files (x86)\Microsoft Visual Studio\2022\BuildTools\VC\Tools\MSVC\14.44.35207\include\memory(3347,7):
      see declaration of 'std::unique_ptr<juce::OpenGLContext::Attachment,std::default_delete<juce::OpenGLContext::Attachment>>'
  
C:\Users\lawre\plugin-GUI\JuceLibraryCode\modules\juce_opengl\opengl\juce_OpenGLContext.h(370,23): warning C4251: 'juce::OpenGLContext::continuousRepaint': 'std::atomic<bool>' needs to have dll-interface to be used by clients of 'juce::OpenGLContext' [C:\Users\lawre\plugin-GUI\Build\snap-gui.vcxproj]
  (compiling source file '../Source/Processors/ProcessorGraph/ProcessorGraph.cpp')
      C:\Program Files (x86)\Microsoft Visual Studio\2022\BuildTools\VC\Tools\MSVC\14.44.35207\include\atomic(2131,8):
      see declaration of 'std::atomic<bool>'
  
C:\Users\lawre\plugin-GUI\JuceLibraryCode\modules\juce_opengl\opengl\juce_OpenGLFrameBuffer.h(134,28): warning C4251: 'juce::OpenGLFrameBuffer::pimpl': 'std::unique_ptr<juce::OpenGLFrameBuffer::Pimpl,std::default_delete<juce::OpenGLFrameBuffer::Pimpl>>' needs to have dll-interface to be used by clients of 'juce::OpenGLFrameBuffer' [C:\Users\lawre\plugin-GUI\Build\snap-gui.vcxproj]
  (compiling source file '../Source/Processors/ProcessorGraph/ProcessorGraph.cpp')
      C:\Program Files (x86)\Microsoft Visual Studio\2022\BuildTools\VC\Tools\MSVC\14.44.35207\include\memory(3347,7):
      see declaration of 'std::unique_ptr<juce::OpenGLFrameBuffer::Pimpl,std::default_delete<juce::OpenGLFrameBuffer::Pimpl>>'
  
C:\Users\lawre\plugin-GUI\JuceLibraryCode\modules\juce_opengl\opengl\juce_OpenGLFrameBuffer.h(137,33): warning C4251: 'juce::OpenGLFrameBuffer::savedState': 'std::unique_ptr<juce::OpenGLFrameBuffer::SavedState,std::default_delete<juce::OpenGLFrameBuffer::SavedState>>' needs to have dll-interface to be used by clients of 'juce::OpenGLFrameBuffer' [C:\Users\lawre\plugin-GUI\Build\snap-gui.vcxproj]
  (compiling source file '../Source/Processors/ProcessorGraph/ProcessorGraph.cpp')
      C:\Program Files (x86)\Microsoft Visual Studio\2022\BuildTools\VC\Tools\MSVC\14.44.35207\include\memory(3347,7):
      see declaration of 'std::unique_ptr<juce::OpenGLFrameBuffer::SavedState,std::default_delete<juce::OpenGLFrameBuffer::SavedState>>'
  
C:\Users\lawre\plugin-GUI\JuceLibraryCode\modules\juce_opengl\opengl\juce_OpenGLGraphicsContext.h(97,48): warning C4251: 'juce::OpenGLGraphicsContextCustomShader::onShaderActivated': 'std::function<void (juce::OpenGLShaderProgram &)>' needs to have dll-interface to be used by clients of 'juce::OpenGLGraphicsContextCustomShader' [C:\Users\lawre\plugin-GUI\Build\snap-gui.vcxproj]
  (compiling source file '../Source/Processors/ProcessorGraph/ProcessorGraph.cpp')
      C:\Program Files (x86)\Microsoft Visual Studio\2022\BuildTools\VC\Tools\MSVC\14.44.35207\include\functional(1089,7):
      see declaration of 'std::function<void (juce::OpenGLShaderProgram &)>'
  
C:\Users\lawre\plugin-GUI\JuceLibraryCode\modules\juce_osc\osc\juce_OSCMessage.h(180,24): warning C4251: 'juce::OSCMessage::arguments': 'juce::Array<juce::OSCArgument,juce::DummyCriticalSection,0>' needs to have dll-interface to be used by clients of 'juce::OSCMessage' [C:\Users\lawre\plugin-GUI\Build\snap-gui.vcxproj]
  (compiling source file '../Source/Processors/ProcessorGraph/ProcessorGraph.cpp')
      C:\Users\lawre\plugin-GUI\JuceLibraryCode\modules\juce_core\containers\juce_Array.h(67,7):
      see declaration of 'juce::Array<juce::OSCArgument,juce::DummyCriticalSection,0>'
  
C:\Users\lawre\plugin-GUI\JuceLibraryCode\modules\juce_osc\osc\juce_OSCBundle.h(109,37): warning C4251: 'juce::OSCBundle::Element::message': 'std::unique_ptr<juce::OSCMessage,std::default_delete<juce::OSCMessage>>' needs to have dll-interface to be used by clients of 'juce::OSCBundle::Element' [C:\Users\lawre\plugin-GUI\Build\snap-gui.vcxproj]
  (compiling source file '../Source/Processors/ProcessorGraph/ProcessorGraph.cpp')
      C:\Program Files (x86)\Microsoft Visual Studio\2022\BuildTools\VC\Tools\MSVC\14.44.35207\include\memory(3347,7):
      see declaration of 'std::unique_ptr<juce::OSCMessage,std::default_delete<juce::OSCMessage>>'
  
C:\Users\lawre\plugin-GUI\JuceLibraryCode\modules\juce_osc\osc\juce_OSCBundle.h(110,36): warning C4251: 'juce::OSCBundle::Element::bundle': 'std::unique_ptr<juce::OSCBundle,std::default_delete<juce::OSCBundle>>' needs to have dll-interface to be used by clients of 'juce::OSCBundle::Element' [C:\Users\lawre\plugin-GUI\Build\snap-gui.vcxproj]
  (compiling source file '../Source/Processors/ProcessorGraph/ProcessorGraph.cpp')
      C:\Program Files (x86)\Microsoft Visual Studio\2022\BuildTools\VC\Tools\MSVC\14.44.35207\include\memory(3347,7):
      see declaration of 'std::unique_ptr<juce::OSCBundle,std::default_delete<juce::OSCBundle>>'
  
C:\Users\lawre\plugin-GUI\JuceLibraryCode\modules\juce_osc\osc\juce_OSCBundle.h(151,31): warning C4251: 'juce::OSCBundle::elements': 'juce::Array<juce::OSCBundle::Element,juce::DummyCriticalSection,0>' needs to have dll-interface to be used by clients of 'juce::OSCBundle' [C:\Users\lawre\plugin-GUI\Build\snap-gui.vcxproj]
  (compiling source file '../Source/Processors/ProcessorGraph/ProcessorGraph.cpp')
      C:\Users\lawre\plugin-GUI\JuceLibraryCode\modules\juce_core\containers\juce_Array.h(67,7):
      see declaration of 'juce::Array<juce::OSCBundle::Element,juce::DummyCriticalSection,0>'
  
C:\Users\lawre\plugin-GUI\JuceLibraryCode\modules\juce_osc\osc\juce_OSCReceiver.h(227,28): warning C4251: 'juce::OSCReceiver::pimpl': 'std::unique_ptr<juce::OSCReceiver::Pimpl,std::default_delete<juce::OSCReceiver::Pimpl>>' needs to have dll-interface to be used by clients of 'juce::OSCReceiver' [C:\Users\lawre\plugin-GUI\Build\snap-gui.vcxproj]
  (compiling source file '../Source/Processors/ProcessorGraph/ProcessorGraph.cpp')
      C:\Program Files (x86)\Microsoft Visual Studio\2022\BuildTools\VC\Tools\MSVC\14.44.35207\include\memory(3347,7):
      see declaration of 'std::unique_ptr<juce::OSCReceiver::Pimpl,std::default_delete<juce::OSCReceiver::Pimpl>>'
  
C:\Users\lawre\plugin-GUI\JuceLibraryCode\modules\juce_osc\osc\juce_OSCSender.h(152,28): warning C4251: 'juce::OSCSender::pimpl': 'std::unique_ptr<juce::OSCSender::Pimpl,std::default_delete<juce::OSCSender::Pimpl>>' needs to have dll-interface to be used by clients of 'juce::OSCSender' [C:\Users\lawre\plugin-GUI\Build\snap-gui.vcxproj]
  (compiling source file '../Source/Processors/ProcessorGraph/ProcessorGraph.cpp')
      C:\Program Files (x86)\Microsoft Visual Studio\2022\BuildTools\VC\Tools\MSVC\14.44.35207\include\memory(3347,7):
      see declaration of 'std::unique_ptr<juce::OSCSender::Pimpl,std::default_delete<juce::OSCSender::Pimpl>>'
  
C:\Users\lawre\plugin-GUI\JuceLibraryCode\modules\juce_video\playback\juce_VideoComponent.h(169,27): warning C4251: 'juce::VideoComponent::onGlobalMediaVolumeChanged': 'std::function<void (void)>' needs to have dll-interface to be used by clients of 'juce::VideoComponent' [C:\Users\lawre\plugin-GUI\Build\snap-gui.vcxproj]
  (compiling source file '../Source/Processors/ProcessorGraph/ProcessorGraph.cpp')
      C:\Program Files (x86)\Microsoft Visual Studio\2022\BuildTools\VC\Tools\MSVC\14.44.35207\include\functional(1089,7):
      see declaration of 'std::function<void (void)>'
  
C:\Users\lawre\plugin-GUI\JuceLibraryCode\modules\juce_video\playback\juce_VideoComponent.h(173,27): warning C4251: 'juce::VideoComponent::onPlaybackStarted': 'std::function<void (void)>' needs to have dll-interface to be used by clients of 'juce::VideoComponent' [C:\Users\lawre\plugin-GUI\Build\snap-gui.vcxproj]
  (compiling source file '../Source/Processors/ProcessorGraph/ProcessorGraph.cpp')
      C:\Program Files (x86)\Microsoft Visual Studio\2022\BuildTools\VC\Tools\MSVC\14.44.35207\include\functional(1089,7):
      see declaration of 'std::function<void (void)>'
  
C:\Users\lawre\plugin-GUI\JuceLibraryCode\modules\juce_video\playback\juce_VideoComponent.h(176,27): warning C4251: 'juce::VideoComponent::onPlaybackStopped': 'std::function<void (void)>' needs to have dll-interface to be used by clients of 'juce::VideoComponent' [C:\Users\lawre\plugin-GUI\Build\snap-gui.vcxproj]
  (compiling source file '../Source/Processors/ProcessorGraph/ProcessorGraph.cpp')
      C:\Program Files (x86)\Microsoft Visual Studio\2022\BuildTools\VC\Tools\MSVC\14.44.35207\include\functional(1089,7):
      see declaration of 'std::function<void (void)>'
  
C:\Users\lawre\plugin-GUI\JuceLibraryCode\modules\juce_video\playback\juce_VideoComponent.h(180,51): warning C4251: 'juce::VideoComponent::onErrorOccurred': 'std::function<void (const juce::String &)>' needs to have dll-interface to be used by clients of 'juce::VideoComponent' [C:\Users\lawre\plugin-GUI\Build\snap-gui.vcxproj]
  (compiling source file '../Source/Processors/ProcessorGraph/ProcessorGraph.cpp')
      C:\Program Files (x86)\Microsoft Visual Studio\2022\BuildTools\VC\Tools\MSVC\14.44.35207\include\functional(1089,7):
      see declaration of 'std::function<void (const juce::String &)>'
  
C:\Users\lawre\plugin-GUI\JuceLibraryCode\modules\juce_video\playback\juce_VideoComponent.h(185,28): warning C4251: 'juce::VideoComponent::pimpl': 'std::unique_ptr<juce::VideoComponent::Pimpl,std::default_delete<juce::VideoComponent::Pimpl>>' needs to have dll-interface to be used by clients of 'juce::VideoComponent' [C:\Users\lawre\plugin-GUI\Build\snap-gui.vcxproj]
  (compiling source file '../Source/Processors/ProcessorGraph/ProcessorGraph.cpp')
      C:\Program Files (x86)\Microsoft Visual Studio\2022\BuildTools\VC\Tools\MSVC\14.44.35207\include\memory(3347,7):
      see declaration of 'std::unique_ptr<juce::VideoComponent::Pimpl,std::default_delete<juce::VideoComponent::Pimpl>>'
  
C:\Users\lawre\plugin-GUI\JuceLibraryCode\modules\juce_video\capture\juce_CameraDevice.h(182,51): warning C4251: 'juce::CameraDevice::onErrorOccurred': 'std::function<void (const juce::String &)>' needs to have dll-interface to be used by clients of 'juce::CameraDevice' [C:\Users\lawre\plugin-GUI\Build\snap-gui.vcxproj]
  (compiling source file '../Source/Processors/ProcessorGraph/ProcessorGraph.cpp')
      C:\Program Files (x86)\Microsoft Visual Studio\2022\BuildTools\VC\Tools\MSVC\14.44.35207\include\functional(1089,7):
      see declaration of 'std::function<void (const juce::String &)>'
  
C:\Users\lawre\plugin-GUI\JuceLibraryCode\modules\juce_video\capture\juce_CameraDevice.h(230,28): warning C4251: 'juce::CameraDevice::pimpl': 'std::unique_ptr<juce::CameraDevice::Pimpl,std::default_delete<juce::CameraDevice::Pimpl>>' needs to have dll-interface to be used by clients of 'juce::CameraDevice' [C:\Users\lawre\plugin-GUI\Build\snap-gui.vcxproj]
  (compiling source file '../Source/Processors/ProcessorGraph/ProcessorGraph.cpp')
      C:\Program Files (x86)\Microsoft Visual Studio\2022\BuildTools\VC\Tools\MSVC\14.44.35207\include\memory(3347,7):
      see declaration of 'std::unique_ptr<juce::CameraDevice::Pimpl,std::default_delete<juce::CameraDevice::Pimpl>>'
  
C:\Users\lawre\plugin-GUI\Source\Utils\Utils.h(95,19): warning C4251: 'OELogger::logFile': 'std::basic_ofstream<char,std::char_traits<char>>' needs to have dll-interface to be used by clients of 'OELogger' [C:\Users\lawre\plugin-GUI\Build\snap-gui.vcxproj]
  (compiling source file '../Source/Processors/ProcessorGraph/ProcessorGraph.cpp')
      C:\Program Files (x86)\Microsoft Visual Studio\2022\BuildTools\VC\Tools\MSVC\14.44.35207\include\fstream(177,7):
      see declaration of 'std::basic_ofstream<char,std::char_traits<char>>'
  
C:\Users\lawre\plugin-GUI\Source\Processors\Parameter\Parameter.h(189,36): warning C4251: 'Parameter::p_name_map': 'std::map<juce::int64,juce::String,std::less<juce::int64>,std::allocator<std::pair<const juce::int64,juce::String>>>' needs to have dll-interface to be used by clients of 'Parameter' [C:\Users\lawre\plugin-GUI\Build\snap-gui.vcxproj]
  (compiling source file '../Source/Processors/ProcessorGraph/ProcessorGraph.cpp')
      C:\Program Files (x86)\Microsoft Visual Studio\2022\BuildTools\VC\Tools\MSVC\14.44.35207\include\map(72,7):
      see declaration of 'std::map<juce::int64,juce::String,std::less<juce::int64>,std::allocator<std::pair<const juce::int64,juce::String>>>'
  
C:\Users\lawre\plugin-GUI\Source\Processors\Parameter\Parameter.h(198,46): warning C4251: 'Parameter::parameterMap': 'std::map<std::string,Parameter *,std::less<std::string>,std::allocator<std::pair<const std::string,Parameter *>>>' needs to have dll-interface to be used by clients of 'Parameter' [C:\Users\lawre\plugin-GUI\Build\snap-gui.vcxproj]
  (compiling source file '../Source/Processors/ProcessorGraph/ProcessorGraph.cpp')
      C:\Program Files (x86)\Microsoft Visual Studio\2022\BuildTools\VC\Tools\MSVC\14.44.35207\include\map(72,7):
      see declaration of 'std::map<std::string,Parameter *,std::less<std::string>,std::allocator<std::pair<const std::string,Parameter *>>>'
  
C:\Users\lawre\plugin-GUI\Source\Processors\Parameter\Parameter.h(422,21): warning C4251: 'Parameter::ChangeValue::key': 'std::basic_string<char,std::char_traits<char>,std::allocator<char>>' needs to have dll-interface to be used by clients of 'Parameter::ChangeValue' [C:\Users\lawre\plugin-GUI\Build\snap-gui.vcxproj]
  (compiling source file '../Source/Processors/ProcessorGraph/ProcessorGraph.cpp')
      C:\Program Files (x86)\Microsoft Visual Studio\2022\BuildTools\VC\Tools\MSVC\14.44.35207\include\xstring(541,7):
      see declaration of 'std::basic_string<char,std::char_traits<char>,std::allocator<char>>'
  
C:\Users\lawre\plugin-GUI\Source\Processors\Parameter\Parameter.h(435,22): warning C4251: 'Parameter::parameterListeners': 'juce::Array<Parameter::Listener *,juce::DummyCriticalSection,0>' needs to have dll-interface to be used by clients of 'Parameter' [C:\Users\lawre\plugin-GUI\Build\snap-gui.vcxproj]
  (compiling source file '../Source/Processors/ProcessorGraph/ProcessorGraph.cpp')
      C:\Users\lawre\plugin-GUI\JuceLibraryCode\modules\juce_core\containers\juce_Array.h(67,7):
      see declaration of 'juce::Array<Parameter::Listener *,juce::DummyCriticalSection,0>'
  
C:\Users\lawre\plugin-GUI\Source\Processors\Parameter\Parameter.h(436,23): warning C4251: 'Parameter::linkedParameters': 'juce::Array<Parameter *,juce::DummyCriticalSection,0>' needs to have dll-interface to be used by clients of 'Parameter' [C:\Users\lawre\plugin-GUI\Build\snap-gui.vcxproj]
  (compiling source file '../Source/Processors/ProcessorGraph/ProcessorGraph.cpp')
      C:\Users\lawre\plugin-GUI\JuceLibraryCode\modules\juce_core\containers\juce_Array.h(67,7):
      see declaration of 'juce::Array<Parameter *,juce::DummyCriticalSection,0>'
  
C:\Users\lawre\plugin-GUI\Source\Processors\Parameter\Parameter.h(437,34): warning C4251: 'Parameter::linkedParameterStates': 'juce::Array<Parameter::LinkedParameterState *,juce::DummyCriticalSection,0>' needs to have dll-interface to be used by clients of 'Parameter' [C:\Users\lawre\plugin-GUI\Build\snap-gui.vcxproj]
  (compiling source file '../Source/Processors/ProcessorGraph/ProcessorGraph.cpp')
      C:\Users\lawre\plugin-GUI\JuceLibraryCode\modules\juce_core\containers\juce_Array.h(67,7):
      see declaration of 'juce::Array<Parameter::LinkedParameterState *,juce::DummyCriticalSection,0>'
  
C:\Users\lawre\plugin-GUI\Source\Processors\Parameter\Parameter.h(440,17): warning C4251: 'Parameter::m_identifier': 'std::basic_string<char,std::char_traits<char>,std::allocator<char>>' needs to have dll-interface to be used by clients of 'Parameter' [C:\Users\lawre\plugin-GUI\Build\snap-gui.vcxproj]
  (compiling source file '../Source/Processors/ProcessorGraph/ProcessorGraph.cpp')
      C:\Program Files (x86)\Microsoft Visual Studio\2022\BuildTools\VC\Tools\MSVC\14.44.35207\include\xstring(541,7):
      see declaration of 'std::basic_string<char,std::char_traits<char>,std::allocator<char>>'
  
C:\Users\lawre\plugin-GUI\Source\Processors\Parameter\Parameter.h(535,19): warning C4251: 'CategoricalParameter::categories': 'juce::Array<juce::String,juce::DummyCriticalSection,0>' needs to have dll-interface to be used by clients of 'CategoricalParameter' [C:\Users\lawre\plugin-GUI\Build\snap-gui.vcxproj]
  (compiling source file '../Source/Processors/ProcessorGraph/ProcessorGraph.cpp')
      C:\Users\lawre\plugin-GUI\JuceLibraryCode\modules\juce_core\containers\juce_Array.h(67,7):
      see declaration of 'juce::Array<juce::String,juce::DummyCriticalSection,0>'
  
C:\Users\lawre\plugin-GUI\Source\Processors\Parameter\Parameter.h(731,19): warning C4251: 'SelectedStreamParameter::streamNames': 'juce::Array<juce::String,juce::DummyCriticalSection,0>' needs to have dll-interface to be used by clients of 'SelectedStreamParameter' [C:\Users\lawre\plugin-GUI\Build\snap-gui.vcxproj]
  (compiling source file '../Source/Processors/ProcessorGraph/ProcessorGraph.cpp')
      C:\Users\lawre\plugin-GUI\JuceLibraryCode\modules\juce_core\containers\juce_Array.h(67,7):
      see declaration of 'juce::Array<juce::String,juce::DummyCriticalSection,0>'
  
C:\Users\lawre\plugin-GUI\Source\Processors\Parameter\Parameter.h(1099,32): warning C4251: 'TimeParameter::timeValue': 'std::shared_ptr<TimeParameter::TimeValue>' needs to have dll-interface to be used by clients of 'TimeParameter' [C:\Users\lawre\plugin-GUI\Build\snap-gui.vcxproj]
  (compiling source file '../Source/Processors/ProcessorGraph/ProcessorGraph.cpp')
      C:\Program Files (x86)\Microsoft Visual Studio\2022\BuildTools\VC\Tools\MSVC\14.44.35207\include\memory(1565,7):
      see declaration of 'std::shared_ptr<TimeParameter::TimeValue>'
  
C:\Users\lawre\plugin-GUI\Source\Processors\Parameter\ParameterCollection.h(101,27): warning C4251: 'ParameterCollection::parameters': 'juce::OwnedArray<Parameter,juce::DummyCriticalSection>' needs to have dll-interface to be used by clients of 'ParameterCollection' [C:\Users\lawre\plugin-GUI\Build\snap-gui.vcxproj]
  (compiling source file '../Source/Processors/ProcessorGraph/ProcessorGraph.cpp')
      C:\Users\lawre\plugin-GUI\JuceLibraryCode\modules\juce_core\containers\juce_OwnedArray.h(61,7):
      see declaration of 'juce::OwnedArray<Parameter,juce::DummyCriticalSection>'
  
C:\Users\lawre\plugin-GUI\Source\Processors\Parameter\ParameterCollection.h(103,34): warning C4251: 'ParameterCollection::parameterMap': 'std::map<juce::String,Parameter *,std::less<juce::String>,std::allocator<std::pair<const juce::String,Parameter *>>>' needs to have dll-interface to be used by clients of 'ParameterCollection' [C:\Users\lawre\plugin-GUI\Build\snap-gui.vcxproj]
  (compiling source file '../Source/Processors/ProcessorGraph/ProcessorGraph.cpp')
      C:\Program Files (x86)\Microsoft Visual Studio\2022\BuildTools\VC\Tools\MSVC\14.44.35207\include\map(72,7):
      see declaration of 'std::map<juce::String,Parameter *,std::less<juce::String>,std::allocator<std::pair<const juce::String,Parameter *>>>'
  
C:\Users\lawre\plugin-GUI\Source\UI\PopupComponent.h(57,25): warning C4251: 'PopupManager::popupStack': 'std::vector<juce::String,std::allocator<juce::String>>' needs to have dll-interface to be used by clients of 'PopupManager' [C:\Users\lawre\plugin-GUI\Build\snap-gui.vcxproj]
  (compiling source file '../Source/Processors/ProcessorGraph/ProcessorGraph.cpp')
      C:\Program Files (x86)\Microsoft Visual Studio\2022\BuildTools\VC\Tools\MSVC\14.44.35207\include\vector(442,7):
      see declaration of 'std::vector<juce::String,std::allocator<juce::String>>'
  
C:\Users\lawre\plugin-GUI\Source\Processors\Editors\PopupChannelSelector.h(162,22): warning C4251: 'PopupChannelSelector::startDragCoords': 'juce::Point<int>' needs to have dll-interface to be used by clients of 'PopupChannelSelector' [C:\Users\lawre\plugin-GUI\Build\snap-gui.vcxproj]
  (compiling source file '../Source/Processors/ProcessorGraph/ProcessorGraph.cpp')
      C:\Users\lawre\plugin-GUI\JuceLibraryCode\modules\juce_graphics\geometry\juce_Point.h(50,7):
      see declaration of 'juce::Point<int>'
  
C:\Users\lawre\plugin-GUI\Source\Processors\Editors\PopupChannelSelector.h(166,31): warning C4251: 'PopupChannelSelector::channelButtons': 'juce::OwnedArray<ChannelButton,juce::DummyCriticalSection>' needs to have dll-interface to be used by clients of 'PopupChannelSelector' [C:\Users\lawre\plugin-GUI\Build\snap-gui.vcxproj]
  (compiling source file '../Source/Processors/ProcessorGraph/ProcessorGraph.cpp')
      C:\Users\lawre\plugin-GUI\JuceLibraryCode\modules\juce_core\containers\juce_OwnedArray.h(61,7):
      see declaration of 'juce::OwnedArray<ChannelButton,juce::DummyCriticalSection>'
  
C:\Users\lawre\plugin-GUI\Source\Processors\Editors\PopupChannelSelector.h(175,31): warning C4251: 'PopupChannelSelector::viewport': 'std::unique_ptr<juce::Viewport,std::default_delete<juce::Viewport>>' needs to have dll-interface to be used by clients of 'PopupChannelSelector' [C:\Users\lawre\plugin-GUI\Build\snap-gui.vcxproj]
  (compiling source file '../Source/Processors/ProcessorGraph/ProcessorGraph.cpp')
      C:\Program Files (x86)\Microsoft Visual Studio\2022\BuildTools\VC\Tools\MSVC\14.44.35207\include\memory(3347,7):
      see declaration of 'std::unique_ptr<juce::Viewport,std::default_delete<juce::Viewport>>'
  
C:\Users\lawre\plugin-GUI\Source\Processors\Editors\PopupChannelSelector.h(176,32): warning C4251: 'PopupChannelSelector::contentComponent': 'std::unique_ptr<juce::Component,std::default_delete<juce::Component>>' needs to have dll-interface to be used by clients of 'PopupChannelSelector' [C:\Users\lawre\plugin-GUI\Build\snap-gui.vcxproj]
  (compiling source file '../Source/Processors/ProcessorGraph/ProcessorGraph.cpp')
      C:\Program Files (x86)\Microsoft Visual Studio\2022\BuildTools\VC\Tools\MSVC\14.44.35207\include\memory(3347,7):
      see declaration of 'std::unique_ptr<juce::Component,std::default_delete<juce::Component>>'
  
C:\Users\lawre\plugin-GUI\Source\Processors\Editors\PopupChannelSelector.h(189,30): warning C4251: 'PopupChannelSelector::selectButtons': 'juce::OwnedArray<SelectButton,juce::DummyCriticalSection>' needs to have dll-interface to be used by clients of 'PopupChannelSelector' [C:\Users\lawre\plugin-GUI\Build\snap-gui.vcxproj]
  (compiling source file '../Source/Processors/ProcessorGraph/ProcessorGraph.cpp')
      C:\Users\lawre\plugin-GUI\JuceLibraryCode\modules\juce_core\containers\juce_OwnedArray.h(61,7):
      see declaration of 'juce::OwnedArray<SelectButton,juce::DummyCriticalSection>'
  
C:\Users\lawre\plugin-GUI\Source\Processors\Editors\PopupChannelSelector.h(190,34): warning C4251: 'PopupChannelSelector::rangeEditor': 'std::unique_ptr<RangeEditor,std::default_delete<RangeEditor>>' needs to have dll-interface to be used by clients of 'PopupChannelSelector' [C:\Users\lawre\plugin-GUI\Build\snap-gui.vcxproj]
  (compiling source file '../Source/Processors/ProcessorGraph/ProcessorGraph.cpp')
      C:\Program Files (x86)\Microsoft Visual Studio\2022\BuildTools\VC\Tools\MSVC\14.44.35207\include\memory(3347,7):
      see declaration of 'std::unique_ptr<RangeEditor,std::default_delete<RangeEditor>>'
  
C:\Users\lawre\plugin-GUI\Source\Processors\Editors\PopupChannelSelector.h(197,26): warning C4251: 'PopupChannelSelector::dragBox': 'juce::Rectangle<int>' needs to have dll-interface to be used by clients of 'PopupChannelSelector' [C:\Users\lawre\plugin-GUI\Build\snap-gui.vcxproj]
  (compiling source file '../Source/Processors/ProcessorGraph/ProcessorGraph.cpp')
      C:\Users\lawre\plugin-GUI\JuceLibraryCode\modules\juce_graphics\geometry\juce_Rectangle.h(75,7):
      see declaration of 'juce::Rectangle<int>'
  
C:\Users\lawre\plugin-GUI\Source\Processors\Editors\PopupChannelSelector.h(204,16): warning C4251: 'PopupChannelSelector::channelStates': 'juce::Array<int,juce::DummyCriticalSection,0>' needs to have dll-interface to be used by clients of 'PopupChannelSelector' [C:\Users\lawre\plugin-GUI\Build\snap-gui.vcxproj]
  (compiling source file '../Source/Processors/ProcessorGraph/ProcessorGraph.cpp')
      C:\Users\lawre\plugin-GUI\JuceLibraryCode\modules\juce_core\containers\juce_Array.h(67,7):
      see declaration of 'juce::Array<int,juce::DummyCriticalSection,0>'
  
C:\Users\lawre\plugin-GUI\Source\Processors\Editors\PopupChannelSelector.h(205,16): warning C4251: 'PopupChannelSelector::selectedButtons': 'juce::Array<int,juce::DummyCriticalSection,0>' needs to have dll-interface to be used by clients of 'PopupChannelSelector' [C:\Users\lawre\plugin-GUI\Build\snap-gui.vcxproj]
  (compiling source file '../Source/Processors/ProcessorGraph/ProcessorGraph.cpp')
      C:\Users\lawre\plugin-GUI\JuceLibraryCode\modules\juce_core\containers\juce_Array.h(67,7):
      see declaration of 'juce::Array<int,juce::DummyCriticalSection,0>'
  
C:\Users\lawre\plugin-GUI\Source\Processors\Editors\PopupChannelSelector.h(206,16): warning C4251: 'PopupChannelSelector::activeChannels': 'juce::Array<int,juce::DummyCriticalSection,0>' needs to have dll-interface to be used by clients of 'PopupChannelSelector' [C:\Users\lawre\plugin-GUI\Build\snap-gui.vcxproj]
  (compiling source file '../Source/Processors/ProcessorGraph/ProcessorGraph.cpp')
      C:\Users\lawre\plugin-GUI\JuceLibraryCode\modules\juce_core\containers\juce_Array.h(67,7):
      see declaration of 'juce::Array<int,juce::DummyCriticalSection,0>'
  
C:\Users\lawre\plugin-GUI\Source\Processors\Editors\PopupTimeEditor.h(177,22): warning C4251: 'PopupTimeEditor::hourEditor': 'PopupTimeEditor::CustomTextEditor' needs to have dll-interface to be used by clients of 'PopupTimeEditor' [C:\Users\lawre\plugin-GUI\Build\snap-gui.vcxproj]
  (compiling source file '../Source/Processors/ProcessorGraph/ProcessorGraph.cpp')
      C:\Users\lawre\plugin-GUI\Source\Processors\Editors\PopupTimeEditor.h(41,11):
      see declaration of 'PopupTimeEditor::CustomTextEditor'
  
C:\Users\lawre\plugin-GUI\Source\Processors\Editors\PopupTimeEditor.h(178,22): warning C4251: 'PopupTimeEditor::minuteEditor': 'PopupTimeEditor::CustomTextEditor' needs to have dll-interface to be used by clients of 'PopupTimeEditor' [C:\Users\lawre\plugin-GUI\Build\snap-gui.vcxproj]
  (compiling source file '../Source/Processors/ProcessorGraph/ProcessorGraph.cpp')
      C:\Users\lawre\plugin-GUI\Source\Processors\Editors\PopupTimeEditor.h(41,11):
      see declaration of 'PopupTimeEditor::CustomTextEditor'
  
C:\Users\lawre\plugin-GUI\Source\Processors\Editors\PopupTimeEditor.h(179,22): warning C4251: 'PopupTimeEditor::secondEditor': 'PopupTimeEditor::CustomTextEditor' needs to have dll-interface to be used by clients of 'PopupTimeEditor' [C:\Users\lawre\plugin-GUI\Build\snap-gui.vcxproj]
  (compiling source file '../Source/Processors/ProcessorGraph/ProcessorGraph.cpp')
      C:\Users\lawre\plugin-GUI\Source\Processors\Editors\PopupTimeEditor.h(41,11):
      see declaration of 'PopupTimeEditor::CustomTextEditor'
  
C:\Users\lawre\plugin-GUI\Source\Processors\Editors\SyncLineSelector.h(126,35): warning C4251: 'SyncLineSelector::buttons': 'juce::OwnedArray<SyncChannelButton,juce::DummyCriticalSection>' needs to have dll-interface to be used by clients of 'SyncLineSelector' [C:\Users\lawre\plugin-GUI\Build\snap-gui.vcxproj]
  (compiling source file '../Source/Processors/ProcessorGraph/ProcessorGraph.cpp')
      C:\Users\lawre\plugin-GUI\JuceLibraryCode\modules\juce_core\containers\juce_OwnedArray.h(61,7):
      see declaration of 'juce::OwnedArray<SyncChannelButton,juce::DummyCriticalSection>'
  
C:\Users\lawre\plugin-GUI\Source\Processors\Editors\SyncLineSelector.h(128,19): warning C4251: 'SyncLineSelector::lineColours': 'juce::Array<juce::Colour,juce::DummyCriticalSection,0>' needs to have dll-interface to be used by clients of 'SyncLineSelector' [C:\Users\lawre\plugin-GUI\Build\snap-gui.vcxproj]
  (compiling source file '../Source/Processors/ProcessorGraph/ProcessorGraph.cpp')
      C:\Users\lawre\plugin-GUI\JuceLibraryCode\modules\juce_core\containers\juce_Array.h(67,7):
      see declaration of 'juce::Array<juce::Colour,juce::DummyCriticalSection,0>'
  
C:\Users\lawre\plugin-GUI\Source\Processors\Editors\SyncLineSelector.h(133,37): warning C4251: 'SyncLineSelector::setPrimaryStreamButton': 'juce::ScopedPointer<SetPrimaryButton>' needs to have dll-interface to be used by clients of 'SyncLineSelector' [C:\Users\lawre\plugin-GUI\Build\snap-gui.vcxproj]
  (compiling source file '../Source/Processors/ProcessorGraph/ProcessorGraph.cpp')
      C:\Users\lawre\plugin-GUI\JuceLibraryCode\modules\juce_core\memory\juce_ScopedPointer.h(45,7):
      see declaration of 'juce::ScopedPointer<SetPrimaryButton>'
  
C:\Users\lawre\plugin-GUI\Source\Processors\Synchronizer\Synchronizer.h(274,35): warning C4251: 'Synchronizer::streams': 'std::map<juce::String,SyncStream *,std::less<juce::String>,std::allocator<std::pair<const juce::String,SyncStream *>>>' needs to have dll-interface to be used by clients of 'Synchronizer' [C:\Users\lawre\plugin-GUI\Build\snap-gui.vcxproj]
  (compiling source file '../Source/Processors/ProcessorGraph/ProcessorGraph.cpp')
      C:\Program Files (x86)\Microsoft Visual Studio\2022\BuildTools\VC\Tools\MSVC\14.44.35207\include\map(72,7):
      see declaration of 'std::map<juce::String,SyncStream *,std::less<juce::String>,std::allocator<std::pair<const juce::String,SyncStream *>>>'
  
C:\Users\lawre\plugin-GUI\Source\Processors\Synchronizer\Synchronizer.h(275,28): warning C4251: 'Synchronizer::dataStreamObjects': 'juce::OwnedArray<SyncStream,juce::DummyCriticalSection>' needs to have dll-interface to be used by clients of 'Synchronizer' [C:\Users\lawre\plugin-GUI\Build\snap-gui.vcxproj]
  (compiling source file '../Source/Processors/ProcessorGraph/ProcessorGraph.cpp')
      C:\Users\lawre\plugin-GUI\JuceLibraryCode\modules\juce_core\containers\juce_OwnedArray.h(61,7):
      see declaration of 'juce::OwnedArray<SyncStream,juce::DummyCriticalSection>'
  
C:\Users\lawre\plugin-GUI\Source\Processors\Parameter\ParameterEditor.h(162,28): warning C4251: 'ParameterEditor::label': 'std::unique_ptr<juce::Label,std::default_delete<juce::Label>>' needs to have dll-interface to be used by clients of 'ParameterEditor' [C:\Users\lawre\plugin-GUI\Build\snap-gui.vcxproj]
  (compiling source file '../Source/Processors/ProcessorGraph/ProcessorGraph.cpp')
      C:\Program Files (x86)\Microsoft Visual Studio\2022\BuildTools\VC\Tools\MSVC\14.44.35207\include\memory(3347,7):
      see declaration of 'std::unique_ptr<juce::Label,std::default_delete<juce::Label>>'
  
C:\Users\lawre\plugin-GUI\Source\Processors\Parameter\ParameterEditor.h(43,54): warning C4275: non dll-interface class 'Parameter::Listener' used as base for dll-interface class 'ParameterEditor' [C:\Users\lawre\plugin-GUI\Build\snap-gui.vcxproj]
  (compiling source file '../Source/Processors/ProcessorGraph/ProcessorGraph.cpp')
      C:\Users\lawre\plugin-GUI\Source\Processors\Parameter\Parameter.h(311,11):
      see declaration of 'Parameter::Listener'
      C:\Users\lawre\plugin-GUI\Source\Processors\Parameter\ParameterEditor.h(42,18):
      see declaration of 'ParameterEditor'
  
C:\Users\lawre\plugin-GUI\Source\Processors\Parameter\ParameterEditor.h(229,36): warning C4251: 'TextBoxParameterEditor::valueTextBox': 'std::unique_ptr<CustomTextBox,std::default_delete<CustomTextBox>>' needs to have dll-interface to be used by clients of 'TextBoxParameterEditor' [C:\Users\lawre\plugin-GUI\Build\snap-gui.vcxproj]
  (compiling source file '../Source/Processors/ProcessorGraph/ProcessorGraph.cpp')
      C:\Program Files (x86)\Microsoft Visual Studio\2022\BuildTools\VC\Tools\MSVC\14.44.35207\include\memory(3347,7):
      see declaration of 'std::unique_ptr<CustomTextBox,std::default_delete<CustomTextBox>>'
  
C:\Users\lawre\plugin-GUI\Source\Processors\Parameter\ParameterEditor.h(267,41): warning C4251: 'ToggleParameterEditor::toggleButton': 'std::unique_ptr<CustomToggleButton,std::default_delete<CustomToggleButton>>' needs to have dll-interface to be used by clients of 'ToggleParameterEditor' [C:\Users\lawre\plugin-GUI\Build\snap-gui.vcxproj]
  (compiling source file '../Source/Processors/ProcessorGraph/ProcessorGraph.cpp')
      C:\Program Files (x86)\Microsoft Visual Studio\2022\BuildTools\VC\Tools\MSVC\14.44.35207\include\memory(3347,7):
      see declaration of 'std::unique_ptr<CustomToggleButton,std::default_delete<CustomToggleButton>>'
  
C:\Users\lawre\plugin-GUI\Source\Processors\Parameter\ParameterEditor.h(296,31): warning C4251: 'ComboBoxParameterEditor::valueComboBox': 'std::unique_ptr<ObjectClass,std::default_delete<ObjectClass>>' needs to have dll-interface to be used by clients of 'ComboBoxParameterEditor' [C:\Users\lawre\plugin-GUI\Build\snap-gui.vcxproj]
C:\Users\lawre\plugin-GUI\Source\Processors\Parameter\ParameterEditor.h(296,31): warning C4251:         with [C:\Users\lawre\plugin-GUI\Build\snap-gui.vcxproj]
C:\Users\lawre\plugin-GUI\Source\Processors\Parameter\ParameterEditor.h(296,31): warning C4251:         [ [C:\Users\lawre\plugin-GUI\Build\snap-gui.vcxproj]
C:\Users\lawre\plugin-GUI\Source\Processors\Parameter\ParameterEditor.h(296,31): warning C4251:             ObjectClass=juce::ComboBox [C:\Users\lawre\plugin-GUI\Build\snap-gui.vcxproj]
C:\Users\lawre\plugin-GUI\Source\Processors\Parameter\ParameterEditor.h(296,31): warning C4251:         ] [C:\Users\lawre\plugin-GUI\Build\snap-gui.vcxproj]
  (compiling source file '../Source/Processors/ProcessorGraph/ProcessorGraph.cpp')
      C:\Program Files (x86)\Microsoft Visual Studio\2022\BuildTools\VC\Tools\MSVC\14.44.35207\include\memory(3347,7):
      see declaration of 'std::unique_ptr<ObjectClass,std::default_delete<ObjectClass>>'
          with
          [
              ObjectClass=juce::ComboBox
          ]
  
C:\Users\lawre\plugin-GUI\Source\Processors\Parameter\ParameterEditor.h(369,41): warning C4251: 'BoundedValueParameterEditor::valueEditor': 'std::unique_ptr<BoundedValueEditor,std::default_delete<BoundedValueEditor>>' needs to have dll-interface to be used by clients of 'BoundedValueParameterEditor' [C:\Users\lawre\plugin-GUI\Build\snap-gui.vcxproj]
  (compiling source file '../Source/Processors/ProcessorGraph/ProcessorGraph.cpp')
      C:\Program Files (x86)\Microsoft Visual Studio\2022\BuildTools\VC\Tools\MSVC\14.44.35207\include\memory(3347,7):
      see declaration of 'std::unique_ptr<BoundedValueEditor,std::default_delete<BoundedValueEditor>>'
  
C:\Users\lawre\plugin-GUI\Source\Processors\Parameter\ParameterEditor.h(409,33): warning C4251: 'SelectedChannelsParameterEditor::button': 'std::unique_ptr<ObjectClass,std::default_delete<ObjectClass>>' needs to have dll-interface to be used by clients of 'SelectedChannelsParameterEditor' [C:\Users\lawre\plugin-GUI\Build\snap-gui.vcxproj]
C:\Users\lawre\plugin-GUI\Source\Processors\Parameter\ParameterEditor.h(409,33): warning C4251:         with [C:\Users\lawre\plugin-GUI\Build\snap-gui.vcxproj]
C:\Users\lawre\plugin-GUI\Source\Processors\Parameter\ParameterEditor.h(409,33): warning C4251:         [ [C:\Users\lawre\plugin-GUI\Build\snap-gui.vcxproj]
C:\Users\lawre\plugin-GUI\Source\Processors\Parameter\ParameterEditor.h(409,33): warning C4251:             ObjectClass=juce::TextButton [C:\Users\lawre\plugin-GUI\Build\snap-gui.vcxproj]
C:\Users\lawre\plugin-GUI\Source\Processors\Parameter\ParameterEditor.h(409,33): warning C4251:         ] [C:\Users\lawre\plugin-GUI\Build\snap-gui.vcxproj]
  (compiling source file '../Source/Processors/ProcessorGraph/ProcessorGraph.cpp')
      C:\Program Files (x86)\Microsoft Visual Studio\2022\BuildTools\VC\Tools\MSVC\14.44.35207\include\memory(3347,7):
      see declaration of 'std::unique_ptr<ObjectClass,std::default_delete<ObjectClass>>'
          with
          [
              ObjectClass=juce::TextButton
          ]
  
C:\Users\lawre\plugin-GUI\Source\Processors\Parameter\ParameterEditor.h(381,81): warning C4275: non dll-interface class 'PopupChannelSelector::Listener' used as base for dll-interface class 'SelectedChannelsParameterEditor' [C:\Users\lawre\plugin-GUI\Build\snap-gui.vcxproj]
  (compiling source file '../Source/Processors/ProcessorGraph/ProcessorGraph.cpp')
      C:\Users\lawre\plugin-GUI\Source\Processors\Editors\PopupChannelSelector.h(124,11):
      see declaration of 'PopupChannelSelector::Listener'
      C:\Users\lawre\plugin-GUI\Source\Processors\Parameter\ParameterEditor.h(379,18):
      see declaration of 'SelectedChannelsParameterEditor'
  
C:\Users\lawre\plugin-GUI\Source\Processors\Parameter\ParameterEditor.h(432,31): warning C4251: 'SelectedStreamParameterEditor::valueComboBox': 'std::unique_ptr<ObjectClass,std::default_delete<ObjectClass>>' needs to have dll-interface to be used by clients of 'SelectedStreamParameterEditor' [C:\Users\lawre\plugin-GUI\Build\snap-gui.vcxproj]
C:\Users\lawre\plugin-GUI\Source\Processors\Parameter\ParameterEditor.h(432,31): warning C4251:         with [C:\Users\lawre\plugin-GUI\Build\snap-gui.vcxproj]
C:\Users\lawre\plugin-GUI\Source\Processors\Parameter\ParameterEditor.h(432,31): warning C4251:         [ [C:\Users\lawre\plugin-GUI\Build\snap-gui.vcxproj]
C:\Users\lawre\plugin-GUI\Source\Processors\Parameter\ParameterEditor.h(432,31): warning C4251:             ObjectClass=juce::ComboBox [C:\Users\lawre\plugin-GUI\Build\snap-gui.vcxproj]
C:\Users\lawre\plugin-GUI\Source\Processors\Parameter\ParameterEditor.h(432,31): warning C4251:         ] [C:\Users\lawre\plugin-GUI\Build\snap-gui.vcxproj]
  (compiling source file '../Source/Processors/ProcessorGraph/ProcessorGraph.cpp')
      C:\Program Files (x86)\Microsoft Visual Studio\2022\BuildTools\VC\Tools\MSVC\14.44.35207\include\memory(3347,7):
      see declaration of 'std::unique_ptr<ObjectClass,std::default_delete<ObjectClass>>'
          with
          [
              ObjectClass=juce::ComboBox
          ]
  
C:\Users\lawre\plugin-GUI\Source\Processors\Parameter\ParameterEditor.h(472,29): warning C4251: 'MaskChannelsParameterEditor::button': 'std::unique_ptr<juce::Button,std::default_delete<juce::Button>>' needs to have dll-interface to be used by clients of 'MaskChannelsParameterEditor' [C:\Users\lawre\plugin-GUI\Build\snap-gui.vcxproj]
  (compiling source file '../Source/Processors/ProcessorGraph/ProcessorGraph.cpp')
      C:\Program Files (x86)\Microsoft Visual Studio\2022\BuildTools\VC\Tools\MSVC\14.44.35207\include\memory(3347,7):
      see declaration of 'std::unique_ptr<juce::Button,std::default_delete<juce::Button>>'
  
C:\Users\lawre\plugin-GUI\Source\Processors\Parameter\ParameterEditor.h(444,77): warning C4275: non dll-interface class 'PopupChannelSelector::Listener' used as base for dll-interface class 'MaskChannelsParameterEditor' [C:\Users\lawre\plugin-GUI\Build\snap-gui.vcxproj]
  (compiling source file '../Source/Processors/ProcessorGraph/ProcessorGraph.cpp')
      C:\Users\lawre\plugin-GUI\Source\Processors\Editors\PopupChannelSelector.h(124,11):
      see declaration of 'PopupChannelSelector::Listener'
      C:\Users\lawre\plugin-GUI\Source\Processors\Parameter\ParameterEditor.h(442,18):
      see declaration of 'MaskChannelsParameterEditor'
  
C:\Users\lawre\plugin-GUI\Source\Processors\Parameter\ParameterEditor.h(557,33): warning C4251: 'TtlLineParameterEditor::textButton': 'std::unique_ptr<ObjectClass,std::default_delete<ObjectClass>>' needs to have dll-interface to be used by clients of 'TtlLineParameterEditor' [C:\Users\lawre\plugin-GUI\Build\snap-gui.vcxproj]
C:\Users\lawre\plugin-GUI\Source\Processors\Parameter\ParameterEditor.h(557,33): warning C4251:         with [C:\Users\lawre\plugin-GUI\Build\snap-gui.vcxproj]
C:\Users\lawre\plugin-GUI\Source\Processors\Parameter\ParameterEditor.h(557,33): warning C4251:         [ [C:\Users\lawre\plugin-GUI\Build\snap-gui.vcxproj]
C:\Users\lawre\plugin-GUI\Source\Processors\Parameter\ParameterEditor.h(557,33): warning C4251:             ObjectClass=juce::TextButton [C:\Users\lawre\plugin-GUI\Build\snap-gui.vcxproj]
C:\Users\lawre\plugin-GUI\Source\Processors\Parameter\ParameterEditor.h(557,33): warning C4251:         ] [C:\Users\lawre\plugin-GUI\Build\snap-gui.vcxproj]
  (compiling source file '../Source/Processors/ProcessorGraph/ProcessorGraph.cpp')
      C:\Program Files (x86)\Microsoft Visual Studio\2022\BuildTools\VC\Tools\MSVC\14.44.35207\include\memory(3347,7):
      see declaration of 'std::unique_ptr<ObjectClass,std::default_delete<ObjectClass>>'
          with
          [
              ObjectClass=juce::TextButton
          ]
  
C:\Users\lawre\plugin-GUI\Source\Processors\Parameter\ParameterEditor.h(558,40): warning C4251: 'TtlLineParameterEditor::syncControlButton': 'std::unique_ptr<SyncControlButton,std::default_delete<SyncControlButton>>' needs to have dll-interface to be used by clients of 'TtlLineParameterEditor' [C:\Users\lawre\plugin-GUI\Build\snap-gui.vcxproj]
  (compiling source file '../Source/Processors/ProcessorGraph/ProcessorGraph.cpp')
      C:\Program Files (x86)\Microsoft Visual Studio\2022\BuildTools\VC\Tools\MSVC\14.44.35207\include\memory(3347,7):
      see declaration of 'std::unique_ptr<SyncControlButton,std::default_delete<SyncControlButton>>'
  
C:\Users\lawre\plugin-GUI\Source\Processors\Parameter\ParameterEditor.h(523,68): warning C4275: non dll-interface class 'SyncLineSelector::Listener' used as base for dll-interface class 'TtlLineParameterEditor' [C:\Users\lawre\plugin-GUI\Build\snap-gui.vcxproj]
  (compiling source file '../Source/Processors/ProcessorGraph/ProcessorGraph.cpp')
      C:\Users\lawre\plugin-GUI\Source\Processors\Editors\SyncLineSelector.h(78,11):
      see declaration of 'SyncLineSelector::Listener'
      C:\Users\lawre\plugin-GUI\Source\Processors\Parameter\ParameterEditor.h(521,18):
      see declaration of 'TtlLineParameterEditor'
  
C:\Users\lawre\plugin-GUI\Source\Processors\Parameter\ParameterEditor.h(582,33): warning C4251: 'PathParameterEditor::button': 'std::unique_ptr<ObjectClass,std::default_delete<ObjectClass>>' needs to have dll-interface to be used by clients of 'PathParameterEditor' [C:\Users\lawre\plugin-GUI\Build\snap-gui.vcxproj]
C:\Users\lawre\plugin-GUI\Source\Processors\Parameter\ParameterEditor.h(582,33): warning C4251:         with [C:\Users\lawre\plugin-GUI\Build\snap-gui.vcxproj]
C:\Users\lawre\plugin-GUI\Source\Processors\Parameter\ParameterEditor.h(582,33): warning C4251:         [ [C:\Users\lawre\plugin-GUI\Build\snap-gui.vcxproj]
C:\Users\lawre\plugin-GUI\Source\Processors\Parameter\ParameterEditor.h(582,33): warning C4251:             ObjectClass=juce::TextButton [C:\Users\lawre\plugin-GUI\Build\snap-gui.vcxproj]
C:\Users\lawre\plugin-GUI\Source\Processors\Parameter\ParameterEditor.h(582,33): warning C4251:         ] [C:\Users\lawre\plugin-GUI\Build\snap-gui.vcxproj]
  (compiling source file '../Source/Processors/ProcessorGraph/ProcessorGraph.cpp')
      C:\Program Files (x86)\Microsoft Visual Studio\2022\BuildTools\VC\Tools\MSVC\14.44.35207\include\memory(3347,7):
      see declaration of 'std::unique_ptr<ObjectClass,std::default_delete<ObjectClass>>'
          with
          [
              ObjectClass=juce::TextButton
          ]
  
C:\Users\lawre\plugin-GUI\Source\Processors\Parameter\ParameterEditor.h(608,33): warning C4251: 'TimeParameterEditor::button': 'std::unique_ptr<ObjectClass,std::default_delete<ObjectClass>>' needs to have dll-interface to be used by clients of 'TimeParameterEditor' [C:\Users\lawre\plugin-GUI\Build\snap-gui.vcxproj]
C:\Users\lawre\plugin-GUI\Source\Processors\Parameter\ParameterEditor.h(608,33): warning C4251:         with [C:\Users\lawre\plugin-GUI\Build\snap-gui.vcxproj]
C:\Users\lawre\plugin-GUI\Source\Processors\Parameter\ParameterEditor.h(608,33): warning C4251:         [ [C:\Users\lawre\plugin-GUI\Build\snap-gui.vcxproj]
C:\Users\lawre\plugin-GUI\Source\Processors\Parameter\ParameterEditor.h(608,33): warning C4251:             ObjectClass=juce::TextButton [C:\Users\lawre\plugin-GUI\Build\snap-gui.vcxproj]
C:\Users\lawre\plugin-GUI\Source\Processors\Parameter\ParameterEditor.h(608,33): warning C4251:         ] [C:\Users\lawre\plugin-GUI\Build\snap-gui.vcxproj]
  (compiling source file '../Source/Processors/ProcessorGraph/ProcessorGraph.cpp')
      C:\Program Files (x86)\Microsoft Visual Studio\2022\BuildTools\VC\Tools\MSVC\14.44.35207\include\memory(3347,7):
      see declaration of 'std::unique_ptr<ObjectClass,std::default_delete<ObjectClass>>'
          with
          [
              ObjectClass=juce::TextButton
          ]
  
C:\Users\lawre\plugin-GUI\Source\Processors\Parameter\ParameterEditor.h(609,38): warning C4251: 'TimeParameterEditor::timeEditor': 'std::unique_ptr<PopupTimeEditor,std::default_delete<PopupTimeEditor>>' needs to have dll-interface to be used by clients of 'TimeParameterEditor' [C:\Users\lawre\plugin-GUI\Build\snap-gui.vcxproj]
  (compiling source file '../Source/Processors/ProcessorGraph/ProcessorGraph.cpp')
      C:\Program Files (x86)\Microsoft Visual Studio\2022\BuildTools\VC\Tools\MSVC\14.44.35207\include\memory(3347,7):
      see declaration of 'std::unique_ptr<PopupTimeEditor,std::default_delete<PopupTimeEditor>>'
  
C:\Users\lawre\plugin-GUI\Source\Processors\Parameter\ParameterOwner.h(139,30): warning C4251: 'ParameterOwner::parameterColours': 'std::map<juce::String,juce::Colour,std::less<juce::String>,std::allocator<std::pair<const juce::String,juce::Colour>>>' needs to have dll-interface to be used by clients of 'ParameterOwner' [C:\Users\lawre\plugin-GUI\Build\snap-gui.vcxproj]
  (compiling source file '../Source/Processors/ProcessorGraph/ProcessorGraph.cpp')
      C:\Program Files (x86)\Microsoft Visual Studio\2022\BuildTools\VC\Tools\MSVC\14.44.35207\include\map(72,7):
      see declaration of 'std::map<juce::String,juce::Colour,std::less<juce::String>,std::allocator<std::pair<const juce::String,juce::Colour>>>'
  
C:\Users\lawre\plugin-GUI\Source\Processors\Settings\Metadata.h(233,21): warning C4251: 'MetadataValue::m_data': 'juce::HeapBlock<char,false>' needs to have dll-interface to be used by clients of 'MetadataValue' [C:\Users\lawre\plugin-GUI\Build\snap-gui.vcxproj]
  (compiling source file '../Source/Processors/ProcessorGraph/ProcessorGraph.cpp')
      C:\Users\lawre\plugin-GUI\JuceLibraryCode\modules\juce_core\memory\juce_HeapBlock.h(98,7):
      see declaration of 'juce::HeapBlock<char,false>'
  
C:\Users\lawre\plugin-GUI\Source\Processors\Settings\Metadata.h(284,29): warning C4251: 'MetadataObject::m_metadataDescriptorArray': 'juce::ReferenceCountedArray<MetadataDescriptor,juce::CriticalSection>' needs to have dll-interface to be used by clients of 'MetadataObject' [C:\Users\lawre\plugin-GUI\Build\snap-gui.vcxproj]
  (compiling source file '../Source/Processors/ProcessorGraph/ProcessorGraph.cpp')
      C:\Users\lawre\plugin-GUI\JuceLibraryCode\modules\juce_core\containers\juce_ReferenceCountedArray.h(62,7):
      see declaration of 'juce::ReferenceCountedArray<MetadataDescriptor,juce::CriticalSection>'
  
C:\Users\lawre\plugin-GUI\Source\Processors\Settings\Metadata.h(285,24): warning C4251: 'MetadataObject::m_metadataValueArray': 'juce::ReferenceCountedArray<MetadataValue,juce::CriticalSection>' needs to have dll-interface to be used by clients of 'MetadataObject' [C:\Users\lawre\plugin-GUI\Build\snap-gui.vcxproj]
  (compiling source file '../Source/Processors/ProcessorGraph/ProcessorGraph.cpp')
      C:\Users\lawre\plugin-GUI\JuceLibraryCode\modules\juce_core\containers\juce_ReferenceCountedArray.h(62,7):
      see declaration of 'juce::ReferenceCountedArray<MetadataValue,juce::CriticalSection>'
  
C:\Users\lawre\plugin-GUI\Source\Processors\Settings\Metadata.h(343,29): warning C4251: 'MetadataEventObject::m_eventMetadataDescriptorArray': 'juce::ReferenceCountedArray<MetadataDescriptor,juce::CriticalSection>' needs to have dll-interface to be used by clients of 'MetadataEventObject' [C:\Users\lawre\plugin-GUI\Build\snap-gui.vcxproj]
  (compiling source file '../Source/Processors/ProcessorGraph/ProcessorGraph.cpp')
      C:\Users\lawre\plugin-GUI\JuceLibraryCode\modules\juce_core\containers\juce_ReferenceCountedArray.h(62,7):
      see declaration of 'juce::ReferenceCountedArray<MetadataDescriptor,juce::CriticalSection>'
  
C:\Users\lawre\plugin-GUI\Source\Processors\Settings\Metadata.h(377,24): warning C4251: 'MetadataEvent::m_metaDataValues': 'juce::ReferenceCountedArray<MetadataValue,juce::CriticalSection>' needs to have dll-interface to be used by clients of 'MetadataEvent' [C:\Users\lawre\plugin-GUI\Build\snap-gui.vcxproj]
  (compiling source file '../Source/Processors/ProcessorGraph/ProcessorGraph.cpp')
      C:\Users\lawre\plugin-GUI\JuceLibraryCode\modules\juce_core\containers\juce_ReferenceCountedArray.h(62,7):
      see declaration of 'juce::ReferenceCountedArray<MetadataValue,juce::CriticalSection>'
  
C:\Users\lawre\plugin-GUI\Source\Processors\Settings\InfoObject.h(222,30): warning C4251: 'InfoObject::processorChain': 'juce::Array<GenericProcessor *,juce::DummyCriticalSection,0>' needs to have dll-interface to be used by clients of 'InfoObject' [C:\Users\lawre\plugin-GUI\Build\snap-gui.vcxproj]
  (compiling source file '../Source/Processors/ProcessorGraph/ProcessorGraph.cpp')
      C:\Users\lawre\plugin-GUI\JuceLibraryCode\modules\juce_core\containers\juce_Array.h(67,7):
      see declaration of 'juce::Array<GenericProcessor *,juce::DummyCriticalSection,0>'
  
C:\Users\lawre\plugin-GUI\Source\Processors\Settings\DataStream.h(139,31): warning C4251: 'DataStream::continuousChannels': 'juce::Array<ContinuousChannel *,juce::DummyCriticalSection,0>' needs to have dll-interface to be used by clients of 'DataStream' [C:\Users\lawre\plugin-GUI\Build\snap-gui.vcxproj]
  (compiling source file '../Source/Processors/ProcessorGraph/ProcessorGraph.cpp')
      C:\Users\lawre\plugin-GUI\JuceLibraryCode\modules\juce_core\containers\juce_Array.h(67,7):
      see declaration of 'juce::Array<ContinuousChannel *,juce::DummyCriticalSection,0>'
  
C:\Users\lawre\plugin-GUI\Source\Processors\Settings\DataStream.h(140,26): warning C4251: 'DataStream::eventChannels': 'juce::Array<EventChannel *,juce::DummyCriticalSection,0>' needs to have dll-interface to be used by clients of 'DataStream' [C:\Users\lawre\plugin-GUI\Build\snap-gui.vcxproj]
  (compiling source file '../Source/Processors/ProcessorGraph/ProcessorGraph.cpp')
      C:\Users\lawre\plugin-GUI\JuceLibraryCode\modules\juce_core\containers\juce_Array.h(67,7):
      see declaration of 'juce::Array<EventChannel *,juce::DummyCriticalSection,0>'
  
C:\Users\lawre\plugin-GUI\Source\Processors\Settings\DataStream.h(141,26): warning C4251: 'DataStream::spikeChannels': 'juce::Array<SpikeChannel *,juce::DummyCriticalSection,0>' needs to have dll-interface to be used by clients of 'DataStream' [C:\Users\lawre\plugin-GUI\Build\snap-gui.vcxproj]
  (compiling source file '../Source/Processors/ProcessorGraph/ProcessorGraph.cpp')
      C:\Users\lawre\plugin-GUI\JuceLibraryCode\modules\juce_core\containers\juce_Array.h(67,7):
      see declaration of 'juce::Array<SpikeChannel *,juce::DummyCriticalSection,0>'
  
C:\Users\lawre\plugin-GUI\Source\Processors\Settings\EventChannel.h(163,19): warning C4251: 'EventChannel::lineLabels': 'juce::Array<juce::String,juce::DummyCriticalSection,0>' needs to have dll-interface to be used by clients of 'EventChannel' [C:\Users\lawre\plugin-GUI\Build\snap-gui.vcxproj]
  (compiling source file '../Source/Processors/ProcessorGraph/ProcessorGraph.cpp')
      C:\Users\lawre\plugin-GUI\JuceLibraryCode\modules\juce_core\containers\juce_Array.h(67,7):
      see declaration of 'juce::Array<juce::String,juce::DummyCriticalSection,0>'
  
C:\Users\lawre\plugin-GUI\Source\Processors\Settings\SpikeChannel.h(140,34): warning C4251: 'SpikeChannel::thresholder': 'std::unique_ptr<Thresholder,std::default_delete<Thresholder>>' needs to have dll-interface to be used by clients of 'SpikeChannel' [C:\Users\lawre\plugin-GUI\Build\snap-gui.vcxproj]
  (compiling source file '../Source/Processors/ProcessorGraph/ProcessorGraph.cpp')
      C:\Program Files (x86)\Microsoft Visual Studio\2022\BuildTools\VC\Tools\MSVC\14.44.35207\include\memory(3347,7):
      see declaration of 'std::unique_ptr<Thresholder,std::default_delete<Thresholder>>'
  
C:\Users\lawre\plugin-GUI\Source\Processors\Settings\SpikeChannel.h(146,16): warning C4251: 'SpikeChannel::globalChannelIndexes': 'juce::Array<int,juce::DummyCriticalSection,0>' needs to have dll-interface to be used by clients of 'SpikeChannel' [C:\Users\lawre\plugin-GUI\Build\snap-gui.vcxproj]
  (compiling source file '../Source/Processors/ProcessorGraph/ProcessorGraph.cpp')
      C:\Users\lawre\plugin-GUI\JuceLibraryCode\modules\juce_core\containers\juce_Array.h(67,7):
      see declaration of 'juce::Array<int,juce::DummyCriticalSection,0>'
  
C:\Users\lawre\plugin-GUI\Source\Processors\Settings\SpikeChannel.h(149,16): warning C4251: 'SpikeChannel::localChannelIndexes': 'juce::Array<int,juce::DummyCriticalSection,0>' needs to have dll-interface to be used by clients of 'SpikeChannel' [C:\Users\lawre\plugin-GUI\Build\snap-gui.vcxproj]
  (compiling source file '../Source/Processors/ProcessorGraph/ProcessorGraph.cpp')
      C:\Users\lawre\plugin-GUI\JuceLibraryCode\modules\juce_core\containers\juce_Array.h(67,7):
      see declaration of 'juce::Array<int,juce::DummyCriticalSection,0>'
  
C:\Users\lawre\plugin-GUI\Source\Processors\Settings\SpikeChannel.h(183,37): warning C4251: 'SpikeChannel::sourceChannels': 'juce::Array<const ContinuousChannel *,juce::DummyCriticalSection,0>' needs to have dll-interface to be used by clients of 'SpikeChannel' [C:\Users\lawre\plugin-GUI\Build\snap-gui.vcxproj]
  (compiling source file '../Source/Processors/ProcessorGraph/ProcessorGraph.cpp')
      C:\Users\lawre\plugin-GUI\JuceLibraryCode\modules\juce_core\containers\juce_Array.h(67,7):
      see declaration of 'juce::Array<const ContinuousChannel *,juce::DummyCriticalSection,0>'
  
C:\Users\lawre\plugin-GUI\Source\Processors\Settings\SpikeChannel.h(184,17): warning C4251: 'SpikeChannel::channelIsEnabled': 'juce::Array<bool,juce::DummyCriticalSection,0>' needs to have dll-interface to be used by clients of 'SpikeChannel' [C:\Users\lawre\plugin-GUI\Build\snap-gui.vcxproj]
  (compiling source file '../Source/Processors/ProcessorGraph/ProcessorGraph.cpp')
      C:\Users\lawre\plugin-GUI\JuceLibraryCode\modules\juce_core\containers\juce_Array.h(67,7):
      see declaration of 'juce::Array<bool,juce::DummyCriticalSection,0>'
  
C:\Users\lawre\plugin-GUI\Source\Processors\Events\Event.h(336,21): warning C4251: 'Event::m_data': 'juce::HeapBlock<char,false>' needs to have dll-interface to be used by clients of 'Event' [C:\Users\lawre\plugin-GUI\Build\snap-gui.vcxproj]
  (compiling source file '../Source/Processors/ProcessorGraph/ProcessorGraph.cpp')
      C:\Users\lawre\plugin-GUI\JuceLibraryCode\modules\juce_core\memory\juce_HeapBlock.h(98,7):
      see declaration of 'juce::HeapBlock<char,false>'
  
C:\Users\lawre\plugin-GUI\Source\Processors\Events\Spike.h(113,26): warning C4251: 'Spike::Buffer::m_data': 'juce::HeapBlock<float,false>' needs to have dll-interface to be used by clients of 'Spike::Buffer' [C:\Users\lawre\plugin-GUI\Build\snap-gui.vcxproj]
  (compiling source file '../Source/Processors/ProcessorGraph/ProcessorGraph.cpp')
      C:\Users\lawre\plugin-GUI\JuceLibraryCode\modules\juce_core\memory\juce_HeapBlock.h(98,7):
      see declaration of 'juce::HeapBlock<float,false>'
  
C:\Users\lawre\plugin-GUI\Source\Processors\Events\Spike.h(202,24): warning C4251: 'Spike::m_thresholds': 'juce::Array<float,juce::DummyCriticalSection,0>' needs to have dll-interface to be used by clients of 'Spike' [C:\Users\lawre\plugin-GUI\Build\snap-gui.vcxproj]
  (compiling source file '../Source/Processors/ProcessorGraph/ProcessorGraph.cpp')
      C:\Users\lawre\plugin-GUI\JuceLibraryCode\modules\juce_core\containers\juce_Array.h(67,7):
      see declaration of 'juce::Array<float,juce::DummyCriticalSection,0>'
  
C:\Users\lawre\plugin-GUI\Source\Processors\Events\Spike.h(207,22): warning C4251: 'Spike::m_data': 'juce::HeapBlock<float,false>' needs to have dll-interface to be used by clients of 'Spike' [C:\Users\lawre\plugin-GUI\Build\snap-gui.vcxproj]
  (compiling source file '../Source/Processors/ProcessorGraph/ProcessorGraph.cpp')
      C:\Users\lawre\plugin-GUI\JuceLibraryCode\modules\juce_core\memory\juce_HeapBlock.h(98,7):
      see declaration of 'juce::HeapBlock<float,false>'
  
C:\Users\lawre\plugin-GUI\Source\Processors\Actions\ProcessorAction.h(53,17): warning C4251: 'ProcessorAction::name': 'std::basic_string<char,std::char_traits<char>,std::allocator<char>>' needs to have dll-interface to be used by clients of 'ProcessorAction' [C:\Users\lawre\plugin-GUI\Build\snap-gui.vcxproj]
  (compiling source file '../Source/Processors/ProcessorGraph/ProcessorGraph.cpp')
      C:\Program Files (x86)\Microsoft Visual Studio\2022\BuildTools\VC\Tools\MSVC\14.44.35207\include\xstring(541,7):
      see declaration of 'std::basic_string<char,std::char_traits<char>,std::allocator<char>>'
  
C:\Users\lawre\plugin-GUI\Source\Processors\GenericProcessor\GenericProcessor.h(581,36): warning C4251: 'GenericProcessor::editor': 'std::unique_ptr<GenericEditor,std::default_delete<GenericEditor>>' needs to have dll-interface to be used by clients of 'GenericProcessor' [C:\Users\lawre\plugin-GUI\Build\snap-gui.vcxproj]
  (compiling source file '../Source/Processors/ProcessorGraph/ProcessorGraph.cpp')
      C:\Program Files (x86)\Microsoft Visual Studio\2022\BuildTools\VC\Tools\MSVC\14.44.35207\include\memory(3347,7):
      see declaration of 'std::unique_ptr<GenericEditor,std::default_delete<GenericEditor>>'
  
C:\Users\lawre\plugin-GUI\Source\Processors\GenericProcessor\GenericProcessor.h(628,57): warning C4251: 'GenericProcessor::undoableActions': 'std::map<int,std::vector<ProcessorAction *,std::allocator<ProcessorAction *>>,std::less<int>,std::allocator<std::pair<const int,std::vector<ProcessorAction *,std::allocator<ProcessorAction *>>>>>' needs to have dll-interface to be used by clients of 'GenericProcessor' [C:\Users\lawre\plugin-GUI\Build\snap-gui.vcxproj]
  (compiling source file '../Source/Processors/ProcessorGraph/ProcessorGraph.cpp')
      C:\Program Files (x86)\Microsoft Visual Studio\2022\BuildTools\VC\Tools\MSVC\14.44.35207\include\map(72,7):
      see declaration of 'std::map<int,std::vector<ProcessorAction *,std::allocator<ProcessorAction *>>,std::less<int>,std::allocator<std::pair<const int,std::vector<ProcessorAction *,std::allocator<ProcessorAction *>>>>>'
  
C:\Users\lawre\plugin-GUI\Source\Processors\GenericProcessor\GenericProcessor.h(727,35): warning C4251: 'GenericProcessor::continuousChannels': 'juce::OwnedArray<ContinuousChannel,juce::DummyCriticalSection>' needs to have dll-interface to be used by clients of 'GenericProcessor' [C:\Users\lawre\plugin-GUI\Build\snap-gui.vcxproj]
  (compiling source file '../Source/Processors/ProcessorGraph/ProcessorGraph.cpp')
      C:\Users\lawre\plugin-GUI\JuceLibraryCode\modules\juce_core\containers\juce_OwnedArray.h(61,7):
      see declaration of 'juce::OwnedArray<ContinuousChannel,juce::DummyCriticalSection>'
  
C:\Users\lawre\plugin-GUI\Source\Processors\GenericProcessor\GenericProcessor.h(730,30): warning C4251: 'GenericProcessor::eventChannels': 'juce::OwnedArray<EventChannel,juce::DummyCriticalSection>' needs to have dll-interface to be used by clients of 'GenericProcessor' [C:\Users\lawre\plugin-GUI\Build\snap-gui.vcxproj]
  (compiling source file '../Source/Processors/ProcessorGraph/ProcessorGraph.cpp')
      C:\Users\lawre\plugin-GUI\JuceLibraryCode\modules\juce_core\containers\juce_OwnedArray.h(61,7):
      see declaration of 'juce::OwnedArray<EventChannel,juce::DummyCriticalSection>'
  
C:\Users\lawre\plugin-GUI\Source\Processors\GenericProcessor\GenericProcessor.h(733,30): warning C4251: 'GenericProcessor::spikeChannels': 'juce::OwnedArray<SpikeChannel,juce::DummyCriticalSection>' needs to have dll-interface to be used by clients of 'GenericProcessor' [C:\Users\lawre\plugin-GUI\Build\snap-gui.vcxproj]
  (compiling source file '../Source/Processors/ProcessorGraph/ProcessorGraph.cpp')
      C:\Users\lawre\plugin-GUI\JuceLibraryCode\modules\juce_core\containers\juce_OwnedArray.h(61,7):
      see declaration of 'juce::OwnedArray<SpikeChannel,juce::DummyCriticalSection>'
  
C:\Users\lawre\plugin-GUI\Source\Processors\GenericProcessor\GenericProcessor.h(736,37): warning C4251: 'GenericProcessor::configurationObjects': 'juce::OwnedArray<ConfigurationObject,juce::DummyCriticalSection>' needs to have dll-interface to be used by clients of 'GenericProcessor' [C:\Users\lawre\plugin-GUI\Build\snap-gui.vcxproj]
  (compiling source file '../Source/Processors/ProcessorGraph/ProcessorGraph.cpp')
      C:\Users\lawre\plugin-GUI\JuceLibraryCode\modules\juce_core\containers\juce_OwnedArray.h(61,7):
      see declaration of 'juce::OwnedArray<ConfigurationObject,juce::DummyCriticalSection>'
  
C:\Users\lawre\plugin-GUI\Source\Processors\GenericProcessor\GenericProcessor.h(739,28): warning C4251: 'GenericProcessor::dataStreams': 'juce::OwnedArray<DataStream,juce::DummyCriticalSection>' needs to have dll-interface to be used by clients of 'GenericProcessor' [C:\Users\lawre\plugin-GUI\Build\snap-gui.vcxproj]
  (compiling source file '../Source/Processors/ProcessorGraph/ProcessorGraph.cpp')
      C:\Users\lawre\plugin-GUI\JuceLibraryCode\modules\juce_core\containers\juce_OwnedArray.h(61,7):
      see declaration of 'juce::OwnedArray<DataStream,juce::DummyCriticalSection>'
  
C:\Users\lawre\plugin-GUI\Source\Processors\GenericProcessor\GenericProcessor.h(757,28): warning C4251: 'GenericProcessor::devices': 'juce::OwnedArray<DeviceInfo,juce::DummyCriticalSection>' needs to have dll-interface to be used by clients of 'GenericProcessor' [C:\Users\lawre\plugin-GUI\Build\snap-gui.vcxproj]
  (compiling source file '../Source/Processors/ProcessorGraph/ProcessorGraph.cpp')
      C:\Users\lawre\plugin-GUI\JuceLibraryCode\modules\juce_core\containers\juce_OwnedArray.h(61,7):
      see declaration of 'juce::OwnedArray<DeviceInfo,juce::DummyCriticalSection>'
  
C:\Users\lawre\plugin-GUI\Source\Processors\GenericProcessor\GenericProcessor.h(763,27): warning C4251: 'GenericProcessor::dataStreamParameters': 'juce::OwnedArray<Parameter,juce::DummyCriticalSection>' needs to have dll-interface to be used by clients of 'GenericProcessor' [C:\Users\lawre\plugin-GUI\Build\snap-gui.vcxproj]
  (compiling source file '../Source/Processors/ProcessorGraph/ProcessorGraph.cpp')
      C:\Users\lawre\plugin-GUI\JuceLibraryCode\modules\juce_core\containers\juce_OwnedArray.h(61,7):
      see declaration of 'juce::OwnedArray<Parameter,juce::DummyCriticalSection>'
  
C:\Users\lawre\plugin-GUI\Source\Processors\GenericProcessor\GenericProcessor.h(766,37): warning C4251: 'GenericProcessor::savedDataStreamParameters': 'juce::OwnedArray<ParameterCollection,juce::DummyCriticalSection>' needs to have dll-interface to be used by clients of 'GenericProcessor' [C:\Users\lawre\plugin-GUI\Build\snap-gui.vcxproj]
  (compiling source file '../Source/Processors/ProcessorGraph/ProcessorGraph.cpp')
      C:\Users\lawre\plugin-GUI\JuceLibraryCode\modules\juce_core\containers\juce_OwnedArray.h(61,7):
      see declaration of 'juce::OwnedArray<ParameterCollection,juce::DummyCriticalSection>'
  
C:\Users\lawre\plugin-GUI\Source\Processors\GenericProcessor\GenericProcessor.h(769,35): warning C4251: 'GenericProcessor::messageChannel': 'std::unique_ptr<ObjectClass,std::default_delete<ObjectClass>>' needs to have dll-interface to be used by clients of 'GenericProcessor' [C:\Users\lawre\plugin-GUI\Build\snap-gui.vcxproj]
C:\Users\lawre\plugin-GUI\Source\Processors\GenericProcessor\GenericProcessor.h(769,35): warning C4251:         with [C:\Users\lawre\plugin-GUI\Build\snap-gui.vcxproj]
C:\Users\lawre\plugin-GUI\Source\Processors\GenericProcessor\GenericProcessor.h(769,35): warning C4251:         [ [C:\Users\lawre\plugin-GUI\Build\snap-gui.vcxproj]
C:\Users\lawre\plugin-GUI\Source\Processors\GenericProcessor\GenericProcessor.h(769,35): warning C4251:             ObjectClass=EventChannel [C:\Users\lawre\plugin-GUI\Build\snap-gui.vcxproj]
C:\Users\lawre\plugin-GUI\Source\Processors\GenericProcessor\GenericProcessor.h(769,35): warning C4251:         ] [C:\Users\lawre\plugin-GUI\Build\snap-gui.vcxproj]
  (compiling source file '../Source/Processors/ProcessorGraph/ProcessorGraph.cpp')
      C:\Program Files (x86)\Microsoft Visual Studio\2022\BuildTools\VC\Tools\MSVC\14.44.35207\include\memory(3347,7):
      see declaration of 'std::unique_ptr<ObjectClass,std::default_delete<ObjectClass>>'
          with
          [
              ObjectClass=EventChannel
          ]
  
C:\Users\lawre\plugin-GUI\Source\Processors\GenericProcessor\GenericProcessor.h(785,30): warning C4251: 'GenericProcessor::numSamplesInBlock': 'std::map<juce::uint16,juce::uint32,std::less<juce::uint16>,std::allocator<std::pair<const juce::uint16,juce::uint32>>>' needs to have dll-interface to be used by clients of 'GenericProcessor' [C:\Users\lawre\plugin-GUI\Build\snap-gui.vcxproj]
  (compiling source file '../Source/Processors/ProcessorGraph/ProcessorGraph.cpp')
      C:\Program Files (x86)\Microsoft Visual Studio\2022\BuildTools\VC\Tools\MSVC\14.44.35207\include\map(72,7):
      see declaration of 'std::map<juce::uint16,juce::uint32,std::less<juce::uint16>,std::allocator<std::pair<const juce::uint16,juce::uint32>>>'
  
C:\Users\lawre\plugin-GUI\Source\Processors\GenericProcessor\GenericProcessor.h(788,30): warning C4251: 'GenericProcessor::startTimestampsForBlock': 'std::map<juce::uint16,double,std::less<juce::uint16>,std::allocator<std::pair<const juce::uint16,double>>>' needs to have dll-interface to be used by clients of 'GenericProcessor' [C:\Users\lawre\plugin-GUI\Build\snap-gui.vcxproj]
  (compiling source file '../Source/Processors/ProcessorGraph/ProcessorGraph.cpp')
      C:\Program Files (x86)\Microsoft Visual Studio\2022\BuildTools\VC\Tools\MSVC\14.44.35207\include\map(72,7):
      see declaration of 'std::map<juce::uint16,double,std::less<juce::uint16>,std::allocator<std::pair<const juce::uint16,double>>>'
  
C:\Users\lawre\plugin-GUI\Source\Processors\GenericProcessor\GenericProcessor.h(791,29): warning C4251: 'GenericProcessor::startSamplesForBlock': 'std::map<juce::uint16,juce::int64,std::less<juce::uint16>,std::allocator<std::pair<const juce::uint16,juce::int64>>>' needs to have dll-interface to be used by clients of 'GenericProcessor' [C:\Users\lawre\plugin-GUI\Build\snap-gui.vcxproj]
  (compiling source file '../Source/Processors/ProcessorGraph/ProcessorGraph.cpp')
      C:\Program Files (x86)\Microsoft Visual Studio\2022\BuildTools\VC\Tools\MSVC\14.44.35207\include\map(72,7):
      see declaration of 'std::map<juce::uint16,juce::int64,std::less<juce::uint16>,std::allocator<std::pair<const juce::uint16,juce::int64>>>'
  
C:\Users\lawre\plugin-GUI\Source\Processors\GenericProcessor\GenericProcessor.h(794,30): warning C4251: 'GenericProcessor::syncStreamIds': 'std::map<juce::uint16,juce::uint16,std::less<juce::uint16>,std::allocator<std::pair<const juce::uint16,juce::uint16>>>' needs to have dll-interface to be used by clients of 'GenericProcessor' [C:\Users\lawre\plugin-GUI\Build\snap-gui.vcxproj]
  (compiling source file '../Source/Processors/ProcessorGraph/ProcessorGraph.cpp')
      C:\Program Files (x86)\Microsoft Visual Studio\2022\BuildTools\VC\Tools\MSVC\14.44.35207\include\map(72,7):
      see declaration of 'std::map<juce::uint16,juce::uint16,std::less<juce::uint16>,std::allocator<std::pair<const juce::uint16,juce::uint16>>>'
  
C:\Users\lawre\plugin-GUI\Source\Processors\GenericProcessor\GenericProcessor.h(797,29): warning C4251: 'GenericProcessor::processStartTimes': 'std::map<juce::uint16,juce::int64,std::less<juce::uint16>,std::allocator<std::pair<const juce::uint16,juce::int64>>>' needs to have dll-interface to be used by clients of 'GenericProcessor' [C:\Users\lawre\plugin-GUI\Build\snap-gui.vcxproj]
  (compiling source file '../Source/Processors/ProcessorGraph/ProcessorGraph.cpp')
      C:\Program Files (x86)\Microsoft Visual Studio\2022\BuildTools\VC\Tools\MSVC\14.44.35207\include\map(72,7):
      see declaration of 'std::map<juce::uint16,juce::int64,std::less<juce::uint16>,std::allocator<std::pair<const juce::uint16,juce::int64>>>'
  
C:\Users\lawre\plugin-GUI\Source\Processors\GenericProcessor\GenericProcessor.h(826,25): warning C4251: 'GenericProcessor::m_needsToSendTimestampMessages': 'std::map<int,bool,std::less<int>,std::allocator<std::pair<const int,bool>>>' needs to have dll-interface to be used by clients of 'GenericProcessor' [C:\Users\lawre\plugin-GUI\Build\snap-gui.vcxproj]
  (compiling source file '../Source/Processors/ProcessorGraph/ProcessorGraph.cpp')
      C:\Program Files (x86)\Microsoft Visual Studio\2022\BuildTools\VC\Tools\MSVC\14.44.35207\include\map(72,7):
      see declaration of 'std::map<int,bool,std::less<int>,std::allocator<std::pair<const int,bool>>>'
  
C:\Users\lawre\plugin-GUI\Source\Processors\GenericProcessor\GenericProcessor.h(851,31): warning C4251: 'GenericProcessor::continuousChannelMap': 'std::unordered_map<juce::uint16,std::unordered_map<juce::uint16,std::unordered_map<juce::uint16,ContinuousChannel *,std::hash<juce::uint16>,std::equal_to<juce::uint16>,std::allocator<std::pair<const juce::uint16,ContinuousChannel *>>>,std::hash<juce::uint16>,std::equal_to<juce::uint16>,std::allocator<std::pair<const juce::uint16,std::unordered_map<juce::uint16,ContinuousChannel *,std::hash<juce::uint16>,std::equal_to<juce::uint16>,std::allocator<std::pair<const juce::uint16,ContinuousChannel *>>>>>>,std::hash<juce::uint16>,std::equal_to<juce::uint16>,std::allocator<std::pair<const juce::uint16,std::unordered_map<juce::uint16,std::unordered_map<juce::uint16,ContinuousChannel *,std::hash<juce::uint16>,std::equal_to<juce::uint16>,std::allocator<std::pair<const juce::uint16,ContinuousChannel *>>>,std::hash<juce::uint16>,std::equal_to<juce::uint16>,std::allocator<std::pair<const juce::uint16,std::unordered_map<juce::uint16,ContinuousChannel *,std::hash<juce::uint16>,std::equal_to<juce::uint16>,std::allocator<std::pair<const juce::uint16,ContinuousChannel *>>>>>>>>>' needs to have dll-interface to be used by clients of 'GenericProcessor' [C:\Users\lawre\plugin-GUI\Build\snap-gui.vcxproj]
  (compiling source file '../Source/Processors/ProcessorGraph/ProcessorGraph.cpp')
      C:\Program Files (x86)\Microsoft Visual Studio\2022\BuildTools\VC\Tools\MSVC\14.44.35207\include\unordered_map(61,7):
      see declaration of 'std::unordered_map<juce::uint16,std::unordered_map<juce::uint16,std::unordered_map<juce::uint16,ContinuousChannel *,std::hash<juce::uint16>,std::equal_to<juce::uint16>,std::allocator<std::pair<const juce::uint16,ContinuousChannel *>>>,std::hash<juce::uint16>,std::equal_to<juce::uint16>,std::allocator<std::pair<const juce::uint16,std::unordered_map<juce::uint16,ContinuousChannel *,std::hash<juce::uint16>,std::equal_to<juce::uint16>,std::allocator<std::pair<const juce::uint16,ContinuousChannel *>>>>>>,std::hash<juce::uint16>,std::equal_to<juce::uint16>,std::allocator<std::pair<const juce::uint16,std::unordered_map<juce::uint16,std::unordered_map<juce::uint16,ContinuousChannel *,std::hash<juce::uint16>,std::equal_to<juce::uint16>,std::allocator<std::pair<const juce::uint16,ContinuousChannel *>>>,std::hash<juce::uint16>,std::equal_to<juce::uint16>,std::allocator<std::pair<const juce::uint16,std::unordered_map<juce::uint16,ContinuousChannel *,std::hash<juce::uint16>,std::equal_to<juce::uint16>,std::allocator<std::pair<const juce::uint16,ContinuousChannel *>>>>>>>>>'
  
C:\Users\lawre\plugin-GUI\Source\Processors\GenericProcessor\GenericProcessor.h(852,26): warning C4251: 'GenericProcessor::eventChannelMap': 'std::unordered_map<juce::uint16,std::unordered_map<juce::uint16,std::unordered_map<juce::uint16,EventChannel *,std::hash<juce::uint16>,std::equal_to<juce::uint16>,std::allocator<std::pair<const juce::uint16,EventChannel *>>>,std::hash<juce::uint16>,std::equal_to<juce::uint16>,std::allocator<std::pair<const juce::uint16,std::unordered_map<juce::uint16,EventChannel *,std::hash<juce::uint16>,std::equal_to<juce::uint16>,std::allocator<std::pair<const juce::uint16,EventChannel *>>>>>>,std::hash<juce::uint16>,std::equal_to<juce::uint16>,std::allocator<std::pair<const juce::uint16,std::unordered_map<juce::uint16,std::unordered_map<juce::uint16,EventChannel *,std::hash<juce::uint16>,std::equal_to<juce::uint16>,std::allocator<std::pair<const juce::uint16,EventChannel *>>>,std::hash<juce::uint16>,std::equal_to<juce::uint16>,std::allocator<std::pair<const juce::uint16,std::unordered_map<juce::uint16,EventChannel *,std::hash<juce::uint16>,std::equal_to<juce::uint16>,std::allocator<std::pair<const juce::uint16,EventChannel *>>>>>>>>>' needs to have dll-interface to be used by clients of 'GenericProcessor' [C:\Users\lawre\plugin-GUI\Build\snap-gui.vcxproj]
  (compiling source file '../Source/Processors/ProcessorGraph/ProcessorGraph.cpp')
      C:\Program Files (x86)\Microsoft Visual Studio\2022\BuildTools\VC\Tools\MSVC\14.44.35207\include\unordered_map(61,7):
      see declaration of 'std::unordered_map<juce::uint16,std::unordered_map<juce::uint16,std::unordered_map<juce::uint16,EventChannel *,std::hash<juce::uint16>,std::equal_to<juce::uint16>,std::allocator<std::pair<const juce::uint16,EventChannel *>>>,std::hash<juce::uint16>,std::equal_to<juce::uint16>,std::allocator<std::pair<const juce::uint16,std::unordered_map<juce::uint16,EventChannel *,std::hash<juce::uint16>,std::equal_to<juce::uint16>,std::allocator<std::pair<const juce::uint16,EventChannel *>>>>>>,std::hash<juce::uint16>,std::equal_to<juce::uint16>,std::allocator<std::pair<const juce::uint16,std::unordered_map<juce::uint16,std::unordered_map<juce::uint16,EventChannel *,std::hash<juce::uint16>,std::equal_to<juce::uint16>,std::allocator<std::pair<const juce::uint16,EventChannel *>>>,std::hash<juce::uint16>,std::equal_to<juce::uint16>,std::allocator<std::pair<const juce::uint16,std::unordered_map<juce::uint16,EventChannel *,std::hash<juce::uint16>,std::equal_to<juce::uint16>,std::allocator<std::pair<const juce::uint16,EventChannel *>>>>>>>>>'
  
C:\Users\lawre\plugin-GUI\Source\Processors\GenericProcessor\GenericProcessor.h(853,26): warning C4251: 'GenericProcessor::spikeChannelMap': 'std::unordered_map<juce::uint16,std::unordered_map<juce::uint16,std::unordered_map<juce::uint16,SpikeChannel *,std::hash<juce::uint16>,std::equal_to<juce::uint16>,std::allocator<std::pair<const juce::uint16,SpikeChannel *>>>,std::hash<juce::uint16>,std::equal_to<juce::uint16>,std::allocator<std::pair<const juce::uint16,std::unordered_map<juce::uint16,SpikeChannel *,std::hash<juce::uint16>,std::equal_to<juce::uint16>,std::allocator<std::pair<const juce::uint16,SpikeChannel *>>>>>>,std::hash<juce::uint16>,std::equal_to<juce::uint16>,std::allocator<std::pair<const juce::uint16,std::unordered_map<juce::uint16,std::unordered_map<juce::uint16,SpikeChannel *,std::hash<juce::uint16>,std::equal_to<juce::uint16>,std::allocator<std::pair<const juce::uint16,SpikeChannel *>>>,std::hash<juce::uint16>,std::equal_to<juce::uint16>,std::allocator<std::pair<const juce::uint16,std::unordered_map<juce::uint16,SpikeChannel *,std::hash<juce::uint16>,std::equal_to<juce::uint16>,std::allocator<std::pair<const juce::uint16,SpikeChannel *>>>>>>>>>' needs to have dll-interface to be used by clients of 'GenericProcessor' [C:\Users\lawre\plugin-GUI\Build\snap-gui.vcxproj]
  (compiling source file '../Source/Processors/ProcessorGraph/ProcessorGraph.cpp')
      C:\Program Files (x86)\Microsoft Visual Studio\2022\BuildTools\VC\Tools\MSVC\14.44.35207\include\unordered_map(61,7):
      see declaration of 'std::unordered_map<juce::uint16,std::unordered_map<juce::uint16,std::unordered_map<juce::uint16,SpikeChannel *,std::hash<juce::uint16>,std::equal_to<juce::uint16>,std::allocator<std::pair<const juce::uint16,SpikeChannel *>>>,std::hash<juce::uint16>,std::equal_to<juce::uint16>,std::allocator<std::pair<const juce::uint16,std::unordered_map<juce::uint16,SpikeChannel *,std::hash<juce::uint16>,std::equal_to<juce::uint16>,std::allocator<std::pair<const juce::uint16,SpikeChannel *>>>>>>,std::hash<juce::uint16>,std::equal_to<juce::uint16>,std::allocator<std::pair<const juce::uint16,std::unordered_map<juce::uint16,std::unordered_map<juce::uint16,SpikeChannel *,std::hash<juce::uint16>,std::equal_to<juce::uint16>,std::allocator<std::pair<const juce::uint16,SpikeChannel *>>>,std::hash<juce::uint16>,std::equal_to<juce::uint16>,std::allocator<std::pair<const juce::uint16,std::unordered_map<juce::uint16,SpikeChannel *,std::hash<juce::uint16>,std::equal_to<juce::uint16>,std::allocator<std::pair<const juce::uint16,SpikeChannel *>>>>>>>>>'
  
C:\Users\lawre\plugin-GUI\Source\Processors\GenericProcessor\GenericProcessor.h(855,19): warning C4251: 'GenericProcessor::dataStreamMap': 'std::unordered_map<juce::uint16,DataStream *,std::hash<juce::uint16>,std::equal_to<juce::uint16>,std::allocator<std::pair<const juce::uint16,DataStream *>>>' needs to have dll-interface to be used by clients of 'GenericProcessor' [C:\Users\lawre\plugin-GUI\Build\snap-gui.vcxproj]
  (compiling source file '../Source/Processors/ProcessorGraph/ProcessorGraph.cpp')
      C:\Program Files (x86)\Microsoft Visual Studio\2022\BuildTools\VC\Tools\MSVC\14.44.35207\include\unordered_map(61,7):
      see declaration of 'std::unordered_map<juce::uint16,DataStream *,std::hash<juce::uint16>,std::equal_to<juce::uint16>,std::allocator<std::pair<const juce::uint16,DataStream *>>>'
  
C:\Users\lawre\plugin-GUI\Source\Processors\GenericProcessor\GenericProcessor.h(860,17): warning C4251: 'GenericProcessor::ttlLineStates': 'juce::Array<bool,juce::DummyCriticalSection,0>' needs to have dll-interface to be used by clients of 'GenericProcessor' [C:\Users\lawre\plugin-GUI\Build\snap-gui.vcxproj]
  (compiling source file '../Source/Processors/ProcessorGraph/ProcessorGraph.cpp')
      C:\Users\lawre\plugin-GUI\JuceLibraryCode\modules\juce_core\containers\juce_Array.h(67,7):
      see declaration of 'juce::Array<bool,juce::DummyCriticalSection,0>'
  
C:\Users\lawre\plugin-GUI\Source\Processors\GenericProcessor\GenericProcessor.h(864,35): warning C4251: 'GenericProcessor::latencyMeter': 'std::unique_ptr<LatencyMeter,std::default_delete<LatencyMeter>>' needs to have dll-interface to be used by clients of 'GenericProcessor' [C:\Users\lawre\plugin-GUI\Build\snap-gui.vcxproj]
  (compiling source file '../Source/Processors/ProcessorGraph/ProcessorGraph.cpp')
      C:\Program Files (x86)\Microsoft Visual Studio\2022\BuildTools\VC\Tools\MSVC\14.44.35207\include\memory(3347,7):
      see declaration of 'std::unique_ptr<LatencyMeter,std::default_delete<LatencyMeter>>'
  
C:\Users\lawre\plugin-GUI\Source\Processors\Editors\StreamSelector.h(218,39): warning C4251: 'StreamSelectorTable::tableModel': 'std::unique_ptr<StreamTableModel,std::default_delete<StreamTableModel>>' needs to have dll-interface to be used by clients of 'StreamSelectorTable' [C:\Users\lawre\plugin-GUI\Build\snap-gui.vcxproj]
  (compiling source file '../Source/Processors/ProcessorGraph/ProcessorGraph.cpp')
      C:\Program Files (x86)\Microsoft Visual Studio\2022\BuildTools\VC\Tools\MSVC\14.44.35207\include\memory(3347,7):
      see declaration of 'std::unique_ptr<StreamTableModel,std::default_delete<StreamTableModel>>'
  
C:\Users\lawre\plugin-GUI\Source\Processors\Editors\StreamSelector.h(219,35): warning C4251: 'StreamSelectorTable::streamTable': 'std::unique_ptr<juce::TableListBox,std::default_delete<juce::TableListBox>>' needs to have dll-interface to be used by clients of 'StreamSelectorTable' [C:\Users\lawre\plugin-GUI\Build\snap-gui.vcxproj]
  (compiling source file '../Source/Processors/ProcessorGraph/ProcessorGraph.cpp')
      C:\Program Files (x86)\Microsoft Visual Studio\2022\BuildTools\VC\Tools\MSVC\14.44.35207\include\memory(3347,7):
      see declaration of 'std::unique_ptr<juce::TableListBox,std::default_delete<juce::TableListBox>>'
  
C:\Users\lawre\plugin-GUI\Source\Processors\Editors\StreamSelector.h(220,37): warning C4251: 'StreamSelectorTable::expanderButton': 'std::unique_ptr<ExpanderButton,std::default_delete<ExpanderButton>>' needs to have dll-interface to be used by clients of 'StreamSelectorTable' [C:\Users\lawre\plugin-GUI\Build\snap-gui.vcxproj]
  (compiling source file '../Source/Processors/ProcessorGraph/ProcessorGraph.cpp')
      C:\Program Files (x86)\Microsoft Visual Studio\2022\BuildTools\VC\Tools\MSVC\14.44.35207\include\memory(3347,7):
      see declaration of 'std::unique_ptr<ExpanderButton,std::default_delete<ExpanderButton>>'
  
C:\Users\lawre\plugin-GUI\Source\Processors\Editors\StreamSelector.h(224,30): warning C4251: 'StreamSelectorTable::streams': 'juce::Array<const DataStream *,juce::DummyCriticalSection,0>' needs to have dll-interface to be used by clients of 'StreamSelectorTable' [C:\Users\lawre\plugin-GUI\Build\snap-gui.vcxproj]
  (compiling source file '../Source/Processors/ProcessorGraph/ProcessorGraph.cpp')
      C:\Users\lawre\plugin-GUI\JuceLibraryCode\modules\juce_core\containers\juce_Array.h(67,7):
      see declaration of 'juce::Array<const DataStream *,juce::DummyCriticalSection,0>'
  
C:\Users\lawre\plugin-GUI\Source\Processors\Editors\StreamSelector.h(226,28): warning C4251: 'StreamSelectorTable::streamStates': 'std::map<juce::uint16,bool,std::less<juce::uint16>,std::allocator<std::pair<const juce::uint16,bool>>>' needs to have dll-interface to be used by clients of 'StreamSelectorTable' [C:\Users\lawre\plugin-GUI\Build\snap-gui.vcxproj]
  (compiling source file '../Source/Processors/ProcessorGraph/ProcessorGraph.cpp')
      C:\Program Files (x86)\Microsoft Visual Studio\2022\BuildTools\VC\Tools\MSVC\14.44.35207\include\map(72,7):
      see declaration of 'std::map<juce::uint16,bool,std::less<juce::uint16>,std::allocator<std::pair<const juce::uint16,bool>>>'
  
C:\Users\lawre\plugin-GUI\Source\Processors\Editors\TTLMonitor.h(105,19): warning C4251: 'TTLMonitor::colours': 'juce::Array<juce::Colour,juce::DummyCriticalSection,0>' needs to have dll-interface to be used by clients of 'TTLMonitor' [C:\Users\lawre\plugin-GUI\Build\snap-gui.vcxproj]
  (compiling source file '../Source/Processors/ProcessorGraph/ProcessorGraph.cpp')
      C:\Users\lawre\plugin-GUI\JuceLibraryCode\modules\juce_core\containers\juce_Array.h(67,7):
      see declaration of 'juce::Array<juce::Colour,juce::DummyCriticalSection,0>'
  
C:\Users\lawre\plugin-GUI\Source\Processors\Editors\TTLMonitor.h(107,31): warning C4251: 'TTLMonitor::displays': 'juce::OwnedArray<TTLBitDisplay,juce::DummyCriticalSection>' needs to have dll-interface to be used by clients of 'TTLMonitor' [C:\Users\lawre\plugin-GUI\Build\snap-gui.vcxproj]
  (compiling source file '../Source/Processors/ProcessorGraph/ProcessorGraph.cpp')
      C:\Users\lawre\plugin-GUI\JuceLibraryCode\modules\juce_core\containers\juce_OwnedArray.h(61,7):
      see declaration of 'juce::OwnedArray<TTLBitDisplay,juce::DummyCriticalSection>'
  
C:\Users\lawre\plugin-GUI\Source\Processors\Editors\GenericEditor.h(215,33): warning C4251: 'GenericEditor::parameterEditors': 'juce::OwnedArray<ParameterEditor,juce::DummyCriticalSection>' needs to have dll-interface to be used by clients of 'GenericEditor' [C:\Users\lawre\plugin-GUI\Build\snap-gui.vcxproj]
  (compiling source file '../Source/Processors/ProcessorGraph/ProcessorGraph.cpp')
      C:\Users\lawre\plugin-GUI\JuceLibraryCode\modules\juce_core\containers\juce_OwnedArray.h(61,7):
      see declaration of 'juce::OwnedArray<ParameterEditor,juce::DummyCriticalSection>'
  
C:\Users\lawre\plugin-GUI\Source\Processors\Editors\GenericEditor.h(285,35): warning C4251: 'GenericEditor::drawerButton': 'std::unique_ptr<DrawerButton,std::default_delete<DrawerButton>>' needs to have dll-interface to be used by clients of 'GenericEditor' [C:\Users\lawre\plugin-GUI\Build\snap-gui.vcxproj]
  (compiling source file '../Source/Processors/ProcessorGraph/ProcessorGraph.cpp')
      C:\Program Files (x86)\Microsoft Visual Studio\2022\BuildTools\VC\Tools\MSVC\14.44.35207\include\memory(3347,7):
      see declaration of 'std::unique_ptr<DrawerButton,std::default_delete<DrawerButton>>'
  
C:\Users\lawre\plugin-GUI\Source\Processors\Editors\GenericEditor.h(333,42): warning C4251: 'GenericEditor::streamSelector': 'std::unique_ptr<StreamSelectorTable,std::default_delete<StreamSelectorTable>>' needs to have dll-interface to be used by clients of 'GenericEditor' [C:\Users\lawre\plugin-GUI\Build\snap-gui.vcxproj]
  (compiling source file '../Source/Processors/ProcessorGraph/ProcessorGraph.cpp')
      C:\Program Files (x86)\Microsoft Visual Studio\2022\BuildTools\VC\Tools\MSVC\14.44.35207\include\memory(3347,7):
      see declaration of 'std::unique_ptr<StreamSelectorTable,std::default_delete<StreamSelectorTable>>'
  
C:\Users\lawre\plugin-GUI\Source\Processors\Editors\GenericEditor.h(349,21): warning C4251: 'GenericEditor::drawerButtonListener': 'GenericEditor::ButtonResponder' needs to have dll-interface to be used by clients of 'GenericEditor' [C:\Users\lawre\plugin-GUI\Build\snap-gui.vcxproj]
  (compiling source file '../Source/Processors/ProcessorGraph/ProcessorGraph.cpp')
      C:\Users\lawre\plugin-GUI\Source\Processors\Editors\GenericEditor.h(339,11):
      see declaration of 'GenericEditor::ButtonResponder'
  
C:\Users\lawre\plugin-GUI\Source\Processors\Editors\GenericEditor.h(367,37): warning C4251: 'GenericEditor::delayMonitors': 'std::map<juce::uint16,DelayMonitor *,std::less<juce::uint16>,std::allocator<std::pair<const juce::uint16,DelayMonitor *>>>' needs to have dll-interface to be used by clients of 'GenericEditor' [C:\Users\lawre\plugin-GUI\Build\snap-gui.vcxproj]
  (compiling source file '../Source/Processors/ProcessorGraph/ProcessorGraph.cpp')
      C:\Program Files (x86)\Microsoft Visual Studio\2022\BuildTools\VC\Tools\MSVC\14.44.35207\include\map(72,7):
      see declaration of 'std::map<juce::uint16,DelayMonitor *,std::less<juce::uint16>,std::allocator<std::pair<const juce::uint16,DelayMonitor *>>>'
  
C:\Users\lawre\plugin-GUI\Source\Processors\Editors\GenericEditor.h(368,35): warning C4251: 'GenericEditor::ttlMonitors': 'std::map<juce::uint16,TTLMonitor *,std::less<juce::uint16>,std::allocator<std::pair<const juce::uint16,TTLMonitor *>>>' needs to have dll-interface to be used by clients of 'GenericEditor' [C:\Users\lawre\plugin-GUI\Build\snap-gui.vcxproj]
  (compiling source file '../Source/Processors/ProcessorGraph/ProcessorGraph.cpp')
      C:\Program Files (x86)\Microsoft Visual Studio\2022\BuildTools\VC\Tools\MSVC\14.44.35207\include\map(72,7):
      see declaration of 'std::map<juce::uint16,TTLMonitor *,std::less<juce::uint16>,std::allocator<std::pair<const juce::uint16,TTLMonitor *>>>'
  
C:\Users\lawre\plugin-GUI\Source\Processors\Editors\GenericEditor.h(532,19): warning C4251: 'ThresholdSlider::valueArray': 'juce::Array<double,juce::DummyCriticalSection,0>' needs to have dll-interface to be used by clients of 'ThresholdSlider' [C:\Users\lawre\plugin-GUI\Build\snap-gui.vcxproj]
  (compiling source file '../Source/Processors/ProcessorGraph/ProcessorGraph.cpp')
      C:\Users\lawre\plugin-GUI\JuceLibraryCode\modules\juce_core\containers\juce_Array.h(67,7):
      see declaration of 'juce::Array<double,juce::DummyCriticalSection,0>'
  
C:\Users\lawre\plugin-GUI\Source\Processors\Dsp\Biquad.h(148,37): warning C4275: non dll-interface struct 'Dsp::PoleZeroPair' used as base for dll-interface struct 'Dsp::BiquadPoleState' [C:\Users\lawre\plugin-GUI\Build\snap-gui.vcxproj]
  (compiling source file '../Source/Processors/ProcessorGraph/ProcessorGraph.cpp')
      C:\Users\lawre\plugin-GUI\Source\Processors\Dsp\Types.h(91,8):
      see declaration of 'Dsp::PoleZeroPair'
      C:\Users\lawre\plugin-GUI\Source\Processors\Dsp\Biquad.h(148,19):
      see declaration of 'Dsp::BiquadPoleState'
  
C:\Users\lawre\plugin-GUI\Source\Processors\Dsp\Bessel.h(89,45): warning C4275: non dll-interface class 'Dsp::LayoutBase' used as base for dll-interface class 'Dsp::Bessel::AnalogLowPass' [C:\Users\lawre\plugin-GUI\Build\snap-gui.vcxproj]
  (compiling source file '../Source/Processors/ProcessorGraph/ProcessorGraph.cpp')
      C:\Users\lawre\plugin-GUI\Source\Processors\Dsp\Layout.h(52,7):
      see declaration of 'Dsp::LayoutBase'
      C:\Users\lawre\plugin-GUI\Source\Processors\Dsp\Bessel.h(89,22):
      see declaration of 'Dsp::Bessel::AnalogLowPass'
  
C:\Users\lawre\plugin-GUI\Source\Processors\Dsp\Bessel.h(103,46): warning C4275: non dll-interface class 'Dsp::LayoutBase' used as base for dll-interface class 'Dsp::Bessel::AnalogLowShelf' [C:\Users\lawre\plugin-GUI\Build\snap-gui.vcxproj]
  (compiling source file '../Source/Processors/ProcessorGraph/ProcessorGraph.cpp')
      C:\Users\lawre\plugin-GUI\Source\Processors\Dsp\Layout.h(52,7):
      see declaration of 'Dsp::LayoutBase'
      C:\Users\lawre\plugin-GUI\Source\Processors\Dsp\Bessel.h(103,22):
      see declaration of 'Dsp::Bessel::AnalogLowShelf'
  
C:\Users\lawre\plugin-GUI\Source\Processors\Dsp\Bessel.h(121,37): warning C4275: non dll-interface class 'Dsp::PoleFilterBase2' used as base for dll-interface class 'Dsp::PoleFilterBase<Dsp::Bessel::AnalogLowPass>' [C:\Users\lawre\plugin-GUI\Build\snap-gui.vcxproj]
  (compiling source file '../Source/Processors/ProcessorGraph/ProcessorGraph.cpp')
      C:\Users\lawre\plugin-GUI\Source\Processors\Dsp\PoleFilter.h(58,7):
      see declaration of 'Dsp::PoleFilterBase2'
      C:\Users\lawre\plugin-GUI\Source\Processors\Dsp\PoleFilter.h(90,7):
      see declaration of 'Dsp::PoleFilterBase<Dsp::Bessel::AnalogLowPass>'
  
C:\Users\lawre\plugin-GUI\Source\Processors\Dsp\Bessel.h(155,38): warning C4275: non dll-interface class 'Dsp::PoleFilterBase2' used as base for dll-interface class 'Dsp::PoleFilterBase<Dsp::Bessel::AnalogLowShelf>' [C:\Users\lawre\plugin-GUI\Build\snap-gui.vcxproj]
  (compiling source file '../Source/Processors/ProcessorGraph/ProcessorGraph.cpp')
      C:\Users\lawre\plugin-GUI\Source\Processors\Dsp\PoleFilter.h(58,7):
      see declaration of 'Dsp::PoleFilterBase2'
      C:\Users\lawre\plugin-GUI\Source\Processors\Dsp\PoleFilter.h(90,7):
      see declaration of 'Dsp::PoleFilterBase<Dsp::Bessel::AnalogLowShelf>'
  
C:\Users\lawre\plugin-GUI\Source\Processors\Dsp\Butterworth.h(58,45): warning C4275: non dll-interface class 'Dsp::LayoutBase' used as base for dll-interface class 'Dsp::Butterworth::AnalogLowPass' [C:\Users\lawre\plugin-GUI\Build\snap-gui.vcxproj]
  (compiling source file '../Source/Processors/ProcessorGraph/ProcessorGraph.cpp')
      C:\Users\lawre\plugin-GUI\Source\Processors\Dsp\Layout.h(52,7):
      see declaration of 'Dsp::LayoutBase'
      C:\Users\lawre\plugin-GUI\Source\Processors\Dsp\Butterworth.h(58,22):
      see declaration of 'Dsp::Butterworth::AnalogLowPass'
  
C:\Users\lawre\plugin-GUI\Source\Processors\Dsp\Butterworth.h(71,46): warning C4275: non dll-interface class 'Dsp::LayoutBase' used as base for dll-interface class 'Dsp::Butterworth::AnalogLowShelf' [C:\Users\lawre\plugin-GUI\Build\snap-gui.vcxproj]
  (compiling source file '../Source/Processors/ProcessorGraph/ProcessorGraph.cpp')
      C:\Users\lawre\plugin-GUI\Source\Processors\Dsp\Layout.h(52,7):
      see declaration of 'Dsp::LayoutBase'
      C:\Users\lawre\plugin-GUI\Source\Processors\Dsp\Butterworth.h(71,22):
      see declaration of 'Dsp::Butterworth::AnalogLowShelf'
  
C:\Users\lawre\plugin-GUI\Source\Processors\Dsp\Butterworth.h(87,37): warning C4275: non dll-interface class 'Dsp::PoleFilterBase2' used as base for dll-interface class 'Dsp::PoleFilterBase<Dsp::Butterworth::AnalogLowPass>' [C:\Users\lawre\plugin-GUI\Build\snap-gui.vcxproj]
  (compiling source file '../Source/Processors/ProcessorGraph/ProcessorGraph.cpp')
      C:\Users\lawre\plugin-GUI\Source\Processors\Dsp\PoleFilter.h(58,7):
      see declaration of 'Dsp::PoleFilterBase2'
      C:\Users\lawre\plugin-GUI\Source\Processors\Dsp\PoleFilter.h(90,7):
      see declaration of 'Dsp::PoleFilterBase<Dsp::Butterworth::AnalogLowPass>'
  
C:\Users\lawre\plugin-GUI\Source\Processors\Dsp\Butterworth.h(117,38): warning C4275: non dll-interface class 'Dsp::PoleFilterBase2' used as base for dll-interface class 'Dsp::PoleFilterBase<Dsp::Butterworth::AnalogLowShelf>' [C:\Users\lawre\plugin-GUI\Build\snap-gui.vcxproj]
  (compiling source file '../Source/Processors/ProcessorGraph/ProcessorGraph.cpp')
      C:\Users\lawre\plugin-GUI\Source\Processors\Dsp\PoleFilter.h(58,7):
      see declaration of 'Dsp::PoleFilterBase2'
      C:\Users\lawre\plugin-GUI\Source\Processors\Dsp\PoleFilter.h(90,7):
      see declaration of 'Dsp::PoleFilterBase<Dsp::Butterworth::AnalogLowShelf>'
  
C:\Users\lawre\plugin-GUI\Source\Processors\Dsp\ChebyshevI.h(58,45): warning C4275: non dll-interface class 'Dsp::LayoutBase' used as base for dll-interface class 'Dsp::ChebyshevI::AnalogLowPass' [C:\Users\lawre\plugin-GUI\Build\snap-gui.vcxproj]
  (compiling source file '../Source/Processors/ProcessorGraph/ProcessorGraph.cpp')
      C:\Users\lawre\plugin-GUI\Source\Processors\Dsp\Layout.h(52,7):
      see declaration of 'Dsp::LayoutBase'
      C:\Users\lawre\plugin-GUI\Source\Processors\Dsp\ChebyshevI.h(58,22):
      see declaration of 'Dsp::ChebyshevI::AnalogLowPass'
  
C:\Users\lawre\plugin-GUI\Source\Processors\Dsp\ChebyshevI.h(73,46): warning C4275: non dll-interface class 'Dsp::LayoutBase' used as base for dll-interface class 'Dsp::ChebyshevI::AnalogLowShelf' [C:\Users\lawre\plugin-GUI\Build\snap-gui.vcxproj]
  (compiling source file '../Source/Processors/ProcessorGraph/ProcessorGraph.cpp')
      C:\Users\lawre\plugin-GUI\Source\Processors\Dsp\Layout.h(52,7):
      see declaration of 'Dsp::LayoutBase'
      C:\Users\lawre\plugin-GUI\Source\Processors\Dsp\ChebyshevI.h(73,22):
      see declaration of 'Dsp::ChebyshevI::AnalogLowShelf'
  
C:\Users\lawre\plugin-GUI\Source\Processors\Dsp\ChebyshevI.h(92,37): warning C4275: non dll-interface class 'Dsp::PoleFilterBase2' used as base for dll-interface class 'Dsp::PoleFilterBase<Dsp::ChebyshevI::AnalogLowPass>' [C:\Users\lawre\plugin-GUI\Build\snap-gui.vcxproj]
  (compiling source file '../Source/Processors/ProcessorGraph/ProcessorGraph.cpp')
      C:\Users\lawre\plugin-GUI\Source\Processors\Dsp\PoleFilter.h(58,7):
      see declaration of 'Dsp::PoleFilterBase2'
      C:\Users\lawre\plugin-GUI\Source\Processors\Dsp\PoleFilter.h(90,7):
      see declaration of 'Dsp::PoleFilterBase<Dsp::ChebyshevI::AnalogLowPass>'
  
C:\Users\lawre\plugin-GUI\Source\Processors\Dsp\ChebyshevI.h(126,38): warning C4275: non dll-interface class 'Dsp::PoleFilterBase2' used as base for dll-interface class 'Dsp::PoleFilterBase<Dsp::ChebyshevI::AnalogLowShelf>' [C:\Users\lawre\plugin-GUI\Build\snap-gui.vcxproj]
  (compiling source file '../Source/Processors/ProcessorGraph/ProcessorGraph.cpp')
      C:\Users\lawre\plugin-GUI\Source\Processors\Dsp\PoleFilter.h(58,7):
      see declaration of 'Dsp::PoleFilterBase2'
      C:\Users\lawre\plugin-GUI\Source\Processors\Dsp\PoleFilter.h(90,7):
      see declaration of 'Dsp::PoleFilterBase<Dsp::ChebyshevI::AnalogLowShelf>'
  
C:\Users\lawre\plugin-GUI\Source\Processors\Dsp\ChebyshevII.h(58,45): warning C4275: non dll-interface class 'Dsp::LayoutBase' used as base for dll-interface class 'Dsp::ChebyshevII::AnalogLowPass' [C:\Users\lawre\plugin-GUI\Build\snap-gui.vcxproj]
  (compiling source file '../Source/Processors/ProcessorGraph/ProcessorGraph.cpp')
      C:\Users\lawre\plugin-GUI\Source\Processors\Dsp\Layout.h(52,7):
      see declaration of 'Dsp::LayoutBase'
      C:\Users\lawre\plugin-GUI\Source\Processors\Dsp\ChebyshevII.h(58,22):
      see declaration of 'Dsp::ChebyshevII::AnalogLowPass'
  
C:\Users\lawre\plugin-GUI\Source\Processors\Dsp\ChebyshevII.h(73,46): warning C4275: non dll-interface class 'Dsp::LayoutBase' used as base for dll-interface class 'Dsp::ChebyshevII::AnalogLowShelf' [C:\Users\lawre\plugin-GUI\Build\snap-gui.vcxproj]
  (compiling source file '../Source/Processors/ProcessorGraph/ProcessorGraph.cpp')
      C:\Users\lawre\plugin-GUI\Source\Processors\Dsp\Layout.h(52,7):
      see declaration of 'Dsp::LayoutBase'
      C:\Users\lawre\plugin-GUI\Source\Processors\Dsp\ChebyshevII.h(73,22):
      see declaration of 'Dsp::ChebyshevII::AnalogLowShelf'
  
C:\Users\lawre\plugin-GUI\Source\Processors\Dsp\ChebyshevII.h(92,37): warning C4275: non dll-interface class 'Dsp::PoleFilterBase2' used as base for dll-interface class 'Dsp::PoleFilterBase<Dsp::ChebyshevII::AnalogLowPass>' [C:\Users\lawre\plugin-GUI\Build\snap-gui.vcxproj]
  (compiling source file '../Source/Processors/ProcessorGraph/ProcessorGraph.cpp')
      C:\Users\lawre\plugin-GUI\Source\Processors\Dsp\PoleFilter.h(58,7):
      see declaration of 'Dsp::PoleFilterBase2'
      C:\Users\lawre\plugin-GUI\Source\Processors\Dsp\PoleFilter.h(90,7):
      see declaration of 'Dsp::PoleFilterBase<Dsp::ChebyshevII::AnalogLowPass>'
  
C:\Users\lawre\plugin-GUI\Source\Processors\Dsp\ChebyshevII.h(126,38): warning C4275: non dll-interface class 'Dsp::PoleFilterBase2' used as base for dll-interface class 'Dsp::PoleFilterBase<Dsp::ChebyshevII::AnalogLowShelf>' [C:\Users\lawre\plugin-GUI\Build\snap-gui.vcxproj]
  (compiling source file '../Source/Processors/ProcessorGraph/ProcessorGraph.cpp')
      C:\Users\lawre\plugin-GUI\Source\Processors\Dsp\PoleFilter.h(58,7):
      see declaration of 'Dsp::PoleFilterBase2'
      C:\Users\lawre\plugin-GUI\Source\Processors\Dsp\PoleFilter.h(90,7):
      see declaration of 'Dsp::PoleFilterBase<Dsp::ChebyshevII::AnalogLowShelf>'
  
C:\Users\lawre\plugin-GUI\Source\Processors\Dsp\Elliptic.h(65,45): warning C4275: non dll-interface class 'Dsp::LayoutBase' used as base for dll-interface class 'Dsp::Elliptic::AnalogLowPass' [C:\Users\lawre\plugin-GUI\Build\snap-gui.vcxproj]
  (compiling source file '../Source/Processors/ProcessorGraph/ProcessorGraph.cpp')
      C:\Users\lawre\plugin-GUI\Source\Processors\Dsp\Layout.h(52,7):
      see declaration of 'Dsp::LayoutBase'
      C:\Users\lawre\plugin-GUI\Source\Processors\Dsp\Elliptic.h(65,22):
      see declaration of 'Dsp::Elliptic::AnalogLowPass'
  
C:\Users\lawre\plugin-GUI\Source\Processors\Dsp\Elliptic.h(131,37): warning C4275: non dll-interface class 'Dsp::PoleFilterBase2' used as base for dll-interface class 'Dsp::PoleFilterBase<Dsp::Elliptic::AnalogLowPass>' [C:\Users\lawre\plugin-GUI\Build\snap-gui.vcxproj]
  (compiling source file '../Source/Processors/ProcessorGraph/ProcessorGraph.cpp')
      C:\Users\lawre\plugin-GUI\Source\Processors\Dsp\PoleFilter.h(58,7):
      see declaration of 'Dsp::PoleFilterBase2'
      C:\Users\lawre\plugin-GUI\Source\Processors\Dsp\PoleFilter.h(90,7):
      see declaration of 'Dsp::PoleFilterBase<Dsp::Elliptic::AnalogLowPass>'
  
C:\Users\lawre\plugin-GUI\Source\Processors\Dsp\Legendre.h(152,45): warning C4275: non dll-interface class 'Dsp::LayoutBase' used as base for dll-interface class 'Dsp::Legendre::AnalogLowPass' [C:\Users\lawre\plugin-GUI\Build\snap-gui.vcxproj]
  (compiling source file '../Source/Processors/ProcessorGraph/ProcessorGraph.cpp')
      C:\Users\lawre\plugin-GUI\Source\Processors\Dsp\Layout.h(52,7):
      see declaration of 'Dsp::LayoutBase'
      C:\Users\lawre\plugin-GUI\Source\Processors\Dsp\Legendre.h(152,22):
      see declaration of 'Dsp::Legendre::AnalogLowPass'
  
C:\Users\lawre\plugin-GUI\Source\Processors\Dsp\Legendre.h(167,37): warning C4275: non dll-interface class 'Dsp::PoleFilterBase2' used as base for dll-interface class 'Dsp::PoleFilterBase<Dsp::Legendre::AnalogLowPass>' [C:\Users\lawre\plugin-GUI\Build\snap-gui.vcxproj]
  (compiling source file '../Source/Processors/ProcessorGraph/ProcessorGraph.cpp')
      C:\Users\lawre\plugin-GUI\Source\Processors\Dsp\PoleFilter.h(58,7):
      see declaration of 'Dsp::PoleFilterBase2'
      C:\Users\lawre\plugin-GUI\Source\Processors\Dsp\PoleFilter.h(90,7):
      see declaration of 'Dsp::PoleFilterBase<Dsp::Legendre::AnalogLowPass>'
  
C:\Users\lawre\plugin-GUI\Source\Processors\RecordNode\BinaryFormat\NpyFile.h(118,39): warning C4251: 'NpyFile::m_file': 'std::unique_ptr<juce::FileOutputStream,std::default_delete<juce::FileOutputStream>>' needs to have dll-interface to be used by clients of 'NpyFile' [C:\Users\lawre\plugin-GUI\Build\snap-gui.vcxproj]
  (compiling source file '../Source/Processors/ProcessorGraph/ProcessorGraph.cpp')
      C:\Program Files (x86)\Microsoft Visual Studio\2022\BuildTools\VC\Tools\MSVC\14.44.35207\include\memory(3347,7):
      see declaration of 'std::unique_ptr<juce::FileOutputStream,std::default_delete<juce::FileOutputStream>>'
  
C:\Users\lawre\plugin-GUI\Source\Processors\RecordNode\BinaryFormat\SequentialBlockFile.h(70,39): warning C4251: 'SequentialBlockFile::m_file': 'std::shared_ptr<juce::FileOutputStream>' needs to have dll-interface to be used by clients of 'SequentialBlockFile' [C:\Users\lawre\plugin-GUI\Build\snap-gui.vcxproj]
  (compiling source file '../Source/Processors/ProcessorGraph/ProcessorGraph.cpp')
      C:\Program Files (x86)\Microsoft Visual Studio\2022\BuildTools\VC\Tools\MSVC\14.44.35207\include\memory(1565,7):
      see declaration of 'std::shared_ptr<juce::FileOutputStream>'
  
C:\Users\lawre\plugin-GUI\Source\Processors\RecordNode\BinaryFormat\SequentialBlockFile.h(74,27): warning C4251: 'SequentialBlockFile::m_memBlocks': 'juce::OwnedArray<FileBlock,juce::DummyCriticalSection>' needs to have dll-interface to be used by clients of 'SequentialBlockFile' [C:\Users\lawre\plugin-GUI\Build\snap-gui.vcxproj]
  (compiling source file '../Source/Processors/ProcessorGraph/ProcessorGraph.cpp')
      C:\Users\lawre\plugin-GUI\JuceLibraryCode\modules\juce_core\containers\juce_OwnedArray.h(61,7):
      see declaration of 'juce::OwnedArray<FileBlock,juce::DummyCriticalSection>'
  
C:\Users\lawre\plugin-GUI\Source\Processors\RecordNode\BinaryFormat\SequentialBlockFile.h(75,16): warning C4251: 'SequentialBlockFile::m_currentBlock': 'juce::Array<int,juce::DummyCriticalSection,0>' needs to have dll-interface to be used by clients of 'SequentialBlockFile' [C:\Users\lawre\plugin-GUI\Build\snap-gui.vcxproj]
  (compiling source file '../Source/Processors/ProcessorGraph/ProcessorGraph.cpp')
      C:\Users\lawre\plugin-GUI\JuceLibraryCode\modules\juce_core\containers\juce_Array.h(67,7):
      see declaration of 'juce::Array<int,juce::DummyCriticalSection,0>'
  
C:\Users\lawre\plugin-GUI\Source\Processors\RecordNode\RecordEngine.h(182,18): warning C4251: 'RecordEngine::sampleNumbers': 'juce::Array<juce::int64,juce::DummyCriticalSection,0>' needs to have dll-interface to be used by clients of 'RecordEngine' [C:\Users\lawre\plugin-GUI\Build\snap-gui.vcxproj]
  (compiling source file '../Source/Processors/ProcessorGraph/ProcessorGraph.cpp')
      C:\Users\lawre\plugin-GUI\JuceLibraryCode\modules\juce_core\containers\juce_Array.h(67,7):
      see declaration of 'juce::Array<juce::int64,juce::DummyCriticalSection,0>'
  
C:\Users\lawre\plugin-GUI\Source\Processors\RecordNode\RecordEngine.h(183,16): warning C4251: 'RecordEngine::globalChannelMap': 'juce::Array<int,juce::DummyCriticalSection,0>' needs to have dll-interface to be used by clients of 'RecordEngine' [C:\Users\lawre\plugin-GUI\Build\snap-gui.vcxproj]
  (compiling source file '../Source/Processors/ProcessorGraph/ProcessorGraph.cpp')
      C:\Users\lawre\plugin-GUI\JuceLibraryCode\modules\juce_core\containers\juce_Array.h(67,7):
      see declaration of 'juce::Array<int,juce::DummyCriticalSection,0>'
  
C:\Users\lawre\plugin-GUI\Source\Processors\RecordNode\RecordEngine.h(184,16): warning C4251: 'RecordEngine::localChannelMap': 'juce::Array<int,juce::DummyCriticalSection,0>' needs to have dll-interface to be used by clients of 'RecordEngine' [C:\Users\lawre\plugin-GUI\Build\snap-gui.vcxproj]
  (compiling source file '../Source/Processors/ProcessorGraph/ProcessorGraph.cpp')
      C:\Users\lawre\plugin-GUI\JuceLibraryCode\modules\juce_core\containers\juce_Array.h(67,7):
      see declaration of 'juce::Array<int,juce::DummyCriticalSection,0>'
  
C:\Users\lawre\plugin-GUI\Source\Processors\RecordNode\RecordEngine.h(284,33): warning C4251: 'RecordEngineManager::parameters': 'juce::OwnedArray<EngineParameter,juce::DummyCriticalSection>' needs to have dll-interface to be used by clients of 'RecordEngineManager' [C:\Users\lawre\plugin-GUI\Build\snap-gui.vcxproj]
  (compiling source file '../Source/Processors/ProcessorGraph/ProcessorGraph.cpp')
      C:\Users\lawre\plugin-GUI\JuceLibraryCode\modules\juce_core\containers\juce_OwnedArray.h(61,7):
      see declaration of 'juce::OwnedArray<EngineParameter,juce::DummyCriticalSection>'
  
C:\Users\lawre\plugin-GUI\Source\Processors\Parameter\ParameterEditorOwner.h(73,33): warning C4251: 'ParameterEditorOwner::parameterEditors': 'juce::OwnedArray<ParameterEditor,juce::DummyCriticalSection>' needs to have dll-interface to be used by clients of 'ParameterEditorOwner' [C:\Users\lawre\plugin-GUI\Build\snap-gui.vcxproj]
  (compiling source file '../Source/Processors/ProcessorGraph/ProcessorGraph.cpp')
      C:\Users\lawre\plugin-GUI\JuceLibraryCode\modules\juce_core\containers\juce_OwnedArray.h(61,7):
      see declaration of 'juce::OwnedArray<ParameterEditor,juce::DummyCriticalSection>'
  
C:\Users\lawre\plugin-GUI\Source\Processors\Visualization\Visualizer.h(224,38): warning C4251: 'Visualizer::parameterEditorOwners': 'juce::OwnedArray<ParameterEditorOwner,juce::DummyCriticalSection>' needs to have dll-interface to be used by clients of 'Visualizer' [C:\Users\lawre\plugin-GUI\Build\snap-gui.vcxproj]
  (compiling source file '../Source/Processors/ProcessorGraph/ProcessorGraph.cpp')
      C:\Users\lawre\plugin-GUI\JuceLibraryCode\modules\juce_core\containers\juce_OwnedArray.h(61,7):
      see declaration of 'juce::OwnedArray<ParameterEditorOwner,juce::DummyCriticalSection>'
  
C:\Users\lawre\plugin-GUI\Source\Processors\Visualization\Visualizer.h(226,29): warning C4251: 'Visualizer::allParamEditors': 'juce::Array<ParameterEditor *,juce::DummyCriticalSection,0>' needs to have dll-interface to be used by clients of 'Visualizer' [C:\Users\lawre\plugin-GUI\Build\snap-gui.vcxproj]
  (compiling source file '../Source/Processors/ProcessorGraph/ProcessorGraph.cpp')
      C:\Users\lawre\plugin-GUI\JuceLibraryCode\modules\juce_core\containers\juce_Array.h(67,7):
      see declaration of 'juce::Array<ParameterEditor *,juce::DummyCriticalSection,0>'
  
C:\Users\lawre\plugin-GUI\Source\Processors\Editors\VisualizerEditor.h(142,33): warning C4251: 'VisualizerEditor::dataWindow': 'std::unique_ptr<DataWindow,std::default_delete<DataWindow>>' needs to have dll-interface to be used by clients of 'VisualizerEditor' [C:\Users\lawre\plugin-GUI\Build\snap-gui.vcxproj]
  (compiling source file '../Source/Processors/ProcessorGraph/ProcessorGraph.cpp')
      C:\Program Files (x86)\Microsoft Visual Studio\2022\BuildTools\VC\Tools\MSVC\14.44.35207\include\memory(3347,7):
      see declaration of 'std::unique_ptr<DataWindow,std::default_delete<DataWindow>>'
  
C:\Users\lawre\plugin-GUI\Source\Processors\Editors\VisualizerEditor.h(143,33): warning C4251: 'VisualizerEditor::canvas': 'std::unique_ptr<Visualizer,std::default_delete<Visualizer>>' needs to have dll-interface to be used by clients of 'VisualizerEditor' [C:\Users\lawre\plugin-GUI\Build\snap-gui.vcxproj]
  (compiling source file '../Source/Processors/ProcessorGraph/ProcessorGraph.cpp')
      C:\Program Files (x86)\Microsoft Visual Studio\2022\BuildTools\VC\Tools\MSVC\14.44.35207\include\memory(3347,7):
      see declaration of 'std::unique_ptr<Visualizer,std::default_delete<Visualizer>>'
  
C:\Users\lawre\plugin-GUI\Source\Processors\Editors\VisualizerEditor.h(195,37): warning C4251: 'VisualizerEditor::windowSelector': 'std::unique_ptr<SelectorButton,std::default_delete<SelectorButton>>' needs to have dll-interface to be used by clients of 'VisualizerEditor' [C:\Users\lawre\plugin-GUI\Build\snap-gui.vcxproj]
  (compiling source file '../Source/Processors/ProcessorGraph/ProcessorGraph.cpp')
      C:\Program Files (x86)\Microsoft Visual Studio\2022\BuildTools\VC\Tools\MSVC\14.44.35207\include\memory(3347,7):
      see declaration of 'std::unique_ptr<SelectorButton,std::default_delete<SelectorButton>>'
  
C:\Users\lawre\plugin-GUI\Source\Processors\Editors\VisualizerEditor.h(196,37): warning C4251: 'VisualizerEditor::tabSelector': 'std::unique_ptr<SelectorButton,std::default_delete<SelectorButton>>' needs to have dll-interface to be used by clients of 'VisualizerEditor' [C:\Users\lawre\plugin-GUI\Build\snap-gui.vcxproj]
  (compiling source file '../Source/Processors/ProcessorGraph/ProcessorGraph.cpp')
      C:\Program Files (x86)\Microsoft Visual Studio\2022\BuildTools\VC\Tools\MSVC\14.44.35207\include\memory(3347,7):
      see declaration of 'std::unique_ptr<SelectorButton,std::default_delete<SelectorButton>>'
  
C:\Users\lawre\plugin-GUI\Source\Processors\Editors\VisualizerEditor.h(210,21): warning C4251: 'VisualizerEditor::dataWindowButtonListener': 'VisualizerEditor::ButtonResponder' needs to have dll-interface to be used by clients of 'VisualizerEditor' [C:\Users\lawre\plugin-GUI\Build\snap-gui.vcxproj]
  (compiling source file '../Source/Processors/ProcessorGraph/ProcessorGraph.cpp')
      C:\Users\lawre\plugin-GUI\Source\Processors\Editors\VisualizerEditor.h(200,11):
      see declaration of 'VisualizerEditor::ButtonResponder'
  
C:\Users\lawre\plugin-GUI\Source\Processors\Editors\VisualizerEditor.h(71,78): warning C4275: non dll-interface class 'DataWindow::Listener' used as base for dll-interface class 'VisualizerEditor' [C:\Users\lawre\plugin-GUI\Build\snap-gui.vcxproj]
  (compiling source file '../Source/Processors/ProcessorGraph/ProcessorGraph.cpp')
      C:\Users\lawre\plugin-GUI\Source\Processors\Visualization\DataWindow.h(52,11):
      see declaration of 'DataWindow::Listener'
      C:\Users\lawre\plugin-GUI\Source\Processors\Editors\VisualizerEditor.h(71,18):
      see declaration of 'VisualizerEditor'
  
C:\Users\lawre\plugin-GUI\Source\Processors\FileReader\FileSource.h(162,23): warning C4251: 'FileSource::infoArray': 'juce::Array<FileSource::RecordInfo,juce::DummyCriticalSection,0>' needs to have dll-interface to be used by clients of 'FileSource' [C:\Users\lawre\plugin-GUI\Build\snap-gui.vcxproj]
  (compiling source file '../Source/Processors/ProcessorGraph/ProcessorGraph.cpp')
      C:\Users\lawre\plugin-GUI\JuceLibraryCode\modules\juce_core\containers\juce_Array.h(67,7):
      see declaration of 'juce::Array<FileSource::RecordInfo,juce::DummyCriticalSection,0>'
  
C:\Users\lawre\plugin-GUI\Source\Processors\FileReader\FileSource.h(165,33): warning C4251: 'FileSource::eventInfoMap': 'std::map<juce::String,EventInfo,std::less<juce::String>,std::allocator<std::pair<const juce::String,EventInfo>>>' needs to have dll-interface to be used by clients of 'FileSource' [C:\Users\lawre\plugin-GUI\Build\snap-gui.vcxproj]
  (compiling source file '../Source/Processors/ProcessorGraph/ProcessorGraph.cpp')
      C:\Program Files (x86)\Microsoft Visual Studio\2022\BuildTools\VC\Tools\MSVC\14.44.35207\include\map(72,7):
      see declaration of 'std::map<juce::String,EventInfo,std::less<juce::String>,std::allocator<std::pair<const juce::String,EventInfo>>>'
  
C:\Users\lawre\plugin-GUI\Source\Processors\FileReader\FileSource.h(169,17): warning C4251: 'FileSource::activeRecord': 'juce::Atomic<int>' needs to have dll-interface to be used by clients of 'FileSource' [C:\Users\lawre\plugin-GUI\Build\snap-gui.vcxproj]
  (compiling source file '../Source/Processors/ProcessorGraph/ProcessorGraph.cpp')
      C:\Users\lawre\plugin-GUI\JuceLibraryCode\modules\juce_core\memory\juce_Atomic.h(53,8):
      see declaration of 'juce::Atomic<int>'
  
C:\Users\lawre\plugin-GUI\Source\Processors\DataThreads\DataBuffer.h(81,24): warning C4251: 'DataBuffer::buffer': 'juce::AudioBuffer<float>' needs to have dll-interface to be used by clients of 'DataBuffer' [C:\Users\lawre\plugin-GUI\Build\snap-gui.vcxproj]
  (compiling source file '../Source/Processors/ProcessorGraph/ProcessorGraph.cpp')
      C:\Users\lawre\plugin-GUI\JuceLibraryCode\modules\juce_audio_basics\buffers\juce_AudioSampleBuffer.h(45,7):
      see declaration of 'juce::AudioBuffer<float>'
  
C:\Users\lawre\plugin-GUI\Source\Processors\DataThreads\DataBuffer.h(83,22): warning C4251: 'DataBuffer::sampleNumberBuffer': 'juce::HeapBlock<ElementType,false>' needs to have dll-interface to be used by clients of 'DataBuffer' [C:\Users\lawre\plugin-GUI\Build\snap-gui.vcxproj]
C:\Users\lawre\plugin-GUI\Source\Processors\DataThreads\DataBuffer.h(83,22): warning C4251:         with [C:\Users\lawre\plugin-GUI\Build\snap-gui.vcxproj]
C:\Users\lawre\plugin-GUI\Source\Processors\DataThreads\DataBuffer.h(83,22): warning C4251:         [ [C:\Users\lawre\plugin-GUI\Build\snap-gui.vcxproj]
C:\Users\lawre\plugin-GUI\Source\Processors\DataThreads\DataBuffer.h(83,22): warning C4251:             ElementType=juce::int64 [C:\Users\lawre\plugin-GUI\Build\snap-gui.vcxproj]
C:\Users\lawre\plugin-GUI\Source\Processors\DataThreads\DataBuffer.h(83,22): warning C4251:         ] [C:\Users\lawre\plugin-GUI\Build\snap-gui.vcxproj]
  (compiling source file '../Source/Processors/ProcessorGraph/ProcessorGraph.cpp')
      C:\Users\lawre\plugin-GUI\JuceLibraryCode\modules\juce_core\memory\juce_HeapBlock.h(98,7):
      see declaration of 'juce::HeapBlock<ElementType,false>'
          with
          [
              ElementType=juce::int64
          ]
  
C:\Users\lawre\plugin-GUI\Source\Processors\DataThreads\DataBuffer.h(84,23): warning C4251: 'DataBuffer::timestampBuffer': 'juce::HeapBlock<ElementType,false>' needs to have dll-interface to be used by clients of 'DataBuffer' [C:\Users\lawre\plugin-GUI\Build\snap-gui.vcxproj]
C:\Users\lawre\plugin-GUI\Source\Processors\DataThreads\DataBuffer.h(84,23): warning C4251:         with [C:\Users\lawre\plugin-GUI\Build\snap-gui.vcxproj]
C:\Users\lawre\plugin-GUI\Source\Processors\DataThreads\DataBuffer.h(84,23): warning C4251:         [ [C:\Users\lawre\plugin-GUI\Build\snap-gui.vcxproj]
C:\Users\lawre\plugin-GUI\Source\Processors\DataThreads\DataBuffer.h(84,23): warning C4251:             ElementType=double [C:\Users\lawre\plugin-GUI\Build\snap-gui.vcxproj]
C:\Users\lawre\plugin-GUI\Source\Processors\DataThreads\DataBuffer.h(84,23): warning C4251:         ] [C:\Users\lawre\plugin-GUI\Build\snap-gui.vcxproj]
  (compiling source file '../Source/Processors/ProcessorGraph/ProcessorGraph.cpp')
      C:\Users\lawre\plugin-GUI\JuceLibraryCode\modules\juce_core\memory\juce_HeapBlock.h(98,7):
      see declaration of 'juce::HeapBlock<ElementType,false>'
          with
          [
              ElementType=double
          ]
  
C:\Users\lawre\plugin-GUI\Source\Processors\DataThreads\DataBuffer.h(85,23): warning C4251: 'DataBuffer::eventCodeBuffer': 'juce::HeapBlock<juce::uint64,false>' needs to have dll-interface to be used by clients of 'DataBuffer' [C:\Users\lawre\plugin-GUI\Build\snap-gui.vcxproj]
  (compiling source file '../Source/Processors/ProcessorGraph/ProcessorGraph.cpp')
      C:\Users\lawre\plugin-GUI\JuceLibraryCode\modules\juce_core\memory\juce_HeapBlock.h(98,7):
      see declaration of 'juce::HeapBlock<juce::uint64,false>'
  
C:\Users\lawre\plugin-GUI\Source\Processors\DataThreads\DataThread.h(253,28): warning C4251: 'DataThread::sourceBuffers': 'juce::OwnedArray<DataBuffer,juce::DummyCriticalSection>' needs to have dll-interface to be used by clients of 'DataThread' [C:\Users\lawre\plugin-GUI\Build\snap-gui.vcxproj]
  (compiling source file '../Source/Processors/ProcessorGraph/ProcessorGraph.cpp')
      C:\Users\lawre\plugin-GUI\JuceLibraryCode\modules\juce_core\containers\juce_OwnedArray.h(61,7):
      see declaration of 'juce::OwnedArray<DataBuffer,juce::DummyCriticalSection>'
  
C:\Users\lawre\plugin-GUI\Source\Processors\SourceNode\SourceNode.h(127,31): warning C4251: 'SourceNode::dataThread': 'juce::ScopedPointer<DataThread>' needs to have dll-interface to be used by clients of 'SourceNode' [C:\Users\lawre\plugin-GUI\Build\snap-gui.vcxproj]
  (compiling source file '../Source/Processors/ProcessorGraph/ProcessorGraph.cpp')
      C:\Users\lawre\plugin-GUI\JuceLibraryCode\modules\juce_core\memory\juce_ScopedPointer.h(45,7):
      see declaration of 'juce::ScopedPointer<DataThread>'
  
C:\Users\lawre\plugin-GUI\Source\Processors\SourceNode\SourceNode.h(128,24): warning C4251: 'SourceNode::inputBuffers': 'juce::Array<DataBuffer *,juce::DummyCriticalSection,0>' needs to have dll-interface to be used by clients of 'SourceNode' [C:\Users\lawre\plugin-GUI\Build\snap-gui.vcxproj]
  (compiling source file '../Source/Processors/ProcessorGraph/ProcessorGraph.cpp')
      C:\Users\lawre\plugin-GUI\JuceLibraryCode\modules\juce_core\containers\juce_Array.h(67,7):
      see declaration of 'juce::Array<DataBuffer *,juce::DummyCriticalSection,0>'
  
C:\Users\lawre\plugin-GUI\Source\Processors\SourceNode\SourceNode.h(133,29): warning C4251: 'SourceNode::eventCodeBuffers': 'juce::OwnedArray<juce::MemoryBlock,juce::DummyCriticalSection>' needs to have dll-interface to be used by clients of 'SourceNode' [C:\Users\lawre\plugin-GUI\Build\snap-gui.vcxproj]
  (compiling source file '../Source/Processors/ProcessorGraph/ProcessorGraph.cpp')
      C:\Users\lawre\plugin-GUI\JuceLibraryCode\modules\juce_core\containers\juce_OwnedArray.h(61,7):
      see declaration of 'juce::OwnedArray<juce::MemoryBlock,juce::DummyCriticalSection>'
  
C:\Users\lawre\plugin-GUI\Source\Processors\SourceNode\SourceNode.h(134,19): warning C4251: 'SourceNode::eventStates': 'juce::Array<juce::uint64,juce::DummyCriticalSection,0>' needs to have dll-interface to be used by clients of 'SourceNode' [C:\Users\lawre\plugin-GUI\Build\snap-gui.vcxproj]
  (compiling source file '../Source/Processors/ProcessorGraph/ProcessorGraph.cpp')
      C:\Users\lawre\plugin-GUI\JuceLibraryCode\modules\juce_core\containers\juce_Array.h(67,7):
      see declaration of 'juce::Array<juce::uint64,juce::DummyCriticalSection,0>'
  
C:\Users\lawre\plugin-GUI\Source\Processors\SourceNode\SourceNode.h(135,26): warning C4251: 'SourceNode::ttlChannels': 'juce::Array<EventChannel *,juce::DummyCriticalSection,0>' needs to have dll-interface to be used by clients of 'SourceNode' [C:\Users\lawre\plugin-GUI\Build\snap-gui.vcxproj]
  (compiling source file '../Source/Processors/ProcessorGraph/ProcessorGraph.cpp')
      C:\Users\lawre\plugin-GUI\JuceLibraryCode\modules\juce_core\containers\juce_Array.h(67,7):
      see declaration of 'juce::Array<EventChannel *,juce::DummyCriticalSection,0>'
  
C:\Users\lawre\plugin-GUI\Source\Processors\ProcessorGraph\ProcessorGraph.cpp(750,9): warning C4101: 'tabIndex': unreferenced local variable [C:\Users\lawre\plugin-GUI\Build\snap-gui.vcxproj]
  include_juce_graphics_Sheenbidi.c
     Creating library C:/Users/lawre/plugin-GUI/Build/Release/SNAP.lib and object C:/Users/lawre/plugin-GUI/Build/Release/SNAP.exp
  snap-gui.vcxproj -> C:\Users\lawre\plugin-GUI\Build\Release\SNAP.exe
  Building Custom Rule C:/Users/lawre/plugin-GUI/Plugins/ArduinoOutput/CMakeLists.txt
  OpenEphysLib.cpp
  ofArduino.cpp
  ArduinoOutput.cpp
  ArduinoOutputEditor.cpp
  Generating Code...
     Creating library C:/Users/lawre/plugin-GUI/Build/Plugins/ArduinoOutput/Release/ArduinoOutput.lib and object C:/Users/lawre/plugin-GUI/Build/Plugins/ArduinoOutput/Release/ArduinoOutput.exp
  ArduinoOutput.vcxproj -> C:\Users\lawre\plugin-GUI\Build\Release\plugins\ArduinoOutput.dll
  Building Custom Rule C:/Users/lawre/plugin-GUI/Plugins/BandpassFilter/CMakeLists.txt
  OpenEphysLib.cpp
  BandpassFilter.cpp
  BandpassFilterEditor.cpp
  Generating Code...
     Creating library C:/Users/lawre/plugin-GUI/Build/Plugins/BandpassFilter/Release/BandpassFilter.lib and object C:/Users/lawre/plugin-GUI/Build/Plugins/BandpassFilter/Release/BandpassFilter.exp
  BandpassFilter.vcxproj -> C:\Users\lawre\plugin-GUI\Build\Release\plugins\BandpassFilter.dll
  Building Custom Rule C:/Users/lawre/plugin-GUI/Plugins/ChannelMap/CMakeLists.txt
  OpenEphysLib.cpp
  ChannelMapActions.cpp
  ChannelMap.cpp
  ChannelMapEditor.cpp
  Generating Code...
     Creating library C:/Users/lawre/plugin-GUI/Build/Plugins/ChannelMap/Release/ChannelMap.lib and object C:/Users/lawre/plugin-GUI/Build/Plugins/ChannelMap/Release/ChannelMap.exp
  ChannelMap.vcxproj -> C:\Users\lawre\plugin-GUI\Build\Release\plugins\ChannelMap.dll
  Building Custom Rule C:/Users/lawre/plugin-GUI/Plugins/CommonAvgRef/CMakeLists.txt
  OpenEphysLib.cpp
  CommonAvgRef.cpp
  CommonAvgRefEditor.cpp
  Generating Code...
     Creating library C:/Users/lawre/plugin-GUI/Build/Plugins/CommonAvgRef/Release/CommonAvgRef.lib and object C:/Users/lawre/plugin-GUI/Build/Plugins/CommonAvgRef/Release/CommonAvgRef.exp
  CommonAvgRef.vcxproj -> C:\Users\lawre\plugin-GUI\Build\Release\plugins\CommonAvgRef.dll
  Building Custom Rule C:/Users/lawre/plugin-GUI/Plugins/LfpViewer/CMakeLists.txt
  OpenEphysLib.cpp
  LfpDisplayNode.cpp
  LfpDisplayEditor.cpp
  DisplayBuffer.cpp
  EventDisplayInterface.cpp
  LfpChannelDisplay.cpp
  LfpChannelDisplayInfo.cpp
  LfpDisplay.cpp
  LfpDisplayCanvas.cpp
  LfpDisplayOptions.cpp
  LfpTimescale.cpp
  LfpViewport.cpp
  PerPixelBitmapPlotter.cpp
  ShowHideOptionsButton.cpp
  SupersampledBitmapPlotter.cpp
  ChannelColourScheme.cpp
  DefaultColourScheme.cpp
  MonochromeGrayColourScheme.cpp
  MonochromeYellowColourScheme.cpp
  MonochromeGreenColourScheme.cpp
  Generating Code...
  Compiling...
  MonochromePurpleColourScheme.cpp
  OELogoColourScheme.cpp
  TropicalColourScheme.cpp
  LightBackgroundColourScheme.cpp
  Generating Code...
     Creating library C:/Users/lawre/plugin-GUI/Build/Plugins/LfpViewer/Release/LfpViewer.lib and object C:/Users/lawre/plugin-GUI/Build/Plugins/LfpViewer/Release/LfpViewer.exp
  LfpViewer.vcxproj -> C:\Users\lawre\plugin-GUI\Build\Release\plugins\LfpViewer.dll
  Building Custom Rule C:/Users/lawre/plugin-GUI/Plugins/PhaseDetector/CMakeLists.txt
  OpenEphysLib.cpp
  PhaseDetector.cpp
  PhaseDetectorEditor.cpp
  Generating Code...
     Creating library C:/Users/lawre/plugin-GUI/Build/Plugins/PhaseDetector/Release/PhaseDetector.lib and object C:/Users/lawre/plugin-GUI/Build/Plugins/PhaseDetector/Release/PhaseDetector.exp
  PhaseDetector.vcxproj -> C:\Users\lawre\plugin-GUI\Build\Release\plugins\PhaseDetector.dll
  Building Custom Rule C:/Users/lawre/plugin-GUI/Plugins/RecordControl/CMakeLists.txt
  OpenEphysLib.cpp
  RecordControl.cpp
  RecordControlEditor.cpp
  Generating Code...
     Creating library C:/Users/lawre/plugin-GUI/Build/Plugins/RecordControl/Release/RecordControl.lib and object C:/Users/lawre/plugin-GUI/Build/Plugins/RecordControl/Release/RecordControl.exp
  RecordControl.vcxproj -> C:\Users\lawre\plugin-GUI\Build\Release\plugins\RecordControl.dll
  Building Custom Rule C:/Users/lawre/plugin-GUI/Plugins/SpikeDetector/CMakeLists.txt
  OpenEphysLib.cpp
  SpikeDetector.cpp
  SpikeDetectorEditor.cpp
  PopupConfigurationWindow.cpp
  SpikeDetectorActions.cpp
  Generating Code...
     Creating library C:/Users/lawre/plugin-GUI/Build/Plugins/SpikeDetector/Release/SpikeDetector.lib and object C:/Users/lawre/plugin-GUI/Build/Plugins/SpikeDetector/Release/SpikeDetector.exp
  SpikeDetector.vcxproj -> C:\Users\lawre\plugin-GUI\Build\Release\plugins\SpikeDetector.dll
  Building Custom Rule C:/Users/lawre/plugin-GUI/Plugins/SpikeViewer/CMakeLists.txt
  OpenEphysLib.cpp
  SpikeDisplayCanvas.cpp
  SpikeDisplay.cpp
  SpikePlots.cpp
  SpikeDisplayEditor.cpp
  SpikeDisplayNode.cpp
  Generating Code...
     Creating library C:/Users/lawre/plugin-GUI/Build/Plugins/SpikeViewer/Release/SpikeViewer.lib and object C:/Users/lawre/plugin-GUI/Build/Plugins/SpikeViewer/Release/SpikeViewer.exp
  SpikeViewer.vcxproj -> C:\Users\lawre\plugin-GUI\Build\Release\plugins\SpikeViewer.dll
  Building Custom Rule C:/Users/lawre/plugin-GUI/CMakeLists.txt
